<html>
<body>
<pre>
<h1>µVision Build Log</h1>
<h2>Project:</h2>
C:\Users\nstupich\Desktop\LPC1343Testing\Test1\test1.uvproj
Project File Date:  06/19/2012

<h2>Output:</h2>
Build target 'Target 1'
compiling main.c...
lpc134x.h(46): error:  #5: cannot open source input file "sysdefs.h": No such file or directory
Target not created
Build target 'Target 1'
compiling main.c...
lpc134x.h(1918): error:  #256: invalid redeclaration of type name "NVIC_Type" (declared at line 296 of "C:\Keil\ARM\CMSIS\Include\core_cm3.h")
lpc134x.h(1920): warning:  #47-D: incompatible redefinition of macro "NVIC" (declared at line 1231 of "C:\Keil\ARM\CMSIS\Include\core_cm3.h")
lpc134x.h(1922): warning:  #260-D: explicit type is missing ("int" assumed)
lpc134x.h(1922): error:  #65: expected a ";"
lpc134x.h(1994): warning:  #12-D: parsing restarts here after previous syntax error
lpc134x.h(1996): warning:  #260-D: explicit type is missing ("int" assumed)
lpc134x.h(1996): error:  #65: expected a ";"
lpc134x.h(3502): warning:  #1-D: last line of file ends without a newline
main.c(273): warning:  #12-D: parsing restarts here after previous syntax error
main.c(280): error:  #20: identifier "SYSAHBCLKCTRL" is undefined
main.c(281): error:  #20: identifier "TMR32B0TCR" is undefined
main.c(283): error:  #20: identifier "TMR32B0TC" is undefined
main.c(286): error:  #20: identifier "testData" is undefined
Target not created
Build target 'Target 1'
compiling main.c...
lpc134x.h(1918): error:  #256: invalid redeclaration of type name "NVIC_Type" (declared at line 296 of "C:\Keil\ARM\CMSIS\Include\core_cm3.h")
lpc134x.h(1925): error:  #101: "IRQn" has already been declared in the current scope
lpc134x.h(1928): error:  #101: "NonMaskableInt_IRQn" has already been declared in the current scope
lpc134x.h(1929): error:  #101: "MemoryManagement_IRQn" has already been declared in the current scope
lpc134x.h(1930): error:  #101: "BusFault_IRQn" has already been declared in the current scope
lpc134x.h(1931): error:  #101: "UsageFault_IRQn" has already been declared in the current scope
lpc134x.h(1932): error:  #101: "SVCall_IRQn" has already been declared in the current scope
lpc134x.h(1933): error:  #101: "DebugMonitor_IRQn" has already been declared in the current scope
lpc134x.h(1934): error:  #101: "PendSV_IRQn" has already been declared in the current scope
lpc134x.h(1935): error:  #101: "SysTick_IRQn" has already been declared in the current scope
lpc134x.h(1938): error:  #101: "WAKEUP0_IRQn" has already been declared in the current scope
lpc134x.h(1939): error:  #101: "WAKEUP1_IRQn" has already been declared in the current scope
lpc134x.h(1940): error:  #101: "WAKEUP2_IRQn" has already been declared in the current scope
lpc134x.h(1941): error:  #101: "WAKEUP3_IRQn" has already been declared in the current scope
lpc134x.h(1942): error:  #101: "WAKEUP4_IRQn" has already been declared in the current scope
lpc134x.h(1943): error:  #101: "WAKEUP5_IRQn" has already been declared in the current scope
lpc134x.h(1944): error:  #101: "WAKEUP6_IRQn" has already been declared in the current scope
lpc134x.h(1945): error:  #101: "WAKEUP7_IRQn" has already been declared in the current scope
lpc134x.h(1946): error:  #101: "WAKEUP8_IRQn" has already been declared in the current scope
lpc134x.h(1947): error:  #101: "WAKEUP9_IRQn" has already been declared in the current scope
lpc134x.h(1948): error:  #101: "WAKEUP10_IRQn" has already been declared in the current scope
lpc134x.h(1949): error:  #101: "WAKEUP11_IRQn" has already been declared in the current scope
lpc134x.h(1950): error:  #101: "WAKEUP12_IRQn" has already been declared in the current scope
lpc134x.h(1951): error:  #101: "WAKEUP13_IRQn" has already been declared in the current scope
lpc134x.h(1952): error:  #101: "WAKEUP14_IRQn" has already been declared in the current scope
lpc134x.h(1953): error:  #101: "WAKEUP15_IRQn" has already been declared in the current scope
lpc134x.h(1954): error:  #101: "WAKEUP16_IRQn" has already been declared in the current scope
lpc134x.h(1955): error:  #101: "WAKEUP17_IRQn" has already been declared in the current scope
lpc134x.h(1956): error:  #101: "WAKEUP18_IRQn" has already been declared in the current scope
lpc134x.h(1957): error:  #101: "WAKEUP19_IRQn" has already been declared in the current scope
Target not created
Build target 'Target 1'
compiling main.c...
lpc134x.h(1918): error:  #256: invalid redeclaration of type name "NVIC_Type" (declared at line 296 of "C:\Keil\ARM\CMSIS\Include\core_cm3.h")
lpc134x.h(1996): warning:  #260-D: explicit type is missing ("int" assumed)
lpc134x.h(1996): error:  #65: expected a ";"
lpc134x.h(3502): warning:  #1-D: last line of file ends without a newline
main.c(273): warning:  #12-D: parsing restarts here after previous syntax error
main.c(280): error:  #20: identifier "SYSAHBCLKCTRL" is undefined
main.c(281): error:  #20: identifier "TMR32B0TCR" is undefined
main.c(283): error:  #20: identifier "TMR32B0TC" is undefined
main.c(286): error:  #20: identifier "testData" is undefined
Target not created
Build target 'Target 1'
compiling main.c...
lpc134x.h(1996): warning:  #260-D: explicit type is missing ("int" assumed)
lpc134x.h(1996): error:  #65: expected a ";"
lpc134x.h(3502): warning:  #1-D: last line of file ends without a newline
main.c(273): warning:  #12-D: parsing restarts here after previous syntax error
main.c(280): error:  #20: identifier "SYSAHBCLKCTRL" is undefined
main.c(281): error:  #20: identifier "TMR32B0TCR" is undefined
main.c(283): error:  #20: identifier "TMR32B0TC" is undefined
main.c(286): error:  #20: identifier "testData" is undefined
Target not created
Build target 'Target 1'
compiling main.c...
lpc134x.h(3500): error:  #20: identifier "inline" is undefined
lpc134x.h(3500): error:  #101: "uint32_t" has already been declared in the current scope
lpc134x.h(3500): error:  #65: expected a ";"
lpc134x.h(3502): warning:  #1-D: last line of file ends without a newline
main.c(273): warning:  #12-D: parsing restarts here after previous syntax error
main.c(280): error:  #20: identifier "SYSAHBCLKCTRL" is undefined
main.c(281): error:  #20: identifier "TMR32B0TCR" is undefined
main.c(283): error:  #20: identifier "TMR32B0TC" is undefined
main.c(286): error:  #20: identifier "testData" is undefined
Target not created
Build target 'Target 1'
compiling main.c...
lpc134x.h(3502): warning:  #1-D: last line of file ends without a newline
main.c(280): error:  #20: identifier "SYSAHBCLKCTRL" is undefined
main.c(281): error:  #20: identifier "TMR32B0TCR" is undefined
main.c(283): error:  #20: identifier "TMR32B0TC" is undefined
Target not created
Build target 'Target 1'
compiling main.c...
main.c(280): error:  #20: identifier "SYSAHBCLKCTRL" is undefined
main.c(281): error:  #20: identifier "TMR32B0TCR" is undefined
main.c(283): error:  #20: identifier "TMR32B0TC" is undefined
Target not created
Build target 'Target 1'
compiling main.c...
main.c(280): error:  #20: identifier "SYSAHBCLKCTRL" is undefined
main.c(281): error:  #20: identifier "TMR32B0TCR" is undefined
main.c(283): error:  #20: identifier "TMR32B0TC" is undefined
Target not created
Build target 'Target 1'
compiling main.c...
main.c(280): warning:  #223-D: function "pREG32" declared implicitly
main.c(280): error:  #75: operand of "*" must be a pointer
main.c(281): error:  #75: operand of "*" must be a pointer
main.c(283): error:  #75: operand of "*" must be a pointer
main.c(288): error:  #75: operand of "*" must be a pointer
Target not created
Build target 'Target 1'
compiling main.c...
main.c(280): warning:  #223-D: function "pREG32" declared implicitly
main.c(280): error:  #75: operand of "*" must be a pointer
main.c(281): error:  #75: operand of "*" must be a pointer
main.c(283): error:  #75: operand of "*" must be a pointer
main.c(288): error:  #75: operand of "*" must be a pointer
Target not created
Build target 'Target 1'
compiling main.c...
main.c(280): warning:  #223-D: function "pREG32" declared implicitly
main.c(280): error:  #75: operand of "*" must be a pointer
main.c(281): error:  #75: operand of "*" must be a pointer
main.c(283): error:  #75: operand of "*" must be a pointer
main.c(288): error:  #75: operand of "*" must be a pointer
Target not created
Build target 'Target 1'
compiling main.c...
linking...
Program Size: Code=3216 RO-data=336 RW-data=524 ZI-data=1132  
"test1.axf" - 0 Error(s), 0 Warning(s).
