<html>
<body>
<pre>
<h1>µVision Build Log</h1>
<h2>Project:</h2>
C:\Users\nstupich\Desktop\LPC1343\Test1\test1.uvproj
Project File Date:  06/18/2012

<h2>Output:</h2>
Build target 'Target 1'
assembling startup_LPC13xx.s...
compiling main.c...
main.c(1): warning:  #951-D: return type of function "main" must be "int"
main.c(4): warning:  #1-D: last line of file ends without a newline
linking...
test1.axf: Error: L6218E: Undefined symbol SystemInit (referred from startup_lpc13xx.o).
Target not created
Build target 'Target 1'
compiling main.c...
linking...
test1.axf: Error: L6218E: Undefined symbol SystemInit (referred from startup_lpc13xx.o).
Target not created
Build target 'Target 1'
compiling main.c...
main.c(9): warning:  #1-D: last line of file ends without a newline
linking...
Program Size: Code=340 RO-data=428 RW-data=0 ZI-data=608  
"test1.axf" - 0 Error(s), 1 Warning(s).
Build target 'Target 1'
compiling main.c...
linking...
Program Size: Code=340 RO-data=428 RW-data=0 ZI-data=608  
"test1.axf" - 0 Error(s), 0 Warning(s).
Build target 'Target 1'
compiling main.c...
linking...
Program Size: Code=340 RO-data=428 RW-data=0 ZI-data=608  
"test1.axf" - 0 Error(s), 0 Warning(s).
Build target 'Target 1'
compiling main.c...
linking...
Program Size: Code=340 RO-data=428 RW-data=0 ZI-data=608  
"test1.axf" - 0 Error(s), 0 Warning(s).
Build target 'Target 1'
compiling main.c...
linking...
Program Size: Code=340 RO-data=428 RW-data=0 ZI-data=608  
"test1.axf" - 0 Error(s), 0 Warning(s).
