<html>
<body>
<pre>
<h1>µVision Build Log</h1>
<h2>Project:</h2>
C:\Users\nstupich\Desktop\LPC1343Testing\Test3\test3.uvproj
Project File Date:  06/22/2012

<h2>Output:</h2>
Build target 'Target 1'
compiling main.c...
uart.h(54): warning:  #177-D: variable "command" was declared but never referenced
uart.h(85): warning:  #550-D: variable "temp" was set but never used
main.c(61): warning:  #174-D: expression has no effect
linking...
Program Size: Code=1584 RO-data=408 RW-data=64 ZI-data=3856  
"test3.axf" - 0 Error(s), 3 Warning(s).
