<html>
<body>
<pre>
<h1>µVision Build Log</h1>
<h2>Project:</h2>
C:\Users\nstupich\Desktop\LPC1343Testing\Test3\test3.uvproj
Project File Date:  06/20/2012

<h2>Output:</h2>
Build target 'Target 1'
assembling startup_LPC13xx.s...
linking...
test3.axf: Warning: L6665W: Neither Lib$$Request$$armlib Lib$$Request$$cpplib defined, not searching ARM libraries.
test3.axf: Error: L6411E: No compatible library exists with a definition of startup symbol __main.
Target not created
Build target 'Target 1'
linking...
test3.axf: Warning: L6665W: Neither Lib$$Request$$armlib Lib$$Request$$cpplib defined, not searching ARM libraries.
test3.axf: Error: L6411E: No compatible library exists with a definition of startup symbol __main.
Target not created
Build target 'Target 1'
compiling main.c...
main.c(14): error:  #20: identifier "LPC_SYSCON" is undefined
main.c(19): warning:  #174-D: expression has no effect
Target not created
Build target 'Target 1'
compiling main.c...
main.c(20): warning:  #174-D: expression has no effect
linking...
Program Size: Code=548 RO-data=312 RW-data=0 ZI-data=608  
"test3.axf" - 0 Error(s), 1 Warning(s).
Build target 'Target 1'
compiling main.c...
main.c(20): warning:  #174-D: expression has no effect
linking...
Program Size: Code=584 RO-data=312 RW-data=0 ZI-data=608  
"test3.axf" - 0 Error(s), 1 Warning(s).
Build target 'Target 1'
compiling main.c...
main.c(20): warning:  #174-D: expression has no effect
main.c(62): warning:  #177-D: variable "baudRate" was declared but never referenced
linking...
Program Size: Code=604 RO-data=312 RW-data=0 ZI-data=608  
"test3.axf" - 0 Error(s), 2 Warning(s).
Build target 'Target 1'
compiling main.c...
main.c(20): warning:  #174-D: expression has no effect
linking...
Program Size: Code=620 RO-data=436 RW-data=0 ZI-data=608  
"test3.axf" - 0 Error(s), 1 Warning(s).
Build target 'Target 1'
compiling main.c...
main.c(20): warning:  #174-D: expression has no effect
main.c(64): warning:  #550-D: variable "temp" was set but never used
linking...
Program Size: Code=632 RO-data=436 RW-data=0 ZI-data=608  
"test3.axf" - 0 Error(s), 2 Warning(s).
Build target 'Target 1'
compiling main.c...
main.c(25): warning:  #174-D: expression has no effect
main.c(69): warning:  #550-D: variable "temp" was set but never used
linking...
Program Size: Code=652 RO-data=436 RW-data=0 ZI-data=608  
"test3.axf" - 0 Error(s), 2 Warning(s).
Build target 'Target 1'
linking...
Program Size: Code=652 RO-data=436 RW-data=0 ZI-data=608  
"test3.axf" - 0 Error(s), 0 Warning(s).
Build target 'Target 1'
compiling main.c...
main.c(8): error:  #268: declaration may not appear after executable statement in block
main.c(28): warning:  #174-D: expression has no effect
main.c(72): warning:  #550-D: variable "temp" was set but never used
Target not created
Build target 'Target 1'
compiling main.c...
main.c(30): warning:  #174-D: expression has no effect
main.c(74): warning:  #550-D: variable "temp" was set but never used
linking...
Program Size: Code=688 RO-data=436 RW-data=0 ZI-data=608  
"test3.axf" - 0 Error(s), 2 Warning(s).
Build target 'Target 1'
compiling main.c...
main.c(30): warning:  #174-D: expression has no effect
main.c(98): error:  #20: identifier "UART_U0LCR" is undefined
main.c(74): warning:  #550-D: variable "temp" was set but never used
Target not created
Build target 'Target 1'
compiling main.c...
main.c(30): warning:  #174-D: expression has no effect
main.c(74): warning:  #550-D: variable "temp" was set but never used
linking...
Program Size: Code=696 RO-data=436 RW-data=0 ZI-data=608  
"test3.axf" - 0 Error(s), 2 Warning(s).
