<html>
<body>
<pre>
<h1>µVision Build Log</h1>
<h2>Project:</h2>
C:\Users\nstupich\Desktop\LPC1343Testing\Test4\test4.uvproj
Project File Date:  06/22/2012

<h2>Output:</h2>
Build target 'Target 1'
assembling startup_LPC13xx.s...
linking...
test4.axf: Warning: L6665W: Neither Lib$$Request$$armlib Lib$$Request$$cpplib defined, not searching ARM libraries.
test4.axf: Error: L6411E: No compatible library exists with a definition of startup symbol __main.
Target not created
Build target 'Target 1'
compiling main.c...
main.c(12): warning:  #1-D: last line of file ends without a newline
linking...
Program Size: Code=340 RO-data=428 RW-data=0 ZI-data=608  
"test4.axf" - 0 Error(s), 1 Warning(s).
Build target 'Target 1'
compiling main.c...
linking...
Program Size: Code=340 RO-data=428 RW-data=0 ZI-data=608  
"test4.axf" - 0 Error(s), 0 Warning(s).
Build target 'Target 1'
compiling main.c...
main.c(23): error:  #109: expression must have (pointer-to-) function type
Target not created
Build target 'Target 1'
compiling main.c...
linking...
Program Size: Code=396 RO-data=372 RW-data=0 ZI-data=608  
"test4.axf" - 0 Error(s), 0 Warning(s).
Build target 'Target 1'
compiling main.c...
linking...
Program Size: Code=436 RO-data=332 RW-data=0 ZI-data=608  
"test4.axf" - 0 Error(s), 0 Warning(s).
Build target 'Target 1'
compiling main.c...
main.c(24): warning:  #223-D: function "DelayTimerInit" declared implicitly
main.c(27): error:  #159: declaration is incompatible with previous "DelayTimerInit" (declared at line 24)
Target not created
Build target 'Target 1'
compiling main.c...
linking...
Program Size: Code=444 RO-data=324 RW-data=0 ZI-data=608  
"test4.axf" - 0 Error(s), 0 Warning(s).
Build target 'Target 1'
compiling main.c...
linking...
Program Size: Code=560 RO-data=328 RW-data=12 ZI-data=612  
"test4.axf" - 0 Error(s), 0 Warning(s).
Build target 'Target 1'
compiling main.c...
linking...
Program Size: Code=548 RO-data=328 RW-data=12 ZI-data=612  
"test4.axf" - 0 Error(s), 0 Warning(s).
Build target 'Target 1'
compiling main.c...
linking...
Program Size: Code=560 RO-data=328 RW-data=12 ZI-data=612  
"test4.axf" - 0 Error(s), 0 Warning(s).
Build target 'Target 1'
compiling main.c...
linking...
Program Size: Code=564 RO-data=328 RW-data=12 ZI-data=612  
"test4.axf" - 0 Error(s), 0 Warning(s).
Build target 'Target 1'
compiling main.c...
main.c(70): error:  #136: struct "<unnamed>" has no field "IIR"
Target not created
Build target 'Target 1'
compiling main.c...
main.c(72): error:  #136: struct "<unnamed>" has no field "IIR"
Target not created
Build target 'Target 1'
compiling main.c...
main.c(72): error:  #136: struct "<unnamed>" has no field "IIR"
Target not created
Build target 'Target 1'
compiling main.c...
linking...
Program Size: Code=612 RO-data=408 RW-data=12 ZI-data=612  
"test4.axf" - 0 Error(s), 0 Warning(s).
Build target 'Target 1'
compiling main.c...
linking...
Program Size: Code=616 RO-data=408 RW-data=12 ZI-data=612  
"test4.axf" - 0 Error(s), 0 Warning(s).
Build target 'Target 1'
compiling main.c...
linking...
Program Size: Code=616 RO-data=408 RW-data=12 ZI-data=612  
"test4.axf" - 0 Error(s), 0 Warning(s).
Build target 'Target 1'
compiling main.c...
main.c(60): error:  #20: identifier "LPC_TMR16B1MR0" is undefined
Target not created
Build target 'Target 1'
compiling main.c...
linking...
Program Size: Code=624 RO-data=408 RW-data=12 ZI-data=612  
"test4.axf" - 0 Error(s), 0 Warning(s).
Build target 'Target 1'
compiling main.c...
linking...
Program Size: Code=648 RO-data=408 RW-data=12 ZI-data=612  
"test4.axf" - 0 Error(s), 0 Warning(s).
Build target 'Target 1'
compiling main.c...
main.c(43): warning:  #223-D: function "FFTTimerInit" declared implicitly
main.c(43): error:  #109: expression must have (pointer-to-) function type
main.c(49): error:  #159: declaration is incompatible with previous "FFTTimerInit" (declared at line 43)
Target not created
Build target 'Target 1'
compiling main.c...
main.c(85): error:  #109: expression must have (pointer-to-) function type
Target not created
Build target 'Target 1'
compiling main.c...
linking...
Program Size: Code=708 RO-data=408 RW-data=12 ZI-data=612  
"test4.axf" - 0 Error(s), 0 Warning(s).
Build target 'Target 1'
compiling main.c...
linking...
Program Size: Code=712 RO-data=408 RW-data=12 ZI-data=612  
"test4.axf" - 0 Error(s), 0 Warning(s).
Build target 'Target 1'
compiling main.c...
linking...
Program Size: Code=716 RO-data=408 RW-data=12 ZI-data=612  
"test4.axf" - 0 Error(s), 0 Warning(s).
Build target 'Target 1'
linking...
Program Size: Code=716 RO-data=408 RW-data=12 ZI-data=612  
"test4.axf" - 0 Error(s), 0 Warning(s).
Load "C:\\Users\\nstupich\\Desktop\\LPC1343Testing\\Test4\\test4.AXF" 
Erase Done.
Programming Done.
Verify OK.
Build target 'Target 1'
compiling main.c...
main.c(93): warning:  #174-D: expression has no effect
linking...
Program Size: Code=848 RO-data=408 RW-data=12 ZI-data=612  
"test4.axf" - 0 Error(s), 1 Warning(s).
Load "C:\\Users\\nstupich\\Desktop\\LPC1343Testing\\Test4\\test4.AXF" 
Erase Done.
Programming Done.
Verify OK.
Build target 'Target 1'
compiling main.c...
main.c(93): warning:  #174-D: expression has no effect
linking...
Program Size: Code=856 RO-data=408 RW-data=12 ZI-data=612  
"test4.axf" - 0 Error(s), 1 Warning(s).
Load "C:\\Users\\nstupich\\Desktop\\LPC1343Testing\\Test4\\test4.AXF" 
Erase Done.
Programming Done.
Verify OK.
Build target 'Target 1'
compiling main.c...
main.c(93): warning:  #174-D: expression has no effect
linking...
Program Size: Code=796 RO-data=408 RW-data=12 ZI-data=612  
"test4.axf" - 0 Error(s), 1 Warning(s).
Load "C:\\Users\\nstupich\\Desktop\\LPC1343Testing\\Test4\\test4.AXF" 
Erase Done.
Programming Done.
Verify OK.
Build target 'Target 1'
compiling main.c...
main.c(93): warning:  #174-D: expression has no effect
linking...
Program Size: Code=796 RO-data=408 RW-data=12 ZI-data=612  
"test4.axf" - 0 Error(s), 1 Warning(s).
Load "C:\\Users\\nstupich\\Desktop\\LPC1343Testing\\Test4\\test4.AXF" 
Erase Done.
Programming Done.
Verify OK.
Build target 'Target 1'
compiling main.c...
main.c(28): warning:  #69-D: integer conversion resulted in truncation
main.c(93): warning:  #174-D: expression has no effect
linking...
Program Size: Code=796 RO-data=408 RW-data=12 ZI-data=612  
"test4.axf" - 0 Error(s), 2 Warning(s).
Build target 'Target 1'
compiling main.c...
main.c(93): warning:  #174-D: expression has no effect
linking...
Program Size: Code=800 RO-data=408 RW-data=12 ZI-data=612  
"test4.axf" - 0 Error(s), 1 Warning(s).
Build target 'Target 1'
compiling main.c...
main.c(93): warning:  #174-D: expression has no effect
linking...
Program Size: Code=800 RO-data=408 RW-data=12 ZI-data=612  
"test4.axf" - 0 Error(s), 1 Warning(s).
Build target 'Target 1'
compiling main.c...
main.c(93): warning:  #174-D: expression has no effect
linking...
Program Size: Code=800 RO-data=408 RW-data=12 ZI-data=612  
"test4.axf" - 0 Error(s), 1 Warning(s).
Load "C:\\Users\\nstupich\\Desktop\\LPC1343Testing\\Test4\\test4.AXF" 
Erase Done.
Programming Done.
Verify OK.
Build target 'Target 1'
compiling main.c...
main.c(93): warning:  #174-D: expression has no effect
linking...
Program Size: Code=800 RO-data=408 RW-data=12 ZI-data=612  
"test4.axf" - 0 Error(s), 1 Warning(s).
Load "C:\\Users\\nstupich\\Desktop\\LPC1343Testing\\Test4\\test4.AXF" 
Erase Done.
Programming Done.
Verify OK.
Build target 'Target 1'
compiling main.c...
main.c(93): warning:  #174-D: expression has no effect
linking...
Program Size: Code=800 RO-data=408 RW-data=12 ZI-data=612  
"test4.axf" - 0 Error(s), 1 Warning(s).
Load "C:\\Users\\nstupich\\Desktop\\LPC1343Testing\\Test4\\test4.AXF" 
Erase Done.
Programming Done.
Verify OK.
Build target 'Target 1'
compiling main.c...
main.c(93): warning:  #174-D: expression has no effect
linking...
Program Size: Code=800 RO-data=408 RW-data=12 ZI-data=612  
"test4.axf" - 0 Error(s), 1 Warning(s).
Load "C:\\Users\\nstupich\\Desktop\\LPC1343Testing\\Test4\\test4.AXF" 
Erase Done.
Programming Done.
Verify OK.
Build target 'Target 1'
compiling main.c...
main.c(93): warning:  #174-D: expression has no effect
linking...
Program Size: Code=800 RO-data=408 RW-data=12 ZI-data=612  
"test4.axf" - 0 Error(s), 1 Warning(s).
Build target 'Target 1'
linking...
Program Size: Code=800 RO-data=408 RW-data=12 ZI-data=612  
"test4.axf" - 0 Error(s), 0 Warning(s).
Load "C:\\Users\\nstupich\\Desktop\\LPC1343Testing\\Test4\\test4.AXF" 
Erase Done.
Programming Done.
Verify OK.
Build target 'Target 1'
compiling main.c...
main.c(93): warning:  #174-D: expression has no effect
linking...
Program Size: Code=800 RO-data=408 RW-data=12 ZI-data=612  
"test4.axf" - 0 Error(s), 1 Warning(s).
Load "C:\\Users\\nstupich\\Desktop\\LPC1343Testing\\Test4\\test4.AXF" 
Erase Done.
Programming Done.
Verify OK.
Build target 'Target 1'
compiling main.c...
main.c(93): warning:  #174-D: expression has no effect
linking...
Program Size: Code=792 RO-data=408 RW-data=12 ZI-data=612  
"test4.axf" - 0 Error(s), 1 Warning(s).
Load "C:\\Users\\nstupich\\Desktop\\LPC1343Testing\\Test4\\test4.AXF" 
Erase Done.
Programming Done.
Verify OK.
Build target 'Target 1'
compiling main.c...
main.c(93): warning:  #174-D: expression has no effect
linking...
Program Size: Code=792 RO-data=408 RW-data=12 ZI-data=612  
"test4.axf" - 0 Error(s), 1 Warning(s).
Load "C:\\Users\\nstupich\\Desktop\\LPC1343Testing\\Test4\\test4.AXF" 
Erase Done.
Programming Done.
Verify OK.
Build target 'Target 1'
compiling main.c...
main.c(93): warning:  #174-D: expression has no effect
linking...
Program Size: Code=800 RO-data=408 RW-data=12 ZI-data=612  
"test4.axf" - 0 Error(s), 1 Warning(s).
Load "C:\\Users\\nstupich\\Desktop\\LPC1343Testing\\Test4\\test4.AXF" 
Erase Done.
Programming Done.
Verify OK.
Build target 'Target 1'
compiling main.c...
main.c(93): warning:  #174-D: expression has no effect
linking...
Program Size: Code=804 RO-data=408 RW-data=12 ZI-data=612  
"test4.axf" - 0 Error(s), 1 Warning(s).
Load "C:\\Users\\nstupich\\Desktop\\LPC1343Testing\\Test4\\test4.AXF" 
Erase Done.
Programming Done.
Verify OK.
Build target 'Target 1'
compiling main.c...
main.c(93): warning:  #174-D: expression has no effect
linking...
Program Size: Code=804 RO-data=408 RW-data=12 ZI-data=612  
"test4.axf" - 0 Error(s), 1 Warning(s).
Load "C:\\Users\\nstupich\\Desktop\\LPC1343Testing\\Test4\\test4.AXF" 
Erase Done.
Programming Done.
Verify OK.
Build target 'Target 1'
compiling main.c...
main.c(94): warning:  #174-D: expression has no effect
linking...
Program Size: Code=800 RO-data=408 RW-data=12 ZI-data=612  
"test4.axf" - 0 Error(s), 1 Warning(s).
Load "C:\\Users\\nstupich\\Desktop\\LPC1343Testing\\Test4\\test4.AXF" 
Erase Done.
Programming Done.
Verify OK.
Build target 'Target 1'
compiling main.c...
main.c(94): warning:  #174-D: expression has no effect
linking...
Program Size: Code=800 RO-data=408 RW-data=12 ZI-data=612  
"test4.axf" - 0 Error(s), 1 Warning(s).
Load "C:\\Users\\nstupich\\Desktop\\LPC1343Testing\\Test4\\test4.AXF" 
Erase Done.
Programming Done.
Verify OK.
Build target 'Target 1'
compiling main.c...
main.c(96): warning:  #174-D: expression has no effect
linking...
Program Size: Code=816 RO-data=408 RW-data=16 ZI-data=608  
"test4.axf" - 0 Error(s), 1 Warning(s).
Load "C:\\Users\\nstupich\\Desktop\\LPC1343Testing\\Test4\\test4.AXF" 
Erase Done.
Programming Done.
Verify OK.
Build target 'Target 1'
compiling main.c...
main.c(96): warning:  #174-D: expression has no effect
linking...
Program Size: Code=816 RO-data=408 RW-data=16 ZI-data=608  
"test4.axf" - 0 Error(s), 1 Warning(s).
Load "C:\\Users\\nstupich\\Desktop\\LPC1343Testing\\Test4\\test4.AXF" 
Erase Done.
Programming Done.
Verify OK.
Build target 'Target 1'
compiling main.c...
main.c(96): warning:  #174-D: expression has no effect
linking...
Program Size: Code=820 RO-data=408 RW-data=16 ZI-data=608  
"test4.axf" - 0 Error(s), 1 Warning(s).
Load "C:\\Users\\nstupich\\Desktop\\LPC1343Testing\\Test4\\test4.AXF" 
Erase Done.
Programming Done.
Verify OK.
