<html>
<body>
<pre>
<h1>µVision Build Log</h1>
<h2>Project:</h2>
C:\EMG Code\LPC1343Testing\Test4\Test4.uvproj
Project File Date:  06/21/2012

<h2>Output:</h2>
Build target 'Target 1'
linking...
Program Size: Code=792 RO-data=436 RW-data=0 ZI-data=608  
"Test4.axf" - 0 Error(s), 0 Warning(s).
Build target 'Target 1'
linking...
Program Size: Code=792 RO-data=436 RW-data=0 ZI-data=608  
"Test4.axf" - 0 Error(s), 0 Warning(s).
Load "C:\\EMG Code\\LPC1343Testing\\Test4\\Test4.AXF" 
Build target 'Target 1'
compiling SPI_Protocol.c...
linking...
Program Size: Code=792 RO-data=436 RW-data=0 ZI-data=608  
"Test4.axf" - 0 Error(s), 0 Warning(s).
Build target 'Target 1'
linking...
Program Size: Code=792 RO-data=436 RW-data=0 ZI-data=608  
"Test4.axf" - 0 Error(s), 0 Warning(s).
Build target 'Target 1'
linking...
Program Size: Code=792 RO-data=436 RW-data=0 ZI-data=608  
"Test4.axf" - 0 Error(s), 0 Warning(s).
Build target 'Target 1'
compiling main.c...
main.c(34): warning:  #174-D: expression has no effect
linking...
Program Size: Code=996 RO-data=312 RW-data=0 ZI-data=608  
"Test4.axf" - 0 Error(s), 1 Warning(s).
Load "C:\\EMG Code\\LPC1343Testing\\Test4\\Test4.AXF" 
Erase Done.
Programming Done.
Verify OK.
Build target 'Target 1'
compiling main.c...
main.c(34): warning:  #174-D: expression has no effect
linking...
Program Size: Code=996 RO-data=312 RW-data=0 ZI-data=608  
"Test4.axf" - 0 Error(s), 1 Warning(s).
Load "C:\\EMG Code\\LPC1343Testing\\Test4\\Test4.AXF" 
Erase Done.
Programming Done.
Verify OK.
Build target 'Target 1'
compiling SPI_Protocol.c...
linking...
Program Size: Code=996 RO-data=312 RW-data=0 ZI-data=608  
"Test4.axf" - 0 Error(s), 0 Warning(s).
Load "C:\\EMG Code\\LPC1343Testing\\Test4\\Test4.AXF" 
Erase Done.
Programming Done.
Verify OK.
Build target 'Target 1'
compiling SPI_Protocol.c...
linking...
Program Size: Code=996 RO-data=312 RW-data=0 ZI-data=608  
"Test4.axf" - 0 Error(s), 0 Warning(s).
Load "C:\\EMG Code\\LPC1343Testing\\Test4\\Test4.AXF" 
Erase Done.
Programming Done.
Verify OK.
Build target 'Target 1'
compiling main.c...
main.c(34): warning:  #174-D: expression has no effect
linking...
Program Size: Code=988 RO-data=312 RW-data=0 ZI-data=608  
"Test4.axf" - 0 Error(s), 1 Warning(s).
Load "C:\\EMG Code\\LPC1343Testing\\Test4\\Test4.AXF" 
Erase Done.
Programming Done.
Verify OK.
Build target 'Target 1'
compiling main.c...
main.c(11): error:  #136: struct "<unnamed>" has no field "Dats"
main.c(14): error:  #136: struct "<unnamed>" has no field "Data"
main.c(16): error:  #136: struct "<unnamed>" has no field "Data"
main.c(34): warning:  #174-D: expression has no effect
compiling SPI_Protocol.c...
Target not created
Build target 'Target 1'
compiling main.c...
main.c(34): warning:  #174-D: expression has no effect
linking...
Program Size: Code=1008 RO-data=312 RW-data=0 ZI-data=608  
"Test4.axf" - 0 Error(s), 1 Warning(s).
Load "C:\\EMG Code\\LPC1343Testing\\Test4\\Test4.AXF" 
Erase Done.
Programming Done.
Verify OK.
Build target 'Target 1'
compiling main.c...
main.c(34): warning:  #174-D: expression has no effect
linking...
Program Size: Code=1016 RO-data=312 RW-data=0 ZI-data=608  
"Test4.axf" - 0 Error(s), 1 Warning(s).
Load "C:\\EMG Code\\LPC1343Testing\\Test4\\Test4.AXF" 
Erase Done.
Programming Done.
Verify OK.
Build target 'Target 1'
compiling SPI_Protocol.c...
linking...
Program Size: Code=1016 RO-data=312 RW-data=0 ZI-data=608  
"Test4.axf" - 0 Error(s), 0 Warning(s).
Load "C:\\EMG Code\\LPC1343Testing\\Test4\\Test4.AXF" 
Erase Done.
Programming Done.
Verify OK.
Build target 'Target 1'
compiling SPI_Protocol.c...
linking...
Program Size: Code=1028 RO-data=312 RW-data=0 ZI-data=608  
"Test4.axf" - 0 Error(s), 0 Warning(s).
Load "C:\\EMG Code\\LPC1343Testing\\Test4\\Test4.AXF" 
Erase Done.
Programming Done.
Verify OK.
Build target 'Target 1'
compiling SPI_Protocol.c...
linking...
Program Size: Code=1028 RO-data=312 RW-data=0 ZI-data=608  
"Test4.axf" - 0 Error(s), 0 Warning(s).
Load "C:\\EMG Code\\LPC1343Testing\\Test4\\Test4.AXF" 
Erase Done.
Programming Done.
Verify OK.
Build target 'Target 1'
compiling SPI_Protocol.c...
linking...
Program Size: Code=1028 RO-data=312 RW-data=0 ZI-data=608  
"Test4.axf" - 0 Error(s), 0 Warning(s).
Load "C:\\EMG Code\\LPC1343Testing\\Test4\\Test4.AXF" 
Erase Done.
Programming Done.
Verify OK.
Build target 'Target 1'
compiling main.c...
main.c(30): warning:  #174-D: expression has no effect
compiling SPI_Protocol.c...
linking...
Program Size: Code=1028 RO-data=312 RW-data=0 ZI-data=608  
"Test4.axf" - 0 Error(s), 1 Warning(s).
Load "C:\\EMG Code\\LPC1343Testing\\Test4\\Test4.AXF" 
Erase Done.
Programming Done.
Verify OK.
Build target 'Target 1'
compiling SPI_Protocol.c...
linking...
Program Size: Code=1032 RO-data=312 RW-data=0 ZI-data=608  
"Test4.axf" - 0 Error(s), 0 Warning(s).
Load "C:\\EMG Code\\LPC1343Testing\\Test4\\Test4.AXF" 
Erase Done.
Programming Done.
Verify OK.
Build target 'Target 1'
compiling SPI_Protocol.c...
linking...
Program Size: Code=1032 RO-data=312 RW-data=0 ZI-data=608  
"Test4.axf" - 0 Error(s), 0 Warning(s).
Load "C:\\EMG Code\\LPC1343Testing\\Test4\\Test4.AXF" 
Erase Done.
Programming Done.
Verify OK.
Build target 'Target 1'
compiling SPI_Protocol.c...
linking...
Program Size: Code=1032 RO-data=312 RW-data=0 ZI-data=608  
"Test4.axf" - 0 Error(s), 0 Warning(s).
Load "C:\\EMG Code\\LPC1343Testing\\Test4\\Test4.AXF" 
Erase Done.
Programming Done.
Verify OK.
Build target 'Target 1'
compiling SPI_Protocol.c...
linking...
Program Size: Code=1032 RO-data=312 RW-data=0 ZI-data=608  
"Test4.axf" - 0 Error(s), 0 Warning(s).
Load "C:\\EMG Code\\LPC1343Testing\\Test4\\Test4.AXF" 
Erase Done.
Programming Done.
Verify OK.
Build target 'Target 1'
compiling SPI_Protocol.c...
linking...
Program Size: Code=1032 RO-data=312 RW-data=0 ZI-data=608  
"Test4.axf" - 0 Error(s), 0 Warning(s).
Load "C:\\EMG Code\\LPC1343Testing\\Test4\\Test4.AXF" 
Erase Done.
Programming Done.
Verify OK.
Build target 'Target 1'
compiling SPI_Protocol.c...
linking...
Program Size: Code=1032 RO-data=312 RW-data=0 ZI-data=608  
"Test4.axf" - 0 Error(s), 0 Warning(s).
Load "C:\\EMG Code\\LPC1343Testing\\Test4\\Test4.AXF" 
Erase Done.
Programming Done.
Verify OK.
Build target 'Target 1'
compiling SPI_Protocol.c...
linking...
Program Size: Code=1032 RO-data=312 RW-data=0 ZI-data=608  
"Test4.axf" - 0 Error(s), 0 Warning(s).
Load "C:\\EMG Code\\LPC1343Testing\\Test4\\Test4.AXF" 
Erase Done.
Programming Done.
Verify OK.
Build target 'Target 1'
compiling SPI_Protocol.c...
linking...
Program Size: Code=1032 RO-data=312 RW-data=0 ZI-data=608  
"Test4.axf" - 0 Error(s), 0 Warning(s).
Load "C:\\EMG Code\\LPC1343Testing\\Test4\\Test4.AXF" 
Erase Done.
Programming Done.
Verify OK.
Build target 'Target 1'
compiling SPI_Protocol.c...
linking...
Program Size: Code=1032 RO-data=312 RW-data=0 ZI-data=608  
"Test4.axf" - 0 Error(s), 0 Warning(s).
Load "C:\\EMG Code\\LPC1343Testing\\Test4\\Test4.AXF" 
Erase Done.
Programming Done.
Verify OK.
Build target 'Target 1'
compiling SPI_Protocol.c...
linking...
Program Size: Code=1032 RO-data=312 RW-data=0 ZI-data=608  
"Test4.axf" - 0 Error(s), 0 Warning(s).
Build target 'Target 1'
linking...
Program Size: Code=1032 RO-data=312 RW-data=0 ZI-data=608  
"Test4.axf" - 0 Error(s), 0 Warning(s).
Load "C:\\EMG Code\\LPC1343Testing\\Test4\\Test4.AXF" 
Erase Done.
Programming Done.
Verify OK.
Build target 'Target 1'
compiling SPI_Protocol.c...
linking...
Program Size: Code=1032 RO-data=312 RW-data=0 ZI-data=608  
"Test4.axf" - 0 Error(s), 0 Warning(s).
Load "C:\\EMG Code\\LPC1343Testing\\Test4\\Test4.AXF" 
Erase Done.
Programming Done.
Verify OK.
Build target 'Target 1'
compiling SPI_Protocol.c...
linking...
Program Size: Code=1032 RO-data=312 RW-data=0 ZI-data=608  
"Test4.axf" - 0 Error(s), 0 Warning(s).
Load "C:\\EMG Code\\LPC1343Testing\\Test4\\Test4.AXF" 
Erase Done.
Programming Done.
Verify OK.
Build target 'Target 1'
compiling SPI_Protocol.c...
linking...
Program Size: Code=1032 RO-data=312 RW-data=0 ZI-data=608  
"Test4.axf" - 0 Error(s), 0 Warning(s).
Load "C:\\EMG Code\\LPC1343Testing\\Test4\\Test4.AXF" 
Erase Done.
Programming Done.
Verify OK.
Build target 'Target 1'
compiling main.c...
main.c(30): warning:  #174-D: expression has no effect
compiling SPI_Protocol.c...
linking...
Program Size: Code=1028 RO-data=312 RW-data=0 ZI-data=608  
"Test4.axf" - 0 Error(s), 1 Warning(s).
Load "C:\\EMG Code\\LPC1343Testing\\Test4\\Test4.AXF" 
Erase Done.
Programming Done.
Verify OK.
Build target 'Target 1'
compiling SPI_Protocol.c...
linking...
Program Size: Code=1028 RO-data=312 RW-data=0 ZI-data=608  
"Test4.axf" - 0 Error(s), 0 Warning(s).
Build target 'Target 1'
linking...
Program Size: Code=1028 RO-data=312 RW-data=0 ZI-data=608  
"Test4.axf" - 0 Error(s), 0 Warning(s).
Load "C:\\EMG Code\\LPC1343Testing\\Test4\\Test4.AXF" 
Erase Done.
Programming Done.
Verify OK.
Build target 'Target 1'
compiling SPI_Protocol.c...
linking...
Program Size: Code=1028 RO-data=312 RW-data=0 ZI-data=608  
"Test4.axf" - 0 Error(s), 0 Warning(s).
Load "C:\\EMG Code\\LPC1343Testing\\Test4\\Test4.AXF" 
Erase Done.
Programming Done.
Verify OK.
Build target 'Target 1'
compiling SPI_Protocol.c...
linking...
Program Size: Code=1028 RO-data=312 RW-data=0 ZI-data=608  
"Test4.axf" - 0 Error(s), 0 Warning(s).
Build target 'Target 1'
linking...
Program Size: Code=1028 RO-data=312 RW-data=0 ZI-data=608  
"Test4.axf" - 0 Error(s), 0 Warning(s).
Load "C:\\EMG Code\\LPC1343Testing\\Test4\\Test4.AXF" 
Erase Done.
Programming Done.
Verify OK.
Build target 'Target 1'
compiling SPI_Protocol.c...
linking...
Program Size: Code=1028 RO-data=312 RW-data=0 ZI-data=608  
"Test4.axf" - 0 Error(s), 0 Warning(s).
Load "C:\\EMG Code\\LPC1343Testing\\Test4\\Test4.AXF" 
Erase Done.
Programming Done.
Verify OK.
Build target 'Target 1'
compiling SPI_Protocol.c...
linking...
Program Size: Code=1028 RO-data=312 RW-data=0 ZI-data=608  
"Test4.axf" - 0 Error(s), 0 Warning(s).
Load "C:\\EMG Code\\LPC1343Testing\\Test4\\Test4.AXF" 
Erase Done.
Programming Done.
Verify OK.
Build target 'Target 1'
compiling SPI_Protocol.c...
linking...
Program Size: Code=1028 RO-data=312 RW-data=0 ZI-data=608  
"Test4.axf" - 0 Error(s), 0 Warning(s).
Load "C:\\EMG Code\\LPC1343Testing\\Test4\\Test4.AXF" 
Erase Done.
Programming Done.
Verify OK.
Build target 'Target 1'
compiling main.c...
main.c(30): warning:  #174-D: expression has no effect
compiling SPI_Protocol.c...
linking...
Program Size: Code=1028 RO-data=312 RW-data=0 ZI-data=608  
"Test4.axf" - 0 Error(s), 1 Warning(s).
Load "C:\\EMG Code\\LPC1343Testing\\Test4\\Test4.AXF" 
Erase Done.
Programming Done.
Verify OK.
Build target 'Target 1'
compiling main.c...
main.c(10): error:  #268: declaration may not appear after executable statement in block
main.c(14): error:  #29: expected an expression
main.c(14): error:  #140: too many arguments in function call
main.c(17): error:  #65: expected a ";"
main.c(10): warning:  #550-D: variable "a" was set but never used
main.c(32): warning:  #174-D: expression has no effect
Target not created
Build target 'Target 1'
compiling main.c...
main.c(10): error:  #268: declaration may not appear after executable statement in block
main.c(14): error:  #29: expected an expression
main.c(14): error:  #140: too many arguments in function call
main.c(10): warning:  #550-D: variable "a" was set but never used
main.c(32): warning:  #174-D: expression has no effect
Target not created
Build target 'Target 1'
compiling main.c...
main.c(10): error:  #268: declaration may not appear after executable statement in block
main.c(14): error:  #29: expected an expression
main.c(14): error:  #140: too many arguments in function call
main.c(10): warning:  #550-D: variable "a" was set but never used
main.c(32): warning:  #174-D: expression has no effect
Target not created
Build target 'Target 1'
compiling main.c...
main.c(10): error:  #268: declaration may not appear after executable statement in block
main.c(10): warning:  #550-D: variable "a" was set but never used
main.c(32): warning:  #174-D: expression has no effect
Target not created
Build target 'Target 1'
compiling main.c...
main.c(10): error:  #268: declaration may not appear after executable statement in block
main.c(32): warning:  #174-D: expression has no effect
Target not created
Build target 'Target 1'
compiling main.c...
main.c(10): error:  #268: declaration may not appear after executable statement in block
main.c(32): warning:  #174-D: expression has no effect
Target not created
Build target 'Target 1'
compiling main.c...
main.c(15): error:  #20: identifier "SPIO_Read" is undefined
main.c(31): warning:  #174-D: expression has no effect
Target not created
Build target 'Target 1'
compiling main.c...
main.c(15): warning:  #223-D: function "SPIO_Read" declared implicitly
main.c(31): warning:  #174-D: expression has no effect
linking...
Test4.axf: Error: L6218E: Undefined symbol SPIO_Read (referred from main.o).
Target not created
Build target 'Target 1'
compiling main.c...
main.c(31): warning:  #174-D: expression has no effect
linking...
Program Size: Code=1028 RO-data=312 RW-data=0 ZI-data=608  
"Test4.axf" - 0 Error(s), 1 Warning(s).
Load "C:\\EMG Code\\LPC1343Testing\\Test4\\Test4.AXF" 
Erase Done.
Programming Done.
Verify OK.
Build target 'Target 1'
compiling main.c...
main.c(13): error:  #268: declaration may not appear after executable statement in block
main.c(15): error:  #268: declaration may not appear after executable statement in block
main.c(31): warning:  #174-D: expression has no effect
Target not created
Build target 'Target 1'
compiling main.c...
main.c(13): error:  #268: declaration may not appear after executable statement in block
main.c(15): error:  #268: declaration may not appear after executable statement in block
main.c(31): warning:  #174-D: expression has no effect
Target not created
Build target 'Target 1'
compiling main.c...
main.c(10): error:  #268: declaration may not appear after executable statement in block
main.c(11): error:  #268: declaration may not appear after executable statement in block
main.c(10): warning:  #550-D: variable "Data" was set but never used
main.c(11): warning:  #550-D: variable "Data1" was set but never used
main.c(33): warning:  #174-D: expression has no effect
Target not created
Build target 'Target 1'
compiling main.c...
main.c(7): warning:  #550-D: variable "Data" was set but never used
main.c(8): warning:  #550-D: variable "Data1" was set but never used
main.c(34): warning:  #174-D: expression has no effect
linking...
Program Size: Code=1028 RO-data=312 RW-data=0 ZI-data=608  
"Test4.axf" - 0 Error(s), 3 Warning(s).
Build target 'Target 1'
linking...
Program Size: Code=1028 RO-data=312 RW-data=0 ZI-data=608  
"Test4.axf" - 0 Error(s), 0 Warning(s).
Build target 'Target 1'
linking...
Program Size: Code=1028 RO-data=312 RW-data=0 ZI-data=608  
"Test4.axf" - 0 Error(s), 0 Warning(s).
Load "C:\\EMG Code\\LPC1343Testing\\Test4\\Test4.AXF" 
Erase Done.
Programming Done.
Verify OK.
Build target 'Target 1'
compiling main.c...
main.c(7): warning:  #550-D: variable "Data" was set but never used
main.c(8): warning:  #177-D: variable "Data1" was declared but never referenced
main.c(33): warning:  #174-D: expression has no effect
linking...
Program Size: Code=1024 RO-data=312 RW-data=0 ZI-data=608  
"Test4.axf" - 0 Error(s), 3 Warning(s).
compiling main.c...
main.c(7): warning:  #550-D: variable "Data" was set but never used
main.c(32): warning:  #174-D: expression has no effect
main.c - 0 Error(s), 2 Warning(s).
Load "C:\\EMG Code\\LPC1343Testing\\Test4\\Test4.AXF" 
Erase Done.
Programming Done.
Verify OK.
Build target 'Target 1'
compiling main.c...
main.c(7): warning:  #550-D: variable "Data" was set but never used
main.c(33): warning:  #174-D: expression has no effect
linking...
Program Size: Code=1024 RO-data=312 RW-data=0 ZI-data=608  
"Test4.axf" - 0 Error(s), 2 Warning(s).
Load "C:\\EMG Code\\LPC1343Testing\\Test4\\Test4.AXF" 
Erase Done.
Programming Done.
Verify OK.
Build target 'Target 1'
compiling main.c...
main.c(7): warning:  #550-D: variable "Data" was set but never used
main.c(33): warning:  #174-D: expression has no effect
compiling SPI_Protocol.c...
SPI_Protocol.c(63): warning:  #177-D: variable "datain" was declared but never referenced
SPI_Protocol.c(64): warning:  #177-D: variable "a" was declared but never referenced
linking...
Program Size: Code=1076 RO-data=436 RW-data=0 ZI-data=608  
"Test4.axf" - 0 Error(s), 4 Warning(s).
Build target 'Target 1'
compiling SPI_Protocol.c...
SPI_Protocol.c(80): error:  #65: expected a ";"
SPI_Protocol.c(82): error:  #65: expected a ";"
SPI_Protocol.c(83): error:  #109: expression must have (pointer-to-) function type
SPI_Protocol.c(87): warning:  #223-D: function "delay" declared implicitly
SPI_Protocol.c(108): error:  #268: declaration may not appear after executable statement in block
SPI_Protocol.c(63): warning:  #177-D: variable "datain" was declared but never referenced
Target not created
Build target 'Target 1'
compiling SPI_Protocol.c...
SPI_Protocol.c(80): warning:  #223-D: function "delay" declared implicitly
SPI_Protocol.c(108): error:  #268: declaration may not appear after executable statement in block
SPI_Protocol.c(63): warning:  #177-D: variable "datain" was declared but never referenced
Target not created
Build target 'Target 1'
compiling main.c...
main.c(5): error:  #130: expected a "{"
main.c(7): warning:  #550-D: variable "Data" was set but never used
main.c(34): warning:  #174-D: expression has no effect
compiling SPI_Protocol.c...
SPI_Protocol.c(8): error:  #130: expected a "{"
SPI_Protocol.c(36): warning:  #117-D: non-void function "Init_SPI_wADS" should return a value
SPI_Protocol.c(60): error:  #247: function "Init_SPI_wADS" has already been defined
SPI_Protocol.c(80): warning:  #223-D: function "delay" declared implicitly
SPI_Protocol.c(108): error:  #268: declaration may not appear after executable statement in block
Target not created
Build target 'Target 1'
compiling main.c...
main.c(5): error:  #130: expected a "{"
main.c(7): warning:  #550-D: variable "Data" was set but never used
main.c(34): warning:  #174-D: expression has no effect
compiling SPI_Protocol.c...
SPI_Protocol.c(8): error:  #130: expected a "{"
SPI_Protocol.c(36): warning:  #117-D: non-void function "Init_SPI_wADS" should return a value
SPI_Protocol.c(60): error:  #247: function "Init_SPI_wADS" has already been defined
SPI_Protocol.c(80): warning:  #223-D: function "delay" declared implicitly
SPI_Protocol.c(108): error:  #268: declaration may not appear after executable statement in block
Target not created
Build target 'Target 1'
compiling main.c...
main.c(5): error:  #130: expected a "{"
main.c(7): warning:  #550-D: variable "Data" was set but never used
main.c(34): warning:  #174-D: expression has no effect
compiling SPI_Protocol.c...
SPI_Protocol.c(8): error:  #130: expected a "{"
SPI_Protocol.c(36): warning:  #117-D: non-void function "Init_SPI_wADS" should return a value
SPI_Protocol.c(60): error:  #247: function "Init_SPI_wADS" has already been defined
SPI_Protocol.c(80): warning:  #223-D: function "delay" declared implicitly
SPI_Protocol.c(108): error:  #268: declaration may not appear after executable statement in block
Target not created
Build target 'Target 1'
compiling main.c...
main.c(5): error:  #130: expected a "{"
main.c(7): warning:  #550-D: variable "Data" was set but never used
main.c(34): warning:  #174-D: expression has no effect
compiling SPI_Protocol.c...
SPI_Protocol.c(8): error:  #130: expected a "{"
SPI_Protocol.c(36): warning:  #117-D: non-void function "Init_SPI_wADS" should return a value
SPI_Protocol.c(60): error:  #247: function "Init_SPI_wADS" has already been defined
SPI_Protocol.c(80): warning:  #223-D: function "delay" declared implicitly
SPI_Protocol.c(108): error:  #268: declaration may not appear after executable statement in block
Target not created
Build target 'Target 1'
compiling main.c...
main.c(5): error:  #130: expected a "{"
main.c(7): warning:  #550-D: variable "Data" was set but never used
main.c(34): warning:  #174-D: expression has no effect
compiling SPI_Protocol.c...
SPI_Protocol.c(8): error:  #130: expected a "{"
SPI_Protocol.c(36): warning:  #117-D: non-void function "Init_SPI_wADS" should return a value
SPI_Protocol.c(60): error:  #247: function "Init_SPI_wADS" has already been defined
SPI_Protocol.c(80): warning:  #223-D: function "delay" declared implicitly
SPI_Protocol.c(108): error:  #268: declaration may not appear after executable statement in block
Target not created
Build target 'Target 1'
compiling main.c...
main.c(7): warning:  #550-D: variable "Data" was set but never used
main.c(34): warning:  #174-D: expression has no effect
compiling SPI_Protocol.c...
SPI_Protocol.c(80): warning:  #223-D: function "delay" declared implicitly
SPI_Protocol.c(108): error:  #268: declaration may not appear after executable statement in block
Target not created
Build target 'Target 1'
compiling SPI_Protocol.c...
SPI_Protocol.c(80): warning:  #223-D: function "delay" declared implicitly
SPI_Protocol.c(108): error:  #268: declaration may not appear after executable statement in block
Target not created
Build target 'Target 1'
compiling SPI_Protocol.c...
SPI_Protocol.c(109): error:  #268: declaration may not appear after executable statement in block
Target not created
Build target 'Target 1'
compiling SPI_Protocol.c...
SPI_Protocol.c(109): error:  #268: declaration may not appear after executable statement in block
Target not created
Build target 'Target 1'
compiling SPI_Protocol.c...
SPI_Protocol.c(108): error:  #268: declaration may not appear after executable statement in block
Target not created
Build target 'Target 1'
compiling SPI_Protocol.c...
SPI_Protocol.c(108): error:  #268: declaration may not appear after executable statement in block
compiling Delay_Timer.c...
Delay_Timer.c(5): error:  #20: identifier "SCB_SYSAHBCLKCTRL" is undefined
Delay_Timer.c(5): error:  #20: identifier "SCB_SYSAHBCLKCTRL_TMR16_0" is undefined
Delay_Timer.c(6): error:  #20: identifier "LPC_TMR16B0" is undefined
Delay_Timer.c(13): error:  #20: identifier "LPC_TMR16B0" is undefined
Delay_Timer.c(15): warning:  #1-D: last line of file ends without a newline
Target not created
Build target 'Target 1'
compiling SPI_Protocol.c...
SPI_Protocol.c(108): error:  #268: declaration may not appear after executable statement in block
compiling Delay_Timer.c...
Delay_Timer.c(5): error:  #20: identifier "SCB_SYSAHBCLKCTRL" is undefined
Delay_Timer.c(5): error:  #20: identifier "SCB_SYSAHBCLKCTRL_TMR16_0" is undefined
Delay_Timer.c(6): error:  #20: identifier "LPC_TMR16B0" is undefined
Delay_Timer.c(13): error:  #20: identifier "LPC_TMR16B0" is undefined
Target not created
Build target 'Target 1'
compiling SPI_Protocol.c...
SPI_Protocol.c(108): error:  #268: declaration may not appear after executable statement in block
compiling Delay_Timer.c...
Delay_Timer.c(7): error:  #20: identifier "SCB_SYSAHBCLKCTRL_TMR16_0" is undefined
Target not created
Build target 'Target 1'
compiling SPI_Protocol.c...
SPI_Protocol.c(108): error:  #268: declaration may not appear after executable statement in block
compiling Delay_Timer.c...
Delay_Timer.c(7): error:  #20: identifier "SCB_SYSAHBCLKCTRL_TMR16_0" is undefined
Target not created
Build target 'Target 1'
compiling SPI_Protocol.c...
SPI_Protocol.c(108): error:  #268: declaration may not appear after executable statement in block
compiling Delay_Timer.c...
Delay_Timer.c(7): error:  #20: identifier "SCB_SYSAHBCLKCTRL_TMR16_0" is undefined
Target not created
Build target 'Target 1'
compiling main.c...
main.c(7): warning:  #550-D: variable "Data" was set but never used
main.c(34): warning:  #174-D: expression has no effect
main.c(107): warning:  #223-D: function "DelayTimerInit" declared implicitly
main.c(109): error:  #65: expected a ";"
compiling SPI_Protocol.c...
SPI_Protocol.c(108): error:  #268: declaration may not appear after executable statement in block
compiling Delay_Timer.c...
Delay_Timer.c(7): error:  #20: identifier "SCB_SYSAHBCLKCTRL_TMR16_0" is undefined
Target not created
Build target 'Target 1'
compiling main.c...
main.c(12): error:  #20: identifier "SCB_SYSAHBCLKCTRL_TMR16_0" is undefined
main.c(7): warning:  #550-D: variable "Data" was set but never used
main.c(35): warning:  #174-D: expression has no effect
main.c(108): warning:  #223-D: function "DelayTimerInit" declared implicitly
main.c(110): error:  #65: expected a ";"
compiling SPI_Protocol.c...
SPI_Protocol.c(108): error:  #268: declaration may not appear after executable statement in block
compiling Delay_Timer.c...
Delay_Timer.c(7): error:  #20: identifier "SCB_SYSAHBCLKCTRL_TMR16_0" is undefined
Target not created
Build target 'Target 1'
compiling main.c...
main.c(12): error:  #20: identifier "SCB_SYSAHBCLKCTRL_TMR16_0" is undefined
main.c(7): warning:  #550-D: variable "Data" was set but never used
main.c(35): warning:  #174-D: expression has no effect
main.c(108): warning:  #223-D: function "DelayTimerInit" declared implicitly
compiling SPI_Protocol.c...
SPI_Protocol.c(108): error:  #268: declaration may not appear after executable statement in block
compiling Delay_Timer.c...
Delay_Timer.c(7): error:  #20: identifier "SCB_SYSAHBCLKCTRL_TMR16_0" is undefined
Target not created
Build target 'Target 1'
compiling main.c...
main.c(13): error:  #20: identifier "SCB_SYSAHBCLKCTRL_TMR16_0" is undefined
main.c(8): warning:  #550-D: variable "Data" was set but never used
main.c(36): warning:  #174-D: expression has no effect
compiling SPI_Protocol.c...
SPI_Protocol.c(108): error:  #268: declaration may not appear after executable statement in block
compiling Delay_Timer.c...
Delay_Timer.c(7): error:  #20: identifier "SCB_SYSAHBCLKCTRL_TMR16_0" is undefined
Target not created
Build target 'Target 1'
compiling main.c...
main.c(13): error:  #20: identifier "SCB_SYSAHBCLKCTRL_TMR16_0" is undefined
main.c(8): warning:  #550-D: variable "Data" was set but never used
main.c(36): warning:  #174-D: expression has no effect
compiling SPI_Protocol.c...
compiling Delay_Timer.c...
Delay_Timer.c(7): error:  #20: identifier "SCB_SYSAHBCLKCTRL_TMR16_0" is undefined
Target not created
Build target 'Target 1'
compiling main.c...
main.c(13): error:  #20: identifier "SCB_SYSAHBCLKCTRL_TMR16_0" is undefined
main.c(8): warning:  #550-D: variable "Data" was set but never used
main.c(36): warning:  #174-D: expression has no effect
compiling SPI_Protocol.c...
SPI_Protocol.c(108): error:  #268: declaration may not appear after executable statement in block
compiling Delay_Timer.c...
Delay_Timer.c(7): error:  #20: identifier "SCB_SYSAHBCLKCTRL_TMR16_0" is undefined
Target not created
Build target 'Target 1'
compiling main.c...
main.c(13): error:  #20: identifier "SCB_SYSAHBCLKCTRL_TMR16_0" is undefined
main.c(8): warning:  #550-D: variable "Data" was set but never used
main.c(36): warning:  #174-D: expression has no effect
compiling SPI_Protocol.c...
compiling Delay_Timer.c...
Delay_Timer.c(7): error:  #20: identifier "SCB_SYSAHBCLKCTRL_TMR16_0" is undefined
Target not created
Build target 'Target 1'
compiling main.c...
main.c(8): warning:  #550-D: variable "Data" was set but never used
main.c(36): warning:  #174-D: expression has no effect
compiling Delay_Timer.c...
linking...
Program Size: Code=1256 RO-data=312 RW-data=0 ZI-data=608  
"Test4.axf" - 0 Error(s), 2 Warning(s).
Build target 'Target 1'
compiling main.c...
main.c(8): warning:  #550-D: variable "Data" was set but never used
main.c(36): warning:  #174-D: expression has no effect
compiling SPI_Protocol.c...
linking...
Program Size: Code=1272 RO-data=312 RW-data=0 ZI-data=608  
"Test4.axf" - 0 Error(s), 2 Warning(s).
Load "C:\\EMG Code\\LPC1343Testing\\Test4\\Test4.AXF" 
Erase Done.
Programming Done.
Verify OK.
Build target 'Target 1'
compiling main.c...
main.c(8): warning:  #550-D: variable "Data" was set but never used
main.c(36): warning:  #174-D: expression has no effect
linking...
Program Size: Code=1252 RO-data=312 RW-data=0 ZI-data=608  
"Test4.axf" - 0 Error(s), 2 Warning(s).
Load "C:\\EMG Code\\LPC1343Testing\\Test4\\Test4.AXF" 
Erase Done.
Programming Done.
Verify OK.
Build target 'Target 1'
linking...
Program Size: Code=1252 RO-data=312 RW-data=0 ZI-data=608  
"Test4.axf" - 0 Error(s), 0 Warning(s).
Load "C:\\EMG Code\\LPC1343Testing\\Test4\\Test4.AXF" 
Erase Done.
Programming Done.
Verify OK.
Build target 'Target 1'
compiling main.c...
main.c(8): warning:  #550-D: variable "Data" was set but never used
main.c(35): warning:  #174-D: expression has no effect
linking...
Program Size: Code=1244 RO-data=312 RW-data=0 ZI-data=608  
"Test4.axf" - 0 Error(s), 2 Warning(s).
Load "C:\\EMG Code\\LPC1343Testing\\Test4\\Test4.AXF" 
Erase Done.
Programming Done.
Verify OK.
Build target 'Target 1'
compiling SPI_Protocol.c...
linking...
Program Size: Code=1252 RO-data=312 RW-data=0 ZI-data=608  
"Test4.axf" - 0 Error(s), 0 Warning(s).
Build target 'Target 1'
linking...
Program Size: Code=1252 RO-data=312 RW-data=0 ZI-data=608  
"Test4.axf" - 0 Error(s), 0 Warning(s).
Build target 'Target 1'
linking...
Program Size: Code=1252 RO-data=312 RW-data=0 ZI-data=608  
"Test4.axf" - 0 Error(s), 0 Warning(s).
Load "C:\\EMG Code\\LPC1343Testing\\Test4\\Test4.AXF" 
Erase Done.
Programming Done.
Verify OK.
Build target 'Target 1'
compiling main.c...
main.c(8): warning:  #550-D: variable "Data" was set but never used
main.c(35): warning:  #174-D: expression has no effect
linking...
Program Size: Code=1252 RO-data=312 RW-data=0 ZI-data=608  
"Test4.axf" - 0 Error(s), 2 Warning(s).
Load "C:\\EMG Code\\LPC1343Testing\\Test4\\Test4.AXF" 
Erase Done.
Programming Done.
Verify OK.
Build target 'Target 1'
compiling SPI_Protocol.c...
SPI_Protocol.c(147): warning:  #111-D: statement is unreachable
linking...
Program Size: Code=1252 RO-data=312 RW-data=0 ZI-data=608  
"Test4.axf" - 0 Error(s), 1 Warning(s).
Load "C:\\EMG Code\\LPC1343Testing\\Test4\\Test4.AXF" 
Internal DLL Error
Build target 'Target 1'
linking...
Program Size: Code=1252 RO-data=312 RW-data=0 ZI-data=608  
"Test4.axf" - 0 Error(s), 0 Warning(s).
Load "C:\\EMG Code\\LPC1343Testing\\Test4\\Test4.AXF" 
Erase Done.
Programming Done.
Verify OK.
Build target 'Target 1'
compiling SPI_Protocol.c...
linking...
Program Size: Code=1264 RO-data=312 RW-data=0 ZI-data=608  
"Test4.axf" - 0 Error(s), 0 Warning(s).
Load "C:\\EMG Code\\LPC1343Testing\\Test4\\Test4.AXF" 
Erase Done.
Programming Done.
Verify OK.
Build target 'Target 1'
compiling SPI_Protocol.c...
linking...
Program Size: Code=1256 RO-data=312 RW-data=0 ZI-data=608  
"Test4.axf" - 0 Error(s), 0 Warning(s).
Load "C:\\EMG Code\\LPC1343Testing\\Test4\\Test4.AXF" 
Erase Done.
Programming Done.
Verify OK.
Build target 'Target 1'
compiling main.c...
main.c(8): warning:  #550-D: variable "Data" was set but never used
main.c(36): warning:  #174-D: expression has no effect
linking...
Program Size: Code=1264 RO-data=312 RW-data=0 ZI-data=608  
"Test4.axf" - 0 Error(s), 2 Warning(s).
Load "C:\\EMG Code\\LPC1343Testing\\Test4\\Test4.AXF" 
Erase Done.
Programming Done.
Verify OK.
Build target 'Target 1'
compiling main.c...
main.c(8): warning:  #177-D: variable "Data" was declared but never referenced
main.c(36): warning:  #174-D: expression has no effect
linking...
Program Size: Code=1264 RO-data=312 RW-data=0 ZI-data=608  
"Test4.axf" - 0 Error(s), 2 Warning(s).
Load "C:\\EMG Code\\LPC1343Testing\\Test4\\Test4.AXF" 
Erase Done.
Programming Done.
Verify OK.
Build target 'Target 1'
compiling main.c...
main.c(8): warning:  #177-D: variable "Data" was declared but never referenced
main.c(39): warning:  #174-D: expression has no effect
linking...
Program Size: Code=1292 RO-data=312 RW-data=0 ZI-data=608  
"Test4.axf" - 0 Error(s), 2 Warning(s).
Load "C:\\EMG Code\\LPC1343Testing\\Test4\\Test4.AXF" 
Erase Done.
Programming Done.
Verify OK.
Build target 'Target 1'
compiling main.c...
main.c(8): warning:  #177-D: variable "Data" was declared but never referenced
main.c(39): warning:  #174-D: expression has no effect
linking...
Program Size: Code=1292 RO-data=312 RW-data=0 ZI-data=608  
"Test4.axf" - 0 Error(s), 2 Warning(s).
Load "C:\\EMG Code\\LPC1343Testing\\Test4\\Test4.AXF" 
Erase Done.
Programming Done.
Verify OK.
Build target 'Target 1'
compiling main.c...
main.c(8): warning:  #177-D: variable "Data" was declared but never referenced
main.c(39): warning:  #174-D: expression has no effect
linking...
Program Size: Code=1292 RO-data=312 RW-data=0 ZI-data=608  
"Test4.axf" - 0 Error(s), 2 Warning(s).
Load "C:\\EMG Code\\LPC1343Testing\\Test4\\Test4.AXF" 
Erase Done.
Programming Done.
Verify OK.
Build target 'Target 1'
compiling main.c...
main.c(8): warning:  #177-D: variable "Data" was declared but never referenced
main.c(39): warning:  #174-D: expression has no effect
linking...
Program Size: Code=1292 RO-data=312 RW-data=0 ZI-data=608  
"Test4.axf" - 0 Error(s), 2 Warning(s).
Load "C:\\EMG Code\\LPC1343Testing\\Test4\\Test4.AXF" 
Erase Done.
Programming Done.
Verify OK.
Build target 'Target 1'
compiling main.c...
main.c(8): warning:  #177-D: variable "Data" was declared but never referenced
main.c(39): warning:  #174-D: expression has no effect
linking...
Program Size: Code=1292 RO-data=312 RW-data=0 ZI-data=608  
"Test4.axf" - 0 Error(s), 2 Warning(s).
Load "C:\\EMG Code\\LPC1343Testing\\Test4\\Test4.AXF" 
Erase Done.
Programming Done.
Verify OK.
Build target 'Target 1'
compiling main.c...
main.c(8): warning:  #177-D: variable "Data" was declared but never referenced
main.c(39): warning:  #174-D: expression has no effect
linking...
Program Size: Code=1292 RO-data=312 RW-data=0 ZI-data=608  
"Test4.axf" - 0 Error(s), 2 Warning(s).
Load "C:\\EMG Code\\LPC1343Testing\\Test4\\Test4.AXF" 
Erase Done.
Programming Done.
Verify OK.
Build target 'Target 1'
compiling main.c...
main.c(8): warning:  #177-D: variable "Data" was declared but never referenced
main.c(39): warning:  #174-D: expression has no effect
linking...
Program Size: Code=1292 RO-data=312 RW-data=0 ZI-data=608  
"Test4.axf" - 0 Error(s), 2 Warning(s).
Load "C:\\EMG Code\\LPC1343Testing\\Test4\\Test4.AXF" 
Erase Done.
Programming Done.
Verify OK.
Build target 'Target 1'
compiling main.c...
main.c(8): warning:  #177-D: variable "Data" was declared but never referenced
main.c(36): warning:  #174-D: expression has no effect
compiling SPI_Protocol.c...
linking...
Program Size: Code=1264 RO-data=312 RW-data=0 ZI-data=608  
"Test4.axf" - 0 Error(s), 2 Warning(s).
Load "C:\\EMG Code\\LPC1343Testing\\Test4\\Test4.AXF" 
Erase Done.
Programming Done.
Verify OK.
Build target 'Target 1'
linking...
Program Size: Code=1264 RO-data=312 RW-data=0 ZI-data=608  
"Test4.axf" - 0 Error(s), 0 Warning(s).
Load "C:\\EMG Code\\LPC1343Testing\\Test4\\Test4.AXF" 
Erase Done.
Programming Done.
Verify OK.
Build target 'Target 1'
compiling main.c...
main.c(8): warning:  #550-D: variable "Data" was set but never used
main.c(36): warning:  #174-D: expression has no effect
linking...
Program Size: Code=1256 RO-data=312 RW-data=0 ZI-data=608  
"Test4.axf" - 0 Error(s), 2 Warning(s).
Load "C:\\EMG Code\\LPC1343Testing\\Test4\\Test4.AXF" 
Erase Done.
Programming Done.
Verify OK.
Build target 'Target 1'
compiling SPI_Protocol.c...
SPI_Protocol.c(101): warning:  #9-D: nested comment is not allowed
SPI_Protocol.c(139): error:  #29: expected an expression
SPI_Protocol.c(151): warning:  #12-D: parsing restarts here after previous syntax error
SPI_Protocol.c(64): warning:  #550-D: variable "datain" was set but never used
Target not created
Build target 'Target 1'
compiling SPI_Protocol.c...
SPI_Protocol.c(101): warning:  #9-D: nested comment is not allowed
SPI_Protocol.c(139): error:  #29: expected an expression
SPI_Protocol.c(151): warning:  #12-D: parsing restarts here after previous syntax error
SPI_Protocol.c(64): warning:  #550-D: variable "datain" was set but never used
Target not created
Build target 'Target 1'
compiling SPI_Protocol.c...
SPI_Protocol.c(63): warning:  #177-D: variable "write_Array" was declared but never referenced
SPI_Protocol.c(64): warning:  #177-D: variable "datain" was declared but never referenced
SPI_Protocol.c(65): warning:  #177-D: variable "a" was declared but never referenced
linking...
Program Size: Code=1100 RO-data=312 RW-data=0 ZI-data=608  
"Test4.axf" - 0 Error(s), 3 Warning(s).
Build target 'Target 1'
linking...
Program Size: Code=1100 RO-data=312 RW-data=0 ZI-data=608  
"Test4.axf" - 0 Error(s), 0 Warning(s).
Load "C:\\EMG Code\\LPC1343Testing\\Test4\\Test4.AXF" 
Erase Done.
Programming Done.
Verify OK.
Build target 'Target 1'
compiling main.c...
main.c(8): warning:  #550-D: variable "Data" was set but never used
main.c(35): warning:  #174-D: expression has no effect
compiling SPI_Protocol.c...
SPI_Protocol.c(63): warning:  #177-D: variable "write_Array" was declared but never referenced
SPI_Protocol.c(64): warning:  #177-D: variable "datain" was declared but never referenced
SPI_Protocol.c(65): warning:  #177-D: variable "a" was declared but never referenced
linking...
Program Size: Code=1084 RO-data=312 RW-data=0 ZI-data=608  
"Test4.axf" - 0 Error(s), 5 Warning(s).
Build target 'Target 1'
linking...
Program Size: Code=1084 RO-data=312 RW-data=0 ZI-data=608  
"Test4.axf" - 0 Error(s), 0 Warning(s).
Build target 'Target 1'
linking...
Program Size: Code=1084 RO-data=312 RW-data=0 ZI-data=608  
"Test4.axf" - 0 Error(s), 0 Warning(s).
Build target 'Target 1'
linking...
Program Size: Code=1084 RO-data=312 RW-data=0 ZI-data=608  
"Test4.axf" - 0 Error(s), 0 Warning(s).
compiling main.c...
main.c(8): warning:  #550-D: variable "Data" was set but never used
main.c(35): warning:  #174-D: expression has no effect
main.c - 0 Error(s), 2 Warning(s).
Build target 'Target 1'
linking...
Program Size: Code=1084 RO-data=312 RW-data=0 ZI-data=608  
"Test4.axf" - 0 Error(s), 0 Warning(s).
Build target 'Target 1'
linking...
Program Size: Code=1084 RO-data=312 RW-data=0 ZI-data=608  
"Test4.axf" - 0 Error(s), 0 Warning(s).
Build target 'Target 1'
linking...
Program Size: Code=1084 RO-data=312 RW-data=0 ZI-data=608  
"Test4.axf" - 0 Error(s), 0 Warning(s).
Build target 'Target 1'
linking...
Program Size: Code=1084 RO-data=312 RW-data=0 ZI-data=608  
"Test4.axf" - 0 Error(s), 0 Warning(s).
Build target 'Target 1'
linking...
Program Size: Code=1084 RO-data=312 RW-data=0 ZI-data=608  
"Test4.axf" - 0 Error(s), 0 Warning(s).
Load "C:\\EMG Code\\LPC1343Testing\\Test4\\Test4.AXF" 
Erase Done.
Programming Done.
Verify OK.
Build target 'Target 1'
compiling main.c...
main.c(8): warning:  #550-D: variable "Data" was set but never used
main.c(35): warning:  #174-D: expression has no effect
linking...
Program Size: Code=1084 RO-data=312 RW-data=0 ZI-data=608  
"Test4.axf" - 0 Error(s), 2 Warning(s).
Load "C:\\EMG Code\\LPC1343Testing\\Test4\\Test4.AXF" 
Erase Done.
Programming Done.
Verify OK.
Build target 'Target 1'
compiling main.c...
main.c(8): warning:  #550-D: variable "Data" was set but never used
main.c(35): warning:  #174-D: expression has no effect
linking...
Program Size: Code=1084 RO-data=312 RW-data=0 ZI-data=608  
"Test4.axf" - 0 Error(s), 2 Warning(s).
Load "C:\\EMG Code\\LPC1343Testing\\Test4\\Test4.AXF" 
Erase Done.
Programming Done.
Verify OK.
Build target 'Target 1'
compiling main.c...
main.c(8): warning:  #550-D: variable "Data" was set but never used
main.c(35): warning:  #174-D: expression has no effect
compiling SPI_Protocol.c...
SPI_Protocol.c(63): warning:  #177-D: variable "write_Array" was declared but never referenced
SPI_Protocol.c(64): warning:  #177-D: variable "datain" was declared but never referenced
SPI_Protocol.c(65): warning:  #177-D: variable "a" was declared but never referenced
linking...
Program Size: Code=1100 RO-data=312 RW-data=0 ZI-data=608  
"Test4.axf" - 0 Error(s), 5 Warning(s).
Load "C:\\EMG Code\\LPC1343Testing\\Test4\\Test4.AXF" 
Erase Done.
Programming Done.
Verify OK.
Build target 'Target 1'
compiling SPI_Protocol.c...
SPI_Protocol.c(64): warning:  #550-D: variable "datain" was set but never used
linking...
Program Size: Code=1296 RO-data=312 RW-data=0 ZI-data=608  
"Test4.axf" - 0 Error(s), 1 Warning(s).
Build target 'Target 1'
compiling SPI_Protocol.c...
linking...
Program Size: Code=1296 RO-data=312 RW-data=0 ZI-data=608  
"Test4.axf" - 0 Error(s), 0 Warning(s).
Build target 'Target 1'
linking...
Program Size: Code=1296 RO-data=312 RW-data=0 ZI-data=608  
"Test4.axf" - 0 Error(s), 0 Warning(s).
Load "C:\\EMG Code\\LPC1343Testing\\Test4\\Test4.AXF" 
Erase Done.
Programming Done.
Verify OK.
Build target 'Target 1'
linking...
Program Size: Code=1296 RO-data=312 RW-data=0 ZI-data=608  
"Test4.axf" - 0 Error(s), 0 Warning(s).
Load "C:\\EMG Code\\LPC1343Testing\\Test4\\Test4.AXF" 
Erase Done.
Programming Done.
Verify OK.
Build target 'Target 1'
linking...
Program Size: Code=1296 RO-data=312 RW-data=0 ZI-data=608  
"Test4.axf" - 0 Error(s), 0 Warning(s).
Load "C:\\EMG Code\\LPC1343Testing\\Test4\\Test4.AXF" 
Erase Done.
Programming Done.
Verify OK.
Build target 'Target 1'
compiling SPI_Protocol.c...
linking...
Program Size: Code=1296 RO-data=312 RW-data=0 ZI-data=608  
"Test4.axf" - 0 Error(s), 0 Warning(s).
Load "C:\\EMG Code\\LPC1343Testing\\Test4\\Test4.AXF" 
Erase Done.
Programming Done.
Verify OK.
Build target 'Target 1'
compiling SPI_Protocol.c...
linking...
Program Size: Code=1296 RO-data=312 RW-data=0 ZI-data=608  
"Test4.axf" - 0 Error(s), 0 Warning(s).
Load "C:\\EMG Code\\LPC1343Testing\\Test4\\Test4.AXF" 
Erase Done.
Programming Done.
Verify OK.
Build target 'Target 1'
linking...
Program Size: Code=1296 RO-data=312 RW-data=0 ZI-data=608  
"Test4.axf" - 0 Error(s), 0 Warning(s).
Load "C:\\EMG Code\\LPC1343Testing\\Test4\\Test4.AXF" 
Erase Done.
Programming Done.
Verify OK.
Build target 'Target 1'
linking...
Program Size: Code=1296 RO-data=312 RW-data=0 ZI-data=608  
"Test4.axf" - 0 Error(s), 0 Warning(s).
Load "C:\\EMG Code\\LPC1343Testing\\Test4\\Test4.AXF" 
Erase Done.
Programming Done.
Verify OK.
Build target 'Target 1'
linking...
Program Size: Code=1296 RO-data=312 RW-data=0 ZI-data=608  
"Test4.axf" - 0 Error(s), 0 Warning(s).
Load "C:\\EMG Code\\LPC1343Testing\\Test4\\Test4.AXF" 
Erase Done.
Programming Done.
Verify OK.
Build target 'Target 1'
linking...
Program Size: Code=1296 RO-data=312 RW-data=0 ZI-data=608  
"Test4.axf" - 0 Error(s), 0 Warning(s).
Load "C:\\EMG Code\\LPC1343Testing\\Test4\\Test4.AXF" 
Erase Done.
Programming Done.
Verify OK.
Build target 'Target 1'
linking...
Program Size: Code=1296 RO-data=312 RW-data=0 ZI-data=608  
"Test4.axf" - 0 Error(s), 0 Warning(s).
Load "C:\\EMG Code\\LPC1343Testing\\Test4\\Test4.AXF" 
Erase Done.
Programming Done.
Verify OK.
Build target 'Target 1'
linking...
Program Size: Code=1296 RO-data=312 RW-data=0 ZI-data=608  
"Test4.axf" - 0 Error(s), 0 Warning(s).
Load "C:\\EMG Code\\LPC1343Testing\\Test4\\Test4.AXF" 
Erase Done.
Programming Done.
Verify OK.
Build target 'Target 1'
compiling SPI_Protocol.c...
linking...
Program Size: Code=1296 RO-data=312 RW-data=0 ZI-data=608  
"Test4.axf" - 0 Error(s), 0 Warning(s).
Load "C:\\EMG Code\\LPC1343Testing\\Test4\\Test4.AXF" 
Erase Done.
Programming Done.
Verify OK.
compiling main.c...
main.c(8): warning:  #550-D: variable "Data" was set but never used
main.c(35): warning:  #174-D: expression has no effect
main.c - 0 Error(s), 2 Warning(s).
Load "C:\\EMG Code\\LPC1343Testing\\Test4\\Test4.AXF" 
Erase Done.
Programming Done.
Verify OK.
compiling SPI_Protocol.c...
SPI_Protocol.c - 0 Error(s), 0 Warning(s).
Build target 'Target 1'
linking...
Program Size: Code=1312 RO-data=312 RW-data=0 ZI-data=608  
"Test4.axf" - 0 Error(s), 0 Warning(s).
Load "C:\\EMG Code\\LPC1343Testing\\Test4\\Test4.AXF" 
Erase Done.
Programming Done.
Verify OK.
Build target 'Target 1'
linking...
Program Size: Code=1312 RO-data=312 RW-data=0 ZI-data=608  
"Test4.axf" - 0 Error(s), 0 Warning(s).
Load "C:\\EMG Code\\LPC1343Testing\\Test4\\Test4.AXF" 
Erase Done.
Programming Done.
Verify OK.
Build target 'Target 1'
linking...
Program Size: Code=1312 RO-data=312 RW-data=0 ZI-data=608  
"Test4.axf" - 0 Error(s), 0 Warning(s).
Load "C:\\EMG Code\\LPC1343Testing\\Test4\\Test4.AXF" 
Erase Done.
Programming Done.
Verify OK.
Build target 'Target 1'
linking...
Program Size: Code=1312 RO-data=312 RW-data=0 ZI-data=608  
"Test4.axf" - 0 Error(s), 0 Warning(s).
Load "C:\\EMG Code\\LPC1343Testing\\Test4\\Test4.AXF" 
Erase Done.
Programming Done.
Verify OK.
Build target 'Target 1'
compiling SPI_Protocol.c...
linking...
Program Size: Code=1312 RO-data=312 RW-data=0 ZI-data=608  
"Test4.axf" - 0 Error(s), 0 Warning(s).
Load "C:\\EMG Code\\LPC1343Testing\\Test4\\Test4.AXF" 
Erase Done.
Programming Done.
Verify OK.
Build target 'Target 1'
compiling SPI_Protocol.c...
linking...
Program Size: Code=1312 RO-data=312 RW-data=0 ZI-data=608  
"Test4.axf" - 0 Error(s), 0 Warning(s).
Load "C:\\EMG Code\\LPC1343Testing\\Test4\\Test4.AXF" 
Erase Done.
Programming Done.
Verify OK.
compiling SPI_Protocol.c...
SPI_Protocol.c - 0 Error(s), 0 Warning(s).
Build target 'Target 1'
linking...
Program Size: Code=1312 RO-data=312 RW-data=0 ZI-data=608  
"Test4.axf" - 0 Error(s), 0 Warning(s).
Load "C:\\EMG Code\\LPC1343Testing\\Test4\\Test4.AXF" 
Erase Done.
Programming Done.
Verify OK.
Build target 'Target 1'
compiling SPI_Protocol.c...
linking...
Program Size: Code=1308 RO-data=312 RW-data=0 ZI-data=608  
"Test4.axf" - 0 Error(s), 0 Warning(s).
Load "C:\\EMG Code\\LPC1343Testing\\Test4\\Test4.AXF" 
Erase Done.
Programming Done.
Verify OK.
Build target 'Target 1'
compiling SPI_Protocol.c...
linking...
Program Size: Code=1300 RO-data=312 RW-data=0 ZI-data=608  
"Test4.axf" - 0 Error(s), 0 Warning(s).
Load "C:\\EMG Code\\LPC1343Testing\\Test4\\Test4.AXF" 
Erase Done.
Programming Done.
Verify OK.
Build target 'Target 1'
compiling SPI_Protocol.c...
linking...
Program Size: Code=1300 RO-data=312 RW-data=0 ZI-data=608  
"Test4.axf" - 0 Error(s), 0 Warning(s).
Load "C:\\EMG Code\\LPC1343Testing\\Test4\\Test4.AXF" 
Erase Done.
Programming Done.
Verify OK.
Build target 'Target 1'
compiling SPI_Protocol.c...
linking...
Program Size: Code=1292 RO-data=312 RW-data=0 ZI-data=608  
"Test4.axf" - 0 Error(s), 0 Warning(s).
Load "C:\\EMG Code\\LPC1343Testing\\Test4\\Test4.AXF" 
Erase Done.
Programming Done.
Verify OK.
Build target 'Target 1'
compiling SPI_Protocol.c...
linking...
Program Size: Code=1292 RO-data=312 RW-data=0 ZI-data=608  
"Test4.axf" - 0 Error(s), 0 Warning(s).
Load "C:\\EMG Code\\LPC1343Testing\\Test4\\Test4.AXF" 
Erase Done.
Programming Done.
Verify OK.
Build target 'Target 1'
compiling SPI_Protocol.c...
linking...
Program Size: Code=1312 RO-data=312 RW-data=0 ZI-data=608  
"Test4.axf" - 0 Error(s), 0 Warning(s).
Load "C:\\EMG Code\\LPC1343Testing\\Test4\\Test4.AXF" 
Erase Done.
Programming Done.
Verify OK.
Build target 'Target 1'
compiling SPI_Protocol.c...
linking...
Program Size: Code=1312 RO-data=312 RW-data=0 ZI-data=608  
"Test4.axf" - 0 Error(s), 0 Warning(s).
Load "C:\\EMG Code\\LPC1343Testing\\Test4\\Test4.AXF" 
Erase Done.
Programming Done.
Verify OK.
Build target 'Target 1'
compiling SPI_Protocol.c...
linking...
Program Size: Code=1312 RO-data=312 RW-data=0 ZI-data=608  
"Test4.axf" - 0 Error(s), 0 Warning(s).
Load "C:\\EMG Code\\LPC1343Testing\\Test4\\Test4.AXF" 
Erase Done.
Programming Done.
Verify OK.
Build target 'Target 1'
compiling SPI_Protocol.c...
linking...
Program Size: Code=1312 RO-data=312 RW-data=0 ZI-data=608  
"Test4.axf" - 0 Error(s), 0 Warning(s).
Load "C:\\EMG Code\\LPC1343Testing\\Test4\\Test4.AXF" 
Erase Done.
Programming Done.
Verify OK.
Build target 'Target 1'
compiling main.c...
main.c(19): error:  #136: struct "<unnamed>" has no field "Data"
main.c(21): error:  #20: identifier "a" is undefined
main.c(25): error:  #20: identifier "data" is undefined
main.c(27): error:  #65: expected a ";"
main.c(32): error:  #268: declaration may not appear after executable statement in block
main.c(8): warning:  #550-D: variable "Data" was set but never used
main.c(32): error:  #67: expected a "}"
main.c(43): warning:  #174-D: expression has no effect
compiling SPI_Protocol.c...
SPI_Protocol.c(64): warning:  #177-D: variable "datain" was declared but never referenced
Target not created
Build target 'Target 1'
compiling main.c...
main.c(19): error:  #136: struct "<unnamed>" has no field "Data"
main.c(21): error:  #20: identifier "a" is undefined
main.c(25): error:  #20: identifier "data" is undefined
main.c(26): error:  #65: expected a ";"
main.c(31): error:  #268: declaration may not appear after executable statement in block
main.c(8): warning:  #550-D: variable "Data" was set but never used
main.c(31): error:  #67: expected a "}"
main.c(42): warning:  #174-D: expression has no effect
Target not created
Build target 'Target 1'
compiling main.c...
main.c(19): error:  #136: struct "<unnamed>" has no field "Data"
main.c(21): error:  #20: identifier "a" is undefined
main.c(25): error:  #20: identifier "data" is undefined
main.c(26): error:  #65: expected a ";"
main.c(8): warning:  #550-D: variable "Data" was set but never used
main.c(43): warning:  #174-D: expression has no effect
Target not created
Build target 'Target 1'
compiling main.c...
main.c(19): error:  #136: struct "<unnamed>" has no field "Data"
main.c(21): error:  #20: identifier "a" is undefined
main.c(25): error:  #20: identifier "data" is undefined
main.c(8): warning:  #550-D: variable "Data" was set but never used
main.c(43): warning:  #174-D: expression has no effect
Target not created
Build target 'Target 1'
compiling main.c...
main.c(20): error:  #136: struct "<unnamed>" has no field "Data"
main.c(26): error:  #20: identifier "data" is undefined
main.c(8): warning:  #550-D: variable "Data" was set but never used
main.c(44): warning:  #174-D: expression has no effect
Target not created
Build target 'Target 1'
compiling main.c...
main.c(8): warning:  #550-D: variable "Data" was set but never used
main.c(44): warning:  #174-D: expression has no effect
linking...
Program Size: Code=1268 RO-data=312 RW-data=0 ZI-data=608  
"Test4.axf" - 0 Error(s), 2 Warning(s).
Load "C:\\EMG Code\\LPC1343Testing\\Test4\\Test4.AXF" 
Erase Done.
Programming Done.
Verify OK.
Build target 'Target 1'
compiling SPI_Protocol.c...
SPI_Protocol.c(64): warning:  #177-D: variable "datain" was declared but never referenced
linking...
Program Size: Code=1268 RO-data=312 RW-data=0 ZI-data=608  
"Test4.axf" - 0 Error(s), 1 Warning(s).
Load "C:\\EMG Code\\LPC1343Testing\\Test4\\Test4.AXF" 
Erase Done.
Programming Done.
Verify OK.
Build target 'Target 1'
compiling main.c...
main.c(8): warning:  #550-D: variable "Data" was set but never used
main.c(46): warning:  #174-D: expression has no effect
linking...
Program Size: Code=1284 RO-data=312 RW-data=0 ZI-data=608  
"Test4.axf" - 0 Error(s), 2 Warning(s).
Load "C:\\EMG Code\\LPC1343Testing\\Test4\\Test4.AXF" 
Erase Done.
Programming Done.
Verify OK.
Build target 'Target 1'
compiling main.c...
main.c(25): error:  #20: identifier "_nop" is undefined
main.c(8): warning:  #550-D: variable "Data" was set but never used
main.c(48): warning:  #174-D: expression has no effect
Target not created
Build target 'Target 1'
compiling main.c...
main.c(25): warning:  #174-D: expression has no effect
main.c(29): warning:  #174-D: expression has no effect
main.c(8): warning:  #550-D: variable "Data" was set but never used
main.c(48): warning:  #174-D: expression has no effect
linking...
Program Size: Code=1284 RO-data=312 RW-data=0 ZI-data=608  
"Test4.axf" - 0 Error(s), 4 Warning(s).
Load "C:\\EMG Code\\LPC1343Testing\\Test4\\Test4.AXF" 
Erase Done.
Programming Done.
Verify OK.
Build target 'Target 1'
linking...
Program Size: Code=1284 RO-data=312 RW-data=0 ZI-data=608  
"Test4.axf" - 0 Error(s), 0 Warning(s).
Load "C:\\EMG Code\\LPC1343Testing\\Test4\\Test4.AXF" 
Erase Done.
Programming Done.
Verify OK.
Build target 'Target 1'
compiling main.c...
main.c(25): error:  #109: expression must have (pointer-to-) function type
main.c(8): warning:  #550-D: variable "Data" was set but never used
main.c(51): warning:  #174-D: expression has no effect
compiling SPI_Protocol.c...
SPI_Protocol.c(64): warning:  #177-D: variable "datain" was declared but never referenced
Target not created
Build target 'Target 1'
compiling main.c...
main.c(25): error:  #109: expression must have (pointer-to-) function type
main.c(8): warning:  #550-D: variable "Data" was set but never used
main.c(51): warning:  #174-D: expression has no effect
Target not created
Build target 'Target 1'
compiling main.c...
main.c(8): warning:  #550-D: variable "Data" was set but never used
main.c(51): warning:  #174-D: expression has no effect
linking...
Program Size: Code=1272 RO-data=312 RW-data=0 ZI-data=608  
"Test4.axf" - 0 Error(s), 2 Warning(s).
Load "C:\\EMG Code\\LPC1343Testing\\Test4\\Test4.AXF" 
Erase Done.
Programming Done.
Verify OK.
Build target 'Target 1'
assembling startup_LPC13xx.s...
compiling main.c...
main.c(8): warning:  #177-D: variable "Data" was declared but never referenced
main.c(9): warning:  #177-D: variable "a" was declared but never referenced
main.c(50): warning:  #174-D: expression has no effect
compiling SPI_Protocol.c...
SPI_Protocol.c(64): warning:  #177-D: variable "datain" was declared but never referenced
linking...
Program Size: Code=1228 RO-data=312 RW-data=0 ZI-data=608  
"Test4.axf" - 0 Error(s), 4 Warning(s).
Build target 'Target 1'
compiling main.c...
main.c(50): warning:  #174-D: expression has no effect
linking...
Program Size: Code=1228 RO-data=312 RW-data=0 ZI-data=608  
"Test4.axf" - 0 Error(s), 1 Warning(s).
Build target 'Target 1'
linking...
Program Size: Code=1228 RO-data=312 RW-data=0 ZI-data=608  
"Test4.axf" - 0 Error(s), 0 Warning(s).
Load "C:\\EMG Code\\LPC1343Testing\\Test4\\Test4.AXF" 
Erase Done.
Programming Done.
Verify OK.
Build target 'Target 1'
compiling main.c...
main.c(50): warning:  #174-D: expression has no effect
main.c(139): error:  #20: identifier "Data" is undefined
Target not created
Load "C:\\EMG Code\\LPC1343Testing\\Test4\\Test4.AXF" 
_____^
*** error 56: cannot open file
Load "C:\\EMG Code\\LPC1343Testing\\Test4\\Test4.AXF" 
_____^
*** error 56: cannot open file
Build target 'Target 1'
compiling main.c...
main.c(50): warning:  #174-D: expression has no effect
main.c(139): error:  #20: identifier "Data" is undefined
Target not created
Build target 'Target 1'
compiling main.c...
main.c(50): warning:  #174-D: expression has no effect
main.c(132): warning:  #550-D: variable "Data" was set but never used
linking...
Program Size: Code=1312 RO-data=312 RW-data=0 ZI-data=608  
"Test4.axf" - 0 Error(s), 2 Warning(s).
Load "C:\\EMG Code\\LPC1343Testing\\Test4\\Test4.AXF" 
Erase Done.
Programming Done.
Verify OK.
Build target 'Target 1'
compiling main.c...
main.c(50): warning:  #174-D: expression has no effect
main.c(132): warning:  #550-D: variable "Data" was set but never used
linking...
Program Size: Code=1312 RO-data=312 RW-data=0 ZI-data=608  
"Test4.axf" - 0 Error(s), 2 Warning(s).
Load "C:\\EMG Code\\LPC1343Testing\\Test4\\Test4.AXF" 
Erase Done.
Programming Done.
Verify OK.
compiling main.c...
main.c(50): warning:  #174-D: expression has no effect
main.c(132): warning:  #550-D: variable "Data" was set but never used
main.c - 0 Error(s), 2 Warning(s).
Load "C:\\EMG Code\\LPC1343Testing\\Test4\\Test4.AXF" 
Erase Done.
Programming Done.
Verify OK.
Build target 'Target 1'
compiling main.c...
main.c(50): warning:  #174-D: expression has no effect
main.c(132): warning:  #550-D: variable "Data" was set but never used
compiling SPI_Protocol.c...
SPI_Protocol.c(64): warning:  #177-D: variable "datain" was declared but never referenced
linking...
Program Size: Code=1312 RO-data=312 RW-data=0 ZI-data=608  
"Test4.axf" - 0 Error(s), 3 Warning(s).
Load "C:\\EMG Code\\LPC1343Testing\\Test4\\Test4.AXF" 
Erase Done.
Programming Done.
Verify OK.
Build target 'Target 1'
linking...
Program Size: Code=1312 RO-data=312 RW-data=0 ZI-data=608  
"Test4.axf" - 0 Error(s), 0 Warning(s).
Load "C:\\EMG Code\\LPC1343Testing\\Test4\\Test4.AXF" 
Erase Done.
Programming Done.
Verify OK.
Build target 'Target 1'
compiling SPI_Protocol.c...
SPI_Protocol.c(64): warning:  #177-D: variable "datain" was declared but never referenced
linking...
Program Size: Code=1312 RO-data=312 RW-data=0 ZI-data=608  
"Test4.axf" - 0 Error(s), 1 Warning(s).
Load "C:\\EMG Code\\LPC1343Testing\\Test4\\Test4.AXF" 
Erase Done.
Programming Done.
Verify OK.
Build target 'Target 1'
compiling main.c...
main.c(50): warning:  #174-D: expression has no effect
main.c(132): warning:  #550-D: variable "Data" was set but never used
linking...
Program Size: Code=1292 RO-data=312 RW-data=0 ZI-data=608  
"Test4.axf" - 0 Error(s), 2 Warning(s).
Load "C:\\EMG Code\\LPC1343Testing\\Test4\\Test4.AXF" 
Erase Done.
Programming Done.
Verify OK.
Build target 'Target 1'
compiling main.c...
main.c(31): warning:  #174-D: expression has no effect
main.c(113): warning:  #550-D: variable "Data" was set but never used
linking...
Program Size: Code=1292 RO-data=312 RW-data=0 ZI-data=608  
"Test4.axf" - 0 Error(s), 2 Warning(s).
Load "C:\\EMG Code\\LPC1343Testing\\Test4\\Test4.AXF" 
Erase Done.
Programming Done.
Verify OK.
Build target 'Target 1'
compiling main.c...
main.c(31): warning:  #174-D: expression has no effect
main.c(123): warning:  #174-D: expression has no effect
main.c(124): warning:  #174-D: expression has no effect
main.c(125): warning:  #174-D: expression has no effect
main.c(113): warning:  #550-D: variable "Data" was set but never used
compiling SPI_Protocol.c...
SPI_Protocol.c(64): warning:  #177-D: variable "datain" was declared but never referenced
compiling Delay_Timer.c...
linking...
Program Size: Code=1564 RO-data=312 RW-data=0 ZI-data=608  
"Test4.axf" - 0 Error(s), 6 Warning(s).
Load "C:\\EMG Code\\LPC1343Testing\\Test4\\Test4.AXF" 
Erase Done.
Programming Done.
Verify OK.
Build target 'Target 1'
compiling main.c...
main.c(31): warning:  #174-D: expression has no effect
main.c(113): warning:  #550-D: variable "Data" was set but never used
linking...
Program Size: Code=1564 RO-data=312 RW-data=0 ZI-data=608  
"Test4.axf" - 0 Error(s), 2 Warning(s).
Load "C:\\EMG Code\\LPC1343Testing\\Test4\\Test4.AXF" 
Erase Done.
Programming Done.
Verify OK.
Build target 'Target 1'
compiling main.c...
main.c(31): warning:  #174-D: expression has no effect
main.c(113): warning:  #550-D: variable "Data" was set but never used
linking...
Program Size: Code=1576 RO-data=312 RW-data=0 ZI-data=608  
"Test4.axf" - 0 Error(s), 2 Warning(s).
Load "C:\\EMG Code\\LPC1343Testing\\Test4\\Test4.AXF" 
Erase Done.
Programming Done.
Verify OK.
Build target 'Target 1'
compiling main.c...
main.c(31): warning:  #174-D: expression has no effect
main.c(113): warning:  #550-D: variable "Data" was set but never used
linking...
Program Size: Code=1576 RO-data=312 RW-data=0 ZI-data=608  
"Test4.axf" - 0 Error(s), 2 Warning(s).
Load "C:\\EMG Code\\LPC1343Testing\\Test4\\Test4.AXF" 
Erase Done.
Programming Done.
Verify OK.
Build target 'Target 1'
compiling main.c...
main.c(31): warning:  #174-D: expression has no effect
main.c(113): warning:  #550-D: variable "Data" was set but never used
linking...
Program Size: Code=1564 RO-data=312 RW-data=0 ZI-data=608  
"Test4.axf" - 0 Error(s), 2 Warning(s).
Load "C:\\EMG Code\\LPC1343Testing\\Test4\\Test4.AXF" 
Erase Done.
Programming Done.
Verify OK.
Build target 'Target 1'
compiling main.c...
main.c(31): warning:  #174-D: expression has no effect
main.c(113): warning:  #550-D: variable "Data" was set but never used
linking...
Program Size: Code=1564 RO-data=312 RW-data=0 ZI-data=608  
"Test4.axf" - 0 Error(s), 2 Warning(s).
Load "C:\\EMG Code\\LPC1343Testing\\Test4\\Test4.AXF" 
Erase Done.
Programming Done.
Verify OK.
Build target 'Target 1'
linking...
Program Size: Code=1564 RO-data=312 RW-data=0 ZI-data=608  
"Test4.axf" - 0 Error(s), 0 Warning(s).
compiling main.c...
main.c(31): warning:  #174-D: expression has no effect
main.c(113): warning:  #550-D: variable "Data" was set but never used
main.c - 0 Error(s), 2 Warning(s).
Build target 'Target 1'
compiling main.c...
main.c(31): warning:  #174-D: expression has no effect
main.c(113): warning:  #550-D: variable "Data" was set but never used
compiling SPI_Protocol.c...
SPI_Protocol.c(64): warning:  #177-D: variable "datain" was declared but never referenced
compiling Delay_Timer.c...
linking...
Program Size: Code=1292 RO-data=312 RW-data=0 ZI-data=608  
"Test4.axf" - 0 Error(s), 3 Warning(s).
Load "C:\\EMG Code\\LPC1343Testing\\Test4\\Test4.AXF" 
Erase Done.
Programming Done.
Verify OK.
Build target 'Target 1'
compiling main.c...
main.c(31): warning:  #174-D: expression has no effect
main.c(111): warning:  #550-D: variable "Data" was set but never used
linking...
Program Size: Code=1268 RO-data=312 RW-data=0 ZI-data=608  
"Test4.axf" - 0 Error(s), 2 Warning(s).
Load "C:\\EMG Code\\LPC1343Testing\\Test4\\Test4.AXF" 
Erase Done.
Programming Done.
Verify OK.
Build target 'Target 1'
compiling main.c...
main.c(31): warning:  #174-D: expression has no effect
main.c(111): warning:  #550-D: variable "Data" was set but never used
linking...
Program Size: Code=1268 RO-data=312 RW-data=0 ZI-data=608  
"Test4.axf" - 0 Error(s), 2 Warning(s).
Load "C:\\EMG Code\\LPC1343Testing\\Test4\\Test4.AXF" 
Erase Done.
Programming Done.
Verify OK.
