<html>
<body>
<pre>
<h1>µVision Build Log</h1>
<h2>Project:</h2>
C:\EMG Code\LPC1343Testing\Test2\test2.uvproj
Project File Date:  06/20/2012

<h2>Output:</h2>
Build target 'Target 1'
assembling startup_LPC13xx.s...
compiling main.c...
main.c(48): warning:  #1-D: last line of file ends without a newline
main.c(48): error: At end of source:  #67: expected a "}"
Target not created
Build target 'Target 1'
compiling main.c...
main.c(48): warning:  #1-D: last line of file ends without a newline
linking...
Program Size: Code=472 RO-data=312 RW-data=0 ZI-data=608  
"test2.axf" - 0 Error(s), 1 Warning(s).
Load "C:\\EMG Code\\LPC1343Testing\\Test2\\test2.AXF" 
Internal DLL Error
Build target 'Target 1'
compiling main.c...
main.c(73): error:  #136: struct "<unnamed>" has no field "SCK_LOC"
main.c(94): warning:  #1-D: last line of file ends without a newline
Target not created
Build target 'Target 1'
compiling main.c...
main.c(74): error:  #136: struct "<unnamed>" has no field "SCK_LOC"
Target not created
Build target 'Target 1'
compiling main.c...
linking...
Program Size: Code=576 RO-data=312 RW-data=0 ZI-data=608  
"test2.axf" - 0 Error(s), 0 Warning(s).
Build target 'Target 1'
compiling main.c...
main.c(6): error:  #169: expected a declaration
main.c(85): error:  #20: identifier "LPC_SSP" is undefined
main.c(97): error:  #20: identifier "LPC_SSP" is undefined
main.c(107): error:  #65: expected a ";"
main.c(109): error:  #20: identifier "LPC_SSP" is undefined
main.c(110): error:  #65: expected a ";"
main.c(111): warning:  #940-D: missing return statement at end of non-void function "SPI0_Read"
main.c(105): warning:  #550-D: variable "Data" was set but never used
main.c(113): warning:  #1-D: last line of file ends without a newline
Target not created
Build target 'Target 1'
compiling main.c...
main.c(6): error:  #169: expected a declaration
main.c(85): error:  #20: identifier "LPC_SSP" is undefined
main.c(97): error:  #20: identifier "LPC_SSP" is undefined
main.c(107): error:  #20: identifier "LPC_SSP" is undefined
main.c(113): warning:  #1-D: last line of file ends without a newline
Target not created
Build target 'Target 1'
compiling main.c...
main.c(6): warning:  #223-D: function "InitSPI" declared implicitly
main.c(62): error:  #159: declaration is incompatible with previous "InitSPI" (declared at line 6)
main.c(82): error:  #20: identifier "LPC_SSP" is undefined
main.c(94): error:  #20: identifier "LPC_SSP" is undefined
main.c(104): error:  #20: identifier "LPC_SSP" is undefined
main.c(110): warning:  #1-D: last line of file ends without a newline
Target not created
Build target 'Target 1'
compiling main.c...
SPI_Protocol.h(4): warning:  #1295-D: Deprecated declaration InitSPI - give arg types
SPI_Protocol.h(6): warning:  #1295-D: Deprecated declaration SPI0_Read - give arg types
SPI_Protocol.h(8): warning:  #1-D: last line of file ends without a newline
main.c(65): warning:  #1-D: last line of file ends without a newline
linking...
test2.axf: Error: L6218E: Undefined symbol InitSPI (referred from main.o).
Target not created
Build target 'Target 1'
compiling main.c...
SPI_Protocol.h(8): warning:  #1-D: last line of file ends without a newline
main.c(65): warning:  #1-D: last line of file ends without a newline
linking...
test2.axf: Error: L6218E: Undefined symbol InitSPI (referred from main.o).
Target not created
Build target 'Target 1'
linking...
test2.axf: Error: L6218E: Undefined symbol InitSPI (referred from main.o).
Target not created
Build target 'Target 1'
compiling main.c...
SPI_Protocol.h(8): warning:  #1-D: last line of file ends without a newline
main.c(65): warning:  #1-D: last line of file ends without a newline
linking...
test2.axf: Error: L6218E: Undefined symbol InitSPI (referred from main.o).
Target not created
