<html>
<body>
<pre>
<h1>µVision Build Log</h1>
<h2>Project:</h2>
C:\Users\nstupich\Desktop\LPC1343Testing\MuscleMate Microcontroller\mmm.uvproj
Project File Date:  06/22/2012

<h2>Output:</h2>
Build target 'Target 1'
assembling startup_LPC13xx.s...
linking...
mmm.axf: Warning: L6665W: Neither Lib$$Request$$armlib Lib$$Request$$cpplib defined, not searching ARM libraries.
mmm.axf: Error: L6411E: No compatible library exists with a definition of startup symbol __main.
Target not created
Build target 'Target 1'
compiling main.c...
main.c(12): warning:  #1-D: last line of file ends without a newline
linking...
Program Size: Code=340 RO-data=428 RW-data=0 ZI-data=608  
"mmm.axf" - 0 Error(s), 1 Warning(s).
Build target 'Target 1'
compiling main.c...
linking...
Program Size: Code=340 RO-data=428 RW-data=0 ZI-data=608  
"mmm.axf" - 0 Error(s), 0 Warning(s).
Build target 'Target 1'
compiling main.c...
systemClock.h(4): warning:  #1295-D: Deprecated declaration pllSetup - give arg types
systemClock.h(6): warning:  #1-D: last line of file ends without a newline
compiling systemClock.c...
systemClock.h(4): warning:  #1295-D: Deprecated declaration pllSetup - give arg types
systemClock.h(6): warning:  #1-D: last line of file ends without a newline
systemClock.c(10): error:  #20: identifier "LPC_SYSCON" is undefined
systemClock.c(10): error:  #20: identifier "SCB_PDRUNCFG_SYSOSC_MASK" is undefined
systemClock.c(13): error:  #20: identifier "SCB_SYSOSCCTRL_BYPASS_DISABLED" is undefined
systemClock.c(13): error:  #20: identifier "SCB_SYSOSCCTRL_FREQRANGE_1TO20MHZ" is undefined
systemClock.c(15): warning:  #174-D: expression has no effect
systemClock.c(18): error:  #20: identifier "SCB_CLKSEL_SOURCE_MAINOSC" is undefined
systemClock.c(19): error:  #20: identifier "SCB_PLLCLKUEN_UPDATE" is undefined
systemClock.c(20): error:  #20: identifier "SCB_PLLCLKUEN_DISABLE" is undefined
systemClock.c(26): error:  #20: identifier "SCB_PLLCTRL_MULT_6" is undefined
systemClock.c(26): error:  #20: identifier "SCB_PLLCTRL_DIV_BIT" is undefined
systemClock.c(29): error:  #20: identifier "SCB_PDRUNCFG_SYSPLL_MASK" is undefined
systemClock.c(32): error:  #20: identifier "SCB_PLLSTAT_LOCK" is undefined
systemClock.c(35): error:  #20: identifier "SCB_MAINCLKSEL_SOURCE_SYSPLLCLKOUT" is undefined
systemClock.c(36): error:  #20: identifier "SCB_MAINCLKUEN_UPDATE" is undefined
systemClock.c(37): error:  #20: identifier "SCB_MAINCLKUEN_DISABLE" is undefined
systemClock.c(44): error:  #20: identifier "SCB_PDSLEEPCFG_USBPAD_PD" is undefined
systemClock.c(45): error:  #20: identifier "SCB_PDSLEEPCFG_USBPLL_PD" is undefined
systemClock.c(48): error:  #20: identifier "SCB_SYSAHBCLKDIV_DIV1" is undefined
systemClock.c(51): error:  #20: identifier "SCB_SYSAHBCLKCTRL_IOCON" is undefined
Target not created
Build target 'Target 1'
compiling systemClock.c...
systemClock.h(4): warning:  #1295-D: Deprecated declaration pllSetup - give arg types
systemClock.h(6): warning:  #1-D: last line of file ends without a newline
systemClock.c(10): error:  #20: identifier "LPC_SYSCON" is undefined
systemClock.c(10): error:  #20: identifier "SCB_PDRUNCFG_SYSOSC_MASK" is undefined
systemClock.c(13): error:  #20: identifier "SCB_SYSOSCCTRL_BYPASS_DISABLED" is undefined
systemClock.c(13): error:  #20: identifier "SCB_SYSOSCCTRL_FREQRANGE_1TO20MHZ" is undefined
systemClock.c(15): warning:  #174-D: expression has no effect
systemClock.c(18): error:  #20: identifier "SCB_CLKSEL_SOURCE_MAINOSC" is undefined
systemClock.c(19): error:  #20: identifier "SCB_PLLCLKUEN_UPDATE" is undefined
systemClock.c(20): error:  #20: identifier "SCB_PLLCLKUEN_DISABLE" is undefined
systemClock.c(26): error:  #20: identifier "SCB_PLLCTRL_MULT_6" is undefined
systemClock.c(26): error:  #20: identifier "SCB_PLLCTRL_DIV_BIT" is undefined
systemClock.c(29): error:  #20: identifier "SCB_PDRUNCFG_SYSPLL_MASK" is undefined
systemClock.c(32): error:  #20: identifier "SCB_PLLSTAT_LOCK" is undefined
systemClock.c(35): error:  #20: identifier "SCB_MAINCLKSEL_SOURCE_SYSPLLCLKOUT" is undefined
systemClock.c(36): error:  #20: identifier "SCB_MAINCLKUEN_UPDATE" is undefined
systemClock.c(37): error:  #20: identifier "SCB_MAINCLKUEN_DISABLE" is undefined
systemClock.c(44): error:  #20: identifier "SCB_PDSLEEPCFG_USBPAD_PD" is undefined
systemClock.c(45): error:  #20: identifier "SCB_PDSLEEPCFG_USBPLL_PD" is undefined
systemClock.c(48): error:  #20: identifier "SCB_SYSAHBCLKDIV_DIV1" is undefined
systemClock.c(51): error:  #20: identifier "SCB_SYSAHBCLKCTRL_IOCON" is undefined
Target not created
Build target 'Target 1'
compiling systemClock.c...
systemClock.h(4): warning:  #1295-D: Deprecated declaration pllSetup - give arg types
systemClock.h(6): warning:  #1-D: last line of file ends without a newline
systemClock.c(11): error:  #20: identifier "SCB_PDRUNCFG_SYSOSC_MASK" is undefined
systemClock.c(14): error:  #20: identifier "SCB_SYSOSCCTRL_BYPASS_DISABLED" is undefined
systemClock.c(14): error:  #20: identifier "SCB_SYSOSCCTRL_FREQRANGE_1TO20MHZ" is undefined
systemClock.c(16): warning:  #174-D: expression has no effect
systemClock.c(19): error:  #20: identifier "SCB_CLKSEL_SOURCE_MAINOSC" is undefined
systemClock.c(20): error:  #20: identifier "SCB_PLLCLKUEN_UPDATE" is undefined
systemClock.c(21): error:  #20: identifier "SCB_PLLCLKUEN_DISABLE" is undefined
systemClock.c(27): error:  #20: identifier "SCB_PLLCTRL_MULT_6" is undefined
systemClock.c(27): error:  #20: identifier "SCB_PLLCTRL_DIV_BIT" is undefined
systemClock.c(30): error:  #20: identifier "SCB_PDRUNCFG_SYSPLL_MASK" is undefined
systemClock.c(33): error:  #20: identifier "SCB_PLLSTAT_LOCK" is undefined
systemClock.c(36): error:  #20: identifier "SCB_MAINCLKSEL_SOURCE_SYSPLLCLKOUT" is undefined
systemClock.c(37): error:  #20: identifier "SCB_MAINCLKUEN_UPDATE" is undefined
systemClock.c(38): error:  #20: identifier "SCB_MAINCLKUEN_DISABLE" is undefined
systemClock.c(45): error:  #20: identifier "SCB_PDSLEEPCFG_USBPAD_PD" is undefined
systemClock.c(46): error:  #20: identifier "SCB_PDSLEEPCFG_USBPLL_PD" is undefined
systemClock.c(49): error:  #20: identifier "SCB_SYSAHBCLKDIV_DIV1" is undefined
systemClock.c(52): error:  #20: identifier "SCB_SYSAHBCLKCTRL_IOCON" is undefined
Target not created
Build target 'Target 1'
compiling main.c...
systemClock.h(4): warning:  #1295-D: Deprecated declaration pllSetup - give arg types
systemClock.h(6): warning:  #1-D: last line of file ends without a newline
uart.h(6): warning:  #1295-D: Deprecated declaration UART_IRQHandler - give arg types
uart.h(8): warning:  #1295-D: Deprecated declaration uartSetup - give arg types
compiling systemClock.c...
systemClock.h(4): warning:  #1295-D: Deprecated declaration pllSetup - give arg types
systemClock.h(6): warning:  #1-D: last line of file ends without a newline
systemClock.c(11): error:  #20: identifier "SCB_PDRUNCFG_SYSOSC_MASK" is undefined
systemClock.c(14): error:  #20: identifier "SCB_SYSOSCCTRL_BYPASS_DISABLED" is undefined
systemClock.c(14): error:  #20: identifier "SCB_SYSOSCCTRL_FREQRANGE_1TO20MHZ" is undefined
systemClock.c(16): warning:  #174-D: expression has no effect
systemClock.c(19): error:  #20: identifier "SCB_CLKSEL_SOURCE_MAINOSC" is undefined
systemClock.c(20): error:  #20: identifier "SCB_PLLCLKUEN_UPDATE" is undefined
systemClock.c(21): error:  #20: identifier "SCB_PLLCLKUEN_DISABLE" is undefined
systemClock.c(27): error:  #20: identifier "SCB_PLLCTRL_MULT_6" is undefined
systemClock.c(27): error:  #20: identifier "SCB_PLLCTRL_DIV_BIT" is undefined
systemClock.c(30): error:  #20: identifier "SCB_PDRUNCFG_SYSPLL_MASK" is undefined
systemClock.c(33): error:  #20: identifier "SCB_PLLSTAT_LOCK" is undefined
systemClock.c(36): error:  #20: identifier "SCB_MAINCLKSEL_SOURCE_SYSPLLCLKOUT" is undefined
systemClock.c(37): error:  #20: identifier "SCB_MAINCLKUEN_UPDATE" is undefined
systemClock.c(38): error:  #20: identifier "SCB_MAINCLKUEN_DISABLE" is undefined
systemClock.c(45): error:  #20: identifier "SCB_PDSLEEPCFG_USBPAD_PD" is undefined
systemClock.c(46): error:  #20: identifier "SCB_PDSLEEPCFG_USBPLL_PD" is undefined
systemClock.c(49): error:  #20: identifier "SCB_SYSAHBCLKDIV_DIV1" is undefined
systemClock.c(52): error:  #20: identifier "SCB_SYSAHBCLKCTRL_IOCON" is undefined
compiling uart.c...
uart.h(6): warning:  #1295-D: Deprecated declaration UART_IRQHandler - give arg types
uart.h(8): warning:  #1295-D: Deprecated declaration uartSetup - give arg types
uart.c(30): error:  #20: identifier "UART_IntId_MASK" is undefined
uart.c(33): error:  #20: identifier "UART_IntId_THRE" is undefined
uart.c(49): error:  #20: identifier "UART_IntId_RDA" is undefined
uart.c(56): warning:  #177-D: variable "command" was declared but never referenced
uart.c(101): error:  #20: identifier "UART_LCR_Word_Length_Select_8Chars" is undefined
uart.c(102): error:  #20: identifier "UART_LCR_Stop_Bit_Select_1Bits" is undefined
uart.c(103): error:  #20: identifier "UART_LCR_Parity_Disabled" is undefined
uart.c(104): error:  #20: identifier "UART_LCR_Parity_Select_OddParity" is undefined
uart.c(105): error:  #20: identifier "UART_LCR_Break_Control_Disabled" is undefined
uart.c(106): error:  #20: identifier "UART_LCR_Divisor_Latch_Access_Enabled" is undefined
uart.c(114): error:  #20: identifier "UART_LCR_Divisor_Latch_Access_Disabled" is undefined
uart.c(122): error:  #20: identifier "UART_FCR_FIFO_Enabled" is undefined
uart.c(123): error:  #20: identifier "UART_FCR_Rx_FIFO_Reset" is undefined
uart.c(124): error:  #20: identifier "UART_FCR_Tx_FIFO_Reset" is undefined
uart.c(129): error:  #20: identifier "UART_LSR_THRE" is undefined
uart.c(129): error:  #20: identifier "UART_LSR_TEMT" is undefined
uart.c(130): error:  #20: identifier "UART_LSR_RDR_DATA" is undefined
uart.c(136): error:  #20: identifier "UART_IER_RBR_Interrupt_Enabled" is undefined
uart.c(137): error:  #20: identifier "UART_IER_THRE_Interrupt_Enabled" is undefined
uart.c(87): warning:  #550-D: variable "temp" was set but never used
Target not created
Build target 'Target 1'
compiling main.c...
systemClock.h(4): warning:  #1295-D: Deprecated declaration pllSetup - give arg types
systemClock.h(6): warning:  #1-D: last line of file ends without a newline
uart.h(7): warning:  #1295-D: Deprecated declaration uartSetup - give arg types
compiling systemClock.c...
systemClock.h(4): warning:  #1295-D: Deprecated declaration pllSetup - give arg types
systemClock.h(6): warning:  #1-D: last line of file ends without a newline
systemClock.c(11): error:  #20: identifier "SCB_PDRUNCFG_SYSOSC_MASK" is undefined
systemClock.c(14): error:  #20: identifier "SCB_SYSOSCCTRL_BYPASS_DISABLED" is undefined
systemClock.c(14): error:  #20: identifier "SCB_SYSOSCCTRL_FREQRANGE_1TO20MHZ" is undefined
systemClock.c(16): warning:  #174-D: expression has no effect
systemClock.c(19): error:  #20: identifier "SCB_CLKSEL_SOURCE_MAINOSC" is undefined
systemClock.c(20): error:  #20: identifier "SCB_PLLCLKUEN_UPDATE" is undefined
systemClock.c(21): error:  #20: identifier "SCB_PLLCLKUEN_DISABLE" is undefined
systemClock.c(27): error:  #20: identifier "SCB_PLLCTRL_MULT_6" is undefined
systemClock.c(27): error:  #20: identifier "SCB_PLLCTRL_DIV_BIT" is undefined
systemClock.c(30): error:  #20: identifier "SCB_PDRUNCFG_SYSPLL_MASK" is undefined
systemClock.c(33): error:  #20: identifier "SCB_PLLSTAT_LOCK" is undefined
systemClock.c(36): error:  #20: identifier "SCB_MAINCLKSEL_SOURCE_SYSPLLCLKOUT" is undefined
systemClock.c(37): error:  #20: identifier "SCB_MAINCLKUEN_UPDATE" is undefined
systemClock.c(38): error:  #20: identifier "SCB_MAINCLKUEN_DISABLE" is undefined
systemClock.c(45): error:  #20: identifier "SCB_PDSLEEPCFG_USBPAD_PD" is undefined
systemClock.c(46): error:  #20: identifier "SCB_PDSLEEPCFG_USBPLL_PD" is undefined
systemClock.c(49): error:  #20: identifier "SCB_SYSAHBCLKDIV_DIV1" is undefined
systemClock.c(52): error:  #20: identifier "SCB_SYSAHBCLKCTRL_IOCON" is undefined
compiling uart.c...
uart.h(7): warning:  #1295-D: Deprecated declaration uartSetup - give arg types
uart.c(30): error:  #20: identifier "UART_IntId_MASK" is undefined
uart.c(33): error:  #20: identifier "UART_IntId_THRE" is undefined
uart.c(49): error:  #20: identifier "UART_IntId_RDA" is undefined
uart.c(56): warning:  #177-D: variable "command" was declared but never referenced
uart.c(101): error:  #20: identifier "UART_LCR_Word_Length_Select_8Chars" is undefined
uart.c(102): error:  #20: identifier "UART_LCR_Stop_Bit_Select_1Bits" is undefined
uart.c(103): error:  #20: identifier "UART_LCR_Parity_Disabled" is undefined
uart.c(104): error:  #20: identifier "UART_LCR_Parity_Select_OddParity" is undefined
uart.c(105): error:  #20: identifier "UART_LCR_Break_Control_Disabled" is undefined
uart.c(106): error:  #20: identifier "UART_LCR_Divisor_Latch_Access_Enabled" is undefined
uart.c(114): error:  #20: identifier "UART_LCR_Divisor_Latch_Access_Disabled" is undefined
uart.c(122): error:  #20: identifier "UART_FCR_FIFO_Enabled" is undefined
uart.c(123): error:  #20: identifier "UART_FCR_Rx_FIFO_Reset" is undefined
uart.c(124): error:  #20: identifier "UART_FCR_Tx_FIFO_Reset" is undefined
uart.c(129): error:  #20: identifier "UART_LSR_THRE" is undefined
uart.c(129): error:  #20: identifier "UART_LSR_TEMT" is undefined
uart.c(130): error:  #20: identifier "UART_LSR_RDR_DATA" is undefined
uart.c(136): error:  #20: identifier "UART_IER_RBR_Interrupt_Enabled" is undefined
uart.c(137): error:  #20: identifier "UART_IER_THRE_Interrupt_Enabled" is undefined
uart.c(87): warning:  #550-D: variable "temp" was set but never used
Target not created
Build target 'Target 1'
compiling main.c...
systemClock.h(4): warning:  #1295-D: Deprecated declaration pllSetup - give arg types
uart.h(7): warning:  #1295-D: Deprecated declaration uartSetup - give arg types
compiling systemClock.c...
systemClock.h(4): warning:  #1295-D: Deprecated declaration pllSetup - give arg types
systemClock.c(17): warning:  #174-D: expression has no effect
compiling uart.c...
uart.h(7): warning:  #1295-D: Deprecated declaration uartSetup - give arg types
uart.c(57): warning:  #177-D: variable "command" was declared but never referenced
uart.c(88): warning:  #550-D: variable "temp" was set but never used
linking...
Program Size: Code=1000 RO-data=328 RW-data=20 ZI-data=620  
"mmm.axf" - 0 Error(s), 7 Warning(s).
Build target 'Target 1'
compiling main.c...
uart.h(7): warning:  #1295-D: Deprecated declaration uartSetup - give arg types
compiling systemClock.c...
systemClock.c(17): warning:  #174-D: expression has no effect
linking...
Program Size: Code=1000 RO-data=328 RW-data=20 ZI-data=620  
"mmm.axf" - 0 Error(s), 2 Warning(s).
Build target 'Target 1'
compiling main.c...
compiling systemClock.c...
systemClock.c(17): warning:  #174-D: expression has no effect
compiling uart.c...
uart.c(57): warning:  #177-D: variable "command" was declared but never referenced
uart.c(88): warning:  #550-D: variable "temp" was set but never used
linking...
Program Size: Code=1000 RO-data=328 RW-data=20 ZI-data=620  
"mmm.axf" - 0 Error(s), 3 Warning(s).
Build target 'Target 1'
linking...
Program Size: Code=1000 RO-data=328 RW-data=20 ZI-data=620  
"mmm.axf" - 0 Error(s), 0 Warning(s).
Build target 'Target 1'
linking...
Program Size: Code=1000 RO-data=328 RW-data=20 ZI-data=620  
"mmm.axf" - 0 Error(s), 0 Warning(s).
Build target 'Target 1'
compiling systemClock.c...
systemClock.c(17): warning:  #174-D: expression has no effect
compiling uart.c...
uart.c(57): warning:  #177-D: variable "command" was declared but never referenced
uart.c(88): warning:  #550-D: variable "temp" was set but never used
linking...
Program Size: Code=1000 RO-data=328 RW-data=20 ZI-data=620  
"mmm.axf" - 0 Error(s), 3 Warning(s).
Build target 'Target 1'
compiling systemClock.c...
systemClock.c(17): warning:  #174-D: expression has no effect
compiling uart.c...
uart.c(57): warning:  #177-D: variable "command" was declared but never referenced
uart.c(88): warning:  #550-D: variable "temp" was set but never used
linking...
Program Size: Code=1000 RO-data=328 RW-data=20 ZI-data=620  
"mmm.axf" - 0 Error(s), 3 Warning(s).
Build target 'Target 1'
compiling systemClock.c...
systemClock.c(17): warning:  #174-D: expression has no effect
compiling uart.c...
uart.c(57): warning:  #177-D: variable "command" was declared but never referenced
uart.c(88): warning:  #550-D: variable "temp" was set but never used
linking...
Program Size: Code=1000 RO-data=328 RW-data=20 ZI-data=620  
"mmm.axf" - 0 Error(s), 3 Warning(s).
Build target 'Target 1'
compiling main.c...
main.c(16): error:  #268: declaration may not appear after executable statement in block
compiling systemClock.c...
systemClock.c(16): warning:  #174-D: expression has no effect
compiling uart.c...
uart.c(57): warning:  #177-D: variable "command" was declared but never referenced
uart.c(91): error:  #20: identifier "SCB_SYSAHBCLKCTRL" is undefined
uart.c(88): warning:  #550-D: variable "temp" was set but never used
Target not created
Build target 'Target 1'
compiling main.c...
main.c(16): error:  #268: declaration may not appear after executable statement in block
compiling uart.c...
uart.c(57): warning:  #177-D: variable "command" was declared but never referenced
uart.c(88): warning:  #550-D: variable "temp" was set but never used
Target not created
Build target 'Target 1'
compiling main.c...
main.c(16): error:  #268: declaration may not appear after executable statement in block
main.c(17): warning:  #1-D: last line of file ends without a newline
compiling uart.c...
uart.c(58): warning:  #177-D: variable "command" was declared but never referenced
uart.c(89): warning:  #550-D: variable "temp" was set but never used
compiling coreFunctions.c...
coreFunctions.c(6): warning:  #1-D: last line of file ends without a newline
Target not created
Build target 'Target 1'
compiling main.c...
linking...
Program Size: Code=1024 RO-data=328 RW-data=20 ZI-data=620  
"mmm.axf" - 0 Error(s), 0 Warning(s).
Build target 'Target 1'
compiling uart.c...
uart.c(58): warning:  #177-D: variable "command" was declared but never referenced
uart.c(89): warning:  #550-D: variable "temp" was set but never used
linking...
Program Size: Code=1024 RO-data=328 RW-data=20 ZI-data=620  
"mmm.axf" - 0 Error(s), 2 Warning(s).
Build target 'Target 1'
compiling uart.c...
coreFunctions.h(5): warning:  #1295-D: Deprecated declaration ComputeAndSendTransforms - give arg types
uart.c(58): warning:  #177-D: variable "command" was declared but never referenced
uart.c(89): warning:  #550-D: variable "temp" was set but never used
compiling coreFunctions.c...
coreFunctions.h(5): warning:  #1295-D: Deprecated declaration ComputeAndSendTransforms - give arg types
coreFunctions.c(11): warning:  #1-D: last line of file ends without a newline
linking...
Program Size: Code=1024 RO-data=328 RW-data=20 ZI-data=620  
"mmm.axf" - 0 Error(s), 5 Warning(s).
Build target 'Target 1'
compiling uart.c...
uart.c(58): warning:  #177-D: variable "command" was declared but never referenced
uart.c(89): warning:  #550-D: variable "temp" was set but never used
compiling coreFunctions.c...
coreFunctions.c(11): warning:  #1-D: last line of file ends without a newline
linking...
Program Size: Code=1024 RO-data=328 RW-data=20 ZI-data=620  
"mmm.axf" - 0 Error(s), 3 Warning(s).
Build target 'Target 1'
compiling coreFunctions.c...
linking...
Program Size: Code=1024 RO-data=328 RW-data=20 ZI-data=620  
"mmm.axf" - 0 Error(s), 0 Warning(s).
Build target 'Target 1'
compiling coreFunctions.c...
linking...
Program Size: Code=1024 RO-data=328 RW-data=20 ZI-data=620  
"mmm.axf" - 0 Error(s), 0 Warning(s).
Build target 'Target 1'
compiling uart.c...
uart.c(58): warning:  #177-D: variable "command" was declared but never referenced
uart.c(89): warning:  #550-D: variable "temp" was set but never used
compiling coreFunctions.c...
linking...
Program Size: Code=1024 RO-data=328 RW-data=20 ZI-data=620  
"mmm.axf" - 0 Error(s), 2 Warning(s).
Build target 'Target 1'
compiling uart.c...
uart.c(58): warning:  #177-D: variable "command" was declared but never referenced
uart.c(89): warning:  #550-D: variable "temp" was set but never used
compiling coreFunctions.c...
coreFunctions.c(35): warning:  #111-D: statement is unreachable
linking...
Program Size: Code=1024 RO-data=328 RW-data=20 ZI-data=620  
"mmm.axf" - 0 Error(s), 3 Warning(s).
Build target 'Target 1'
compiling coreFunctions.c...
linking...
Program Size: Code=1024 RO-data=328 RW-data=20 ZI-data=620  
"mmm.axf" - 0 Error(s), 0 Warning(s).
Build target 'Target 1'
compiling coreFunctions.c...
linking...
Program Size: Code=1024 RO-data=328 RW-data=20 ZI-data=620  
"mmm.axf" - 0 Error(s), 0 Warning(s).
Build target 'Target 1'
compiling coreFunctions.c...
linking...
Program Size: Code=1024 RO-data=328 RW-data=20 ZI-data=620  
"mmm.axf" - 0 Error(s), 0 Warning(s).
Build target 'Target 1'
compiling uart.c...
uart.c(58): warning:  #177-D: variable "command" was declared but never referenced
uart.c(89): warning:  #550-D: variable "temp" was set but never used
compiling coreFunctions.c...
linking...
Program Size: Code=1024 RO-data=328 RW-data=20 ZI-data=620  
"mmm.axf" - 0 Error(s), 2 Warning(s).
Rebuild target 'Target 1'
assembling startup_LPC13xx.s...
compiling main.c...
compiling systemClock.c...
systemClock.c(16): warning:  #174-D: expression has no effect
compiling uart.c...
uart.c(58): warning:  #177-D: variable "command" was declared but never referenced
uart.c(89): warning:  #550-D: variable "temp" was set but never used
compiling coreFunctions.c...
linking...
Program Size: Code=1024 RO-data=328 RW-data=20 ZI-data=620  
"mmm.axf" - 0 Error(s), 3 Warning(s).
Build target 'Target 1'
compiling main.c...
main.c(19): warning:  #223-D: function "DelayTimerInit" declared implicitly
main.c(22): warning:  #223-D: function "FFTTimerInit" declared implicitly
compiling systemClock.c...
systemClock.c(17): warning:  #174-D: expression has no effect
linking...
mmm.axf: Error: L6218E: Undefined symbol DelayTimerInit (referred from main.o).
mmm.axf: Error: L6218E: Undefined symbol FFTTimerInit (referred from main.o).
Target not created
Build target 'Target 1'
compiling main.c...
linking...
mmm.axf: Error: L6218E: Undefined symbol DelayTimerInit (referred from main.o).
mmm.axf: Error: L6218E: Undefined symbol FFTTimerInit (referred from main.o).
Target not created
Build target 'Target 1'
compiling timers.c...
timers.c(28): error:  #20: identifier "SCB_SYSAHBCLKCTRL" is undefined
timers.c(36): error:  #20: identifier "FFT_FREQUENCY" is undefined
timers.c(46): error:  #20: identifier "SCB_SYSAHBCLKCTRL" is undefined
timers.c(55): warning:  #1-D: last line of file ends without a newline
Target not created
Build target 'Target 1'
compiling main.c...
compiling systemClock.c...
systemClock.c(17): warning:  #174-D: expression has no effect
compiling uart.c...
uart.c(58): warning:  #177-D: variable "command" was declared but never referenced
uart.c(89): warning:  #550-D: variable "temp" was set but never used
compiling coreFunctions.c...
compiling timers.c...
timers.c(28): error:  #20: identifier "SCB_SYSAHBCLKCTRL" is undefined
timers.c(36): error:  #20: identifier "FFT_FREQUENCY" is undefined
timers.c(46): error:  #20: identifier "SCB_SYSAHBCLKCTRL" is undefined
timers.c(55): warning:  #1-D: last line of file ends without a newline
Target not created
Build target 'Target 1'
compiling timers.c...
timers.c(29): error:  #20: identifier "SCB_SYSAHBCLKCTRL" is undefined
timers.c(47): error:  #20: identifier "SCB_SYSAHBCLKCTRL" is undefined
timers.c(56): warning:  #1-D: last line of file ends without a newline
Target not created
Rebuild target 'Target 1'
assembling startup_LPC13xx.s...
compiling main.c...
compiling systemClock.c...
systemClock.c(17): warning:  #174-D: expression has no effect
compiling uart.c...
uart.c(58): warning:  #177-D: variable "command" was declared but never referenced
uart.c(89): warning:  #550-D: variable "temp" was set but never used
compiling coreFunctions.c...
compiling timers.c...
linking...
Program Size: Code=1412 RO-data=328 RW-data=28 ZI-data=620  
"mmm.axf" - 0 Error(s), 3 Warning(s).
Build target 'Target 1'
compiling systemClock.c...
systemClock.c(17): warning:  #174-D: expression has no effect
linking...
Program Size: Code=1412 RO-data=328 RW-data=28 ZI-data=620  
"mmm.axf" - 0 Error(s), 1 Warning(s).
Build target 'Target 1'
compiling systemClock.c...
systemClock.c(17): warning:  #174-D: expression has no effect
linking...
Program Size: Code=1412 RO-data=328 RW-data=28 ZI-data=620  
"mmm.axf" - 0 Error(s), 1 Warning(s).
Build target 'Target 1'
compiling coreFunctions.c...
linking...
Program Size: Code=1412 RO-data=328 RW-data=28 ZI-data=620  
"mmm.axf" - 0 Error(s), 0 Warning(s).
Build target 'Target 1'
compiling coreFunctions.c...
coreFunctions.c(85): error:  #20: identifier "x" is undefined
coreFunctions.c(88): warning:  #223-D: function "memcpy" declared implicitly
coreFunctions.c(90): error:  #18: expected a ")"
Target not created
Build target 'Target 1'
compiling coreFunctions.c...
coreFunctions.c(88): warning:  #223-D: function "memcpy" declared implicitly
coreFunctions.c(90): error:  #18: expected a ")"
Target not created
Build target 'Target 1'
compiling coreFunctions.c...
coreFunctions.c(91): error:  #165: too few arguments in function call
coreFunctions.c(91): error:  #18: expected a ")"
Target not created
Build target 'Target 1'
compiling coreFunctions.c...
linking...
Program Size: Code=1576 RO-data=328 RW-data=32 ZI-data=5232  
"mmm.axf" - 0 Error(s), 0 Warning(s).
Build target 'Target 1'
compiling coreFunctions.c...
linking...
Program Size: Code=1596 RO-data=328 RW-data=32 ZI-data=5232  
"mmm.axf" - 0 Error(s), 0 Warning(s).
Build target 'Target 1'
compiling coreFunctions.c...
coreFunctions.c(96): warning:  #223-D: function "realFFT128" declared implicitly
assembling Ek_Magnitude.s...
Ek_Magnitude.s(124): warning: A1479W: Requested alignment 8 is greater than area alignment 4, which has been increased
assembling Ek_FFT128Real_32b.s...
Ek_FFT128Real_32b.s(43): warning: A1479W: Requested alignment 8 is greater than area alignment 4, which has been increased
linking...
mmm.axf: Error: L6218E: Undefined symbol realFFT128 (referred from corefunctions.o).
Target not created
Build target 'Target 1'
compiling coreFunctions.c...
linking...
Program Size: Code=4012 RO-data=328 RW-data=32 ZI-data=5752  
"mmm.axf" - 0 Error(s), 0 Warning(s).
Rebuild target 'Target 1'
assembling startup_LPC13xx.s...
compiling main.c...
compiling systemClock.c...
systemClock.c(17): warning:  #174-D: expression has no effect
compiling uart.c...
uart.c(58): warning:  #177-D: variable "command" was declared but never referenced
uart.c(89): warning:  #550-D: variable "temp" was set but never used
compiling coreFunctions.c...
compiling timers.c...
assembling Ek_Magnitude.s...
Ek_Magnitude.s(124): warning: A1479W: Requested alignment 8 is greater than area alignment 4, which has been increased
assembling Ek_FFT128Real_32b.s...
Ek_FFT128Real_32b.s(43): warning: A1479W: Requested alignment 8 is greater than area alignment 4, which has been increased
linking...
Program Size: Code=4012 RO-data=328 RW-data=32 ZI-data=5752  
"mmm.axf" - 0 Error(s), 5 Warning(s).
Build target 'Target 1'
compiling coreFunctions.c...
coreFunctions.c(111): error:  #167: argument of type "unsigned char *" is incompatible with parameter of type "int *"
coreFunctions.c(122): warning:  #1-D: last line of file ends without a newline
compiling timers.c...
Target not created
Build target 'Target 1'
compiling coreFunctions.c...
coreFunctions.c(122): warning:  #1-D: last line of file ends without a newline
linking...
mmm.axf: Error: L6218E: Undefined symbol combineDataToBins (referred from corefunctions.o).
Target not created
Build target 'Target 1'
compiling coreFunctions.c...
linking...
mmm.axf: Error: L6218E: Undefined symbol combineDataToBins (referred from corefunctions.o).
Target not created
Build target 'Target 1'
linking...
mmm.axf: Error: L6218E: Undefined symbol combineDataToBins (referred from corefunctions.o).
Target not created
Rebuild target 'Target 1'
assembling startup_LPC13xx.s...
compiling main.c...
compiling systemClock.c...
systemClock.c(17): warning:  #174-D: expression has no effect
compiling uart.c...
uart.c(58): warning:  #177-D: variable "command" was declared but never referenced
uart.c(89): warning:  #550-D: variable "temp" was set but never used
compiling coreFunctions.c...
compiling timers.c...
assembling Ek_Magnitude.s...
Ek_Magnitude.s(124): warning: A1479W: Requested alignment 8 is greater than area alignment 4, which has been increased
assembling Ek_FFT128Real_32b.s...
Ek_FFT128Real_32b.s(43): warning: A1479W: Requested alignment 8 is greater than area alignment 4, which has been increased
linking...
mmm.axf: Error: L6218E: Undefined symbol combineDataToBins (referred from corefunctions.o).
Target not created
Build target 'Target 1'
compiling coreFunctions.c...
linking...
mmm.axf: Error: L6218E: Undefined symbol combineDataToBins (referred from corefunctions.o).
Target not created
Build target 'Target 1'
compiling coreFunctions.c...
compiling fft.c...
linking...
mmm.axf: Error: L6200E: Symbol realFFT128 multiply defined (by fft.o and corefunctions.o).
Target not created
Build target 'Target 1'
compiling coreFunctions.c...
compiling fft.c...
linking...
mmm.axf: Error: L6200E: Symbol realFFT128 multiply defined (by fft.o and corefunctions.o).
Target not created
Build target 'Target 1'
compiling coreFunctions.c...
compiling fft.c...
linking...
Program Size: Code=4028 RO-data=328 RW-data=32 ZI-data=5752  
"mmm.axf" - 0 Error(s), 0 Warning(s).
Build target 'Target 1'
compiling fft.c...
linking...
Program Size: Code=4028 RO-data=328 RW-data=32 ZI-data=5752  
"mmm.axf" - 0 Error(s), 0 Warning(s).
Rebuild target 'Target 1'
assembling startup_LPC13xx.s...
compiling main.c...
compiling systemClock.c...
systemClock.c(17): warning:  #174-D: expression has no effect
compiling uart.c...
uart.c(58): warning:  #177-D: variable "command" was declared but never referenced
uart.c(89): warning:  #550-D: variable "temp" was set but never used
compiling coreFunctions.c...
compiling timers.c...
assembling Ek_Magnitude.s...
Ek_Magnitude.s(124): warning: A1479W: Requested alignment 8 is greater than area alignment 4, which has been increased
assembling Ek_FFT128Real_32b.s...
Ek_FFT128Real_32b.s(43): warning: A1479W: Requested alignment 8 is greater than area alignment 4, which has been increased
compiling fft.c...
linking...
Program Size: Code=4028 RO-data=328 RW-data=32 ZI-data=5752  
"mmm.axf" - 0 Error(s), 5 Warning(s).
Build target 'Target 1'
compiling coreFunctions.c...
coreFunctions.c(114): warning:  #223-D: function "sendFFTData" declared implicitly
coreFunctions.c(119): error:  #159: declaration is incompatible with previous "sendFFTData" (declared at line 114)
Target not created
Build target 'Target 1'
compiling uart.c...
uart.c(58): warning:  #177-D: variable "command" was declared but never referenced
uart.c(89): warning:  #550-D: variable "temp" was set but never used
compiling coreFunctions.c...
compiling timers.c...
linking...
Program Size: Code=4036 RO-data=328 RW-data=32 ZI-data=5752  
"mmm.axf" - 0 Error(s), 2 Warning(s).
Rebuild target 'Target 1'
assembling startup_LPC13xx.s...
compiling main.c...
compiling systemClock.c...
systemClock.c(17): warning:  #174-D: expression has no effect
compiling uart.c...
uart.c(58): warning:  #177-D: variable "command" was declared but never referenced
uart.c(89): warning:  #550-D: variable "temp" was set but never used
compiling coreFunctions.c...
compiling timers.c...
assembling Ek_Magnitude.s...
Ek_Magnitude.s(124): warning: A1479W: Requested alignment 8 is greater than area alignment 4, which has been increased
assembling Ek_FFT128Real_32b.s...
Ek_FFT128Real_32b.s(43): warning: A1479W: Requested alignment 8 is greater than area alignment 4, which has been increased
compiling fft.c...
linking...
Program Size: Code=4036 RO-data=328 RW-data=32 ZI-data=5752  
"mmm.axf" - 0 Error(s), 5 Warning(s).
Build target 'Target 1'
compiling main.c...
compiling systemClock.c...
systemClock.c(17): warning:  #174-D: expression has no effect
compiling uart.c...
uart.c(58): warning:  #177-D: variable "command" was declared but never referenced
uart.c(89): warning:  #550-D: variable "temp" was set but never used
compiling coreFunctions.c...
compiling timers.c...
compiling fft.c...
linking...
Program Size: Code=3676 RO-data=328 RW-data=32 ZI-data=5752  
"mmm.axf" - 0 Error(s), 3 Warning(s).
Build target 'Target 1'
compiling coreFunctions.c...
compiling timers.c...
compiling fft.c...
linking...
Program Size: Code=3716 RO-data=328 RW-data=32 ZI-data=5752  
"mmm.axf" - 0 Error(s), 0 Warning(s).
Build target 'Target 1'
compiling uart.c...
uart.c(59): warning:  #177-D: variable "command" was declared but never referenced
uart.c(90): warning:  #550-D: variable "temp" was set but never used
linking...
Program Size: Code=3716 RO-data=328 RW-data=32 ZI-data=5824  
"mmm.axf" - 0 Error(s), 2 Warning(s).
Rebuild target 'Target 1'
assembling startup_LPC13xx.s...
compiling main.c...
compiling systemClock.c...
systemClock.c(17): warning:  #174-D: expression has no effect
compiling uart.c...
uart.c(59): warning:  #177-D: variable "command" was declared but never referenced
uart.c(90): warning:  #550-D: variable "temp" was set but never used
compiling coreFunctions.c...
compiling timers.c...
assembling Ek_Magnitude.s...
Ek_Magnitude.s(124): warning: A1479W: Requested alignment 8 is greater than area alignment 4, which has been increased
assembling Ek_FFT128Real_32b.s...
Ek_FFT128Real_32b.s(43): warning: A1479W: Requested alignment 8 is greater than area alignment 4, which has been increased
compiling fft.c...
linking...
Program Size: Code=3716 RO-data=328 RW-data=32 ZI-data=5824  
"mmm.axf" - 0 Error(s), 5 Warning(s).
