<html>
<body>
<pre>
<h1>µVision Build Log</h1>
<h2>Project:</h2>
C:\Users\nstupich\Desktop\LPC1343Testing\MuscleMate Microcontroller\mmm2.uvproj
Project File Date:  06/26/2012

<h2>Output:</h2>
Rebuild target 'Target 1'
assembling Ek_FFT128Real_32b.s...
Ek_FFT128Real_32b.s(43): warning: A1479W: Requested alignment 8 is greater than area alignment 4, which has been increased
assembling Ek_Magnitude.s...
Ek_Magnitude.s(124): warning: A1479W: Requested alignment 8 is greater than area alignment 4, which has been increased
assembling startup_LPC13xx.s...
creating preprocessor file for coreFunctions.c...
ads_spi.h(32): warning:  #1-D: last line of file ends without a newline
compiling coreFunctions.c...
ads_spi.h(32): warning:  #1-D: last line of file ends without a newline
creating preprocessor file for fft.c...
compiling fft.c...
creating preprocessor file for main.c...
compiling main.c...
creating preprocessor file for systemClock.c...
compiling systemClock.c...
systemClock.c(17): warning:  #174-D: expression has no effect
creating preprocessor file for timers.c...
compiling timers.c...
creating preprocessor file for uart.c...
compiling uart.c...
uart.c(93): warning:  #550-D: variable "temp" was set but never used
creating preprocessor file for ads_spi.c...
ads_spi.h(32): warning:  #1-D: last line of file ends without a newline
compiling ads_spi.c...
ads_spi.h(32): warning:  #1-D: last line of file ends without a newline
ads_spi.c(31): error:  #268: declaration may not appear after executable statement in block
ads_spi.c(60): warning:  #223-D: function "delay" declared implicitly
ads_spi.c(60): error:  #20: identifier "RESET_DELAY_US" is undefined
ads_spi.c(68): error:  #20: identifier "SPI_WRITE_DELAY" is undefined
ads_spi.c(110): error:  #20: identifier "ADS_START_DELAY" is undefined
ads_spi.c(26): warning:  #177-D: variable "datain" was declared but never referenced
ads_spi.c(31): warning:  #550-D: variable "sampleRate" was set but never used
Target not created
Build target 'Target 1'
creating preprocessor file for coreFunctions.c...
compiling coreFunctions.c...
creating preprocessor file for ads_spi.c...
compiling ads_spi.c...
ads_spi.c(34): error:  #268: declaration may not appear after executable statement in block
ads_spi.c(63): warning:  #223-D: function "delay" declared implicitly
ads_spi.c(29): warning:  #177-D: variable "datain" was declared but never referenced
ads_spi.c(34): warning:  #550-D: variable "sampleRate" was set but never used
Target not created
Build target 'Target 1'
creating preprocessor file for ads_spi.c...
compiling ads_spi.c...
ads_spi.c(35): error:  #268: declaration may not appear after executable statement in block
ads_spi.c(30): warning:  #177-D: variable "datain" was declared but never referenced
ads_spi.c(35): warning:  #550-D: variable "sampleRate" was set but never used
Target not created
Build target 'Target 1'
creating preprocessor file for ads_spi.c...
compiling ads_spi.c...
ads_spi.c(35): error:  #268: declaration may not appear after executable statement in block
ads_spi.c(30): warning:  #177-D: variable "datain" was declared but never referenced
ads_spi.c(35): warning:  #550-D: variable "sampleRate" was set but never used
Target not created
Build target 'Target 1'
creating preprocessor file for ads_spi.c...
compiling ads_spi.c...
ads_spi.c(35): error:  #268: declaration may not appear after executable statement in block
ads_spi.c(35): warning:  #550-D: variable "sampleRate" was set but never used
Target not created
Build target 'Target 1'
creating preprocessor file for ads_spi.c...
compiling ads_spi.c...
ads_spi.c(30): warning:  #550-D: variable "sampleRate" was set but never used
linking...
Program Size: Code=5352 RO-data=328 RW-data=40 ZI-data=5832  
"mmm2.axf" - 0 Error(s), 1 Warning(s).
Rebuild target 'Target 1'
assembling Ek_FFT128Real_32b.s...
Ek_FFT128Real_32b.s(43): warning: A1479W: Requested alignment 8 is greater than area alignment 4, which has been increased
assembling Ek_Magnitude.s...
Ek_Magnitude.s(124): warning: A1479W: Requested alignment 8 is greater than area alignment 4, which has been increased
assembling startup_LPC13xx.s...
creating preprocessor file for coreFunctions.c...
compiling coreFunctions.c...
creating preprocessor file for fft.c...
compiling fft.c...
creating preprocessor file for main.c...
compiling main.c...
creating preprocessor file for systemClock.c...
compiling systemClock.c...
systemClock.c(17): warning:  #174-D: expression has no effect
creating preprocessor file for timers.c...
compiling timers.c...
creating preprocessor file for uart.c...
compiling uart.c...
uart.c(93): warning:  #550-D: variable "temp" was set but never used
creating preprocessor file for ads_spi.c...
compiling ads_spi.c...
ads_spi.c(30): warning:  #550-D: variable "sampleRate" was set but never used
linking...
Program Size: Code=5352 RO-data=328 RW-data=40 ZI-data=5832  
"mmm2.axf" - 0 Error(s), 5 Warning(s).
Rebuild target 'Target 1'
assembling Ek_FFT128Real_32b.s...
Ek_FFT128Real_32b.s(43): warning: A1479W: Requested alignment 8 is greater than area alignment 4, which has been increased
assembling Ek_Magnitude.s...
Ek_Magnitude.s(124): warning: A1479W: Requested alignment 8 is greater than area alignment 4, which has been increased
assembling startup_LPC13xx.s...
creating preprocessor file for coreFunctions.c...
compiling coreFunctions.c...
creating preprocessor file for fft.c...
compiling fft.c...
creating preprocessor file for main.c...
compiling main.c...
creating preprocessor file for systemClock.c...
compiling systemClock.c...
systemClock.c(17): warning:  #174-D: expression has no effect
creating preprocessor file for timers.c...
compiling timers.c...
creating preprocessor file for uart.c...
compiling uart.c...
uart.c(93): warning:  #550-D: variable "temp" was set but never used
creating preprocessor file for ads_spi.c...
compiling ads_spi.c...
ads_spi.c(30): warning:  #550-D: variable "sampleRate" was set but never used
linking...
Program Size: Code=5352 RO-data=328 RW-data=40 ZI-data=5832  
"mmm2.axf" - 0 Error(s), 5 Warning(s).
Rebuild target 'Target 1'
assembling Ek_FFT128Real_32b.s...
Ek_FFT128Real_32b.s(43): warning: A1479W: Requested alignment 8 is greater than area alignment 4, which has been increased
assembling Ek_Magnitude.s...
Ek_Magnitude.s(124): warning: A1479W: Requested alignment 8 is greater than area alignment 4, which has been increased
assembling startup_LPC13xx.s...
creating preprocessor file for coreFunctions.c...
compiling coreFunctions.c...
creating preprocessor file for fft.c...
compiling fft.c...
creating preprocessor file for main.c...
compiling main.c...
creating preprocessor file for systemClock.c...
compiling systemClock.c...
systemClock.c(17): warning:  #174-D: expression has no effect
creating preprocessor file for timers.c...
compiling timers.c...
creating preprocessor file for uart.c...
compiling uart.c...
uart.c(93): warning:  #550-D: variable "temp" was set but never used
creating preprocessor file for ads_spi.c...
compiling ads_spi.c...
ads_spi.c(30): warning:  #550-D: variable "sampleRate" was set but never used
ads_spi.c(145): error:  #20: identifier "SCB_SYSAHBCLKCTRL_GPIO" is undefined
Target not created
Rebuild target 'Target 1'
assembling Ek_FFT128Real_32b.s...
Ek_FFT128Real_32b.s(43): warning: A1479W: Requested alignment 8 is greater than area alignment 4, which has been increased
assembling Ek_Magnitude.s...
Ek_Magnitude.s(124): warning: A1479W: Requested alignment 8 is greater than area alignment 4, which has been increased
assembling startup_LPC13xx.s...
creating preprocessor file for coreFunctions.c...
compiling coreFunctions.c...
creating preprocessor file for fft.c...
compiling fft.c...
creating preprocessor file for main.c...
compiling main.c...
creating preprocessor file for systemClock.c...
compiling systemClock.c...
systemClock.c(17): warning:  #174-D: expression has no effect
creating preprocessor file for timers.c...
compiling timers.c...
creating preprocessor file for uart.c...
compiling uart.c...
uart.c(93): warning:  #550-D: variable "temp" was set but never used
creating preprocessor file for ads_spi.c...
compiling ads_spi.c...
ads_spi.c(31): warning:  #550-D: variable "sampleRate" was set but never used
linking...
Program Size: Code=5376 RO-data=328 RW-data=40 ZI-data=5832  
"mmm2.axf" - 0 Error(s), 5 Warning(s).
