<html>
<body>
<pre>
<h1>µVision Build Log</h1>
<h2>Project:</h2>
C:\Users\mkang\Documents\GitHub\LPC1343Testing\MuscleMate Microcontroller\mmm2.uvproj
Project File Date:  08/01/2012

<h2>Output:</h2>
Build target 'Target 1'
assembling Ek_FFT128Real_32b.s...
Ek_FFT128Real_32b.s(43): warning: A1479W: Requested alignment 8 is greater than area alignment 4, which has been increased
assembling Ek_Magnitude.s...
Ek_Magnitude.s(124): warning: A1479W: Requested alignment 8 is greater than area alignment 4, which has been increased
assembling startup_LPC13xx.s...
creating preprocessor file for coreFunctions.c...
coreFunctions.c(259): warning:  #1-D: last line of file ends without a newline
compiling coreFunctions.c...
coreFunctions.c(220): error:  #136: struct "<unnamed>" has no field "MR"
coreFunctions.c(248): error:  #268: declaration may not appear after executable statement in block
coreFunctions.c(248): error:  #20: identifier "SET" is undefined
coreFunctions.c(248): error:  #79: expected a type specifier
coreFunctions.c(248): error:  #79: expected a type specifier
coreFunctions.c(259): warning:  #1-D: last line of file ends without a newline
creating preprocessor file for fft.c...
compiling fft.c...
creating preprocessor file for main.c...
compiling main.c...
creating preprocessor file for systemClock.c...
compiling systemClock.c...
creating preprocessor file for timers.c...
timers.c(126): warning:  #1-D: last line of file ends without a newline
compiling timers.c...
timers.c(124): error:  #109: expression must have (pointer-to-) function type
timers.c(126): warning:  #1-D: last line of file ends without a newline
timers.c(126): error:  #29: expected an expression
timers.c(126): error:  #65: expected a ";"
creating preprocessor file for uart.c...
compiling uart.c...
creating preprocessor file for ads_spi.c...
compiling ads_spi.c...
creating preprocessor file for events.c...
compiling events.c...
creating preprocessor file for downSampling.c...
compiling downSampling.c...
creating preprocessor file for settings.c...
compiling settings.c...
Target not created
Build target 'Target 1'
compiling coreFunctions.c...
coreFunctions.c(220): error:  #136: struct "<unnamed>" has no field "MR"
coreFunctions.c(248): error:  #268: declaration may not appear after executable statement in block
coreFunctions.c(248): error:  #20: identifier "SET" is undefined
coreFunctions.c(248): error:  #79: expected a type specifier
coreFunctions.c(248): error:  #79: expected a type specifier
coreFunctions.c(259): warning:  #1-D: last line of file ends without a newline
creating preprocessor file for timers.c...
compiling timers.c...
timers.c(124): error:  #109: expression must have (pointer-to-) function type
timers.c(126): error:  #29: expected an expression
timers.c(126): error:  #65: expected a ";"
Target not created
Build target 'Target 1'
compiling coreFunctions.c...
coreFunctions.c(220): error:  #136: struct "<unnamed>" has no field "MR"
coreFunctions.c(248): error:  #268: declaration may not appear after executable statement in block
coreFunctions.c(248): error:  #20: identifier "SET" is undefined
coreFunctions.c(248): error:  #79: expected a type specifier
coreFunctions.c(248): error:  #79: expected a type specifier
coreFunctions.c(259): warning:  #1-D: last line of file ends without a newline
creating preprocessor file for timers.c...
compiling timers.c...
timers.c(126): error:  #29: expected an expression
timers.c(126): error:  #65: expected a ";"
Target not created
Build target 'Target 1'
creating preprocessor file for coreFunctions.c...
coreFunctions.c(259): warning:  #1-D: last line of file ends without a newline
compiling coreFunctions.c...
coreFunctions.c(248): error:  #268: declaration may not appear after executable statement in block
coreFunctions.c(248): error:  #20: identifier "SET" is undefined
coreFunctions.c(248): error:  #79: expected a type specifier
coreFunctions.c(248): error:  #79: expected a type specifier
coreFunctions.c(259): warning:  #1-D: last line of file ends without a newline
compiling timers.c...
timers.c(126): error:  #29: expected an expression
timers.c(126): error:  #65: expected a ";"
Target not created
Build target 'Target 1'
creating preprocessor file for coreFunctions.c...
compiling coreFunctions.c...
coreFunctions.c(248): error:  #268: declaration may not appear after executable statement in block
coreFunctions.c(248): error:  #20: identifier "SET" is undefined
coreFunctions.c(248): error:  #79: expected a type specifier
coreFunctions.c(248): error:  #79: expected a type specifier
compiling timers.c...
timers.c(126): error:  #29: expected an expression
timers.c(126): error:  #65: expected a ";"
Target not created
Build target 'Target 1'
creating preprocessor file for coreFunctions.c...
compiling coreFunctions.c...
compiling timers.c...
timers.c(126): error:  #29: expected an expression
timers.c(126): error:  #65: expected a ";"
Target not created
Build target 'Target 1'
creating preprocessor file for coreFunctions.c...
compiling coreFunctions.c...
creating preprocessor file for fft.c...
compiling fft.c...
creating preprocessor file for main.c...
compiling main.c...
creating preprocessor file for timers.c...
timers.c(133): warning:  #1-D: last line of file ends without a newline
compiling timers.c...
timers.c(130): error:  #65: expected a ";"
timers.c(133): warning:  #1-D: last line of file ends without a newline
creating preprocessor file for uart.c...
compiling uart.c...
creating preprocessor file for ads_spi.c...
compiling ads_spi.c...
creating preprocessor file for events.c...
compiling events.c...
creating preprocessor file for downSampling.c...
compiling downSampling.c...
creating preprocessor file for settings.c...
compiling settings.c...
Target not created
Build target 'Target 1'
creating preprocessor file for timers.c...
compiling timers.c...
timers.c(130): error:  #65: expected a ";"
Target not created
Build target 'Target 1'
creating preprocessor file for timers.c...
compiling timers.c...
timers.c(130): error:  #65: expected a ";"
Target not created
Build target 'Target 1'
creating preprocessor file for timers.c...
compiling timers.c...
linking...
Program Size: Code=6638 RO-data=350 RW-data=60 ZI-data=5900  
FromELF: creating hex file...
"mmm2.axf" - 0 Error(s), 0 Warning(s).
Build target 'Target 1'
creating preprocessor file for coreFunctions.c...
compiling coreFunctions.c...
creating preprocessor file for main.c...
compiling main.c...
creating preprocessor file for systemClock.c...
compiling systemClock.c...
creating preprocessor file for timers.c...
timers.c(138): warning:  #1-D: last line of file ends without a newline
compiling timers.c...
timers.c(138): warning:  #1-D: last line of file ends without a newline
timers.c(138): error: At end of source:  #67: expected a "}"
creating preprocessor file for uart.c...
compiling uart.c...
creating preprocessor file for ads_spi.c...
compiling ads_spi.c...
creating preprocessor file for events.c...
compiling events.c...
Target not created
Build target 'Target 1'
creating preprocessor file for timers.c...
timers.c(146): warning:  #1-D: last line of file ends without a newline
compiling timers.c...
timers.c(146): warning:  #1-D: last line of file ends without a newline
linking...
Program Size: Code=6686 RO-data=350 RW-data=60 ZI-data=5900  
FromELF: creating hex file...
"mmm2.axf" - 0 Error(s), 1 Warning(s).
Build target 'Target 1'
creating preprocessor file for timers.c...
compiling timers.c...
linking...
Program Size: Code=6686 RO-data=350 RW-data=60 ZI-data=5900  
FromELF: creating hex file...
"mmm2.axf" - 0 Error(s), 0 Warning(s).
Build target 'Target 1'
creating preprocessor file for coreFunctions.c...
compiling coreFunctions.c...
linking...
Program Size: Code=6702 RO-data=350 RW-data=60 ZI-data=5900  
FromELF: creating hex file...
"mmm2.axf" - 0 Error(s), 0 Warning(s).
Build target 'Target 1'
creating preprocessor file for main.c...
compiling main.c...
linking...
Program Size: Code=6654 RO-data=350 RW-data=60 ZI-data=5900  
FromELF: creating hex file...
"mmm2.axf" - 0 Error(s), 0 Warning(s).
Build target 'Target 1'
creating preprocessor file for timers.c...
compiling timers.c...
timers.c(124): error:  #29: expected an expression
timers.c(127): warning:  #12-D: parsing restarts here after previous syntax error
timers.c(147): error:  #29: expected an expression
Target not created
Build target 'Target 1'
creating preprocessor file for timers.c...
compiling timers.c...
linking...
Program Size: Code=6654 RO-data=350 RW-data=60 ZI-data=5900  
FromELF: creating hex file...
"mmm2.axf" - 0 Error(s), 0 Warning(s).
Load "C:\\Users\\mkang\\Documents\\GitHub\\LPC1343Testing\\MuscleMate Microcontroller\\mmm2.AXF" 
Internal DLL Error
Build target 'Target 1'
creating preprocessor file for timers.c...
compiling timers.c...
linking...
Program Size: Code=6654 RO-data=350 RW-data=60 ZI-data=5900  
FromELF: creating hex file...
"mmm2.axf" - 0 Error(s), 0 Warning(s).
Build target 'Target 1'
creating preprocessor file for timers.c...
compiling timers.c...
linking...
Program Size: Code=6646 RO-data=350 RW-data=60 ZI-data=5900  
FromELF: creating hex file...
"mmm2.axf" - 0 Error(s), 0 Warning(s).
Build target 'Target 1'
creating preprocessor file for timers.c...
compiling timers.c...
linking...
Program Size: Code=6654 RO-data=350 RW-data=60 ZI-data=5900  
FromELF: creating hex file...
"mmm2.axf" - 0 Error(s), 0 Warning(s).
Build target 'Target 1'
creating preprocessor file for main.c...
compiling main.c...
linking...
Program Size: Code=6638 RO-data=350 RW-data=60 ZI-data=5900  
FromELF: creating hex file...
"mmm2.axf" - 0 Error(s), 0 Warning(s).
Build target 'Target 1'
creating preprocessor file for timers.c...
compiling timers.c...
linking...
Program Size: Code=6638 RO-data=350 RW-data=60 ZI-data=5900  
FromELF: creating hex file...
"mmm2.axf" - 0 Error(s), 0 Warning(s).
Build target 'Target 1'
creating preprocessor file for main.c...
compiling main.c...
linking...
Program Size: Code=6638 RO-data=350 RW-data=60 ZI-data=5900  
FromELF: creating hex file...
"mmm2.axf" - 0 Error(s), 0 Warning(s).
Build target 'Target 1'
creating preprocessor file for timers.c...
compiling timers.c...
linking...
Program Size: Code=6638 RO-data=350 RW-data=60 ZI-data=5900  
FromELF: creating hex file...
"mmm2.axf" - 0 Error(s), 0 Warning(s).
Build target 'Target 1'
creating preprocessor file for main.c...
compiling main.c...
creating preprocessor file for timers.c...
compiling timers.c...
linking...
Program Size: Code=6638 RO-data=350 RW-data=60 ZI-data=5900  
FromELF: creating hex file...
"mmm2.axf" - 0 Error(s), 0 Warning(s).
Build target 'Target 1'
creating preprocessor file for timers.c...
compiling timers.c...
linking...
Program Size: Code=6638 RO-data=350 RW-data=60 ZI-data=5900  
FromELF: creating hex file...
"mmm2.axf" - 0 Error(s), 0 Warning(s).
Build target 'Target 1'
creating preprocessor file for coreFunctions.c...
compiling coreFunctions.c...
creating preprocessor file for main.c...
compiling main.c...
linking...
Program Size: Code=6646 RO-data=350 RW-data=60 ZI-data=5900  
FromELF: creating hex file...
"mmm2.axf" - 0 Error(s), 0 Warning(s).
Build target 'Target 1'
creating preprocessor file for coreFunctions.c...
compiling coreFunctions.c...
creating preprocessor file for timers.c...
compiling timers.c...
linking...
Program Size: Code=6646 RO-data=350 RW-data=60 ZI-data=5900  
FromELF: creating hex file...
"mmm2.axf" - 0 Error(s), 0 Warning(s).
Build target 'Target 1'
creating preprocessor file for timers.c...
compiling timers.c...
linking...
Program Size: Code=6646 RO-data=350 RW-data=60 ZI-data=5900  
FromELF: creating hex file...
"mmm2.axf" - 0 Error(s), 0 Warning(s).
Build target 'Target 1'
creating preprocessor file for timers.c...
compiling timers.c...
linking...
Program Size: Code=6646 RO-data=350 RW-data=60 ZI-data=5900  
FromELF: creating hex file...
"mmm2.axf" - 0 Error(s), 0 Warning(s).
Build target 'Target 1'
creating preprocessor file for coreFunctions.c...
compiling coreFunctions.c...
creating preprocessor file for timers.c...
compiling timers.c...
linking...
Program Size: Code=6654 RO-data=350 RW-data=60 ZI-data=5900  
FromELF: creating hex file...
"mmm2.axf" - 0 Error(s), 0 Warning(s).
Build target 'Target 1'
creating preprocessor file for timers.c...
compiling timers.c...
linking...
Program Size: Code=6654 RO-data=350 RW-data=60 ZI-data=5900  
FromELF: creating hex file...
"mmm2.axf" - 0 Error(s), 0 Warning(s).
Build target 'Target 1'
creating preprocessor file for timers.c...
compiling timers.c...
linking...
Program Size: Code=6654 RO-data=350 RW-data=60 ZI-data=5900  
FromELF: creating hex file...
"mmm2.axf" - 0 Error(s), 0 Warning(s).
Build target 'Target 1'
creating preprocessor file for timers.c...
compiling timers.c...
linking...
Program Size: Code=6678 RO-data=350 RW-data=60 ZI-data=5900  
FromELF: creating hex file...
"mmm2.axf" - 0 Error(s), 0 Warning(s).
Build target 'Target 1'
creating preprocessor file for timers.c...
compiling timers.c...
linking...
Program Size: Code=6678 RO-data=350 RW-data=60 ZI-data=5900  
FromELF: creating hex file...
"mmm2.axf" - 0 Error(s), 0 Warning(s).
Build target 'Target 1'
creating preprocessor file for coreFunctions.c...
compiling coreFunctions.c...
creating preprocessor file for main.c...
compiling main.c...
creating preprocessor file for systemClock.c...
compiling systemClock.c...
creating preprocessor file for timers.c...
compiling timers.c...
creating preprocessor file for uart.c...
compiling uart.c...
creating preprocessor file for ads_spi.c...
compiling ads_spi.c...
linking...
Program Size: Code=6678 RO-data=350 RW-data=60 ZI-data=5900  
FromELF: creating hex file...
"mmm2.axf" - 0 Error(s), 0 Warning(s).
Build target 'Target 1'
creating preprocessor file for timers.c...
compiling timers.c...
linking...
Program Size: Code=6678 RO-data=350 RW-data=60 ZI-data=5900  
FromELF: creating hex file...
"mmm2.axf" - 0 Error(s), 0 Warning(s).
Build target 'Target 1'
creating preprocessor file for timers.c...
compiling timers.c...
linking...
Program Size: Code=6670 RO-data=350 RW-data=60 ZI-data=5900  
FromELF: creating hex file...
"mmm2.axf" - 0 Error(s), 0 Warning(s).
Build target 'Target 1'
creating preprocessor file for timers.c...
compiling timers.c...
linking...
Program Size: Code=6678 RO-data=350 RW-data=60 ZI-data=5900  
FromELF: creating hex file...
"mmm2.axf" - 0 Error(s), 0 Warning(s).
Build target 'Target 1'
creating preprocessor file for timers.c...
compiling timers.c...
linking...
Program Size: Code=6686 RO-data=350 RW-data=60 ZI-data=5900  
FromELF: creating hex file...
"mmm2.axf" - 0 Error(s), 0 Warning(s).
Build target 'Target 1'
creating preprocessor file for main.c...
compiling main.c...
linking...
Program Size: Code=6702 RO-data=350 RW-data=60 ZI-data=5900  
FromELF: creating hex file...
"mmm2.axf" - 0 Error(s), 0 Warning(s).
Build target 'Target 1'
creating preprocessor file for main.c...
compiling main.c...
linking...
Program Size: Code=6702 RO-data=350 RW-data=60 ZI-data=5900  
FromELF: creating hex file...
"mmm2.axf" - 0 Error(s), 0 Warning(s).
Build target 'Target 1'
creating preprocessor file for main.c...
compiling main.c...
linking...
Program Size: Code=6702 RO-data=350 RW-data=60 ZI-data=5900  
FromELF: creating hex file...
"mmm2.axf" - 0 Error(s), 0 Warning(s).
Build target 'Target 1'
creating preprocessor file for main.c...
compiling main.c...
linking...
Program Size: Code=6686 RO-data=350 RW-data=60 ZI-data=5900  
FromELF: creating hex file...
"mmm2.axf" - 0 Error(s), 0 Warning(s).
Build target 'Target 1'
linking...
Program Size: Code=6686 RO-data=350 RW-data=60 ZI-data=5900  
FromELF: creating hex file...
"mmm2.axf" - 0 Error(s), 0 Warning(s).
Build target 'Target 1'
creating preprocessor file for timers.c...
compiling timers.c...
linking...
Program Size: Code=6686 RO-data=350 RW-data=60 ZI-data=5900  
FromELF: creating hex file...
"mmm2.axf" - 0 Error(s), 0 Warning(s).
Build target 'Target 1'
creating preprocessor file for timers.c...
compiling timers.c...
linking...
Program Size: Code=6694 RO-data=350 RW-data=60 ZI-data=5900  
FromELF: creating hex file...
"mmm2.axf" - 0 Error(s), 0 Warning(s).
Build target 'Target 1'
creating preprocessor file for timers.c...
compiling timers.c...
linking...
Program Size: Code=6702 RO-data=350 RW-data=60 ZI-data=5900  
FromELF: creating hex file...
"mmm2.axf" - 0 Error(s), 0 Warning(s).
Build target 'Target 1'
creating preprocessor file for timers.c...
compiling timers.c...
linking...
Program Size: Code=6702 RO-data=350 RW-data=60 ZI-data=5900  
FromELF: creating hex file...
"mmm2.axf" - 0 Error(s), 0 Warning(s).
Build target 'Target 1'
creating preprocessor file for timers.c...
compiling timers.c...
linking...
Program Size: Code=6686 RO-data=350 RW-data=60 ZI-data=5900  
FromELF: creating hex file...
"mmm2.axf" - 0 Error(s), 0 Warning(s).
Build target 'Target 1'
creating preprocessor file for timers.c...
compiling timers.c...
linking...
Program Size: Code=6686 RO-data=350 RW-data=60 ZI-data=5900  
FromELF: creating hex file...
"mmm2.axf" - 0 Error(s), 0 Warning(s).
Build target 'Target 1'
creating preprocessor file for timers.c...
compiling timers.c...
linking...
Program Size: Code=6678 RO-data=350 RW-data=60 ZI-data=5900  
FromELF: creating hex file...
"mmm2.axf" - 0 Error(s), 0 Warning(s).
Build target 'Target 1'
creating preprocessor file for timers.c...
compiling timers.c...
linking...
Program Size: Code=6678 RO-data=350 RW-data=60 ZI-data=5900  
FromELF: creating hex file...
"mmm2.axf" - 0 Error(s), 0 Warning(s).
Build target 'Target 1'
creating preprocessor file for timers.c...
compiling timers.c...
linking...
Program Size: Code=6694 RO-data=350 RW-data=60 ZI-data=5900  
FromELF: creating hex file...
"mmm2.axf" - 0 Error(s), 0 Warning(s).
Build target 'Target 1'
creating preprocessor file for timers.c...
compiling timers.c...
linking...
Program Size: Code=6694 RO-data=350 RW-data=60 ZI-data=5900  
FromELF: creating hex file...
"mmm2.axf" - 0 Error(s), 0 Warning(s).
Build target 'Target 1'
linking...
Program Size: Code=6694 RO-data=350 RW-data=60 ZI-data=5900  
FromELF: creating hex file...
"mmm2.axf" - 0 Error(s), 0 Warning(s).
Build target 'Target 1'
creating preprocessor file for timers.c...
compiling timers.c...
linking...
Program Size: Code=6678 RO-data=350 RW-data=60 ZI-data=5900  
FromELF: creating hex file...
"mmm2.axf" - 0 Error(s), 0 Warning(s).
Build target 'Target 1'
creating preprocessor file for coreFunctions.c...
compiling coreFunctions.c...
creating preprocessor file for timers.c...
compiling timers.c...
linking...
Program Size: Code=6670 RO-data=350 RW-data=60 ZI-data=5900  
FromELF: creating hex file...
"mmm2.axf" - 0 Error(s), 0 Warning(s).
Build target 'Target 1'
creating preprocessor file for coreFunctions.c...
compiling coreFunctions.c...
linking...
Program Size: Code=6662 RO-data=350 RW-data=60 ZI-data=5900  
FromELF: creating hex file...
"mmm2.axf" - 0 Error(s), 0 Warning(s).
Build target 'Target 1'
creating preprocessor file for coreFunctions.c...
compiling coreFunctions.c...
creating preprocessor file for timers.c...
compiling timers.c...
linking...
Program Size: Code=6686 RO-data=350 RW-data=60 ZI-data=5900  
FromELF: creating hex file...
"mmm2.axf" - 0 Error(s), 0 Warning(s).
Build target 'Target 1'
creating preprocessor file for timers.c...
compiling timers.c...
linking...
Program Size: Code=6686 RO-data=350 RW-data=60 ZI-data=5900  
FromELF: creating hex file...
"mmm2.axf" - 0 Error(s), 0 Warning(s).
Build target 'Target 1'
creating preprocessor file for timers.c...
compiling timers.c...
linking...
Program Size: Code=6678 RO-data=350 RW-data=60 ZI-data=5900  
FromELF: creating hex file...
"mmm2.axf" - 0 Error(s), 0 Warning(s).
Build target 'Target 1'
creating preprocessor file for coreFunctions.c...
compiling coreFunctions.c...
coreFunctions.c(266): error:  #134: expected a field name
coreFunctions.c(268): error:  #109: expression must have (pointer-to-) function type
creating preprocessor file for main.c...
compiling main.c...
creating preprocessor file for systemClock.c...
compiling systemClock.c...
creating preprocessor file for timers.c...
compiling timers.c...
creating preprocessor file for uart.c...
compiling uart.c...
creating preprocessor file for ads_spi.c...
compiling ads_spi.c...
Target not created
Build target 'Target 1'
compiling coreFunctions.c...
coreFunctions.c(266): error:  #134: expected a field name
coreFunctions.c(268): error:  #109: expression must have (pointer-to-) function type
Target not created
Build target 'Target 1'
creating preprocessor file for coreFunctions.c...
compiling coreFunctions.c...
coreFunctions.c(267): error:  #134: expected a field name
coreFunctions.c(269): error:  #109: expression must have (pointer-to-) function type
Target not created
Build target 'Target 1'
creating preprocessor file for coreFunctions.c...
compiling coreFunctions.c...
coreFunctions.c(269): error:  #109: expression must have (pointer-to-) function type
creating preprocessor file for main.c...
compiling main.c...
creating preprocessor file for systemClock.c...
compiling systemClock.c...
creating preprocessor file for timers.c...
compiling timers.c...
creating preprocessor file for uart.c...
compiling uart.c...
creating preprocessor file for ads_spi.c...
compiling ads_spi.c...
Target not created
Build target 'Target 1'
creating preprocessor file for coreFunctions.c...
compiling coreFunctions.c...
coreFunctions.c(269): error:  #109: expression must have (pointer-to-) function type
Target not created
Build target 'Target 1'
creating preprocessor file for coreFunctions.c...
compiling coreFunctions.c...
coreFunctions.c(269): error:  #109: expression must have (pointer-to-) function type
Target not created
Build target 'Target 1'
compiling coreFunctions.c...
coreFunctions.c(269): error:  #109: expression must have (pointer-to-) function type
Target not created
Build target 'Target 1'
compiling coreFunctions.c...
coreFunctions.c(269): error:  #109: expression must have (pointer-to-) function type
Target not created
Build target 'Target 1'
compiling coreFunctions.c...
coreFunctions.c(269): error:  #109: expression must have (pointer-to-) function type
Target not created
Build target 'Target 1'
creating preprocessor file for coreFunctions.c...
compiling coreFunctions.c...
linking...
Program Size: Code=6726 RO-data=350 RW-data=60 ZI-data=5900  
FromELF: creating hex file...
"mmm2.axf" - 0 Error(s), 0 Warning(s).
Build target 'Target 1'
creating preprocessor file for timers.c...
compiling timers.c...
linking...
Program Size: Code=6726 RO-data=350 RW-data=60 ZI-data=5900  
FromELF: creating hex file...
"mmm2.axf" - 0 Error(s), 0 Warning(s).
Build target 'Target 1'
linking...
Program Size: Code=6726 RO-data=350 RW-data=60 ZI-data=5900  
FromELF: creating hex file...
"mmm2.axf" - 0 Error(s), 0 Warning(s).
