<html>
<body>
<pre>
<h1>µVision Build Log</h1>
<h2>Project:</h2>
C:\Users\mkang\Documents\GitHub\LPC1343Testing\MuscleMate Microcontroller\mmm2.uvproj
Project File Date:  08/07/2012

<h2>Output:</h2>
Build target 'Target 1'
creating preprocessor file for coreFunctions.c...
compiling coreFunctions.c...
creating preprocessor file for fft.c...
compiling fft.c...
creating preprocessor file for main.c...
compiling main.c...
creating preprocessor file for systemClock.c...
compiling systemClock.c...
creating preprocessor file for timers.c...
compiling timers.c...
creating preprocessor file for uart.c...
compiling uart.c...
creating preprocessor file for ads_spi.c...
compiling ads_spi.c...
creating preprocessor file for events.c...
compiling events.c...
creating preprocessor file for downSampling.c...
compiling downSampling.c...
creating preprocessor file for settings.c...
compiling settings.c...
linking...
Program Size: Code=6742 RO-data=350 RW-data=60 ZI-data=5900  
FromELF: creating hex file...
"mmm2.axf" - 0 Error(s), 0 Warning(s).
Build target 'Target 1'
creating preprocessor file for coreFunctions.c...
compiling coreFunctions.c...
linking...
Program Size: Code=6758 RO-data=350 RW-data=60 ZI-data=5900  
FromELF: creating hex file...
"mmm2.axf" - 0 Error(s), 0 Warning(s).
Build target 'Target 1'
creating preprocessor file for coreFunctions.c...
compiling coreFunctions.c...
linking...
Program Size: Code=6758 RO-data=350 RW-data=60 ZI-data=5900  
FromELF: creating hex file...
"mmm2.axf" - 0 Error(s), 0 Warning(s).
Build target 'Target 1'
creating preprocessor file for coreFunctions.c...
compiling coreFunctions.c...
linking...
Program Size: Code=6758 RO-data=350 RW-data=60 ZI-data=5900  
FromELF: creating hex file...
"mmm2.axf" - 0 Error(s), 0 Warning(s).
Build target 'Target 1'
creating preprocessor file for timers.c...
compiling timers.c...
linking...
Program Size: Code=6718 RO-data=350 RW-data=60 ZI-data=5900  
FromELF: creating hex file...
"mmm2.axf" - 0 Error(s), 0 Warning(s).
Build target 'Target 1'
creating preprocessor file for coreFunctions.c...
compiling coreFunctions.c...
linking...
Program Size: Code=6702 RO-data=350 RW-data=60 ZI-data=5900  
FromELF: creating hex file...
"mmm2.axf" - 0 Error(s), 0 Warning(s).
Build target 'Target 1'
creating preprocessor file for coreFunctions.c...
compiling coreFunctions.c...
linking...
Program Size: Code=6710 RO-data=350 RW-data=60 ZI-data=5900  
FromELF: creating hex file...
"mmm2.axf" - 0 Error(s), 0 Warning(s).
Build target 'Target 1'
creating preprocessor file for coreFunctions.c...
compiling coreFunctions.c...
coreFunctions.c(270): error:  #65: expected a ";"
coreFunctions.c(271): error:  #127: expected a statement
coreFunctions.c(275): warning:  #12-D: parsing restarts here after previous syntax error
creating preprocessor file for main.c...
compiling main.c...
creating preprocessor file for systemClock.c...
compiling systemClock.c...
creating preprocessor file for timers.c...
compiling timers.c...
timers.c(118): error:  #165: too few arguments in function call
creating preprocessor file for uart.c...
compiling uart.c...
creating preprocessor file for ads_spi.c...
compiling ads_spi.c...
creating preprocessor file for events.c...
compiling events.c...
Target not created
Build target 'Target 1'
creating preprocessor file for coreFunctions.c...
compiling coreFunctions.c...
compiling timers.c...
timers.c(118): error:  #165: too few arguments in function call
Target not created
Build target 'Target 1'
creating preprocessor file for timers.c...
compiling timers.c...
linking...
Program Size: Code=6750 RO-data=350 RW-data=60 ZI-data=5900  
FromELF: creating hex file...
"mmm2.axf" - 0 Error(s), 0 Warning(s).
Build target 'Target 1'
linking...
Program Size: Code=6750 RO-data=350 RW-data=60 ZI-data=5900  
FromELF: creating hex file...
"mmm2.axf" - 0 Error(s), 0 Warning(s).
Build target 'Target 1'
creating preprocessor file for coreFunctions.c...
compiling coreFunctions.c...
coreFunctions.c(270): error:  #65: expected a ";"
coreFunctions.c(271): error:  #127: expected a statement
coreFunctions.c(275): warning:  #12-D: parsing restarts here after previous syntax error
Target not created
Build target 'Target 1'
creating preprocessor file for coreFunctions.c...
compiling coreFunctions.c...
linking...
Program Size: Code=6750 RO-data=350 RW-data=60 ZI-data=5900  
FromELF: creating hex file...
"mmm2.axf" - 0 Error(s), 0 Warning(s).
Build target 'Target 1'
creating preprocessor file for coreFunctions.c...
compiling coreFunctions.c...
linking...
Program Size: Code=6758 RO-data=350 RW-data=60 ZI-data=5900  
FromELF: creating hex file...
"mmm2.axf" - 0 Error(s), 0 Warning(s).
Build target 'Target 1'
creating preprocessor file for coreFunctions.c...
compiling coreFunctions.c...
linking...
Program Size: Code=6758 RO-data=350 RW-data=60 ZI-data=5900  
FromELF: creating hex file...
"mmm2.axf" - 0 Error(s), 0 Warning(s).
Build target 'Target 1'
creating preprocessor file for coreFunctions.c...
compiling coreFunctions.c...
creating preprocessor file for main.c...
compiling main.c...
creating preprocessor file for systemClock.c...
compiling systemClock.c...
creating preprocessor file for timers.c...
compiling timers.c...
creating preprocessor file for uart.c...
compiling uart.c...
creating preprocessor file for ads_spi.c...
compiling ads_spi.c...
linking...
Program Size: Code=6758 RO-data=350 RW-data=60 ZI-data=5900  
FromELF: creating hex file...
"mmm2.axf" - 0 Error(s), 0 Warning(s).
Build target 'Target 1'
creating preprocessor file for timers.c...
compiling timers.c...
linking...
Program Size: Code=6758 RO-data=350 RW-data=60 ZI-data=5900  
FromELF: creating hex file...
"mmm2.axf" - 0 Error(s), 0 Warning(s).
Build target 'Target 1'
creating preprocessor file for timers.c...
compiling timers.c...
linking...
Program Size: Code=6750 RO-data=350 RW-data=60 ZI-data=5900  
FromELF: creating hex file...
"mmm2.axf" - 0 Error(s), 0 Warning(s).
Build target 'Target 1'
creating preprocessor file for coreFunctions.c...
compiling coreFunctions.c...
linking...
Program Size: Code=6750 RO-data=350 RW-data=60 ZI-data=5900  
FromELF: creating hex file...
"mmm2.axf" - 0 Error(s), 0 Warning(s).
