<html>
<body>
<pre>
<h1>µVision Build Log</h1>
<h2>Project:</h2>
C:\EMG Code\LPC1343Testing\MuscleMate Microcontroller\mmm2.uvproj
Project File Date:  06/26/2012

<h2>Output:</h2>
Build target 'Target 1'
assembling Ek_FFT128Real_32b.s...
Ek_FFT128Real_32b.s(43): warning: A1479W: Requested alignment 8 is greater than area alignment 4, which has been increased
assembling Ek_Magnitude.s...
Ek_Magnitude.s(124): warning: A1479W: Requested alignment 8 is greater than area alignment 4, which has been increased
assembling startup_LPC13xx.s...
creating preprocessor file for coreFunctions.c...
compiling coreFunctions.c...
creating preprocessor file for fft.c...
compiling fft.c...
creating preprocessor file for main.c...
compiling main.c...
creating preprocessor file for systemClock.c...
compiling systemClock.c...
systemClock.c(17): warning:  #174-D: expression has no effect
creating preprocessor file for timers.c...
compiling timers.c...
creating preprocessor file for uart.c...
compiling uart.c...
uart.c(93): warning:  #550-D: variable "temp" was set but never used
creating preprocessor file for ads_spi.c...
compiling ads_spi.c...
ads_spi.c(31): warning:  #550-D: variable "sampleRate" was set but never used
linking...
Program Size: Code=5376 RO-data=328 RW-data=40 ZI-data=5832  
"mmm2.axf" - 0 Error(s), 5 Warning(s).
Load "C:\\EMG Code\\LPC1343Testing\\MuscleMate Microcontroller\\mmm2.AXF" 
Build target 'Target 1'
linking...
Program Size: Code=5376 RO-data=328 RW-data=40 ZI-data=5832  
"mmm2.axf" - 0 Error(s), 0 Warning(s).
Load "C:\\EMG Code\\LPC1343Testing\\MuscleMate Microcontroller\\mmm2.AXF" 
Erase Done.
Programming Done.
Verify OK.
