<html>
<body>
<pre>
<h1>µVision Build Log</h1>
<h2>Project:</h2>
C:\Users\nstupich\Desktop\LPC1343Testing\MuscleMate Microcontroller\mmm2.uvproj
Project File Date:  07/03/2012

<h2>Output:</h2>
Build target 'Target 1'
creating preprocessor file for coreFunctions.c...
compiling coreFunctions.c...
coreFunctions.c(41): warning:  #223-D: function "ResetIntoISP" declared implicitly
coreFunctions.c(166): error:  #159: declaration is incompatible with previous "ResetIntoISP" (declared at line 41)
coreFunctions.c(169): error:  #20: identifier "LPC_IOCON" is undefined
coreFunctions.c(170): error:  #20: identifier "LPC_GPIO0" is undefined
coreFunctions.c(175): warning:  #223-D: function "NVIC_SystemReset" declared implicitly
creating preprocessor file for timers.c...
compiling timers.c...
Target not created
Build target 'Target 1'
creating preprocessor file for coreFunctions.c...
compiling coreFunctions.c...
coreFunctions.c(169): error:  #20: identifier "LPC_IOCON" is undefined
coreFunctions.c(170): error:  #20: identifier "LPC_GPIO0" is undefined
coreFunctions.c(175): warning:  #223-D: function "NVIC_SystemReset" declared implicitly
creating preprocessor file for main.c...
compiling main.c...
creating preprocessor file for timers.c...
compiling timers.c...
creating preprocessor file for uart.c...
compiling uart.c...
uart.c(93): warning:  #550-D: variable "temp" was set but never used
creating preprocessor file for ads_spi.c...
compiling ads_spi.c...
ads_spi.c(37): warning:  #550-D: variable "datain" was set but never used
ads_spi.c(246): warning:  #550-D: variable "Dummy" was set but never used
creating preprocessor file for events.c...
compiling events.c...
Target not created
Build target 'Target 1'
creating preprocessor file for coreFunctions.c...
compiling coreFunctions.c...
linking...
Program Size: Code=8016 RO-data=328 RW-data=60 ZI-data=5860  
FromELF: creating hex file...
"mmm2.axf" - 0 Error(s), 0 Warning(s).
Rebuild target 'Target 1'
assembling Ek_FFT128Real_32b.s...
Ek_FFT128Real_32b.s(43): warning: A1479W: Requested alignment 8 is greater than area alignment 4, which has been increased
assembling Ek_Magnitude.s...
Ek_Magnitude.s(124): warning: A1479W: Requested alignment 8 is greater than area alignment 4, which has been increased
assembling startup_LPC13xx.s...
creating preprocessor file for coreFunctions.c...
compiling coreFunctions.c...
creating preprocessor file for fft.c...
compiling fft.c...
creating preprocessor file for main.c...
compiling main.c...
creating preprocessor file for systemClock.c...
compiling systemClock.c...
systemClock.c(17): warning:  #174-D: expression has no effect
creating preprocessor file for timers.c...
compiling timers.c...
creating preprocessor file for uart.c...
compiling uart.c...
uart.c(93): warning:  #550-D: variable "temp" was set but never used
creating preprocessor file for ads_spi.c...
compiling ads_spi.c...
ads_spi.c(37): warning:  #550-D: variable "datain" was set but never used
ads_spi.c(246): warning:  #550-D: variable "Dummy" was set but never used
creating preprocessor file for events.c...
compiling events.c...
creating preprocessor file for downSampling.c...
compiling downSampling.c...
linking...
Program Size: Code=8016 RO-data=328 RW-data=60 ZI-data=5860  
FromELF: creating hex file...
"mmm2.axf" - 0 Error(s), 6 Warning(s).
Rebuild target 'Target 1'
assembling Ek_FFT128Real_32b.s...
Ek_FFT128Real_32b.s(43): warning: A1479W: Requested alignment 8 is greater than area alignment 4, which has been increased
assembling Ek_Magnitude.s...
Ek_Magnitude.s(124): warning: A1479W: Requested alignment 8 is greater than area alignment 4, which has been increased
assembling startup_LPC13xx.s...
creating preprocessor file for coreFunctions.c...
compiling coreFunctions.c...
creating preprocessor file for fft.c...
compiling fft.c...
creating preprocessor file for main.c...
compiling main.c...
creating preprocessor file for systemClock.c...
compiling systemClock.c...
creating preprocessor file for timers.c...
compiling timers.c...
creating preprocessor file for uart.c...
compiling uart.c...
uart.c(93): warning:  #550-D: variable "temp" was set but never used
creating preprocessor file for ads_spi.c...
compiling ads_spi.c...
ads_spi.c(37): warning:  #550-D: variable "datain" was set but never used
ads_spi.c(246): warning:  #550-D: variable "Dummy" was set but never used
creating preprocessor file for events.c...
compiling events.c...
creating preprocessor file for downSampling.c...
compiling downSampling.c...
linking...
Program Size: Code=8016 RO-data=328 RW-data=60 ZI-data=5860  
FromELF: creating hex file...
"mmm2.axf" - 0 Error(s), 5 Warning(s).
Rebuild target 'Target 1'
assembling Ek_FFT128Real_32b.s...
Ek_FFT128Real_32b.s(43): warning: A1479W: Requested alignment 8 is greater than area alignment 4, which has been increased
assembling Ek_Magnitude.s...
Ek_Magnitude.s(124): warning: A1479W: Requested alignment 8 is greater than area alignment 4, which has been increased
assembling startup_LPC13xx.s...
creating preprocessor file for coreFunctions.c...
compiling coreFunctions.c...
creating preprocessor file for fft.c...
compiling fft.c...
creating preprocessor file for main.c...
compiling main.c...
creating preprocessor file for systemClock.c...
compiling systemClock.c...
creating preprocessor file for timers.c...
compiling timers.c...
creating preprocessor file for uart.c...
compiling uart.c...
uart.c(93): warning:  #550-D: variable "temp" was set but never used
creating preprocessor file for ads_spi.c...
compiling ads_spi.c...
ads_spi.c(37): warning:  #550-D: variable "datain" was set but never used
ads_spi.c(246): warning:  #550-D: variable "Dummy" was set but never used
creating preprocessor file for events.c...
compiling events.c...
creating preprocessor file for downSampling.c...
compiling downSampling.c...
linking...
Program Size: Code=8016 RO-data=328 RW-data=60 ZI-data=5860  
FromELF: creating hex file...
"mmm2.axf" - 0 Error(s), 5 Warning(s).
Rebuild target 'Target 1'
assembling Ek_FFT128Real_32b.s...
Ek_FFT128Real_32b.s(43): warning: A1479W: Requested alignment 8 is greater than area alignment 4, which has been increased
assembling Ek_Magnitude.s...
Ek_Magnitude.s(124): warning: A1479W: Requested alignment 8 is greater than area alignment 4, which has been increased
assembling startup_LPC13xx.s...
creating preprocessor file for coreFunctions.c...
compiling coreFunctions.c...
creating preprocessor file for fft.c...
compiling fft.c...
creating preprocessor file for main.c...
compiling main.c...
creating preprocessor file for systemClock.c...
compiling systemClock.c...
creating preprocessor file for timers.c...
compiling timers.c...
creating preprocessor file for uart.c...
compiling uart.c...
uart.c(93): warning:  #550-D: variable "temp" was set but never used
creating preprocessor file for ads_spi.c...
compiling ads_spi.c...
ads_spi.c(37): warning:  #550-D: variable "datain" was set but never used
ads_spi.c(246): warning:  #550-D: variable "Dummy" was set but never used
creating preprocessor file for events.c...
compiling events.c...
creating preprocessor file for downSampling.c...
compiling downSampling.c...
linking...
Program Size: Code=8048 RO-data=328 RW-data=60 ZI-data=5860  
FromELF: creating hex file...
"mmm2.axf" - 0 Error(s), 5 Warning(s).
Rebuild target 'Target 1'
assembling Ek_FFT128Real_32b.s...
Ek_FFT128Real_32b.s(43): warning: A1479W: Requested alignment 8 is greater than area alignment 4, which has been increased
assembling Ek_Magnitude.s...
Ek_Magnitude.s(124): warning: A1479W: Requested alignment 8 is greater than area alignment 4, which has been increased
assembling startup_LPC13xx.s...
creating preprocessor file for coreFunctions.c...
compiling coreFunctions.c...
coreFunctions.c(210): error:  #169: expected a declaration
creating preprocessor file for fft.c...
compiling fft.c...
creating preprocessor file for main.c...
compiling main.c...
creating preprocessor file for systemClock.c...
compiling systemClock.c...
creating preprocessor file for timers.c...
compiling timers.c...
creating preprocessor file for uart.c...
compiling uart.c...
uart.c(93): warning:  #550-D: variable "temp" was set but never used
creating preprocessor file for ads_spi.c...
compiling ads_spi.c...
ads_spi.c(37): warning:  #550-D: variable "datain" was set but never used
ads_spi.c(246): warning:  #550-D: variable "Dummy" was set but never used
creating preprocessor file for events.c...
compiling events.c...
creating preprocessor file for downSampling.c...
compiling downSampling.c...
Target not created
Rebuild target 'Target 1'
assembling Ek_FFT128Real_32b.s...
Ek_FFT128Real_32b.s(43): warning: A1479W: Requested alignment 8 is greater than area alignment 4, which has been increased
assembling Ek_Magnitude.s...
Ek_Magnitude.s(124): warning: A1479W: Requested alignment 8 is greater than area alignment 4, which has been increased
assembling startup_LPC13xx.s...
creating preprocessor file for coreFunctions.c...
compiling coreFunctions.c...
creating preprocessor file for fft.c...
compiling fft.c...
creating preprocessor file for main.c...
compiling main.c...
creating preprocessor file for systemClock.c...
compiling systemClock.c...
creating preprocessor file for timers.c...
compiling timers.c...
creating preprocessor file for uart.c...
compiling uart.c...
uart.c(93): warning:  #550-D: variable "temp" was set but never used
creating preprocessor file for ads_spi.c...
compiling ads_spi.c...
ads_spi.c(37): warning:  #550-D: variable "datain" was set but never used
ads_spi.c(246): warning:  #550-D: variable "Dummy" was set but never used
creating preprocessor file for events.c...
compiling events.c...
creating preprocessor file for downSampling.c...
compiling downSampling.c...
linking...
Program Size: Code=8144 RO-data=328 RW-data=60 ZI-data=5860  
FromELF: creating hex file...
"mmm2.axf" - 0 Error(s), 5 Warning(s).
Build target 'Target 1'
creating preprocessor file for coreFunctions.c...
compiling coreFunctions.c...
coreFunctions.c(192): error:  #20: identifier "LSR_THRE" is undefined
coreFunctions.c(192): error:  #20: identifier "LSR_TEMT" is undefined
coreFunctions.c(193): error:  #20: identifier "LSR_RDR" is undefined
coreFunctions.c(185): warning:  #550-D: variable "temp" was set but never used
Target not created
Build target 'Target 1'
creating preprocessor file for coreFunctions.c...
compiling coreFunctions.c...
coreFunctions.c(192): error:  #20: identifier "UART_LSR_THRE" is undefined
coreFunctions.c(192): error:  #20: identifier "UART_LSR_TEMT" is undefined
coreFunctions.c(193): error:  #20: identifier "UART_LSR_RDR_DATA" is undefined
coreFunctions.c(185): warning:  #550-D: variable "temp" was set but never used
Target not created
Rebuild target 'Target 1'
assembling Ek_FFT128Real_32b.s...
Ek_FFT128Real_32b.s(43): warning: A1479W: Requested alignment 8 is greater than area alignment 4, which has been increased
assembling Ek_Magnitude.s...
Ek_Magnitude.s(124): warning: A1479W: Requested alignment 8 is greater than area alignment 4, which has been increased
assembling startup_LPC13xx.s...
creating preprocessor file for coreFunctions.c...
compiling coreFunctions.c...
coreFunctions.c(186): warning:  #550-D: variable "temp" was set but never used
creating preprocessor file for fft.c...
compiling fft.c...
creating preprocessor file for main.c...
compiling main.c...
creating preprocessor file for systemClock.c...
compiling systemClock.c...
creating preprocessor file for timers.c...
compiling timers.c...
creating preprocessor file for uart.c...
compiling uart.c...
uart.c(93): warning:  #550-D: variable "temp" was set but never used
creating preprocessor file for ads_spi.c...
compiling ads_spi.c...
ads_spi.c(37): warning:  #550-D: variable "datain" was set but never used
ads_spi.c(246): warning:  #550-D: variable "Dummy" was set but never used
creating preprocessor file for events.c...
compiling events.c...
creating preprocessor file for downSampling.c...
compiling downSampling.c...
linking...
Program Size: Code=8216 RO-data=328 RW-data=60 ZI-data=5860  
FromELF: creating hex file...
"mmm2.axf" - 0 Error(s), 6 Warning(s).
