<html>
<body>
<pre>
<h1>µVision Build Log</h1>
<h2>Project:</h2>
C:\Users\nstupich\Desktop\LPC1343Testing\MuscleMate Microcontroller\mmm2.uvproj
Project File Date:  07/10/2012

<h2>Output:</h2>
Rebuild target 'Target 1'
assembling Ek_FFT128Real_32b.s...
Ek_FFT128Real_32b.s(43): warning: A1479W: Requested alignment 8 is greater than area alignment 4, which has been increased
assembling Ek_Magnitude.s...
Ek_Magnitude.s(124): warning: A1479W: Requested alignment 8 is greater than area alignment 4, which has been increased
assembling startup_LPC13xx.s...
creating preprocessor file for coreFunctions.c...
compiling coreFunctions.c...
creating preprocessor file for fft.c...
compiling fft.c...
creating preprocessor file for main.c...
compiling main.c...
creating preprocessor file for systemClock.c...
compiling systemClock.c...
creating preprocessor file for timers.c...
compiling timers.c...
creating preprocessor file for uart.c...
compiling uart.c...
creating preprocessor file for ads_spi.c...
compiling ads_spi.c...
ads_spi.c(256): warning:  #550-D: variable "Dummy" was set but never used
creating preprocessor file for events.c...
compiling events.c...
creating preprocessor file for downSampling.c...
compiling downSampling.c...
linking...
Program Size: Code=8240 RO-data=328 RW-data=64 ZI-data=5896  
FromELF: creating hex file...
"mmm2.axf" - 0 Error(s), 3 Warning(s).
Rebuild target 'Target 1'
assembling Ek_FFT128Real_32b.s...
Ek_FFT128Real_32b.s(43): warning: A1479W: Requested alignment 8 is greater than area alignment 4, which has been increased
assembling Ek_Magnitude.s...
Ek_Magnitude.s(124): warning: A1479W: Requested alignment 8 is greater than area alignment 4, which has been increased
assembling startup_LPC13xx.s...
creating preprocessor file for coreFunctions.c...
compiling coreFunctions.c...
creating preprocessor file for fft.c...
compiling fft.c...
creating preprocessor file for main.c...
compiling main.c...
creating preprocessor file for systemClock.c...
compiling systemClock.c...
creating preprocessor file for timers.c...
compiling timers.c...
creating preprocessor file for uart.c...
compiling uart.c...
creating preprocessor file for ads_spi.c...
compiling ads_spi.c...
ads_spi.c(252): warning:  #550-D: variable "Dummy" was set but never used
creating preprocessor file for events.c...
compiling events.c...
creating preprocessor file for downSampling.c...
compiling downSampling.c...
linking...
Program Size: Code=8216 RO-data=328 RW-data=64 ZI-data=5896  
FromELF: creating hex file...
"mmm2.axf" - 0 Error(s), 3 Warning(s).
Rebuild target 'Target 1'
assembling Ek_FFT128Real_32b.s...
Ek_FFT128Real_32b.s(43): warning: A1479W: Requested alignment 8 is greater than area alignment 4, which has been increased
assembling Ek_Magnitude.s...
Ek_Magnitude.s(124): warning: A1479W: Requested alignment 8 is greater than area alignment 4, which has been increased
assembling startup_LPC13xx.s...
creating preprocessor file for coreFunctions.c...
compiling coreFunctions.c...
creating preprocessor file for fft.c...
compiling fft.c...
creating preprocessor file for main.c...
compiling main.c...
creating preprocessor file for systemClock.c...
compiling systemClock.c...
creating preprocessor file for timers.c...
compiling timers.c...
creating preprocessor file for uart.c...
compiling uart.c...
creating preprocessor file for ads_spi.c...
compiling ads_spi.c...
ads_spi.c(252): warning:  #550-D: variable "Dummy" was set but never used
creating preprocessor file for events.c...
compiling events.c...
creating preprocessor file for downSampling.c...
compiling downSampling.c...
linking...
Program Size: Code=8264 RO-data=328 RW-data=64 ZI-data=5896  
FromELF: creating hex file...
"mmm2.axf" - 0 Error(s), 3 Warning(s).
Rebuild target 'Target 1'
assembling Ek_FFT128Real_32b.s...
Ek_FFT128Real_32b.s(43): warning: A1479W: Requested alignment 8 is greater than area alignment 4, which has been increased
assembling Ek_Magnitude.s...
Ek_Magnitude.s(124): warning: A1479W: Requested alignment 8 is greater than area alignment 4, which has been increased
assembling startup_LPC13xx.s...
creating preprocessor file for coreFunctions.c...
compiling coreFunctions.c...
creating preprocessor file for fft.c...
compiling fft.c...
creating preprocessor file for main.c...
compiling main.c...
creating preprocessor file for systemClock.c...
compiling systemClock.c...
creating preprocessor file for timers.c...
compiling timers.c...
creating preprocessor file for uart.c...
compiling uart.c...
creating preprocessor file for ads_spi.c...
compiling ads_spi.c...
ads_spi.c(252): warning:  #550-D: variable "Dummy" was set but never used
creating preprocessor file for events.c...
compiling events.c...
creating preprocessor file for downSampling.c...
compiling downSampling.c...
linking...
Program Size: Code=8248 RO-data=328 RW-data=64 ZI-data=5896  
FromELF: creating hex file...
"mmm2.axf" - 0 Error(s), 3 Warning(s).
Rebuild target 'Target 1'
assembling Ek_FFT128Real_32b.s...
Ek_FFT128Real_32b.s(43): warning: A1479W: Requested alignment 8 is greater than area alignment 4, which has been increased
assembling Ek_Magnitude.s...
Ek_Magnitude.s(124): warning: A1479W: Requested alignment 8 is greater than area alignment 4, which has been increased
assembling startup_LPC13xx.s...
creating preprocessor file for coreFunctions.c...
compiling coreFunctions.c...
creating preprocessor file for fft.c...
compiling fft.c...
creating preprocessor file for main.c...
compiling main.c...
creating preprocessor file for systemClock.c...
compiling systemClock.c...
creating preprocessor file for timers.c...
compiling timers.c...
creating preprocessor file for uart.c...
compiling uart.c...
creating preprocessor file for ads_spi.c...
compiling ads_spi.c...
ads_spi.c(252): warning:  #550-D: variable "Dummy" was set but never used
creating preprocessor file for events.c...
compiling events.c...
creating preprocessor file for downSampling.c...
compiling downSampling.c...
linking...
Program Size: Code=8232 RO-data=328 RW-data=64 ZI-data=5896  
FromELF: creating hex file...
"mmm2.axf" - 0 Error(s), 3 Warning(s).
Rebuild target 'Target 1'
assembling Ek_FFT128Real_32b.s...
Ek_FFT128Real_32b.s(43): warning: A1479W: Requested alignment 8 is greater than area alignment 4, which has been increased
assembling Ek_Magnitude.s...
Ek_Magnitude.s(124): warning: A1479W: Requested alignment 8 is greater than area alignment 4, which has been increased
assembling startup_LPC13xx.s...
creating preprocessor file for coreFunctions.c...
compiling coreFunctions.c...
creating preprocessor file for fft.c...
compiling fft.c...
creating preprocessor file for main.c...
compiling main.c...
creating preprocessor file for systemClock.c...
compiling systemClock.c...
creating preprocessor file for timers.c...
compiling timers.c...
creating preprocessor file for uart.c...
compiling uart.c...
creating preprocessor file for ads_spi.c...
compiling ads_spi.c...
ads_spi.c(38): warning:  #550-D: variable "datain" was set but never used
ads_spi.c(252): warning:  #550-D: variable "Dummy" was set but never used
creating preprocessor file for events.c...
compiling events.c...
creating preprocessor file for downSampling.c...
compiling downSampling.c...
linking...
Program Size: Code=8240 RO-data=328 RW-data=64 ZI-data=5896  
FromELF: creating hex file...
"mmm2.axf" - 0 Error(s), 4 Warning(s).
Rebuild target 'Target 1'
assembling Ek_FFT128Real_32b.s...
Ek_FFT128Real_32b.s(43): warning: A1479W: Requested alignment 8 is greater than area alignment 4, which has been increased
assembling Ek_Magnitude.s...
Ek_Magnitude.s(124): warning: A1479W: Requested alignment 8 is greater than area alignment 4, which has been increased
assembling startup_LPC13xx.s...
creating preprocessor file for coreFunctions.c...
compiling coreFunctions.c...
creating preprocessor file for fft.c...
compiling fft.c...
creating preprocessor file for main.c...
compiling main.c...
creating preprocessor file for systemClock.c...
compiling systemClock.c...
creating preprocessor file for timers.c...
compiling timers.c...
creating preprocessor file for uart.c...
compiling uart.c...
creating preprocessor file for ads_spi.c...
compiling ads_spi.c...
ads_spi.c(38): warning:  #550-D: variable "datain" was set but never used
ads_spi.c(252): warning:  #550-D: variable "Dummy" was set but never used
creating preprocessor file for events.c...
compiling events.c...
creating preprocessor file for downSampling.c...
compiling downSampling.c...
linking...
Program Size: Code=8240 RO-data=328 RW-data=64 ZI-data=5896  
FromELF: creating hex file...
"mmm2.axf" - 0 Error(s), 4 Warning(s).
Rebuild target 'Target 1'
assembling Ek_FFT128Real_32b.s...
Ek_FFT128Real_32b.s(43): warning: A1479W: Requested alignment 8 is greater than area alignment 4, which has been increased
assembling Ek_Magnitude.s...
Ek_Magnitude.s(124): warning: A1479W: Requested alignment 8 is greater than area alignment 4, which has been increased
assembling startup_LPC13xx.s...
creating preprocessor file for coreFunctions.c...
compiling coreFunctions.c...
creating preprocessor file for fft.c...
compiling fft.c...
creating preprocessor file for main.c...
compiling main.c...
creating preprocessor file for systemClock.c...
compiling systemClock.c...
creating preprocessor file for timers.c...
compiling timers.c...
creating preprocessor file for uart.c...
compiling uart.c...
creating preprocessor file for ads_spi.c...
compiling ads_spi.c...
ads_spi.c(38): warning:  #550-D: variable "datain" was set but never used
ads_spi.c(252): warning:  #550-D: variable "Dummy" was set but never used
creating preprocessor file for events.c...
compiling events.c...
creating preprocessor file for downSampling.c...
compiling downSampling.c...
linking...
Program Size: Code=8240 RO-data=328 RW-data=64 ZI-data=5896  
FromELF: creating hex file...
"mmm2.axf" - 0 Error(s), 4 Warning(s).
Rebuild target 'Target 1'
assembling Ek_FFT128Real_32b.s...
Ek_FFT128Real_32b.s(43): warning: A1479W: Requested alignment 8 is greater than area alignment 4, which has been increased
assembling Ek_Magnitude.s...
Ek_Magnitude.s(124): warning: A1479W: Requested alignment 8 is greater than area alignment 4, which has been increased
assembling startup_LPC13xx.s...
creating preprocessor file for coreFunctions.c...
compiling coreFunctions.c...
creating preprocessor file for fft.c...
compiling fft.c...
creating preprocessor file for main.c...
compiling main.c...
creating preprocessor file for systemClock.c...
compiling systemClock.c...
creating preprocessor file for timers.c...
compiling timers.c...
creating preprocessor file for uart.c...
compiling uart.c...
creating preprocessor file for ads_spi.c...
compiling ads_spi.c...
ads_spi.c(38): warning:  #550-D: variable "datain" was set but never used
ads_spi.c(252): warning:  #550-D: variable "Dummy" was set but never used
creating preprocessor file for events.c...
compiling events.c...
creating preprocessor file for downSampling.c...
compiling downSampling.c...
linking...
Program Size: Code=8240 RO-data=328 RW-data=64 ZI-data=5896  
FromELF: creating hex file...
"mmm2.axf" - 0 Error(s), 4 Warning(s).
Rebuild target 'Target 1'
assembling Ek_FFT128Real_32b.s...
Ek_FFT128Real_32b.s(43): warning: A1479W: Requested alignment 8 is greater than area alignment 4, which has been increased
assembling Ek_Magnitude.s...
Ek_Magnitude.s(124): warning: A1479W: Requested alignment 8 is greater than area alignment 4, which has been increased
assembling startup_LPC13xx.s...
creating preprocessor file for coreFunctions.c...
compiling coreFunctions.c...
creating preprocessor file for fft.c...
compiling fft.c...
creating preprocessor file for main.c...
compiling main.c...
creating preprocessor file for systemClock.c...
compiling systemClock.c...
creating preprocessor file for timers.c...
compiling timers.c...
creating preprocessor file for uart.c...
compiling uart.c...
creating preprocessor file for ads_spi.c...
compiling ads_spi.c...
ads_spi.c(252): warning:  #550-D: variable "Dummy" was set but never used
creating preprocessor file for events.c...
compiling events.c...
creating preprocessor file for downSampling.c...
compiling downSampling.c...
linking...
Program Size: Code=8232 RO-data=328 RW-data=64 ZI-data=5896  
FromELF: creating hex file...
"mmm2.axf" - 0 Error(s), 3 Warning(s).
Rebuild target 'Target 1'
assembling Ek_FFT128Real_32b.s...
Ek_FFT128Real_32b.s(43): warning: A1479W: Requested alignment 8 is greater than area alignment 4, which has been increased
assembling Ek_Magnitude.s...
Ek_Magnitude.s(124): warning: A1479W: Requested alignment 8 is greater than area alignment 4, which has been increased
assembling startup_LPC13xx.s...
creating preprocessor file for coreFunctions.c...
compiling coreFunctions.c...
creating preprocessor file for fft.c...
compiling fft.c...
creating preprocessor file for main.c...
compiling main.c...
creating preprocessor file for systemClock.c...
compiling systemClock.c...
creating preprocessor file for timers.c...
compiling timers.c...
creating preprocessor file for uart.c...
compiling uart.c...
creating preprocessor file for ads_spi.c...
compiling ads_spi.c...
ads_spi.c(38): warning:  #550-D: variable "datain" was set but never used
ads_spi.c(252): warning:  #550-D: variable "Dummy" was set but never used
creating preprocessor file for events.c...
compiling events.c...
creating preprocessor file for downSampling.c...
compiling downSampling.c...
linking...
Program Size: Code=8240 RO-data=328 RW-data=64 ZI-data=5896  
FromELF: creating hex file...
"mmm2.axf" - 0 Error(s), 4 Warning(s).
Rebuild target 'Target 1'
assembling Ek_FFT128Real_32b.s...
Ek_FFT128Real_32b.s(43): warning: A1479W: Requested alignment 8 is greater than area alignment 4, which has been increased
assembling Ek_Magnitude.s...
Ek_Magnitude.s(124): warning: A1479W: Requested alignment 8 is greater than area alignment 4, which has been increased
assembling startup_LPC13xx.s...
creating preprocessor file for coreFunctions.c...
compiling coreFunctions.c...
creating preprocessor file for fft.c...
compiling fft.c...
creating preprocessor file for main.c...
compiling main.c...
creating preprocessor file for systemClock.c...
compiling systemClock.c...
creating preprocessor file for timers.c...
compiling timers.c...
creating preprocessor file for uart.c...
compiling uart.c...
creating preprocessor file for ads_spi.c...
compiling ads_spi.c...
ads_spi.c(38): warning:  #550-D: variable "datain" was set but never used
ads_spi.c(255): warning:  #550-D: variable "Dummy" was set but never used
creating preprocessor file for events.c...
compiling events.c...
creating preprocessor file for downSampling.c...
compiling downSampling.c...
linking...
Program Size: Code=8208 RO-data=328 RW-data=64 ZI-data=5896  
FromELF: creating hex file...
"mmm2.axf" - 0 Error(s), 4 Warning(s).
Rebuild target 'Target 1'
assembling Ek_FFT128Real_32b.s...
Ek_FFT128Real_32b.s(43): warning: A1479W: Requested alignment 8 is greater than area alignment 4, which has been increased
assembling Ek_Magnitude.s...
Ek_Magnitude.s(124): warning: A1479W: Requested alignment 8 is greater than area alignment 4, which has been increased
assembling startup_LPC13xx.s...
creating preprocessor file for coreFunctions.c...
compiling coreFunctions.c...
creating preprocessor file for fft.c...
compiling fft.c...
creating preprocessor file for main.c...
compiling main.c...
creating preprocessor file for systemClock.c...
compiling systemClock.c...
creating preprocessor file for timers.c...
compiling timers.c...
creating preprocessor file for uart.c...
compiling uart.c...
creating preprocessor file for ads_spi.c...
compiling ads_spi.c...
ads_spi.c(38): warning:  #550-D: variable "datain" was set but never used
ads_spi.c(255): warning:  #550-D: variable "Dummy" was set but never used
creating preprocessor file for events.c...
compiling events.c...
creating preprocessor file for downSampling.c...
compiling downSampling.c...
linking...
Program Size: Code=8208 RO-data=328 RW-data=64 ZI-data=5896  
FromELF: creating hex file...
"mmm2.axf" - 0 Error(s), 4 Warning(s).
Rebuild target 'Target 1'
assembling Ek_FFT128Real_32b.s...
Ek_FFT128Real_32b.s(43): warning: A1479W: Requested alignment 8 is greater than area alignment 4, which has been increased
assembling Ek_Magnitude.s...
Ek_Magnitude.s(124): warning: A1479W: Requested alignment 8 is greater than area alignment 4, which has been increased
assembling startup_LPC13xx.s...
creating preprocessor file for coreFunctions.c...
compiling coreFunctions.c...
creating preprocessor file for fft.c...
compiling fft.c...
creating preprocessor file for main.c...
compiling main.c...
creating preprocessor file for systemClock.c...
compiling systemClock.c...
creating preprocessor file for timers.c...
compiling timers.c...
creating preprocessor file for uart.c...
compiling uart.c...
creating preprocessor file for ads_spi.c...
compiling ads_spi.c...
ads_spi.c(38): warning:  #550-D: variable "datain" was set but never used
ads_spi.c(255): warning:  #550-D: variable "Dummy" was set but never used
creating preprocessor file for events.c...
compiling events.c...
creating preprocessor file for downSampling.c...
compiling downSampling.c...
linking...
Program Size: Code=8208 RO-data=328 RW-data=64 ZI-data=5896  
FromELF: creating hex file...
"mmm2.axf" - 0 Error(s), 4 Warning(s).
Build target 'Target 1'
creating preprocessor file for coreFunctions.c...
compiling coreFunctions.c...
creating preprocessor file for ads_spi.c...
compiling ads_spi.c...
ads_spi.c(255): warning:  #550-D: variable "Dummy" was set but never used
linking...
Program Size: Code=8200 RO-data=328 RW-data=64 ZI-data=5896  
FromELF: creating hex file...
"mmm2.axf" - 0 Error(s), 1 Warning(s).
Rebuild target 'Target 1'
assembling Ek_FFT128Real_32b.s...
Ek_FFT128Real_32b.s(43): warning: A1479W: Requested alignment 8 is greater than area alignment 4, which has been increased
assembling Ek_Magnitude.s...
Ek_Magnitude.s(124): warning: A1479W: Requested alignment 8 is greater than area alignment 4, which has been increased
assembling startup_LPC13xx.s...
creating preprocessor file for coreFunctions.c...
compiling coreFunctions.c...
creating preprocessor file for fft.c...
compiling fft.c...
creating preprocessor file for main.c...
compiling main.c...
creating preprocessor file for systemClock.c...
compiling systemClock.c...
creating preprocessor file for timers.c...
compiling timers.c...
creating preprocessor file for uart.c...
compiling uart.c...
creating preprocessor file for ads_spi.c...
compiling ads_spi.c...
ads_spi.c(255): warning:  #550-D: variable "Dummy" was set but never used
creating preprocessor file for events.c...
compiling events.c...
creating preprocessor file for downSampling.c...
compiling downSampling.c...
linking...
Program Size: Code=8200 RO-data=328 RW-data=64 ZI-data=5896  
FromELF: creating hex file...
"mmm2.axf" - 0 Error(s), 3 Warning(s).
Rebuild target 'Target 1'
assembling Ek_FFT128Real_32b.s...
Ek_FFT128Real_32b.s(43): warning: A1479W: Requested alignment 8 is greater than area alignment 4, which has been increased
assembling Ek_Magnitude.s...
Ek_Magnitude.s(124): warning: A1479W: Requested alignment 8 is greater than area alignment 4, which has been increased
assembling startup_LPC13xx.s...
creating preprocessor file for coreFunctions.c...
compiling coreFunctions.c...
creating preprocessor file for fft.c...
compiling fft.c...
creating preprocessor file for main.c...
compiling main.c...
creating preprocessor file for systemClock.c...
compiling systemClock.c...
creating preprocessor file for timers.c...
compiling timers.c...
creating preprocessor file for uart.c...
compiling uart.c...
creating preprocessor file for ads_spi.c...
compiling ads_spi.c...
ads_spi.c(270): warning:  #550-D: variable "Dummy" was set but never used
creating preprocessor file for events.c...
compiling events.c...
creating preprocessor file for downSampling.c...
compiling downSampling.c...
linking...
Program Size: Code=8200 RO-data=328 RW-data=64 ZI-data=5896  
FromELF: creating hex file...
"mmm2.axf" - 0 Error(s), 3 Warning(s).
Rebuild target 'Target 1'
assembling Ek_FFT128Real_32b.s...
Ek_FFT128Real_32b.s(43): warning: A1479W: Requested alignment 8 is greater than area alignment 4, which has been increased
assembling Ek_Magnitude.s...
Ek_Magnitude.s(124): warning: A1479W: Requested alignment 8 is greater than area alignment 4, which has been increased
assembling startup_LPC13xx.s...
creating preprocessor file for coreFunctions.c...
compiling coreFunctions.c...
creating preprocessor file for fft.c...
compiling fft.c...
creating preprocessor file for main.c...
compiling main.c...
creating preprocessor file for systemClock.c...
compiling systemClock.c...
creating preprocessor file for timers.c...
compiling timers.c...
creating preprocessor file for uart.c...
compiling uart.c...
creating preprocessor file for ads_spi.c...
compiling ads_spi.c...
ads_spi.c(270): warning:  #550-D: variable "Dummy" was set but never used
creating preprocessor file for events.c...
compiling events.c...
creating preprocessor file for downSampling.c...
compiling downSampling.c...
linking...
Program Size: Code=8200 RO-data=328 RW-data=64 ZI-data=5896  
FromELF: creating hex file...
"mmm2.axf" - 0 Error(s), 3 Warning(s).
Rebuild target 'Target 1'
assembling Ek_FFT128Real_32b.s...
Ek_FFT128Real_32b.s(43): warning: A1479W: Requested alignment 8 is greater than area alignment 4, which has been increased
assembling Ek_Magnitude.s...
Ek_Magnitude.s(124): warning: A1479W: Requested alignment 8 is greater than area alignment 4, which has been increased
assembling startup_LPC13xx.s...
creating preprocessor file for coreFunctions.c...
compiling coreFunctions.c...
creating preprocessor file for fft.c...
compiling fft.c...
creating preprocessor file for main.c...
compiling main.c...
creating preprocessor file for systemClock.c...
compiling systemClock.c...
creating preprocessor file for timers.c...
compiling timers.c...
creating preprocessor file for uart.c...
compiling uart.c...
creating preprocessor file for ads_spi.c...
compiling ads_spi.c...
ads_spi.c(38): warning:  #550-D: variable "datain" was set but never used
ads_spi.c(270): warning:  #550-D: variable "Dummy" was set but never used
creating preprocessor file for events.c...
compiling events.c...
creating preprocessor file for downSampling.c...
compiling downSampling.c...
linking...
Program Size: Code=8208 RO-data=328 RW-data=64 ZI-data=5896  
FromELF: creating hex file...
"mmm2.axf" - 0 Error(s), 4 Warning(s).
Rebuild target 'Target 1'
assembling Ek_FFT128Real_32b.s...
Ek_FFT128Real_32b.s(43): warning: A1479W: Requested alignment 8 is greater than area alignment 4, which has been increased
assembling Ek_Magnitude.s...
Ek_Magnitude.s(124): warning: A1479W: Requested alignment 8 is greater than area alignment 4, which has been increased
assembling startup_LPC13xx.s...
creating preprocessor file for coreFunctions.c...
compiling coreFunctions.c...
creating preprocessor file for fft.c...
compiling fft.c...
creating preprocessor file for main.c...
compiling main.c...
creating preprocessor file for systemClock.c...
compiling systemClock.c...
creating preprocessor file for timers.c...
compiling timers.c...
creating preprocessor file for uart.c...
compiling uart.c...
creating preprocessor file for ads_spi.c...
compiling ads_spi.c...
ads_spi.c(38): warning:  #177-D: variable "datain" was declared but never referenced
ads_spi.c(40): warning:  #177-D: variable "sampleRate" was declared but never referenced
ads_spi.c(41): warning:  #177-D: variable "write_Array" was declared but never referenced
ads_spi.c(270): warning:  #550-D: variable "Dummy" was set but never used
creating preprocessor file for events.c...
compiling events.c...
creating preprocessor file for downSampling.c...
compiling downSampling.c...
linking...
Program Size: Code=7792 RO-data=328 RW-data=64 ZI-data=5896  
FromELF: creating hex file...
"mmm2.axf" - 0 Error(s), 6 Warning(s).
Rebuild target 'Target 1'
assembling Ek_FFT128Real_32b.s...
Ek_FFT128Real_32b.s(43): warning: A1479W: Requested alignment 8 is greater than area alignment 4, which has been increased
assembling Ek_Magnitude.s...
Ek_Magnitude.s(124): warning: A1479W: Requested alignment 8 is greater than area alignment 4, which has been increased
assembling startup_LPC13xx.s...
creating preprocessor file for coreFunctions.c...
compiling coreFunctions.c...
creating preprocessor file for fft.c...
compiling fft.c...
creating preprocessor file for main.c...
compiling main.c...
creating preprocessor file for systemClock.c...
compiling systemClock.c...
creating preprocessor file for timers.c...
compiling timers.c...
creating preprocessor file for uart.c...
compiling uart.c...
creating preprocessor file for ads_spi.c...
compiling ads_spi.c...
ads_spi.c(38): warning:  #177-D: variable "datain" was declared but never referenced
ads_spi.c(40): warning:  #177-D: variable "sampleRate" was declared but never referenced
ads_spi.c(41): warning:  #177-D: variable "write_Array" was declared but never referenced
ads_spi.c(270): warning:  #550-D: variable "Dummy" was set but never used
creating preprocessor file for events.c...
compiling events.c...
creating preprocessor file for downSampling.c...
compiling downSampling.c...
linking...
Program Size: Code=7792 RO-data=328 RW-data=64 ZI-data=5896  
FromELF: creating hex file...
"mmm2.axf" - 0 Error(s), 6 Warning(s).
Rebuild target 'Target 1'
assembling Ek_FFT128Real_32b.s...
Ek_FFT128Real_32b.s(43): warning: A1479W: Requested alignment 8 is greater than area alignment 4, which has been increased
assembling Ek_Magnitude.s...
Ek_Magnitude.s(124): warning: A1479W: Requested alignment 8 is greater than area alignment 4, which has been increased
assembling startup_LPC13xx.s...
creating preprocessor file for coreFunctions.c...
compiling coreFunctions.c...
creating preprocessor file for fft.c...
compiling fft.c...
creating preprocessor file for main.c...
compiling main.c...
creating preprocessor file for systemClock.c...
compiling systemClock.c...
creating preprocessor file for timers.c...
compiling timers.c...
creating preprocessor file for uart.c...
compiling uart.c...
creating preprocessor file for ads_spi.c...
compiling ads_spi.c...
ads_spi.c(40): warning:  #177-D: variable "sampleRate" was declared but never referenced
ads_spi.c(41): warning:  #177-D: variable "write_Array" was declared but never referenced
ads_spi.c(270): warning:  #550-D: variable "Dummy" was set but never used
creating preprocessor file for events.c...
compiling events.c...
creating preprocessor file for downSampling.c...
compiling downSampling.c...
linking...
Program Size: Code=7904 RO-data=328 RW-data=64 ZI-data=5896  
FromELF: creating hex file...
"mmm2.axf" - 0 Error(s), 5 Warning(s).
Rebuild target 'Target 1'
assembling Ek_FFT128Real_32b.s...
Ek_FFT128Real_32b.s(43): warning: A1479W: Requested alignment 8 is greater than area alignment 4, which has been increased
assembling Ek_Magnitude.s...
Ek_Magnitude.s(124): warning: A1479W: Requested alignment 8 is greater than area alignment 4, which has been increased
assembling startup_LPC13xx.s...
creating preprocessor file for coreFunctions.c...
compiling coreFunctions.c...
creating preprocessor file for fft.c...
compiling fft.c...
creating preprocessor file for main.c...
compiling main.c...
creating preprocessor file for systemClock.c...
compiling systemClock.c...
creating preprocessor file for timers.c...
compiling timers.c...
creating preprocessor file for uart.c...
compiling uart.c...
creating preprocessor file for ads_spi.c...
compiling ads_spi.c...
ads_spi.c(40): warning:  #177-D: variable "sampleRate" was declared but never referenced
ads_spi.c(41): warning:  #177-D: variable "write_Array" was declared but never referenced
ads_spi.c(270): warning:  #550-D: variable "Dummy" was set but never used
creating preprocessor file for events.c...
compiling events.c...
creating preprocessor file for downSampling.c...
compiling downSampling.c...
linking...
Program Size: Code=7904 RO-data=328 RW-data=64 ZI-data=5896  
FromELF: creating hex file...
"mmm2.axf" - 0 Error(s), 5 Warning(s).
Rebuild target 'Target 1'
assembling Ek_FFT128Real_32b.s...
Ek_FFT128Real_32b.s(43): warning: A1479W: Requested alignment 8 is greater than area alignment 4, which has been increased
assembling Ek_Magnitude.s...
Ek_Magnitude.s(124): warning: A1479W: Requested alignment 8 is greater than area alignment 4, which has been increased
assembling startup_LPC13xx.s...
creating preprocessor file for coreFunctions.c...
compiling coreFunctions.c...
creating preprocessor file for fft.c...
compiling fft.c...
creating preprocessor file for main.c...
compiling main.c...
creating preprocessor file for systemClock.c...
compiling systemClock.c...
creating preprocessor file for timers.c...
compiling timers.c...
creating preprocessor file for uart.c...
compiling uart.c...
creating preprocessor file for ads_spi.c...
compiling ads_spi.c...
ads_spi.c(40): warning:  #177-D: variable "sampleRate" was declared but never referenced
ads_spi.c(41): warning:  #177-D: variable "write_Array" was declared but never referenced
ads_spi.c(270): warning:  #550-D: variable "Dummy" was set but never used
creating preprocessor file for events.c...
compiling events.c...
creating preprocessor file for downSampling.c...
compiling downSampling.c...
linking...
Program Size: Code=7904 RO-data=328 RW-data=64 ZI-data=5896  
FromELF: creating hex file...
"mmm2.axf" - 0 Error(s), 5 Warning(s).
Rebuild target 'Target 1'
assembling Ek_FFT128Real_32b.s...
Ek_FFT128Real_32b.s(43): warning: A1479W: Requested alignment 8 is greater than area alignment 4, which has been increased
assembling Ek_Magnitude.s...
Ek_Magnitude.s(124): warning: A1479W: Requested alignment 8 is greater than area alignment 4, which has been increased
assembling startup_LPC13xx.s...
creating preprocessor file for coreFunctions.c...
compiling coreFunctions.c...
creating preprocessor file for fft.c...
compiling fft.c...
creating preprocessor file for main.c...
compiling main.c...
creating preprocessor file for systemClock.c...
compiling systemClock.c...
creating preprocessor file for timers.c...
compiling timers.c...
creating preprocessor file for uart.c...
compiling uart.c...
creating preprocessor file for ads_spi.c...
compiling ads_spi.c...
ads_spi.c(38): warning:  #177-D: variable "datain" was declared but never referenced
ads_spi.c(40): warning:  #177-D: variable "sampleRate" was declared but never referenced
ads_spi.c(41): warning:  #177-D: variable "write_Array" was declared but never referenced
ads_spi.c(270): warning:  #550-D: variable "Dummy" was set but never used
creating preprocessor file for events.c...
compiling events.c...
creating preprocessor file for downSampling.c...
compiling downSampling.c...
linking...
Program Size: Code=7792 RO-data=328 RW-data=64 ZI-data=5896  
FromELF: creating hex file...
"mmm2.axf" - 0 Error(s), 6 Warning(s).
Rebuild target 'Target 1'
assembling Ek_FFT128Real_32b.s...
Ek_FFT128Real_32b.s(43): warning: A1479W: Requested alignment 8 is greater than area alignment 4, which has been increased
assembling Ek_Magnitude.s...
Ek_Magnitude.s(124): warning: A1479W: Requested alignment 8 is greater than area alignment 4, which has been increased
assembling startup_LPC13xx.s...
creating preprocessor file for coreFunctions.c...
compiling coreFunctions.c...
creating preprocessor file for fft.c...
compiling fft.c...
creating preprocessor file for main.c...
compiling main.c...
creating preprocessor file for systemClock.c...
compiling systemClock.c...
creating preprocessor file for timers.c...
compiling timers.c...
creating preprocessor file for uart.c...
compiling uart.c...
creating preprocessor file for ads_spi.c...
compiling ads_spi.c...
ads_spi.c(270): warning:  #550-D: variable "Dummy" was set but never used
creating preprocessor file for events.c...
compiling events.c...
creating preprocessor file for downSampling.c...
compiling downSampling.c...
linking...
Program Size: Code=8216 RO-data=328 RW-data=64 ZI-data=5896  
FromELF: creating hex file...
"mmm2.axf" - 0 Error(s), 3 Warning(s).
Rebuild target 'Target 1'
assembling Ek_FFT128Real_32b.s...
Ek_FFT128Real_32b.s(43): warning: A1479W: Requested alignment 8 is greater than area alignment 4, which has been increased
assembling Ek_Magnitude.s...
Ek_Magnitude.s(124): warning: A1479W: Requested alignment 8 is greater than area alignment 4, which has been increased
assembling startup_LPC13xx.s...
creating preprocessor file for coreFunctions.c...
compiling coreFunctions.c...
creating preprocessor file for fft.c...
compiling fft.c...
creating preprocessor file for main.c...
compiling main.c...
creating preprocessor file for systemClock.c...
compiling systemClock.c...
creating preprocessor file for timers.c...
compiling timers.c...
creating preprocessor file for uart.c...
compiling uart.c...
creating preprocessor file for ads_spi.c...
compiling ads_spi.c...
ads_spi.c(270): warning:  #550-D: variable "Dummy" was set but never used
creating preprocessor file for events.c...
compiling events.c...
creating preprocessor file for downSampling.c...
compiling downSampling.c...
linking...
Program Size: Code=8216 RO-data=328 RW-data=64 ZI-data=5896  
FromELF: creating hex file...
"mmm2.axf" - 0 Error(s), 3 Warning(s).
Rebuild target 'Target 1'
assembling Ek_FFT128Real_32b.s...
Ek_FFT128Real_32b.s(43): warning: A1479W: Requested alignment 8 is greater than area alignment 4, which has been increased
assembling Ek_Magnitude.s...
Ek_Magnitude.s(124): warning: A1479W: Requested alignment 8 is greater than area alignment 4, which has been increased
assembling startup_LPC13xx.s...
creating preprocessor file for coreFunctions.c...
compiling coreFunctions.c...
creating preprocessor file for fft.c...
compiling fft.c...
creating preprocessor file for main.c...
compiling main.c...
creating preprocessor file for systemClock.c...
compiling systemClock.c...
creating preprocessor file for timers.c...
compiling timers.c...
creating preprocessor file for uart.c...
compiling uart.c...
creating preprocessor file for ads_spi.c...
compiling ads_spi.c...
ads_spi.c(38): warning:  #550-D: variable "datain" was set but never used
ads_spi.c(270): warning:  #550-D: variable "Dummy" was set but never used
creating preprocessor file for events.c...
compiling events.c...
creating preprocessor file for downSampling.c...
compiling downSampling.c...
linking...
Program Size: Code=8208 RO-data=328 RW-data=64 ZI-data=5896  
FromELF: creating hex file...
"mmm2.axf" - 0 Error(s), 4 Warning(s).
Rebuild target 'Target 1'
assembling Ek_FFT128Real_32b.s...
Ek_FFT128Real_32b.s(43): warning: A1479W: Requested alignment 8 is greater than area alignment 4, which has been increased
assembling Ek_Magnitude.s...
Ek_Magnitude.s(124): warning: A1479W: Requested alignment 8 is greater than area alignment 4, which has been increased
assembling startup_LPC13xx.s...
creating preprocessor file for coreFunctions.c...
compiling coreFunctions.c...
creating preprocessor file for fft.c...
compiling fft.c...
creating preprocessor file for main.c...
compiling main.c...
creating preprocessor file for systemClock.c...
compiling systemClock.c...
creating preprocessor file for timers.c...
compiling timers.c...
creating preprocessor file for uart.c...
compiling uart.c...
creating preprocessor file for ads_spi.c...
compiling ads_spi.c...
ads_spi.c(38): warning:  #550-D: variable "datain" was set but never used
ads_spi.c(270): warning:  #550-D: variable "Dummy" was set but never used
creating preprocessor file for events.c...
compiling events.c...
creating preprocessor file for downSampling.c...
compiling downSampling.c...
linking...
Program Size: Code=8208 RO-data=328 RW-data=64 ZI-data=5896  
FromELF: creating hex file...
"mmm2.axf" - 0 Error(s), 4 Warning(s).
Rebuild target 'Target 1'
assembling Ek_FFT128Real_32b.s...
Ek_FFT128Real_32b.s(43): warning: A1479W: Requested alignment 8 is greater than area alignment 4, which has been increased
assembling Ek_Magnitude.s...
Ek_Magnitude.s(124): warning: A1479W: Requested alignment 8 is greater than area alignment 4, which has been increased
assembling startup_LPC13xx.s...
creating preprocessor file for coreFunctions.c...
compiling coreFunctions.c...
creating preprocessor file for fft.c...
compiling fft.c...
creating preprocessor file for main.c...
compiling main.c...
creating preprocessor file for systemClock.c...
compiling systemClock.c...
creating preprocessor file for timers.c...
compiling timers.c...
creating preprocessor file for uart.c...
compiling uart.c...
creating preprocessor file for ads_spi.c...
compiling ads_spi.c...
ads_spi.c(270): warning:  #550-D: variable "Dummy" was set but never used
creating preprocessor file for events.c...
compiling events.c...
creating preprocessor file for downSampling.c...
compiling downSampling.c...
linking...
Program Size: Code=8200 RO-data=328 RW-data=64 ZI-data=5896  
FromELF: creating hex file...
"mmm2.axf" - 0 Error(s), 3 Warning(s).
Rebuild target 'Target 1'
assembling Ek_FFT128Real_32b.s...
Ek_FFT128Real_32b.s(43): warning: A1479W: Requested alignment 8 is greater than area alignment 4, which has been increased
assembling Ek_Magnitude.s...
Ek_Magnitude.s(124): warning: A1479W: Requested alignment 8 is greater than area alignment 4, which has been increased
assembling startup_LPC13xx.s...
creating preprocessor file for coreFunctions.c...
compiling coreFunctions.c...
creating preprocessor file for fft.c...
compiling fft.c...
creating preprocessor file for main.c...
compiling main.c...
creating preprocessor file for systemClock.c...
compiling systemClock.c...
creating preprocessor file for timers.c...
compiling timers.c...
creating preprocessor file for uart.c...
compiling uart.c...
creating preprocessor file for ads_spi.c...
compiling ads_spi.c...
ads_spi.c(271): warning:  #550-D: variable "Dummy" was set but never used
creating preprocessor file for events.c...
compiling events.c...
creating preprocessor file for downSampling.c...
compiling downSampling.c...
linking...
Program Size: Code=8208 RO-data=328 RW-data=64 ZI-data=5896  
FromELF: creating hex file...
"mmm2.axf" - 0 Error(s), 3 Warning(s).
Rebuild target 'Target 1'
assembling Ek_FFT128Real_32b.s...
Ek_FFT128Real_32b.s(43): warning: A1479W: Requested alignment 8 is greater than area alignment 4, which has been increased
assembling Ek_Magnitude.s...
Ek_Magnitude.s(124): warning: A1479W: Requested alignment 8 is greater than area alignment 4, which has been increased
assembling startup_LPC13xx.s...
creating preprocessor file for coreFunctions.c...
compiling coreFunctions.c...
creating preprocessor file for fft.c...
compiling fft.c...
creating preprocessor file for main.c...
compiling main.c...
creating preprocessor file for systemClock.c...
compiling systemClock.c...
creating preprocessor file for timers.c...
compiling timers.c...
creating preprocessor file for uart.c...
compiling uart.c...
creating preprocessor file for ads_spi.c...
compiling ads_spi.c...
ads_spi.c(271): warning:  #550-D: variable "Dummy" was set but never used
creating preprocessor file for events.c...
compiling events.c...
creating preprocessor file for downSampling.c...
compiling downSampling.c...
linking...
Program Size: Code=8224 RO-data=328 RW-data=64 ZI-data=5896  
FromELF: creating hex file...
"mmm2.axf" - 0 Error(s), 3 Warning(s).
Rebuild target 'Target 1'
assembling Ek_FFT128Real_32b.s...
Ek_FFT128Real_32b.s(43): warning: A1479W: Requested alignment 8 is greater than area alignment 4, which has been increased
assembling Ek_Magnitude.s...
Ek_Magnitude.s(124): warning: A1479W: Requested alignment 8 is greater than area alignment 4, which has been increased
assembling startup_LPC13xx.s...
creating preprocessor file for coreFunctions.c...
compiling coreFunctions.c...
creating preprocessor file for fft.c...
compiling fft.c...
creating preprocessor file for main.c...
compiling main.c...
creating preprocessor file for systemClock.c...
compiling systemClock.c...
creating preprocessor file for timers.c...
compiling timers.c...
creating preprocessor file for uart.c...
compiling uart.c...
creating preprocessor file for ads_spi.c...
compiling ads_spi.c...
ads_spi.c(271): warning:  #550-D: variable "Dummy" was set but never used
creating preprocessor file for events.c...
compiling events.c...
creating preprocessor file for downSampling.c...
compiling downSampling.c...
linking...
Program Size: Code=8224 RO-data=328 RW-data=64 ZI-data=5896  
FromELF: creating hex file...
"mmm2.axf" - 0 Error(s), 3 Warning(s).
Rebuild target 'Target 1'
assembling Ek_FFT128Real_32b.s...
Ek_FFT128Real_32b.s(43): warning: A1479W: Requested alignment 8 is greater than area alignment 4, which has been increased
assembling Ek_Magnitude.s...
Ek_Magnitude.s(124): warning: A1479W: Requested alignment 8 is greater than area alignment 4, which has been increased
assembling startup_LPC13xx.s...
creating preprocessor file for coreFunctions.c...
compiling coreFunctions.c...
creating preprocessor file for fft.c...
compiling fft.c...
creating preprocessor file for main.c...
compiling main.c...
creating preprocessor file for systemClock.c...
compiling systemClock.c...
creating preprocessor file for timers.c...
compiling timers.c...
creating preprocessor file for uart.c...
compiling uart.c...
creating preprocessor file for ads_spi.c...
compiling ads_spi.c...
ads_spi.c(271): warning:  #550-D: variable "Dummy" was set but never used
creating preprocessor file for events.c...
compiling events.c...
creating preprocessor file for downSampling.c...
compiling downSampling.c...
linking...
Program Size: Code=8224 RO-data=328 RW-data=64 ZI-data=5896  
FromELF: creating hex file...
"mmm2.axf" - 0 Error(s), 3 Warning(s).
Rebuild target 'Target 1'
assembling Ek_FFT128Real_32b.s...
Ek_FFT128Real_32b.s(43): warning: A1479W: Requested alignment 8 is greater than area alignment 4, which has been increased
assembling Ek_Magnitude.s...
Ek_Magnitude.s(124): warning: A1479W: Requested alignment 8 is greater than area alignment 4, which has been increased
assembling startup_LPC13xx.s...
creating preprocessor file for coreFunctions.c...
compiling coreFunctions.c...
creating preprocessor file for fft.c...
compiling fft.c...
creating preprocessor file for main.c...
compiling main.c...
creating preprocessor file for systemClock.c...
compiling systemClock.c...
creating preprocessor file for timers.c...
compiling timers.c...
creating preprocessor file for uart.c...
compiling uart.c...
creating preprocessor file for ads_spi.c...
compiling ads_spi.c...
ads_spi.c(271): warning:  #550-D: variable "Dummy" was set but never used
creating preprocessor file for events.c...
compiling events.c...
creating preprocessor file for downSampling.c...
compiling downSampling.c...
linking...
Program Size: Code=8232 RO-data=328 RW-data=64 ZI-data=5896  
FromELF: creating hex file...
"mmm2.axf" - 0 Error(s), 3 Warning(s).
Rebuild target 'Target 1'
assembling Ek_FFT128Real_32b.s...
Ek_FFT128Real_32b.s(43): warning: A1479W: Requested alignment 8 is greater than area alignment 4, which has been increased
assembling Ek_Magnitude.s...
Ek_Magnitude.s(124): warning: A1479W: Requested alignment 8 is greater than area alignment 4, which has been increased
assembling startup_LPC13xx.s...
creating preprocessor file for coreFunctions.c...
compiling coreFunctions.c...
creating preprocessor file for fft.c...
compiling fft.c...
creating preprocessor file for main.c...
compiling main.c...
creating preprocessor file for systemClock.c...
compiling systemClock.c...
creating preprocessor file for timers.c...
compiling timers.c...
creating preprocessor file for uart.c...
compiling uart.c...
creating preprocessor file for ads_spi.c...
compiling ads_spi.c...
ads_spi.c(271): warning:  #550-D: variable "Dummy" was set but never used
creating preprocessor file for events.c...
compiling events.c...
creating preprocessor file for downSampling.c...
compiling downSampling.c...
linking...
Program Size: Code=8232 RO-data=328 RW-data=64 ZI-data=5896  
FromELF: creating hex file...
"mmm2.axf" - 0 Error(s), 3 Warning(s).
Rebuild target 'Target 1'
assembling Ek_FFT128Real_32b.s...
Ek_FFT128Real_32b.s(43): warning: A1479W: Requested alignment 8 is greater than area alignment 4, which has been increased
assembling Ek_Magnitude.s...
Ek_Magnitude.s(124): warning: A1479W: Requested alignment 8 is greater than area alignment 4, which has been increased
assembling startup_LPC13xx.s...
creating preprocessor file for coreFunctions.c...
compiling coreFunctions.c...
creating preprocessor file for fft.c...
compiling fft.c...
creating preprocessor file for main.c...
compiling main.c...
creating preprocessor file for systemClock.c...
compiling systemClock.c...
creating preprocessor file for timers.c...
compiling timers.c...
creating preprocessor file for uart.c...
compiling uart.c...
creating preprocessor file for ads_spi.c...
compiling ads_spi.c...
ads_spi.c(271): warning:  #550-D: variable "Dummy" was set but never used
creating preprocessor file for events.c...
compiling events.c...
creating preprocessor file for downSampling.c...
compiling downSampling.c...
linking...
Program Size: Code=8232 RO-data=328 RW-data=64 ZI-data=5896  
FromELF: creating hex file...
"mmm2.axf" - 0 Error(s), 3 Warning(s).
Rebuild target 'Target 1'
assembling Ek_FFT128Real_32b.s...
Ek_FFT128Real_32b.s(43): warning: A1479W: Requested alignment 8 is greater than area alignment 4, which has been increased
assembling Ek_Magnitude.s...
Ek_Magnitude.s(124): warning: A1479W: Requested alignment 8 is greater than area alignment 4, which has been increased
assembling startup_LPC13xx.s...
creating preprocessor file for coreFunctions.c...
compiling coreFunctions.c...
creating preprocessor file for fft.c...
compiling fft.c...
creating preprocessor file for main.c...
compiling main.c...
creating preprocessor file for systemClock.c...
compiling systemClock.c...
creating preprocessor file for timers.c...
compiling timers.c...
creating preprocessor file for uart.c...
compiling uart.c...
creating preprocessor file for ads_spi.c...
compiling ads_spi.c...
ads_spi.c(271): warning:  #550-D: variable "Dummy" was set but never used
creating preprocessor file for events.c...
compiling events.c...
creating preprocessor file for downSampling.c...
compiling downSampling.c...
linking...
Program Size: Code=8264 RO-data=328 RW-data=64 ZI-data=5896  
FromELF: creating hex file...
"mmm2.axf" - 0 Error(s), 3 Warning(s).
Rebuild target 'Target 1'
assembling Ek_FFT128Real_32b.s...
Ek_FFT128Real_32b.s(43): warning: A1479W: Requested alignment 8 is greater than area alignment 4, which has been increased
assembling Ek_Magnitude.s...
Ek_Magnitude.s(124): warning: A1479W: Requested alignment 8 is greater than area alignment 4, which has been increased
assembling startup_LPC13xx.s...
creating preprocessor file for coreFunctions.c...
compiling coreFunctions.c...
creating preprocessor file for fft.c...
compiling fft.c...
creating preprocessor file for main.c...
compiling main.c...
creating preprocessor file for systemClock.c...
compiling systemClock.c...
creating preprocessor file for timers.c...
compiling timers.c...
creating preprocessor file for uart.c...
compiling uart.c...
creating preprocessor file for ads_spi.c...
compiling ads_spi.c...
ads_spi.c(263): warning:  #550-D: variable "Dummy" was set but never used
creating preprocessor file for events.c...
compiling events.c...
creating preprocessor file for downSampling.c...
compiling downSampling.c...
linking...
Program Size: Code=8208 RO-data=328 RW-data=64 ZI-data=5896  
FromELF: creating hex file...
"mmm2.axf" - 0 Error(s), 3 Warning(s).
Rebuild target 'Target 1'
assembling Ek_FFT128Real_32b.s...
Ek_FFT128Real_32b.s(43): warning: A1479W: Requested alignment 8 is greater than area alignment 4, which has been increased
assembling Ek_Magnitude.s...
Ek_Magnitude.s(124): warning: A1479W: Requested alignment 8 is greater than area alignment 4, which has been increased
assembling startup_LPC13xx.s...
creating preprocessor file for coreFunctions.c...
compiling coreFunctions.c...
creating preprocessor file for fft.c...
compiling fft.c...
creating preprocessor file for main.c...
compiling main.c...
creating preprocessor file for systemClock.c...
compiling systemClock.c...
creating preprocessor file for timers.c...
compiling timers.c...
creating preprocessor file for uart.c...
compiling uart.c...
creating preprocessor file for ads_spi.c...
compiling ads_spi.c...
ads_spi.c(209): warning:  #177-D: variable "b" was declared but never referenced
ads_spi.c(210): warning:  #177-D: variable "data" was declared but never referenced
ads_spi.c(268): warning:  #550-D: variable "Dummy" was set but never used
creating preprocessor file for events.c...
compiling events.c...
creating preprocessor file for downSampling.c...
compiling downSampling.c...
linking...
Program Size: Code=8216 RO-data=328 RW-data=64 ZI-data=5896  
FromELF: creating hex file...
"mmm2.axf" - 0 Error(s), 5 Warning(s).
Rebuild target 'Target 1'
assembling Ek_FFT128Real_32b.s...
Ek_FFT128Real_32b.s(43): warning: A1479W: Requested alignment 8 is greater than area alignment 4, which has been increased
assembling Ek_Magnitude.s...
Ek_Magnitude.s(124): warning: A1479W: Requested alignment 8 is greater than area alignment 4, which has been increased
assembling startup_LPC13xx.s...
creating preprocessor file for coreFunctions.c...
compiling coreFunctions.c...
creating preprocessor file for fft.c...
compiling fft.c...
creating preprocessor file for main.c...
compiling main.c...
creating preprocessor file for systemClock.c...
compiling systemClock.c...
creating preprocessor file for timers.c...
compiling timers.c...
creating preprocessor file for uart.c...
compiling uart.c...
creating preprocessor file for ads_spi.c...
compiling ads_spi.c...
ads_spi.c(268): warning:  #550-D: variable "Dummy" was set but never used
creating preprocessor file for events.c...
compiling events.c...
creating preprocessor file for downSampling.c...
compiling downSampling.c...
linking...
Program Size: Code=8216 RO-data=328 RW-data=64 ZI-data=5896  
FromELF: creating hex file...
"mmm2.axf" - 0 Error(s), 3 Warning(s).
Rebuild target 'Target 1'
assembling Ek_FFT128Real_32b.s...
Ek_FFT128Real_32b.s(43): warning: A1479W: Requested alignment 8 is greater than area alignment 4, which has been increased
assembling Ek_Magnitude.s...
Ek_Magnitude.s(124): warning: A1479W: Requested alignment 8 is greater than area alignment 4, which has been increased
assembling startup_LPC13xx.s...
creating preprocessor file for coreFunctions.c...
compiling coreFunctions.c...
creating preprocessor file for fft.c...
compiling fft.c...
creating preprocessor file for main.c...
compiling main.c...
creating preprocessor file for systemClock.c...
compiling systemClock.c...
creating preprocessor file for timers.c...
compiling timers.c...
creating preprocessor file for uart.c...
compiling uart.c...
creating preprocessor file for ads_spi.c...
compiling ads_spi.c...
ads_spi.c(220): error:  #20: identifier "b" is undefined
ads_spi.c(222): error:  #20: identifier "data" is undefined
ads_spi.c(269): warning:  #550-D: variable "Dummy" was set but never used
creating preprocessor file for events.c...
compiling events.c...
creating preprocessor file for downSampling.c...
compiling downSampling.c...
Target not created
Rebuild target 'Target 1'
assembling Ek_FFT128Real_32b.s...
Ek_FFT128Real_32b.s(43): warning: A1479W: Requested alignment 8 is greater than area alignment 4, which has been increased
assembling Ek_Magnitude.s...
Ek_Magnitude.s(124): warning: A1479W: Requested alignment 8 is greater than area alignment 4, which has been increased
assembling startup_LPC13xx.s...
creating preprocessor file for coreFunctions.c...
compiling coreFunctions.c...
creating preprocessor file for fft.c...
compiling fft.c...
creating preprocessor file for main.c...
compiling main.c...
creating preprocessor file for systemClock.c...
compiling systemClock.c...
creating preprocessor file for timers.c...
compiling timers.c...
creating preprocessor file for uart.c...
compiling uart.c...
creating preprocessor file for ads_spi.c...
compiling ads_spi.c...
ads_spi.c(269): warning:  #550-D: variable "Dummy" was set but never used
ads_spi.c(176): warning: C3017W: interruptPriority may be used before being set
creating preprocessor file for events.c...
compiling events.c...
creating preprocessor file for downSampling.c...
compiling downSampling.c...
linking...
Program Size: Code=6392 RO-data=328 RW-data=64 ZI-data=5896  
FromELF: creating hex file...
"mmm2.axf" - 0 Error(s), 4 Warning(s).
Rebuild target 'Target 1'
assembling Ek_FFT128Real_32b.s...
Ek_FFT128Real_32b.s(43): warning: A1479W: Requested alignment 8 is greater than area alignment 4, which has been increased
assembling Ek_Magnitude.s...
Ek_Magnitude.s(124): warning: A1479W: Requested alignment 8 is greater than area alignment 4, which has been increased
assembling startup_LPC13xx.s...
creating preprocessor file for coreFunctions.c...
compiling coreFunctions.c...
creating preprocessor file for fft.c...
compiling fft.c...
creating preprocessor file for main.c...
compiling main.c...
creating preprocessor file for systemClock.c...
compiling systemClock.c...
creating preprocessor file for timers.c...
compiling timers.c...
creating preprocessor file for uart.c...
compiling uart.c...
creating preprocessor file for ads_spi.c...
compiling ads_spi.c...
ads_spi.c(209): warning:  #177-D: variable "b" was declared but never referenced
ads_spi.c(210): warning:  #177-D: variable "data" was declared but never referenced
ads_spi.c(270): warning:  #550-D: variable "Dummy" was set but never used
ads_spi.c(176): warning: C3017W: interruptPriority may be used before being set
creating preprocessor file for events.c...
compiling events.c...
creating preprocessor file for downSampling.c...
compiling downSampling.c...
linking...
Program Size: Code=6400 RO-data=328 RW-data=64 ZI-data=5896  
FromELF: creating hex file...
"mmm2.axf" - 0 Error(s), 6 Warning(s).
Rebuild target 'Target 1'
assembling Ek_FFT128Real_32b.s...
Ek_FFT128Real_32b.s(43): warning: A1479W: Requested alignment 8 is greater than area alignment 4, which has been increased
assembling Ek_Magnitude.s...
Ek_Magnitude.s(124): warning: A1479W: Requested alignment 8 is greater than area alignment 4, which has been increased
assembling startup_LPC13xx.s...
creating preprocessor file for coreFunctions.c...
compiling coreFunctions.c...
creating preprocessor file for fft.c...
compiling fft.c...
creating preprocessor file for main.c...
compiling main.c...
creating preprocessor file for systemClock.c...
compiling systemClock.c...
creating preprocessor file for timers.c...
compiling timers.c...
creating preprocessor file for uart.c...
compiling uart.c...
creating preprocessor file for ads_spi.c...
compiling ads_spi.c...
ads_spi.c(270): warning:  #550-D: variable "Dummy" was set but never used
ads_spi.c(176): warning: C3017W: interruptPriority may be used before being set
creating preprocessor file for events.c...
compiling events.c...
creating preprocessor file for downSampling.c...
compiling downSampling.c...
linking...
Program Size: Code=6392 RO-data=328 RW-data=64 ZI-data=5896  
FromELF: creating hex file...
"mmm2.axf" - 0 Error(s), 4 Warning(s).
Rebuild target 'Target 1'
assembling Ek_FFT128Real_32b.s...
Ek_FFT128Real_32b.s(43): warning: A1479W: Requested alignment 8 is greater than area alignment 4, which has been increased
assembling Ek_Magnitude.s...
Ek_Magnitude.s(124): warning: A1479W: Requested alignment 8 is greater than area alignment 4, which has been increased
assembling startup_LPC13xx.s...
creating preprocessor file for coreFunctions.c...
compiling coreFunctions.c...
creating preprocessor file for fft.c...
compiling fft.c...
creating preprocessor file for main.c...
compiling main.c...
creating preprocessor file for systemClock.c...
compiling systemClock.c...
creating preprocessor file for timers.c...
compiling timers.c...
creating preprocessor file for uart.c...
compiling uart.c...
creating preprocessor file for ads_spi.c...
compiling ads_spi.c...
ads_spi.c(209): warning:  #177-D: variable "b" was declared but never referenced
ads_spi.c(210): warning:  #177-D: variable "data" was declared but never referenced
ads_spi.c(270): warning:  #550-D: variable "Dummy" was set but never used
ads_spi.c(176): warning: C3017W: interruptPriority may be used before being set
creating preprocessor file for events.c...
compiling events.c...
creating preprocessor file for downSampling.c...
compiling downSampling.c...
linking...
Program Size: Code=6400 RO-data=328 RW-data=64 ZI-data=5896  
FromELF: creating hex file...
"mmm2.axf" - 0 Error(s), 6 Warning(s).
Rebuild target 'Target 1'
assembling Ek_FFT128Real_32b.s...
Ek_FFT128Real_32b.s(43): warning: A1479W: Requested alignment 8 is greater than area alignment 4, which has been increased
assembling Ek_Magnitude.s...
Ek_Magnitude.s(124): warning: A1479W: Requested alignment 8 is greater than area alignment 4, which has been increased
assembling startup_LPC13xx.s...
creating preprocessor file for coreFunctions.c...
compiling coreFunctions.c...
creating preprocessor file for fft.c...
compiling fft.c...
creating preprocessor file for main.c...
compiling main.c...
creating preprocessor file for systemClock.c...
compiling systemClock.c...
creating preprocessor file for timers.c...
compiling timers.c...
creating preprocessor file for uart.c...
compiling uart.c...
creating preprocessor file for ads_spi.c...
compiling ads_spi.c...
ads_spi.c(213): warning:  #177-D: variable "b" was declared but never referenced
ads_spi.c(214): warning:  #177-D: variable "data" was declared but never referenced
ads_spi.c(276): warning:  #550-D: variable "Dummy" was set but never used
ads_spi.c(176): warning: C3017W: interruptPriority may be used before being set
creating preprocessor file for events.c...
compiling events.c...
creating preprocessor file for downSampling.c...
compiling downSampling.c...
linking...
Program Size: Code=6400 RO-data=328 RW-data=64 ZI-data=5896  
FromELF: creating hex file...
"mmm2.axf" - 0 Error(s), 6 Warning(s).
Rebuild target 'Target 1'
assembling Ek_FFT128Real_32b.s...
Ek_FFT128Real_32b.s(43): warning: A1479W: Requested alignment 8 is greater than area alignment 4, which has been increased
assembling Ek_Magnitude.s...
Ek_Magnitude.s(124): warning: A1479W: Requested alignment 8 is greater than area alignment 4, which has been increased
assembling startup_LPC13xx.s...
creating preprocessor file for coreFunctions.c...
compiling coreFunctions.c...
creating preprocessor file for fft.c...
compiling fft.c...
creating preprocessor file for main.c...
compiling main.c...
creating preprocessor file for systemClock.c...
compiling systemClock.c...
creating preprocessor file for timers.c...
compiling timers.c...
creating preprocessor file for uart.c...
compiling uart.c...
creating preprocessor file for ads_spi.c...
compiling ads_spi.c...
ads_spi.c(276): warning:  #550-D: variable "Dummy" was set but never used
ads_spi.c(176): warning: C3017W: interruptPriority may be used before being set
creating preprocessor file for events.c...
compiling events.c...
creating preprocessor file for downSampling.c...
compiling downSampling.c...
linking...
Program Size: Code=6400 RO-data=328 RW-data=64 ZI-data=5896  
FromELF: creating hex file...
"mmm2.axf" - 0 Error(s), 4 Warning(s).
Rebuild target 'Target 1'
assembling Ek_FFT128Real_32b.s...
Ek_FFT128Real_32b.s(43): warning: A1479W: Requested alignment 8 is greater than area alignment 4, which has been increased
assembling Ek_Magnitude.s...
Ek_Magnitude.s(124): warning: A1479W: Requested alignment 8 is greater than area alignment 4, which has been increased
assembling startup_LPC13xx.s...
creating preprocessor file for coreFunctions.c...
compiling coreFunctions.c...
creating preprocessor file for fft.c...
compiling fft.c...
creating preprocessor file for main.c...
compiling main.c...
creating preprocessor file for systemClock.c...
compiling systemClock.c...
creating preprocessor file for timers.c...
compiling timers.c...
creating preprocessor file for uart.c...
compiling uart.c...
creating preprocessor file for ads_spi.c...
compiling ads_spi.c...
ads_spi.c(275): warning:  #550-D: variable "Dummy" was set but never used
creating preprocessor file for events.c...
compiling events.c...
creating preprocessor file for downSampling.c...
compiling downSampling.c...
linking...
Program Size: Code=6400 RO-data=328 RW-data=64 ZI-data=5896  
FromELF: creating hex file...
"mmm2.axf" - 0 Error(s), 3 Warning(s).
Rebuild target 'Target 1'
assembling Ek_FFT128Real_32b.s...
Ek_FFT128Real_32b.s(43): warning: A1479W: Requested alignment 8 is greater than area alignment 4, which has been increased
assembling Ek_Magnitude.s...
Ek_Magnitude.s(124): warning: A1479W: Requested alignment 8 is greater than area alignment 4, which has been increased
assembling startup_LPC13xx.s...
creating preprocessor file for coreFunctions.c...
compiling coreFunctions.c...
creating preprocessor file for fft.c...
compiling fft.c...
creating preprocessor file for main.c...
compiling main.c...
creating preprocessor file for systemClock.c...
compiling systemClock.c...
creating preprocessor file for timers.c...
compiling timers.c...
creating preprocessor file for uart.c...
compiling uart.c...
creating preprocessor file for ads_spi.c...
compiling ads_spi.c...
ads_spi.c(272): error:  #20: identifier "a" is undefined
ads_spi.c(287): warning:  #550-D: variable "Dummy" was set but never used
creating preprocessor file for events.c...
compiling events.c...
creating preprocessor file for downSampling.c...
compiling downSampling.c...
Target not created
Rebuild target 'Target 1'
assembling Ek_FFT128Real_32b.s...
Ek_FFT128Real_32b.s(43): warning: A1479W: Requested alignment 8 is greater than area alignment 4, which has been increased
assembling Ek_Magnitude.s...
Ek_Magnitude.s(124): warning: A1479W: Requested alignment 8 is greater than area alignment 4, which has been increased
assembling startup_LPC13xx.s...
creating preprocessor file for coreFunctions.c...
compiling coreFunctions.c...
creating preprocessor file for fft.c...
compiling fft.c...
creating preprocessor file for main.c...
compiling main.c...
creating preprocessor file for systemClock.c...
compiling systemClock.c...
creating preprocessor file for timers.c...
compiling timers.c...
creating preprocessor file for uart.c...
compiling uart.c...
creating preprocessor file for ads_spi.c...
compiling ads_spi.c...
ads_spi.c(287): warning:  #550-D: variable "Dummy" was set but never used
creating preprocessor file for events.c...
compiling events.c...
creating preprocessor file for downSampling.c...
compiling downSampling.c...
linking...
Program Size: Code=6616 RO-data=328 RW-data=64 ZI-data=5896  
FromELF: creating hex file...
"mmm2.axf" - 0 Error(s), 3 Warning(s).
Rebuild target 'Target 1'
assembling Ek_FFT128Real_32b.s...
Ek_FFT128Real_32b.s(43): warning: A1479W: Requested alignment 8 is greater than area alignment 4, which has been increased
assembling Ek_Magnitude.s...
Ek_Magnitude.s(124): warning: A1479W: Requested alignment 8 is greater than area alignment 4, which has been increased
assembling startup_LPC13xx.s...
creating preprocessor file for coreFunctions.c...
compiling coreFunctions.c...
creating preprocessor file for fft.c...
compiling fft.c...
creating preprocessor file for main.c...
compiling main.c...
creating preprocessor file for systemClock.c...
compiling systemClock.c...
creating preprocessor file for timers.c...
compiling timers.c...
creating preprocessor file for uart.c...
compiling uart.c...
creating preprocessor file for ads_spi.c...
compiling ads_spi.c...
ads_spi.c(241): warning:  #223-D: function "SPI0_READ" declared implicitly
ads_spi.c(292): warning:  #550-D: variable "Dummy" was set but never used
creating preprocessor file for events.c...
compiling events.c...
creating preprocessor file for downSampling.c...
compiling downSampling.c...
linking...
mmm2.axf: Error: L6218E: Undefined symbol SPI0_READ (referred from ads_spi.o).
Target not created
Rebuild target 'Target 1'
assembling Ek_FFT128Real_32b.s...
Ek_FFT128Real_32b.s(43): warning: A1479W: Requested alignment 8 is greater than area alignment 4, which has been increased
assembling Ek_Magnitude.s...
Ek_Magnitude.s(124): warning: A1479W: Requested alignment 8 is greater than area alignment 4, which has been increased
assembling startup_LPC13xx.s...
creating preprocessor file for coreFunctions.c...
compiling coreFunctions.c...
creating preprocessor file for fft.c...
compiling fft.c...
creating preprocessor file for main.c...
compiling main.c...
creating preprocessor file for systemClock.c...
compiling systemClock.c...
creating preprocessor file for timers.c...
compiling timers.c...
creating preprocessor file for uart.c...
compiling uart.c...
creating preprocessor file for ads_spi.c...
compiling ads_spi.c...
ads_spi.c(292): warning:  #550-D: variable "Dummy" was set but never used
creating preprocessor file for events.c...
compiling events.c...
creating preprocessor file for downSampling.c...
compiling downSampling.c...
linking...
Program Size: Code=6400 RO-data=328 RW-data=64 ZI-data=5896  
FromELF: creating hex file...
"mmm2.axf" - 0 Error(s), 3 Warning(s).
Rebuild target 'Target 1'
assembling Ek_FFT128Real_32b.s...
Ek_FFT128Real_32b.s(43): warning: A1479W: Requested alignment 8 is greater than area alignment 4, which has been increased
assembling Ek_Magnitude.s...
Ek_Magnitude.s(124): warning: A1479W: Requested alignment 8 is greater than area alignment 4, which has been increased
assembling startup_LPC13xx.s...
creating preprocessor file for coreFunctions.c...
compiling coreFunctions.c...
creating preprocessor file for fft.c...
compiling fft.c...
creating preprocessor file for main.c...
compiling main.c...
creating preprocessor file for systemClock.c...
compiling systemClock.c...
creating preprocessor file for timers.c...
compiling timers.c...
creating preprocessor file for uart.c...
compiling uart.c...
creating preprocessor file for ads_spi.c...
compiling ads_spi.c...
ads_spi.c(296): warning:  #550-D: variable "Dummy" was set but never used
creating preprocessor file for events.c...
compiling events.c...
creating preprocessor file for downSampling.c...
compiling downSampling.c...
linking...
Program Size: Code=6424 RO-data=328 RW-data=64 ZI-data=5896  
FromELF: creating hex file...
"mmm2.axf" - 0 Error(s), 3 Warning(s).
Rebuild target 'Target 1'
assembling Ek_FFT128Real_32b.s...
Ek_FFT128Real_32b.s(43): warning: A1479W: Requested alignment 8 is greater than area alignment 4, which has been increased
assembling Ek_Magnitude.s...
Ek_Magnitude.s(124): warning: A1479W: Requested alignment 8 is greater than area alignment 4, which has been increased
assembling startup_LPC13xx.s...
creating preprocessor file for coreFunctions.c...
compiling coreFunctions.c...
creating preprocessor file for fft.c...
compiling fft.c...
creating preprocessor file for main.c...
compiling main.c...
creating preprocessor file for systemClock.c...
compiling systemClock.c...
creating preprocessor file for timers.c...
compiling timers.c...
creating preprocessor file for uart.c...
compiling uart.c...
creating preprocessor file for ads_spi.c...
compiling ads_spi.c...
ads_spi.c(217): error:  #77-D: this declaration has no storage class or type specifier
ads_spi.c(217): error:  #65: expected a ";"
ads_spi.c(301): warning:  #550-D: variable "Dummy" was set but never used
creating preprocessor file for events.c...
compiling events.c...
creating preprocessor file for downSampling.c...
compiling downSampling.c...
Target not created
Rebuild target 'Target 1'
assembling Ek_FFT128Real_32b.s...
Ek_FFT128Real_32b.s(43): warning: A1479W: Requested alignment 8 is greater than area alignment 4, which has been increased
assembling Ek_Magnitude.s...
Ek_Magnitude.s(124): warning: A1479W: Requested alignment 8 is greater than area alignment 4, which has been increased
assembling startup_LPC13xx.s...
creating preprocessor file for coreFunctions.c...
compiling coreFunctions.c...
creating preprocessor file for fft.c...
compiling fft.c...
creating preprocessor file for main.c...
compiling main.c...
creating preprocessor file for systemClock.c...
compiling systemClock.c...
creating preprocessor file for timers.c...
compiling timers.c...
creating preprocessor file for uart.c...
compiling uart.c...
creating preprocessor file for ads_spi.c...
compiling ads_spi.c...
ads_spi.c(301): warning:  #550-D: variable "Dummy" was set but never used
creating preprocessor file for events.c...
compiling events.c...
creating preprocessor file for downSampling.c...
compiling downSampling.c...
linking...
Program Size: Code=6448 RO-data=328 RW-data=68 ZI-data=5900  
FromELF: creating hex file...
"mmm2.axf" - 0 Error(s), 3 Warning(s).
Rebuild target 'Target 1'
assembling Ek_FFT128Real_32b.s...
Ek_FFT128Real_32b.s(43): warning: A1479W: Requested alignment 8 is greater than area alignment 4, which has been increased
assembling Ek_Magnitude.s...
Ek_Magnitude.s(124): warning: A1479W: Requested alignment 8 is greater than area alignment 4, which has been increased
assembling startup_LPC13xx.s...
creating preprocessor file for coreFunctions.c...
compiling coreFunctions.c...
creating preprocessor file for fft.c...
compiling fft.c...
creating preprocessor file for main.c...
compiling main.c...
creating preprocessor file for systemClock.c...
compiling systemClock.c...
creating preprocessor file for timers.c...
compiling timers.c...
creating preprocessor file for uart.c...
compiling uart.c...
creating preprocessor file for ads_spi.c...
compiling ads_spi.c...
ads_spi.c(301): warning:  #550-D: variable "Dummy" was set but never used
creating preprocessor file for events.c...
compiling events.c...
creating preprocessor file for downSampling.c...
compiling downSampling.c...
linking...
Program Size: Code=6448 RO-data=328 RW-data=68 ZI-data=5900  
FromELF: creating hex file...
"mmm2.axf" - 0 Error(s), 3 Warning(s).
Rebuild target 'Target 1'
assembling Ek_FFT128Real_32b.s...
Ek_FFT128Real_32b.s(43): warning: A1479W: Requested alignment 8 is greater than area alignment 4, which has been increased
assembling Ek_Magnitude.s...
Ek_Magnitude.s(124): warning: A1479W: Requested alignment 8 is greater than area alignment 4, which has been increased
assembling startup_LPC13xx.s...
creating preprocessor file for coreFunctions.c...
compiling coreFunctions.c...
creating preprocessor file for fft.c...
compiling fft.c...
creating preprocessor file for main.c...
compiling main.c...
creating preprocessor file for systemClock.c...
compiling systemClock.c...
creating preprocessor file for timers.c...
compiling timers.c...
creating preprocessor file for uart.c...
compiling uart.c...
creating preprocessor file for ads_spi.c...
compiling ads_spi.c...
ads_spi.c(301): warning:  #550-D: variable "Dummy" was set but never used
creating preprocessor file for events.c...
compiling events.c...
creating preprocessor file for downSampling.c...
compiling downSampling.c...
linking...
Program Size: Code=6448 RO-data=328 RW-data=68 ZI-data=5900  
FromELF: creating hex file...
"mmm2.axf" - 0 Error(s), 3 Warning(s).
Rebuild target 'Target 1'
assembling Ek_FFT128Real_32b.s...
Ek_FFT128Real_32b.s(43): warning: A1479W: Requested alignment 8 is greater than area alignment 4, which has been increased
assembling Ek_Magnitude.s...
Ek_Magnitude.s(124): warning: A1479W: Requested alignment 8 is greater than area alignment 4, which has been increased
assembling startup_LPC13xx.s...
creating preprocessor file for coreFunctions.c...
compiling coreFunctions.c...
creating preprocessor file for fft.c...
compiling fft.c...
creating preprocessor file for main.c...
compiling main.c...
creating preprocessor file for systemClock.c...
compiling systemClock.c...
creating preprocessor file for timers.c...
compiling timers.c...
creating preprocessor file for uart.c...
compiling uart.c...
creating preprocessor file for ads_spi.c...
compiling ads_spi.c...
ads_spi.c(301): warning:  #550-D: variable "Dummy" was set but never used
creating preprocessor file for events.c...
compiling events.c...
creating preprocessor file for downSampling.c...
compiling downSampling.c...
linking...
Program Size: Code=6448 RO-data=328 RW-data=68 ZI-data=5900  
FromELF: creating hex file...
"mmm2.axf" - 0 Error(s), 3 Warning(s).
Rebuild target 'Target 1'
assembling Ek_FFT128Real_32b.s...
Ek_FFT128Real_32b.s(43): warning: A1479W: Requested alignment 8 is greater than area alignment 4, which has been increased
assembling Ek_Magnitude.s...
Ek_Magnitude.s(124): warning: A1479W: Requested alignment 8 is greater than area alignment 4, which has been increased
assembling startup_LPC13xx.s...
creating preprocessor file for coreFunctions.c...
compiling coreFunctions.c...
creating preprocessor file for fft.c...
compiling fft.c...
creating preprocessor file for main.c...
compiling main.c...
creating preprocessor file for systemClock.c...
compiling systemClock.c...
creating preprocessor file for timers.c...
compiling timers.c...
creating preprocessor file for uart.c...
compiling uart.c...
creating preprocessor file for ads_spi.c...
compiling ads_spi.c...
ads_spi.c(301): warning:  #550-D: variable "Dummy" was set but never used
creating preprocessor file for events.c...
compiling events.c...
creating preprocessor file for downSampling.c...
compiling downSampling.c...
linking...
Program Size: Code=6448 RO-data=328 RW-data=68 ZI-data=5900  
FromELF: creating hex file...
"mmm2.axf" - 0 Error(s), 3 Warning(s).
Rebuild target 'Target 1'
assembling Ek_FFT128Real_32b.s...
Ek_FFT128Real_32b.s(43): warning: A1479W: Requested alignment 8 is greater than area alignment 4, which has been increased
assembling Ek_Magnitude.s...
Ek_Magnitude.s(124): warning: A1479W: Requested alignment 8 is greater than area alignment 4, which has been increased
assembling startup_LPC13xx.s...
creating preprocessor file for coreFunctions.c...
compiling coreFunctions.c...
creating preprocessor file for fft.c...
compiling fft.c...
creating preprocessor file for main.c...
compiling main.c...
creating preprocessor file for systemClock.c...
compiling systemClock.c...
creating preprocessor file for timers.c...
compiling timers.c...
creating preprocessor file for uart.c...
compiling uart.c...
creating preprocessor file for ads_spi.c...
compiling ads_spi.c...
ads_spi.c(301): warning:  #550-D: variable "Dummy" was set but never used
creating preprocessor file for events.c...
compiling events.c...
creating preprocessor file for downSampling.c...
compiling downSampling.c...
linking...
Program Size: Code=6448 RO-data=328 RW-data=68 ZI-data=5900  
FromELF: creating hex file...
"mmm2.axf" - 0 Error(s), 3 Warning(s).
Rebuild target 'Target 1'
assembling Ek_FFT128Real_32b.s...
Ek_FFT128Real_32b.s(43): warning: A1479W: Requested alignment 8 is greater than area alignment 4, which has been increased
assembling Ek_Magnitude.s...
Ek_Magnitude.s(124): warning: A1479W: Requested alignment 8 is greater than area alignment 4, which has been increased
assembling startup_LPC13xx.s...
creating preprocessor file for coreFunctions.c...
compiling coreFunctions.c...
creating preprocessor file for fft.c...
compiling fft.c...
creating preprocessor file for main.c...
compiling main.c...
creating preprocessor file for systemClock.c...
compiling systemClock.c...
creating preprocessor file for timers.c...
compiling timers.c...
creating preprocessor file for uart.c...
compiling uart.c...
creating preprocessor file for ads_spi.c...
compiling ads_spi.c...
ads_spi.c(301): warning:  #550-D: variable "Dummy" was set but never used
creating preprocessor file for events.c...
compiling events.c...
creating preprocessor file for downSampling.c...
compiling downSampling.c...
linking...
Program Size: Code=6448 RO-data=328 RW-data=68 ZI-data=5900  
FromELF: creating hex file...
"mmm2.axf" - 0 Error(s), 3 Warning(s).
Rebuild target 'Target 1'
assembling Ek_FFT128Real_32b.s...
Ek_FFT128Real_32b.s(43): warning: A1479W: Requested alignment 8 is greater than area alignment 4, which has been increased
assembling Ek_Magnitude.s...
Ek_Magnitude.s(124): warning: A1479W: Requested alignment 8 is greater than area alignment 4, which has been increased
assembling startup_LPC13xx.s...
creating preprocessor file for coreFunctions.c...
compiling coreFunctions.c...
creating preprocessor file for fft.c...
compiling fft.c...
creating preprocessor file for main.c...
compiling main.c...
creating preprocessor file for systemClock.c...
compiling systemClock.c...
creating preprocessor file for timers.c...
compiling timers.c...
creating preprocessor file for uart.c...
compiling uart.c...
creating preprocessor file for ads_spi.c...
compiling ads_spi.c...
ads_spi.c(301): warning:  #550-D: variable "Dummy" was set but never used
creating preprocessor file for events.c...
compiling events.c...
creating preprocessor file for downSampling.c...
compiling downSampling.c...
linking...
Program Size: Code=6448 RO-data=328 RW-data=68 ZI-data=5900  
FromELF: creating hex file...
"mmm2.axf" - 0 Error(s), 3 Warning(s).
Rebuild target 'Target 1'
assembling Ek_FFT128Real_32b.s...
Ek_FFT128Real_32b.s(43): warning: A1479W: Requested alignment 8 is greater than area alignment 4, which has been increased
assembling Ek_Magnitude.s...
Ek_Magnitude.s(124): warning: A1479W: Requested alignment 8 is greater than area alignment 4, which has been increased
assembling startup_LPC13xx.s...
creating preprocessor file for coreFunctions.c...
compiling coreFunctions.c...
creating preprocessor file for fft.c...
compiling fft.c...
creating preprocessor file for main.c...
compiling main.c...
creating preprocessor file for systemClock.c...
compiling systemClock.c...
creating preprocessor file for timers.c...
compiling timers.c...
creating preprocessor file for uart.c...
compiling uart.c...
creating preprocessor file for ads_spi.c...
compiling ads_spi.c...
ads_spi.c(298): warning:  #550-D: variable "Dummy" was set but never used
creating preprocessor file for events.c...
compiling events.c...
creating preprocessor file for downSampling.c...
compiling downSampling.c...
linking...
Program Size: Code=6448 RO-data=328 RW-data=68 ZI-data=5900  
FromELF: creating hex file...
"mmm2.axf" - 0 Error(s), 3 Warning(s).
Rebuild target 'Target 1'
assembling Ek_FFT128Real_32b.s...
Ek_FFT128Real_32b.s(43): warning: A1479W: Requested alignment 8 is greater than area alignment 4, which has been increased
assembling Ek_Magnitude.s...
Ek_Magnitude.s(124): warning: A1479W: Requested alignment 8 is greater than area alignment 4, which has been increased
assembling startup_LPC13xx.s...
creating preprocessor file for coreFunctions.c...
compiling coreFunctions.c...
creating preprocessor file for fft.c...
compiling fft.c...
creating preprocessor file for main.c...
compiling main.c...
creating preprocessor file for systemClock.c...
compiling systemClock.c...
creating preprocessor file for timers.c...
compiling timers.c...
creating preprocessor file for uart.c...
compiling uart.c...
creating preprocessor file for ads_spi.c...
compiling ads_spi.c...
ads_spi.c(295): warning:  #550-D: variable "Dummy" was set but never used
creating preprocessor file for events.c...
compiling events.c...
creating preprocessor file for downSampling.c...
compiling downSampling.c...
linking...
Program Size: Code=6424 RO-data=328 RW-data=60 ZI-data=5900  
FromELF: creating hex file...
"mmm2.axf" - 0 Error(s), 3 Warning(s).
Rebuild target 'Target 1'
assembling Ek_FFT128Real_32b.s...
Ek_FFT128Real_32b.s(43): warning: A1479W: Requested alignment 8 is greater than area alignment 4, which has been increased
assembling Ek_Magnitude.s...
Ek_Magnitude.s(124): warning: A1479W: Requested alignment 8 is greater than area alignment 4, which has been increased
assembling startup_LPC13xx.s...
creating preprocessor file for coreFunctions.c...
compiling coreFunctions.c...
creating preprocessor file for fft.c...
compiling fft.c...
creating preprocessor file for main.c...
compiling main.c...
creating preprocessor file for systemClock.c...
compiling systemClock.c...
creating preprocessor file for timers.c...
compiling timers.c...
creating preprocessor file for uart.c...
compiling uart.c...
creating preprocessor file for ads_spi.c...
compiling ads_spi.c...
ads_spi.c(269): warning:  #550-D: variable "Dummy" was set but never used
creating preprocessor file for events.c...
compiling events.c...
creating preprocessor file for downSampling.c...
compiling downSampling.c...
linking...
Program Size: Code=6384 RO-data=328 RW-data=60 ZI-data=5900  
FromELF: creating hex file...
"mmm2.axf" - 0 Error(s), 3 Warning(s).
