<html>
<body>
<pre>
<h1>µVision Build Log</h1>
<h2>Project:</h2>
C:\Users\Nick\Desktop\MuscleMate\LPC1343Testing\MuscleMate Microcontroller\mmm2.uvproj
Project File Date:  06/23/2012

<h2>Output:</h2>
Rebuild target 'Target 1'
assembling Ek_FFT128Real_32b.s...
Ek_FFT128Real_32b.s(43): warning: A1479W: Requested alignment 8 is greater than area alignment 4, which has been increased
assembling Ek_Magnitude.s...
Ek_Magnitude.s(124): warning: A1479W: Requested alignment 8 is greater than area alignment 4, which has been increased
assembling startup_LPC13xx.s...
compiling coreFunctions.c...
compiling fft.c...
compiling main.c...
compiling systemClock.c...
systemClock.c(17): warning:  #174-D: expression has no effect
compiling timers.c...
compiling uart.c...
uart.c(59): warning:  #177-D: variable "command" was declared but never referenced
uart.c(90): warning:  #550-D: variable "temp" was set but never used
linking...
Program Size: Code=4080 RO-data=328 RW-data=32 ZI-data=5824  
"mmm2.axf" - 0 Error(s), 5 Warning(s).
Rebuild target 'Target 1'
assembling Ek_FFT128Real_32b.s...
Ek_FFT128Real_32b.s(43): warning: A1479W: Requested alignment 8 is greater than area alignment 4, which has been increased
assembling Ek_Magnitude.s...
Ek_Magnitude.s(124): warning: A1479W: Requested alignment 8 is greater than area alignment 4, which has been increased
assembling startup_LPC13xx.s...
compiling coreFunctions.c...
compiling fft.c...
compiling main.c...
compiling systemClock.c...
systemClock.c(17): warning:  #174-D: expression has no effect
compiling timers.c...
compiling uart.c...
uart.c(59): warning:  #177-D: variable "command" was declared but never referenced
uart.c(90): warning:  #550-D: variable "temp" was set but never used
compiling ads_spi.c...
ads_spi.c(3): error:  #20: identifier "AdsSampleRates" is undefined
ads_spi.c(6): warning:  #1-D: last line of file ends without a newline
Target not created
Rebuild target 'Target 1'
assembling Ek_FFT128Real_32b.s...
Ek_FFT128Real_32b.s(43): warning: A1479W: Requested alignment 8 is greater than area alignment 4, which has been increased
assembling Ek_Magnitude.s...
Ek_Magnitude.s(124): warning: A1479W: Requested alignment 8 is greater than area alignment 4, which has been increased
assembling startup_LPC13xx.s...
compiling coreFunctions.c...
compiling fft.c...
compiling main.c...
compiling systemClock.c...
systemClock.c(17): warning:  #174-D: expression has no effect
compiling timers.c...
compiling uart.c...
uart.c(59): warning:  #177-D: variable "command" was declared but never referenced
uart.c(90): warning:  #550-D: variable "temp" was set but never used
compiling ads_spi.c...
ads_spi.h(13): warning:  #1-D: last line of file ends without a newline
ads_spi.h(13): error:  #65: expected a ";"
ads_spi.h(13): error:  #20: identifier "AdsSampleRates" is undefined
ads_spi.c(4): error:  #20: identifier "AdsSampleRates" is undefined
Target not created
Rebuild target 'Target 1'
assembling Ek_FFT128Real_32b.s...
Ek_FFT128Real_32b.s(43): warning: A1479W: Requested alignment 8 is greater than area alignment 4, which has been increased
assembling Ek_Magnitude.s...
Ek_Magnitude.s(124): warning: A1479W: Requested alignment 8 is greater than area alignment 4, which has been increased
assembling startup_LPC13xx.s...
compiling coreFunctions.c...
compiling fft.c...
compiling main.c...
compiling systemClock.c...
systemClock.c(17): warning:  #174-D: expression has no effect
compiling timers.c...
compiling uart.c...
uart.c(59): warning:  #177-D: variable "command" was declared but never referenced
uart.c(90): warning:  #550-D: variable "temp" was set but never used
compiling ads_spi.c...
ads_spi.h(13): warning:  #1-D: last line of file ends without a newline
ads_spi.h(13): error:  #65: expected a ";"
ads_spi.h(13): error:  #20: identifier "AdsSampleRates" is undefined
ads_spi.c(4): error:  #20: identifier "AdsSampleRates" is undefined
Target not created
Rebuild target 'Target 1'
assembling Ek_FFT128Real_32b.s...
Ek_FFT128Real_32b.s(43): warning: A1479W: Requested alignment 8 is greater than area alignment 4, which has been increased
assembling Ek_Magnitude.s...
Ek_Magnitude.s(124): warning: A1479W: Requested alignment 8 is greater than area alignment 4, which has been increased
assembling startup_LPC13xx.s...
compiling coreFunctions.c...
compiling fft.c...
compiling main.c...
compiling systemClock.c...
systemClock.c(17): warning:  #174-D: expression has no effect
compiling timers.c...
compiling uart.c...
uart.c(59): warning:  #177-D: variable "command" was declared but never referenced
uart.c(90): warning:  #550-D: variable "temp" was set but never used
compiling ads_spi.c...
ads_spi.h(13): error:  #65: expected a ";"
Target not created
Rebuild target 'Target 1'
assembling Ek_FFT128Real_32b.s...
Ek_FFT128Real_32b.s(43): warning: A1479W: Requested alignment 8 is greater than area alignment 4, which has been increased
assembling Ek_Magnitude.s...
Ek_Magnitude.s(124): warning: A1479W: Requested alignment 8 is greater than area alignment 4, which has been increased
assembling startup_LPC13xx.s...
compiling coreFunctions.c...
compiling fft.c...
compiling main.c...
compiling systemClock.c...
systemClock.c(17): warning:  #174-D: expression has no effect
compiling timers.c...
compiling uart.c...
uart.c(59): warning:  #177-D: variable "command" was declared but never referenced
uart.c(90): warning:  #550-D: variable "temp" was set but never used
compiling ads_spi.c...
ads_spi.h(13): error:  #20: identifier "AdsSampleRates" is undefined
ads_spi.c(4): error:  #20: identifier "AdsSampleRates" is undefined
Target not created
Rebuild target 'Target 1'
assembling Ek_FFT128Real_32b.s...
Ek_FFT128Real_32b.s(43): warning: A1479W: Requested alignment 8 is greater than area alignment 4, which has been increased
assembling Ek_Magnitude.s...
Ek_Magnitude.s(124): warning: A1479W: Requested alignment 8 is greater than area alignment 4, which has been increased
assembling startup_LPC13xx.s...
compiling coreFunctions.c...
compiling fft.c...
compiling main.c...
compiling systemClock.c...
systemClock.c(17): warning:  #174-D: expression has no effect
compiling timers.c...
compiling uart.c...
uart.c(59): warning:  #177-D: variable "command" was declared but never referenced
uart.c(90): warning:  #550-D: variable "temp" was set but never used
compiling ads_spi.c...
ads_spi.h(2): error:  #77-D: this declaration has no storage class or type specifier
ads_spi.h(2): error:  #65: expected a ";"
ads_spi.h(10): warning:  #12-D: parsing restarts here after previous syntax error
ads_spi.h(13): error:  #20: identifier "AdsSampleRates" is undefined
ads_spi.c(4): error:  #20: identifier "AdsSampleRates" is undefined
Target not created
Rebuild target 'Target 1'
assembling Ek_FFT128Real_32b.s...
Ek_FFT128Real_32b.s(43): warning: A1479W: Requested alignment 8 is greater than area alignment 4, which has been increased
assembling Ek_Magnitude.s...
Ek_Magnitude.s(124): warning: A1479W: Requested alignment 8 is greater than area alignment 4, which has been increased
assembling startup_LPC13xx.s...
compiling coreFunctions.c...
compiling fft.c...
compiling main.c...
compiling systemClock.c...
systemClock.c(17): warning:  #174-D: expression has no effect
compiling timers.c...
compiling uart.c...
uart.c(59): warning:  #177-D: variable "command" was declared but never referenced
uart.c(90): warning:  #550-D: variable "temp" was set but never used
compiling ads_spi.c...
ads_spi.h(13): error:  #757: variable "AdsSampleRates" is not a type name
ads_spi.c(4): error:  #757: variable "AdsSampleRates" is not a type name
Target not created
Rebuild target 'Target 1'
assembling Ek_FFT128Real_32b.s...
Ek_FFT128Real_32b.s(43): warning: A1479W: Requested alignment 8 is greater than area alignment 4, which has been increased
assembling Ek_Magnitude.s...
Ek_Magnitude.s(124): warning: A1479W: Requested alignment 8 is greater than area alignment 4, which has been increased
assembling startup_LPC13xx.s...
compiling coreFunctions.c...
compiling fft.c...
compiling main.c...
compiling systemClock.c...
systemClock.c(17): warning:  #174-D: expression has no effect
compiling timers.c...
compiling uart.c...
uart.c(59): warning:  #177-D: variable "command" was declared but never referenced
uart.c(90): warning:  #550-D: variable "temp" was set but never used
compiling ads_spi.c...
ads_spi.c(4): error:  #20: identifier "AdsSampleRates" is undefined
Target not created
Rebuild target 'Target 1'
assembling Ek_FFT128Real_32b.s...
Ek_FFT128Real_32b.s(43): warning: A1479W: Requested alignment 8 is greater than area alignment 4, which has been increased
assembling Ek_Magnitude.s...
Ek_Magnitude.s(124): warning: A1479W: Requested alignment 8 is greater than area alignment 4, which has been increased
assembling startup_LPC13xx.s...
compiling coreFunctions.c...
compiling fft.c...
compiling main.c...
compiling systemClock.c...
systemClock.c(17): warning:  #174-D: expression has no effect
compiling timers.c...
compiling uart.c...
uart.c(59): warning:  #177-D: variable "command" was declared but never referenced
uart.c(90): warning:  #550-D: variable "temp" was set but never used
compiling ads_spi.c...
linking...
Program Size: Code=4080 RO-data=328 RW-data=32 ZI-data=5824  
"mmm2.axf" - 0 Error(s), 5 Warning(s).
Rebuild target 'Target 1'
assembling Ek_FFT128Real_32b.s...
Ek_FFT128Real_32b.s(43): warning: A1479W: Requested alignment 8 is greater than area alignment 4, which has been increased
assembling Ek_Magnitude.s...
Ek_Magnitude.s(124): warning: A1479W: Requested alignment 8 is greater than area alignment 4, which has been increased
assembling startup_LPC13xx.s...
compiling coreFunctions.c...
compiling fft.c...
compiling main.c...
compiling systemClock.c...
systemClock.c(17): warning:  #174-D: expression has no effect
compiling timers.c...
compiling uart.c...
uart.c(59): warning:  #177-D: variable "command" was declared but never referenced
uart.c(90): warning:  #550-D: variable "temp" was set but never used
compiling ads_spi.c...
linking...
Program Size: Code=4080 RO-data=328 RW-data=32 ZI-data=5824  
"mmm2.axf" - 0 Error(s), 5 Warning(s).
Rebuild target 'Target 1'
assembling Ek_FFT128Real_32b.s...
Ek_FFT128Real_32b.s(43): warning: A1479W: Requested alignment 8 is greater than area alignment 4, which has been increased
assembling Ek_Magnitude.s...
Ek_Magnitude.s(124): warning: A1479W: Requested alignment 8 is greater than area alignment 4, which has been increased
assembling startup_LPC13xx.s...
compiling coreFunctions.c...
ads_spi.h(19): warning:  #1295-D: Deprecated declaration startSpiWithAds - give arg types
ads_spi.h(19): error:  #145: function "startSpiWithAds" may not be initialized
ads_spi.h(19): error:  #29: expected an expression
ads_spi.h(21): warning:  #1-D: last line of file ends without a newline
coreFunctions.c(19): warning:  #12-D: parsing restarts here after previous syntax error
coreFunctions.c(112): error:  #20: identifier "dataBuffers" is undefined
compiling fft.c...
compiling main.c...
compiling systemClock.c...
systemClock.c(17): warning:  #174-D: expression has no effect
compiling timers.c...
compiling uart.c...
uart.c(59): warning:  #177-D: variable "command" was declared but never referenced
uart.c(90): warning:  #550-D: variable "temp" was set but never used
compiling ads_spi.c...
ads_spi.h(19): warning:  #1295-D: Deprecated declaration startSpiWithAds - give arg types
ads_spi.h(19): error:  #145: function "startSpiWithAds" may not be initialized
ads_spi.h(19): error:  #29: expected an expression
ads_spi.h(21): warning:  #1-D: last line of file ends without a newline
coreFunctions.h(22): warning:  #12-D: parsing restarts here after previous syntax error
Target not created
Rebuild target 'Target 1'
assembling Ek_FFT128Real_32b.s...
Ek_FFT128Real_32b.s(43): warning: A1479W: Requested alignment 8 is greater than area alignment 4, which has been increased
assembling Ek_Magnitude.s...
Ek_Magnitude.s(124): warning: A1479W: Requested alignment 8 is greater than area alignment 4, which has been increased
assembling startup_LPC13xx.s...
compiling coreFunctions.c...
ads_spi.h(19): error:  #145: function "startSpiWithAds" may not be initialized
ads_spi.h(19): error:  #29: expected an expression
coreFunctions.c(19): warning:  #12-D: parsing restarts here after previous syntax error
coreFunctions.c(112): error:  #20: identifier "dataBuffers" is undefined
compiling fft.c...
compiling main.c...
compiling systemClock.c...
systemClock.c(17): warning:  #174-D: expression has no effect
compiling timers.c...
compiling uart.c...
uart.c(59): warning:  #177-D: variable "command" was declared but never referenced
uart.c(90): warning:  #550-D: variable "temp" was set but never used
compiling ads_spi.c...
ads_spi.h(19): error:  #145: function "startSpiWithAds" may not be initialized
ads_spi.h(19): error:  #29: expected an expression
coreFunctions.h(22): warning:  #12-D: parsing restarts here after previous syntax error
Target not created
Rebuild target 'Target 1'
assembling Ek_FFT128Real_32b.s...
Ek_FFT128Real_32b.s(43): warning: A1479W: Requested alignment 8 is greater than area alignment 4, which has been increased
assembling Ek_Magnitude.s...
Ek_Magnitude.s(124): warning: A1479W: Requested alignment 8 is greater than area alignment 4, which has been increased
assembling startup_LPC13xx.s...
compiling coreFunctions.c...
ads_spi.h(17): error:  #145: function "initSpiWithAds" may not be initialized
ads_spi.h(17): error:  #29: expected an expression
coreFunctions.c(19): warning:  #12-D: parsing restarts here after previous syntax error
coreFunctions.c(112): error:  #20: identifier "dataBuffers" is undefined
compiling fft.c...
compiling main.c...
compiling systemClock.c...
systemClock.c(17): warning:  #174-D: expression has no effect
compiling timers.c...
compiling uart.c...
uart.c(59): warning:  #177-D: variable "command" was declared but never referenced
uart.c(90): warning:  #550-D: variable "temp" was set but never used
compiling ads_spi.c...
ads_spi.h(17): error:  #145: function "initSpiWithAds" may not be initialized
ads_spi.h(17): error:  #29: expected an expression
coreFunctions.h(22): warning:  #12-D: parsing restarts here after previous syntax error
Target not created
Rebuild target 'Target 1'
assembling Ek_FFT128Real_32b.s...
Ek_FFT128Real_32b.s(43): warning: A1479W: Requested alignment 8 is greater than area alignment 4, which has been increased
assembling Ek_Magnitude.s...
Ek_Magnitude.s(124): warning: A1479W: Requested alignment 8 is greater than area alignment 4, which has been increased
assembling startup_LPC13xx.s...
compiling coreFunctions.c...
ads_spi.h(17): error:  #145: function "initSpiWithAds" may not be initialized
ads_spi.h(17): error:  #29: expected an expression
coreFunctions.c(19): warning:  #12-D: parsing restarts here after previous syntax error
coreFunctions.c(112): error:  #20: identifier "dataBuffers" is undefined
compiling fft.c...
compiling main.c...
compiling systemClock.c...
systemClock.c(17): warning:  #174-D: expression has no effect
compiling timers.c...
compiling uart.c...
uart.c(59): warning:  #177-D: variable "command" was declared but never referenced
uart.c(90): warning:  #550-D: variable "temp" was set but never used
compiling ads_spi.c...
ads_spi.h(17): error:  #145: function "initSpiWithAds" may not be initialized
ads_spi.h(17): error:  #29: expected an expression
coreFunctions.h(22): warning:  #12-D: parsing restarts here after previous syntax error
Target not created
Rebuild target 'Target 1'
assembling Ek_FFT128Real_32b.s...
Ek_FFT128Real_32b.s(43): warning: A1479W: Requested alignment 8 is greater than area alignment 4, which has been increased
assembling Ek_Magnitude.s...
Ek_Magnitude.s(124): warning: A1479W: Requested alignment 8 is greater than area alignment 4, which has been increased
assembling startup_LPC13xx.s...
compiling coreFunctions.c...
ads_spi.h(17): error:  #145: function "initSpiWithAds" may not be initialized
ads_spi.h(17): error:  #29: expected an expression
coreFunctions.c(19): warning:  #12-D: parsing restarts here after previous syntax error
coreFunctions.c(112): error:  #20: identifier "dataBuffers" is undefined
compiling fft.c...
compiling main.c...
compiling systemClock.c...
systemClock.c(17): warning:  #174-D: expression has no effect
compiling timers.c...
compiling uart.c...
uart.c(59): warning:  #177-D: variable "command" was declared but never referenced
uart.c(90): warning:  #550-D: variable "temp" was set but never used
compiling ads_spi.c...
ads_spi.h(17): error:  #145: function "initSpiWithAds" may not be initialized
ads_spi.h(17): error:  #29: expected an expression
coreFunctions.h(22): warning:  #12-D: parsing restarts here after previous syntax error
Target not created
Rebuild target 'Target 1'
assembling Ek_FFT128Real_32b.s...
Ek_FFT128Real_32b.s(43): warning: A1479W: Requested alignment 8 is greater than area alignment 4, which has been increased
assembling Ek_Magnitude.s...
Ek_Magnitude.s(124): warning: A1479W: Requested alignment 8 is greater than area alignment 4, which has been increased
assembling startup_LPC13xx.s...
compiling coreFunctions.c...
compiling fft.c...
compiling main.c...
compiling systemClock.c...
systemClock.c(17): warning:  #174-D: expression has no effect
compiling timers.c...
compiling uart.c...
uart.c(59): warning:  #177-D: variable "command" was declared but never referenced
uart.c(90): warning:  #550-D: variable "temp" was set but never used
compiling ads_spi.c...
linking...
Program Size: Code=4088 RO-data=328 RW-data=32 ZI-data=5824  
"mmm2.axf" - 0 Error(s), 5 Warning(s).
Rebuild target 'Target 1'
assembling Ek_FFT128Real_32b.s...
Ek_FFT128Real_32b.s(43): warning: A1479W: Requested alignment 8 is greater than area alignment 4, which has been increased
assembling Ek_Magnitude.s...
Ek_Magnitude.s(124): warning: A1479W: Requested alignment 8 is greater than area alignment 4, which has been increased
assembling startup_LPC13xx.s...
compiling coreFunctions.c...
compiling fft.c...
compiling main.c...
compiling systemClock.c...
systemClock.c(17): warning:  #174-D: expression has no effect
compiling timers.c...
compiling uart.c...
uart.c(59): warning:  #177-D: variable "command" was declared but never referenced
uart.c(90): warning:  #550-D: variable "temp" was set but never used
compiling ads_spi.c...
linking...
Program Size: Code=4088 RO-data=328 RW-data=32 ZI-data=5824  
"mmm2.axf" - 0 Error(s), 5 Warning(s).
Rebuild target 'Target 1'
assembling Ek_FFT128Real_32b.s...
Ek_FFT128Real_32b.s(43): warning: A1479W: Requested alignment 8 is greater than area alignment 4, which has been increased
assembling Ek_Magnitude.s...
Ek_Magnitude.s(124): warning: A1479W: Requested alignment 8 is greater than area alignment 4, which has been increased
assembling startup_LPC13xx.s...
compiling coreFunctions.c...
compiling fft.c...
compiling main.c...
compiling systemClock.c...
systemClock.c(17): warning:  #174-D: expression has no effect
compiling timers.c...
compiling uart.c...
uart.c(59): warning:  #177-D: variable "command" was declared but never referenced
uart.c(90): warning:  #550-D: variable "temp" was set but never used
compiling ads_spi.c...
linking...
Program Size: Code=4088 RO-data=328 RW-data=32 ZI-data=5824  
"mmm2.axf" - 0 Error(s), 5 Warning(s).
Rebuild target 'Target 1'
assembling Ek_FFT128Real_32b.s...
Ek_FFT128Real_32b.s(43): warning: A1479W: Requested alignment 8 is greater than area alignment 4, which has been increased
assembling Ek_Magnitude.s...
Ek_Magnitude.s(124): warning: A1479W: Requested alignment 8 is greater than area alignment 4, which has been increased
assembling startup_LPC13xx.s...
compiling coreFunctions.c...
compiling fft.c...
compiling main.c...
compiling systemClock.c...
systemClock.c(17): warning:  #174-D: expression has no effect
compiling timers.c...
compiling uart.c...
uart.c(59): warning:  #177-D: variable "command" was declared but never referenced
uart.c(90): warning:  #550-D: variable "temp" was set but never used
compiling ads_spi.c...
linking...
Program Size: Code=4088 RO-data=328 RW-data=32 ZI-data=5824  
"mmm2.axf" - 0 Error(s), 5 Warning(s).
Rebuild target 'Target 1'
assembling Ek_FFT128Real_32b.s...
Ek_FFT128Real_32b.s(43): warning: A1479W: Requested alignment 8 is greater than area alignment 4, which has been increased
assembling Ek_Magnitude.s...
Ek_Magnitude.s(124): warning: A1479W: Requested alignment 8 is greater than area alignment 4, which has been increased
assembling startup_LPC13xx.s...
compiling coreFunctions.c...
compiling fft.c...
compiling main.c...
compiling systemClock.c...
systemClock.c(17): warning:  #174-D: expression has no effect
compiling timers.c...
compiling uart.c...
uart.c(59): warning:  #177-D: variable "command" was declared but never referenced
uart.c(90): warning:  #550-D: variable "temp" was set but never used
compiling ads_spi.c...
compiling ads_gpio.c...
ads_gpio.h(3): warning:  #1-D: last line of file ends without a newline
ads_gpio.c(7): warning:  #1-D: last line of file ends without a newline
linking...
Program Size: Code=4088 RO-data=328 RW-data=32 ZI-data=5824  
"mmm2.axf" - 0 Error(s), 7 Warning(s).
Rebuild target 'Target 1'
assembling Ek_FFT128Real_32b.s...
Ek_FFT128Real_32b.s(43): warning: A1479W: Requested alignment 8 is greater than area alignment 4, which has been increased
assembling Ek_Magnitude.s...
Ek_Magnitude.s(124): warning: A1479W: Requested alignment 8 is greater than area alignment 4, which has been increased
assembling startup_LPC13xx.s...
compiling coreFunctions.c...
compiling fft.c...
compiling main.c...
compiling systemClock.c...
systemClock.c(17): warning:  #174-D: expression has no effect
compiling timers.c...
compiling uart.c...
uart.c(59): warning:  #177-D: variable "command" was declared but never referenced
uart.c(90): warning:  #550-D: variable "temp" was set but never used
compiling ads_spi.c...
compiling ads_gpio.c...
linking...
Program Size: Code=4088 RO-data=328 RW-data=32 ZI-data=5824  
"mmm2.axf" - 0 Error(s), 5 Warning(s).
Rebuild target 'Target 1'
assembling Ek_FFT128Real_32b.s...
Ek_FFT128Real_32b.s(43): warning: A1479W: Requested alignment 8 is greater than area alignment 4, which has been increased
assembling Ek_Magnitude.s...
Ek_Magnitude.s(124): warning: A1479W: Requested alignment 8 is greater than area alignment 4, which has been increased
assembling startup_LPC13xx.s...
compiling coreFunctions.c...
compiling fft.c...
compiling main.c...
compiling systemClock.c...
systemClock.c(17): warning:  #174-D: expression has no effect
compiling timers.c...
compiling uart.c...
uart.c(59): warning:  #177-D: variable "command" was declared but never referenced
uart.c(90): warning:  #550-D: variable "temp" was set but never used
compiling ads_spi.c...
compiling ads_gpio.c...
linking...
Program Size: Code=4088 RO-data=328 RW-data=32 ZI-data=5824  
"mmm2.axf" - 0 Error(s), 5 Warning(s).
Rebuild target 'Target 1'
assembling Ek_FFT128Real_32b.s...
Ek_FFT128Real_32b.s(43): warning: A1479W: Requested alignment 8 is greater than area alignment 4, which has been increased
assembling Ek_Magnitude.s...
Ek_Magnitude.s(124): warning: A1479W: Requested alignment 8 is greater than area alignment 4, which has been increased
assembling startup_LPC13xx.s...
compiling coreFunctions.c...
compiling fft.c...
compiling main.c...
compiling systemClock.c...
systemClock.c(17): warning:  #174-D: expression has no effect
compiling timers.c...
compiling uart.c...
uart.c(59): warning:  #177-D: variable "command" was declared but never referenced
uart.c(90): warning:  #550-D: variable "temp" was set but never used
compiling ads_spi.c...
compiling ads_gpio.c...
ads_gpio.c(12): error:  #20: identifier "LPC_GPIO_TypeDef" is undefined
ads_gpio.c(12): error:  #20: identifier "lpc_gpio" is undefined
ads_gpio.c(12): error:  #20: identifier "LPC_GPIO0" is undefined
ads_gpio.c(18): warning:  #223-D: function "NVIC_EnableIRQ" declared implicitly
ads_gpio.c(18): error:  #20: identifier "EINT0_IRQn" is undefined
ads_gpio.c(19): warning:  #223-D: function "NVIC_SetPriority" declared implicitly
ads_gpio.c(48): error:  #169: expected a declaration
Target not created
Rebuild target 'Target 1'
assembling Ek_FFT128Real_32b.s...
Ek_FFT128Real_32b.s(43): warning: A1479W: Requested alignment 8 is greater than area alignment 4, which has been increased
assembling Ek_Magnitude.s...
Ek_Magnitude.s(124): warning: A1479W: Requested alignment 8 is greater than area alignment 4, which has been increased
assembling startup_LPC13xx.s...
compiling coreFunctions.c...
compiling fft.c...
compiling main.c...
compiling systemClock.c...
systemClock.c(17): warning:  #174-D: expression has no effect
compiling timers.c...
compiling uart.c...
uart.c(59): warning:  #177-D: variable "command" was declared but never referenced
uart.c(90): warning:  #550-D: variable "temp" was set but never used
compiling ads_spi.c...
compiling ads_gpio.c...
ads_gpio.c(13): error:  #268: declaration may not appear after executable statement in block
ads_gpio.c(49): error:  #169: expected a declaration
Target not created
Rebuild target 'Target 1'
assembling Ek_FFT128Real_32b.s...
Ek_FFT128Real_32b.s(43): warning: A1479W: Requested alignment 8 is greater than area alignment 4, which has been increased
assembling Ek_Magnitude.s...
Ek_Magnitude.s(124): warning: A1479W: Requested alignment 8 is greater than area alignment 4, which has been increased
assembling startup_LPC13xx.s...
compiling coreFunctions.c...
compiling fft.c...
compiling main.c...
compiling systemClock.c...
systemClock.c(17): warning:  #174-D: expression has no effect
compiling timers.c...
compiling uart.c...
uart.c(59): warning:  #177-D: variable "command" was declared but never referenced
uart.c(90): warning:  #550-D: variable "temp" was set but never used
compiling ads_spi.c...
compiling ads_gpio.c...
ads_gpio.c(50): error:  #169: expected a declaration
Target not created
Rebuild target 'Target 1'
assembling Ek_FFT128Real_32b.s...
Ek_FFT128Real_32b.s(43): warning: A1479W: Requested alignment 8 is greater than area alignment 4, which has been increased
assembling Ek_Magnitude.s...
Ek_Magnitude.s(124): warning: A1479W: Requested alignment 8 is greater than area alignment 4, which has been increased
assembling startup_LPC13xx.s...
compiling coreFunctions.c...
compiling fft.c...
compiling main.c...
compiling systemClock.c...
systemClock.c(17): warning:  #174-D: expression has no effect
compiling timers.c...
compiling uart.c...
uart.c(59): warning:  #177-D: variable "command" was declared but never referenced
uart.c(90): warning:  #550-D: variable "temp" was set but never used
compiling ads_spi.c...
compiling ads_gpio.c...
linking...
Program Size: Code=4088 RO-data=328 RW-data=32 ZI-data=5824  
"mmm2.axf" - 0 Error(s), 5 Warning(s).
Rebuild target 'Target 1'
assembling Ek_FFT128Real_32b.s...
Ek_FFT128Real_32b.s(43): warning: A1479W: Requested alignment 8 is greater than area alignment 4, which has been increased
assembling Ek_Magnitude.s...
Ek_Magnitude.s(124): warning: A1479W: Requested alignment 8 is greater than area alignment 4, which has been increased
assembling startup_LPC13xx.s...
compiling coreFunctions.c...
compiling fft.c...
compiling main.c...
compiling systemClock.c...
systemClock.c(17): warning:  #174-D: expression has no effect
compiling timers.c...
compiling uart.c...
uart.c(59): warning:  #177-D: variable "command" was declared but never referenced
uart.c(90): warning:  #550-D: variable "temp" was set but never used
compiling ads_spi.c...
compiling ads_gpio.c...
linking...
Program Size: Code=4088 RO-data=328 RW-data=32 ZI-data=5824  
"mmm2.axf" - 0 Error(s), 5 Warning(s).
Rebuild target 'Target 1'
assembling Ek_FFT128Real_32b.s...
Ek_FFT128Real_32b.s(43): warning: A1479W: Requested alignment 8 is greater than area alignment 4, which has been increased
assembling Ek_Magnitude.s...
Ek_Magnitude.s(124): warning: A1479W: Requested alignment 8 is greater than area alignment 4, which has been increased
assembling startup_LPC13xx.s...
creating preprocessor file for coreFunctions.c...
compiling coreFunctions.c...
creating preprocessor file for fft.c...
compiling fft.c...
creating preprocessor file for main.c...
compiling main.c...
creating preprocessor file for systemClock.c...
compiling systemClock.c...
systemClock.c(17): warning:  #174-D: expression has no effect
creating preprocessor file for timers.c...
compiling timers.c...
creating preprocessor file for uart.c...
compiling uart.c...
uart.c(59): warning:  #177-D: variable "command" was declared but never referenced
uart.c(90): warning:  #550-D: variable "temp" was set but never used
creating preprocessor file for ads_spi.c...
compiling ads_spi.c...
creating preprocessor file for ads_gpio.c...
compiling ads_gpio.c...
ads_gpio.c(18): error:  #70: incomplete type is not allowed
ads_gpio.c(18): error:  #65: expected a ";"
ads_gpio.c(39): warning:  #12-D: parsing restarts here after previous syntax error
ads_gpio.c(41): error:  #169: expected a declaration
ads_gpio.c(43): warning:  #77-D: this declaration has no storage class or type specifier
ads_gpio.c(43): error:  #92: identifier-list parameters may only be used in a function definition
ads_gpio.c(43): error:  #147: declaration is incompatible with "void NVIC_EnableIRQ(IRQn_Type)" (declared at line 1308 of "C:\Keil\ARM\CMSIS\Include\core_cm3.h")
ads_gpio.c(44): error:  #40: expected an identifier
ads_gpio.c(44): warning:  #77-D: this declaration has no storage class or type specifier
ads_gpio.c(44): error:  #92: identifier-list parameters may only be used in a function definition
ads_gpio.c(44): error:  #147: declaration is incompatible with "void NVIC_SetPriority(IRQn_Type, uint32_t)" (declared at line 1390 of "C:\Keil\ARM\CMSIS\Include\core_cm3.h")
ads_gpio.c(45): error:  #77-D: this declaration has no storage class or type specifier
ads_gpio.c(45): error:  #147: declaration is incompatible with "void *interruptCallback2" (declared at line 7)
ads_gpio.c(45): error:  #20: identifier "callbackFunc" is undefined
ads_gpio.c(46): error:  #169: expected a declaration
ads_gpio.c(48): error:  #169: expected a declaration
ads_gpio.c(50): warning:  #77-D: this declaration has no storage class or type specifier
ads_gpio.c(50): error:  #92: identifier-list parameters may only be used in a function definition
ads_gpio.c(50): error:  #147: declaration is incompatible with "void NVIC_EnableIRQ(IRQn_Type)" (declared at line 1308 of "C:\Keil\ARM\CMSIS\Include\core_cm3.h")
ads_gpio.c(51): error:  #40: expected an identifier
ads_gpio.c(51): warning:  #77-D: this declaration has no storage class or type specifier
ads_gpio.c(51): error:  #92: identifier-list parameters may only be used in a function definition
ads_gpio.c(51): error:  #147: declaration is incompatible with "void NVIC_SetPriority(IRQn_Type, uint32_t)" (declared at line 1390 of "C:\Keil\ARM\CMSIS\Include\core_cm3.h")
ads_gpio.c(52): error:  #77-D: this declaration has no storage class or type specifier
ads_gpio.c(52): error:  #147: declaration is incompatible with "void *interruptCallback3" (declared at line 8)
ads_gpio.c(53): error:  #169: expected a declaration
ads_gpio.c(54): error:  #169: expected a declaration
ads_gpio.c(57): error:  #77-D: this declaration has no storage class or type specifier
ads_gpio.c(57): error:  #65: expected a ";"
ads_gpio.c(58): error:  #77-D: this declaration has no storage class or type specifier
ads_gpio.c(58): error:  #65: expected a ";"
ads_gpio.c(59): error:  #77-D: this declaration has no storage class or type specifier
ads_gpio.c(59): error:  #65: expected a ";"
ads_gpio.c(66): error:  #77-D: this declaration has no storage class or type specifier
ads_gpio.c(66): error:  #65: expected a ";"
Target not created
Rebuild target 'Target 1'
assembling Ek_FFT128Real_32b.s...
Ek_FFT128Real_32b.s(43): warning: A1479W: Requested alignment 8 is greater than area alignment 4, which has been increased
assembling Ek_Magnitude.s...
Ek_Magnitude.s(124): warning: A1479W: Requested alignment 8 is greater than area alignment 4, which has been increased
assembling startup_LPC13xx.s...
creating preprocessor file for coreFunctions.c...
compiling coreFunctions.c...
creating preprocessor file for fft.c...
compiling fft.c...
creating preprocessor file for main.c...
compiling main.c...
creating preprocessor file for systemClock.c...
compiling systemClock.c...
systemClock.c(17): warning:  #174-D: expression has no effect
creating preprocessor file for timers.c...
compiling timers.c...
creating preprocessor file for uart.c...
compiling uart.c...
uart.c(59): warning:  #177-D: variable "command" was declared but never referenced
uart.c(90): warning:  #550-D: variable "temp" was set but never used
creating preprocessor file for ads_spi.c...
compiling ads_spi.c...
creating preprocessor file for ads_gpio.c...
compiling ads_gpio.c...
ads_gpio.c(18): error:  #70: incomplete type is not allowed
ads_gpio.c(18): error:  #65: expected a ";"
ads_gpio.c(42): warning:  #12-D: parsing restarts here after previous syntax error
ads_gpio.c(43): warning:  #77-D: this declaration has no storage class or type specifier
ads_gpio.c(43): error:  #92: identifier-list parameters may only be used in a function definition
ads_gpio.c(43): error:  #147: declaration is incompatible with "void NVIC_EnableIRQ(IRQn_Type)" (declared at line 1308 of "C:\Keil\ARM\CMSIS\Include\core_cm3.h")
ads_gpio.c(44): error:  #40: expected an identifier
ads_gpio.c(44): warning:  #77-D: this declaration has no storage class or type specifier
ads_gpio.c(44): error:  #92: identifier-list parameters may only be used in a function definition
ads_gpio.c(44): error:  #147: declaration is incompatible with "void NVIC_SetPriority(IRQn_Type, uint32_t)" (declared at line 1390 of "C:\Keil\ARM\CMSIS\Include\core_cm3.h")
ads_gpio.c(45): error:  #77-D: this declaration has no storage class or type specifier
ads_gpio.c(45): error:  #147: declaration is incompatible with "void *interruptCallback2" (declared at line 7)
ads_gpio.c(45): error:  #20: identifier "callbackFunc" is undefined
ads_gpio.c(46): error:  #169: expected a declaration
ads_gpio.c(48): error:  #169: expected a declaration
ads_gpio.c(50): warning:  #77-D: this declaration has no storage class or type specifier
ads_gpio.c(50): error:  #92: identifier-list parameters may only be used in a function definition
ads_gpio.c(50): error:  #147: declaration is incompatible with "void NVIC_EnableIRQ(IRQn_Type)" (declared at line 1308 of "C:\Keil\ARM\CMSIS\Include\core_cm3.h")
ads_gpio.c(51): error:  #40: expected an identifier
ads_gpio.c(51): warning:  #77-D: this declaration has no storage class or type specifier
ads_gpio.c(51): error:  #92: identifier-list parameters may only be used in a function definition
ads_gpio.c(51): error:  #147: declaration is incompatible with "void NVIC_SetPriority(IRQn_Type, uint32_t)" (declared at line 1390 of "C:\Keil\ARM\CMSIS\Include\core_cm3.h")
ads_gpio.c(52): error:  #77-D: this declaration has no storage class or type specifier
ads_gpio.c(52): error:  #147: declaration is incompatible with "void *interruptCallback3" (declared at line 8)
ads_gpio.c(53): error:  #169: expected a declaration
ads_gpio.c(54): error:  #169: expected a declaration
ads_gpio.c(57): error:  #77-D: this declaration has no storage class or type specifier
ads_gpio.c(57): error:  #65: expected a ";"
ads_gpio.c(58): error:  #77-D: this declaration has no storage class or type specifier
ads_gpio.c(58): error:  #65: expected a ";"
ads_gpio.c(59): error:  #77-D: this declaration has no storage class or type specifier
ads_gpio.c(59): error:  #65: expected a ";"
ads_gpio.c(66): error:  #77-D: this declaration has no storage class or type specifier
ads_gpio.c(66): error:  #65: expected a ";"
ads_gpio.c(68): warning:  #1295-D: Deprecated declaration __enable_irq - give arg types
ads_gpio.c(68): warning:  #77-D: this declaration has no storage class or type specifier
ads_gpio.c(68): warning:  #2687-D: declaration hides built-in function "__enable_irq"
ads_gpio.c(70): error:  #169: expected a declaration
Target not created
Rebuild target 'Target 1'
assembling Ek_FFT128Real_32b.s...
Ek_FFT128Real_32b.s(43): warning: A1479W: Requested alignment 8 is greater than area alignment 4, which has been increased
assembling Ek_Magnitude.s...
Ek_Magnitude.s(124): warning: A1479W: Requested alignment 8 is greater than area alignment 4, which has been increased
assembling startup_LPC13xx.s...
creating preprocessor file for coreFunctions.c...
compiling coreFunctions.c...
creating preprocessor file for fft.c...
compiling fft.c...
creating preprocessor file for main.c...
compiling main.c...
creating preprocessor file for systemClock.c...
compiling systemClock.c...
systemClock.c(17): warning:  #174-D: expression has no effect
creating preprocessor file for timers.c...
compiling timers.c...
creating preprocessor file for uart.c...
compiling uart.c...
uart.c(59): warning:  #177-D: variable "command" was declared but never referenced
uart.c(90): warning:  #550-D: variable "temp" was set but never used
creating preprocessor file for ads_spi.c...
compiling ads_spi.c...
creating preprocessor file for ads_gpio.c...
compiling ads_gpio.c...
linking...
Program Size: Code=4400 RO-data=328 RW-data=48 ZI-data=5824  
"mmm2.axf" - 0 Error(s), 5 Warning(s).
Rebuild target 'Target 1'
assembling Ek_FFT128Real_32b.s...
Ek_FFT128Real_32b.s(43): warning: A1479W: Requested alignment 8 is greater than area alignment 4, which has been increased
assembling Ek_Magnitude.s...
Ek_Magnitude.s(124): warning: A1479W: Requested alignment 8 is greater than area alignment 4, which has been increased
assembling startup_LPC13xx.s...
creating preprocessor file for coreFunctions.c...
compiling coreFunctions.c...
creating preprocessor file for fft.c...
compiling fft.c...
creating preprocessor file for main.c...
compiling main.c...
creating preprocessor file for systemClock.c...
compiling systemClock.c...
systemClock.c(17): warning:  #174-D: expression has no effect
creating preprocessor file for timers.c...
compiling timers.c...
creating preprocessor file for uart.c...
compiling uart.c...
uart.c(59): warning:  #177-D: variable "command" was declared but never referenced
uart.c(90): warning:  #550-D: variable "temp" was set but never used
creating preprocessor file for ads_spi.c...
compiling ads_spi.c...
creating preprocessor file for ads_gpio.c...
compiling ads_gpio.c...
ads_gpio.c(16): error:  #10: "#" not expected here
ads_gpio.c(16): error:  #77-D: this declaration has no storage class or type specifier
ads_gpio.c(16): error:  #65: expected a ";"
ads_gpio.c(16): error:  #10: "#" not expected here
ads_gpio.c(16): error:  #10: "#" not expected here
ads_gpio.c(16): error:  #10: "#" not expected here
ads_gpio.c(17): error:  #169: expected a declaration
ads_gpio.c(40): warning:  #12-D: parsing restarts here after previous syntax error
ads_gpio.c(42): error:  #169: expected a declaration
ads_gpio.c(44): warning:  #77-D: this declaration has no storage class or type specifier
ads_gpio.c(44): error:  #92: identifier-list parameters may only be used in a function definition
ads_gpio.c(44): error:  #147: declaration is incompatible with "void NVIC_EnableIRQ(IRQn_Type)" (declared at line 1308 of "C:\Keil\ARM\CMSIS\Include\core_cm3.h")
ads_gpio.c(45): error:  #40: expected an identifier
ads_gpio.c(45): warning:  #77-D: this declaration has no storage class or type specifier
ads_gpio.c(45): error:  #92: identifier-list parameters may only be used in a function definition
ads_gpio.c(45): error:  #147: declaration is incompatible with "void NVIC_SetPriority(IRQn_Type, uint32_t)" (declared at line 1390 of "C:\Keil\ARM\CMSIS\Include\core_cm3.h")
ads_gpio.c(46): error:  #77-D: this declaration has no storage class or type specifier
ads_gpio.c(46): error:  #147: declaration is incompatible with "void *interruptCallback2" (declared at line 7)
ads_gpio.c(46): error:  #20: identifier "callbackFunc" is undefined
ads_gpio.c(47): error:  #169: expected a declaration
ads_gpio.c(49): error:  #169: expected a declaration
ads_gpio.c(51): warning:  #77-D: this declaration has no storage class or type specifier
ads_gpio.c(51): error:  #92: identifier-list parameters may only be used in a function definition
ads_gpio.c(51): error:  #147: declaration is incompatible with "void NVIC_EnableIRQ(IRQn_Type)" (declared at line 1308 of "C:\Keil\ARM\CMSIS\Include\core_cm3.h")
ads_gpio.c(52): error:  #40: expected an identifier
ads_gpio.c(52): warning:  #77-D: this declaration has no storage class or type specifier
ads_gpio.c(52): error:  #92: identifier-list parameters may only be used in a function definition
ads_gpio.c(52): error:  #147: declaration is incompatible with "void NVIC_SetPriority(IRQn_Type, uint32_t)" (declared at line 1390 of "C:\Keil\ARM\CMSIS\Include\core_cm3.h")
ads_gpio.c(53): error:  #77-D: this declaration has no storage class or type specifier
ads_gpio.c(53): error:  #147: declaration is incompatible with "void *interruptCallback3" (declared at line 8)
ads_gpio.c(54): error:  #169: expected a declaration
ads_gpio.c(55): error:  #169: expected a declaration
ads_gpio.c(58): error:  #77-D: this declaration has no storage class or type specifier
ads_gpio.c(58): error:  #65: expected a ";"
ads_gpio.c(59): error:  #77-D: this declaration has no storage class or type specifier
Target not created
Rebuild target 'Target 1'
assembling Ek_FFT128Real_32b.s...
Ek_FFT128Real_32b.s(43): warning: A1479W: Requested alignment 8 is greater than area alignment 4, which has been increased
assembling Ek_Magnitude.s...
Ek_Magnitude.s(124): warning: A1479W: Requested alignment 8 is greater than area alignment 4, which has been increased
assembling startup_LPC13xx.s...
creating preprocessor file for coreFunctions.c...
compiling coreFunctions.c...
creating preprocessor file for fft.c...
compiling fft.c...
creating preprocessor file for main.c...
compiling main.c...
creating preprocessor file for systemClock.c...
compiling systemClock.c...
systemClock.c(17): warning:  #174-D: expression has no effect
creating preprocessor file for timers.c...
compiling timers.c...
creating preprocessor file for uart.c...
compiling uart.c...
uart.c(59): warning:  #177-D: variable "command" was declared but never referenced
uart.c(90): warning:  #550-D: variable "temp" was set but never used
creating preprocessor file for ads_spi.c...
compiling ads_spi.c...
creating preprocessor file for ads_gpio.c...
compiling ads_gpio.c...
ads_gpio.c(19): error:  #109: expression must have (pointer-to-) function type
Target not created
Rebuild target 'Target 1'
assembling Ek_FFT128Real_32b.s...
Ek_FFT128Real_32b.s(43): warning: A1479W: Requested alignment 8 is greater than area alignment 4, which has been increased
assembling Ek_Magnitude.s...
Ek_Magnitude.s(124): warning: A1479W: Requested alignment 8 is greater than area alignment 4, which has been increased
assembling startup_LPC13xx.s...
creating preprocessor file for coreFunctions.c...
compiling coreFunctions.c...
creating preprocessor file for fft.c...
compiling fft.c...
creating preprocessor file for main.c...
compiling main.c...
creating preprocessor file for systemClock.c...
compiling systemClock.c...
systemClock.c(17): warning:  #174-D: expression has no effect
creating preprocessor file for timers.c...
compiling timers.c...
creating preprocessor file for uart.c...
compiling uart.c...
uart.c(59): warning:  #177-D: variable "command" was declared but never referenced
uart.c(90): warning:  #550-D: variable "temp" was set but never used
creating preprocessor file for ads_spi.c...
compiling ads_spi.c...
creating preprocessor file for ads_gpio.c...
compiling ads_gpio.c...
ads_gpio.c(5): error:  #20: identifier "NULL" is undefined
Target not created
Rebuild target 'Target 1'
assembling Ek_FFT128Real_32b.s...
Ek_FFT128Real_32b.s(43): warning: A1479W: Requested alignment 8 is greater than area alignment 4, which has been increased
assembling Ek_Magnitude.s...
Ek_Magnitude.s(124): warning: A1479W: Requested alignment 8 is greater than area alignment 4, which has been increased
assembling startup_LPC13xx.s...
creating preprocessor file for coreFunctions.c...
compiling coreFunctions.c...
creating preprocessor file for fft.c...
compiling fft.c...
creating preprocessor file for main.c...
compiling main.c...
creating preprocessor file for systemClock.c...
compiling systemClock.c...
systemClock.c(17): warning:  #174-D: expression has no effect
creating preprocessor file for timers.c...
compiling timers.c...
creating preprocessor file for uart.c...
compiling uart.c...
uart.c(59): warning:  #177-D: variable "command" was declared but never referenced
uart.c(90): warning:  #550-D: variable "temp" was set but never used
creating preprocessor file for ads_spi.c...
compiling ads_spi.c...
creating preprocessor file for ads_gpio.c...
compiling ads_gpio.c...
ads_gpio.c(5): error:  #20: identifier "null" is undefined
ads_gpio.c(6): error:  #20: identifier "NULL" is undefined
Target not created
Rebuild target 'Target 1'
assembling Ek_FFT128Real_32b.s...
Ek_FFT128Real_32b.s(43): warning: A1479W: Requested alignment 8 is greater than area alignment 4, which has been increased
assembling Ek_Magnitude.s...
Ek_Magnitude.s(124): warning: A1479W: Requested alignment 8 is greater than area alignment 4, which has been increased
assembling startup_LPC13xx.s...
creating preprocessor file for coreFunctions.c...
compiling coreFunctions.c...
creating preprocessor file for fft.c...
compiling fft.c...
creating preprocessor file for main.c...
compiling main.c...
creating preprocessor file for systemClock.c...
compiling systemClock.c...
systemClock.c(17): warning:  #174-D: expression has no effect
creating preprocessor file for timers.c...
compiling timers.c...
creating preprocessor file for uart.c...
compiling uart.c...
uart.c(59): warning:  #177-D: variable "command" was declared but never referenced
uart.c(90): warning:  #550-D: variable "temp" was set but never used
creating preprocessor file for ads_spi.c...
compiling ads_spi.c...
creating preprocessor file for ads_gpio.c...
compiling ads_gpio.c...
linking...
Program Size: Code=4408 RO-data=328 RW-data=48 ZI-data=5824  
"mmm2.axf" - 0 Error(s), 5 Warning(s).
Rebuild target 'Target 1'
assembling Ek_FFT128Real_32b.s...
Ek_FFT128Real_32b.s(43): warning: A1479W: Requested alignment 8 is greater than area alignment 4, which has been increased
assembling Ek_Magnitude.s...
Ek_Magnitude.s(124): warning: A1479W: Requested alignment 8 is greater than area alignment 4, which has been increased
assembling startup_LPC13xx.s...
creating preprocessor file for coreFunctions.c...
compiling coreFunctions.c...
creating preprocessor file for fft.c...
compiling fft.c...
creating preprocessor file for main.c...
compiling main.c...
creating preprocessor file for systemClock.c...
compiling systemClock.c...
systemClock.c(17): warning:  #174-D: expression has no effect
creating preprocessor file for timers.c...
compiling timers.c...
creating preprocessor file for uart.c...
compiling uart.c...
uart.c(59): warning:  #177-D: variable "command" was declared but never referenced
uart.c(90): warning:  #550-D: variable "temp" was set but never used
creating preprocessor file for ads_spi.c...
compiling ads_spi.c...
creating preprocessor file for ads_gpio.c...
compiling ads_gpio.c...
ads_gpio.c(27): error:  #20: identifier "IRQn" is undefined
ads_gpio.c(27): error:  #65: expected a ";"
ads_gpio.c(28): error:  #268: declaration may not appear after executable statement in block
ads_gpio.c(78): error:  #247: function "PIOINT1_IRQHandler" has already been defined
Target not created
Rebuild target 'Target 1'
assembling Ek_FFT128Real_32b.s...
Ek_FFT128Real_32b.s(43): warning: A1479W: Requested alignment 8 is greater than area alignment 4, which has been increased
assembling Ek_Magnitude.s...
Ek_Magnitude.s(124): warning: A1479W: Requested alignment 8 is greater than area alignment 4, which has been increased
assembling startup_LPC13xx.s...
creating preprocessor file for coreFunctions.c...
compiling coreFunctions.c...
creating preprocessor file for fft.c...
compiling fft.c...
creating preprocessor file for main.c...
compiling main.c...
creating preprocessor file for systemClock.c...
compiling systemClock.c...
systemClock.c(17): warning:  #174-D: expression has no effect
creating preprocessor file for timers.c...
compiling timers.c...
creating preprocessor file for uart.c...
compiling uart.c...
uart.c(59): warning:  #177-D: variable "command" was declared but never referenced
uart.c(90): warning:  #550-D: variable "temp" was set but never used
creating preprocessor file for ads_spi.c...
compiling ads_spi.c...
creating preprocessor file for ads_gpio.c...
compiling ads_gpio.c...
ads_gpio.c(27): warning:  #177-D: variable "irqNum" was declared but never referenced
ads_gpio.c(78): error:  #247: function "PIOINT1_IRQHandler" has already been defined
Target not created
Rebuild target 'Target 1'
assembling Ek_FFT128Real_32b.s...
Ek_FFT128Real_32b.s(43): warning: A1479W: Requested alignment 8 is greater than area alignment 4, which has been increased
assembling Ek_Magnitude.s...
Ek_Magnitude.s(124): warning: A1479W: Requested alignment 8 is greater than area alignment 4, which has been increased
assembling startup_LPC13xx.s...
creating preprocessor file for coreFunctions.c...
compiling coreFunctions.c...
creating preprocessor file for fft.c...
compiling fft.c...
creating preprocessor file for main.c...
compiling main.c...
creating preprocessor file for systemClock.c...
compiling systemClock.c...
systemClock.c(17): warning:  #174-D: expression has no effect
creating preprocessor file for timers.c...
compiling timers.c...
creating preprocessor file for uart.c...
compiling uart.c...
uart.c(59): warning:  #177-D: variable "command" was declared but never referenced
uart.c(90): warning:  #550-D: variable "temp" was set but never used
creating preprocessor file for ads_spi.c...
compiling ads_spi.c...
creating preprocessor file for ads_gpio.c...
compiling ads_gpio.c...
ads_gpio.c(30): warning:  #188-D: enumerated type mixed with another type
linking...
Program Size: Code=4424 RO-data=328 RW-data=48 ZI-data=5824  
"mmm2.axf" - 0 Error(s), 6 Warning(s).
Rebuild target 'Target 1'
assembling Ek_FFT128Real_32b.s...
Ek_FFT128Real_32b.s(43): warning: A1479W: Requested alignment 8 is greater than area alignment 4, which has been increased
assembling Ek_Magnitude.s...
Ek_Magnitude.s(124): warning: A1479W: Requested alignment 8 is greater than area alignment 4, which has been increased
assembling startup_LPC13xx.s...
creating preprocessor file for coreFunctions.c...
compiling coreFunctions.c...
creating preprocessor file for fft.c...
compiling fft.c...
creating preprocessor file for main.c...
compiling main.c...
creating preprocessor file for systemClock.c...
compiling systemClock.c...
systemClock.c(17): warning:  #174-D: expression has no effect
creating preprocessor file for timers.c...
compiling timers.c...
creating preprocessor file for uart.c...
compiling uart.c...
uart.c(59): warning:  #177-D: variable "command" was declared but never referenced
uart.c(90): warning:  #550-D: variable "temp" was set but never used
creating preprocessor file for ads_spi.c...
compiling ads_spi.c...
creating preprocessor file for ads_gpio.c...
compiling ads_gpio.c...
linking...
Program Size: Code=4424 RO-data=328 RW-data=48 ZI-data=5824  
"mmm2.axf" - 0 Error(s), 5 Warning(s).
Rebuild target 'Target 1'
assembling Ek_FFT128Real_32b.s...
Ek_FFT128Real_32b.s(43): warning: A1479W: Requested alignment 8 is greater than area alignment 4, which has been increased
assembling Ek_Magnitude.s...
Ek_Magnitude.s(124): warning: A1479W: Requested alignment 8 is greater than area alignment 4, which has been increased
assembling startup_LPC13xx.s...
creating preprocessor file for coreFunctions.c...
compiling coreFunctions.c...
coreFunctions.c(58): warning:  #223-D: function "initGpioInterrupt" declared implicitly
coreFunctions.c(60): error:  #20: identifier "processDataReadyFrequencyDomain" is undefined
coreFunctions.c(91): error:  #20: identifier "processDataReadyTimeDomain" is undefined
creating preprocessor file for fft.c...
compiling fft.c...
creating preprocessor file for main.c...
compiling main.c...
creating preprocessor file for systemClock.c...
compiling systemClock.c...
systemClock.c(17): warning:  #174-D: expression has no effect
creating preprocessor file for timers.c...
compiling timers.c...
creating preprocessor file for uart.c...
compiling uart.c...
uart.c(59): warning:  #177-D: variable "command" was declared but never referenced
uart.c(90): warning:  #550-D: variable "temp" was set but never used
creating preprocessor file for ads_spi.c...
compiling ads_spi.c...
creating preprocessor file for ads_gpio.c...
compiling ads_gpio.c...
Target not created
Rebuild target 'Target 1'
assembling Ek_FFT128Real_32b.s...
Ek_FFT128Real_32b.s(43): warning: A1479W: Requested alignment 8 is greater than area alignment 4, which has been increased
assembling Ek_Magnitude.s...
Ek_Magnitude.s(124): warning: A1479W: Requested alignment 8 is greater than area alignment 4, which has been increased
assembling startup_LPC13xx.s...
creating preprocessor file for coreFunctions.c...
compiling coreFunctions.c...
coreFunctions.h(29): warning:  #1295-D: Deprecated declaration processDataReadyTimeDomain - give arg types
coreFunctions.h(31): warning:  #1295-D: Deprecated declaration processDataReadyFrequencyDomain - give arg types
coreFunctions.c(58): warning:  #223-D: function "initGpioInterrupt" declared implicitly
creating preprocessor file for fft.c...
compiling fft.c...
creating preprocessor file for main.c...
compiling main.c...
creating preprocessor file for systemClock.c...
compiling systemClock.c...
systemClock.c(17): warning:  #174-D: expression has no effect
creating preprocessor file for timers.c...
compiling timers.c...
coreFunctions.h(29): warning:  #1295-D: Deprecated declaration processDataReadyTimeDomain - give arg types
coreFunctions.h(31): warning:  #1295-D: Deprecated declaration processDataReadyFrequencyDomain - give arg types
creating preprocessor file for uart.c...
compiling uart.c...
coreFunctions.h(29): warning:  #1295-D: Deprecated declaration processDataReadyTimeDomain - give arg types
coreFunctions.h(31): warning:  #1295-D: Deprecated declaration processDataReadyFrequencyDomain - give arg types
uart.c(59): warning:  #177-D: variable "command" was declared but never referenced
uart.c(90): warning:  #550-D: variable "temp" was set but never used
creating preprocessor file for ads_spi.c...
compiling ads_spi.c...
coreFunctions.h(29): warning:  #1295-D: Deprecated declaration processDataReadyTimeDomain - give arg types
coreFunctions.h(31): warning:  #1295-D: Deprecated declaration processDataReadyFrequencyDomain - give arg types
creating preprocessor file for ads_gpio.c...
compiling ads_gpio.c...
coreFunctions.h(29): warning:  #1295-D: Deprecated declaration processDataReadyTimeDomain - give arg types
coreFunctions.h(31): warning:  #1295-D: Deprecated declaration processDataReadyFrequencyDomain - give arg types
linking...
Program Size: Code=4464 RO-data=328 RW-data=48 ZI-data=5824  
"mmm2.axf" - 0 Error(s), 16 Warning(s).
Rebuild target 'Target 1'
assembling Ek_FFT128Real_32b.s...
Ek_FFT128Real_32b.s(43): warning: A1479W: Requested alignment 8 is greater than area alignment 4, which has been increased
assembling Ek_Magnitude.s...
Ek_Magnitude.s(124): warning: A1479W: Requested alignment 8 is greater than area alignment 4, which has been increased
assembling startup_LPC13xx.s...
creating preprocessor file for coreFunctions.c...
compiling coreFunctions.c...
coreFunctions.c(58): warning:  #223-D: function "initGpioInterrupt" declared implicitly
creating preprocessor file for fft.c...
compiling fft.c...
creating preprocessor file for main.c...
compiling main.c...
creating preprocessor file for systemClock.c...
compiling systemClock.c...
systemClock.c(17): warning:  #174-D: expression has no effect
creating preprocessor file for timers.c...
compiling timers.c...
creating preprocessor file for uart.c...
compiling uart.c...
uart.c(59): warning:  #177-D: variable "command" was declared but never referenced
uart.c(90): warning:  #550-D: variable "temp" was set but never used
creating preprocessor file for ads_spi.c...
compiling ads_spi.c...
creating preprocessor file for ads_gpio.c...
compiling ads_gpio.c...
linking...
Program Size: Code=4464 RO-data=328 RW-data=48 ZI-data=5824  
"mmm2.axf" - 0 Error(s), 6 Warning(s).
Rebuild target 'Target 1'
assembling Ek_FFT128Real_32b.s...
Ek_FFT128Real_32b.s(43): warning: A1479W: Requested alignment 8 is greater than area alignment 4, which has been increased
assembling Ek_Magnitude.s...
Ek_Magnitude.s(124): warning: A1479W: Requested alignment 8 is greater than area alignment 4, which has been increased
assembling startup_LPC13xx.s...
creating preprocessor file for coreFunctions.c...
compiling coreFunctions.c...
creating preprocessor file for fft.c...
compiling fft.c...
creating preprocessor file for main.c...
compiling main.c...
creating preprocessor file for systemClock.c...
compiling systemClock.c...
systemClock.c(17): warning:  #174-D: expression has no effect
creating preprocessor file for timers.c...
compiling timers.c...
creating preprocessor file for uart.c...
compiling uart.c...
uart.c(59): warning:  #177-D: variable "command" was declared but never referenced
uart.c(90): warning:  #550-D: variable "temp" was set but never used
creating preprocessor file for ads_spi.c...
compiling ads_spi.c...
creating preprocessor file for ads_gpio.c...
compiling ads_gpio.c...
linking...
Program Size: Code=4464 RO-data=328 RW-data=48 ZI-data=5824  
"mmm2.axf" - 0 Error(s), 5 Warning(s).
Rebuild target 'Target 1'
assembling Ek_FFT128Real_32b.s...
Ek_FFT128Real_32b.s(43): warning: A1479W: Requested alignment 8 is greater than area alignment 4, which has been increased
assembling Ek_Magnitude.s...
Ek_Magnitude.s(124): warning: A1479W: Requested alignment 8 is greater than area alignment 4, which has been increased
assembling startup_LPC13xx.s...
creating preprocessor file for coreFunctions.c...
compiling coreFunctions.c...
coreFunctions.c(70): warning:  #223-D: function "FFTTimerInit" declared implicitly
creating preprocessor file for fft.c...
compiling fft.c...
creating preprocessor file for main.c...
compiling main.c...
creating preprocessor file for systemClock.c...
compiling systemClock.c...
systemClock.c(17): warning:  #174-D: expression has no effect
creating preprocessor file for timers.c...
compiling timers.c...
timers.c(65): error:  #20: identifier "bool" is undefined
creating preprocessor file for uart.c...
compiling uart.c...
uart.c(59): warning:  #177-D: variable "command" was declared but never referenced
uart.c(90): warning:  #550-D: variable "temp" was set but never used
creating preprocessor file for ads_spi.c...
compiling ads_spi.c...
creating preprocessor file for ads_gpio.c...
compiling ads_gpio.c...
Target not created
Rebuild target 'Target 1'
assembling Ek_FFT128Real_32b.s...
Ek_FFT128Real_32b.s(43): warning: A1479W: Requested alignment 8 is greater than area alignment 4, which has been increased
assembling Ek_Magnitude.s...
Ek_Magnitude.s(124): warning: A1479W: Requested alignment 8 is greater than area alignment 4, which has been increased
assembling startup_LPC13xx.s...
creating preprocessor file for coreFunctions.c...
compiling coreFunctions.c...
coreFunctions.c(70): warning:  #223-D: function "FFTTimerInit" declared implicitly
creating preprocessor file for fft.c...
compiling fft.c...
creating preprocessor file for main.c...
compiling main.c...
creating preprocessor file for systemClock.c...
compiling systemClock.c...
systemClock.c(17): warning:  #174-D: expression has no effect
creating preprocessor file for timers.c...
compiling timers.c...
timers.c(66): error:  #20: identifier "bool" is undefined
creating preprocessor file for uart.c...
compiling uart.c...
uart.c(59): warning:  #177-D: variable "command" was declared but never referenced
uart.c(90): warning:  #550-D: variable "temp" was set but never used
creating preprocessor file for ads_spi.c...
compiling ads_spi.c...
creating preprocessor file for ads_gpio.c...
compiling ads_gpio.c...
Target not created
Rebuild target 'Target 1'
assembling Ek_FFT128Real_32b.s...
Ek_FFT128Real_32b.s(43): warning: A1479W: Requested alignment 8 is greater than area alignment 4, which has been increased
assembling Ek_Magnitude.s...
Ek_Magnitude.s(124): warning: A1479W: Requested alignment 8 is greater than area alignment 4, which has been increased
assembling startup_LPC13xx.s...
creating preprocessor file for coreFunctions.c...
compiling coreFunctions.c...
coreFunctions.c(70): warning:  #223-D: function "FFTTimerInit" declared implicitly
creating preprocessor file for fft.c...
compiling fft.c...
creating preprocessor file for main.c...
compiling main.c...
creating preprocessor file for systemClock.c...
compiling systemClock.c...
systemClock.c(17): warning:  #174-D: expression has no effect
creating preprocessor file for timers.c...
compiling timers.c...
creating preprocessor file for uart.c...
compiling uart.c...
uart.c(59): warning:  #177-D: variable "command" was declared but never referenced
uart.c(90): warning:  #550-D: variable "temp" was set but never used
creating preprocessor file for ads_spi.c...
compiling ads_spi.c...
creating preprocessor file for ads_gpio.c...
compiling ads_gpio.c...
linking...
Program Size: Code=4472 RO-data=328 RW-data=48 ZI-data=5824  
"mmm2.axf" - 0 Error(s), 6 Warning(s).
Rebuild target 'Target 1'
assembling Ek_FFT128Real_32b.s...
Ek_FFT128Real_32b.s(43): warning: A1479W: Requested alignment 8 is greater than area alignment 4, which has been increased
assembling Ek_Magnitude.s...
Ek_Magnitude.s(124): warning: A1479W: Requested alignment 8 is greater than area alignment 4, which has been increased
assembling startup_LPC13xx.s...
creating preprocessor file for coreFunctions.c...
compiling coreFunctions.c...
coreFunctions.c(71): warning:  #223-D: function "AsyncTimerFunctionCall" declared implicitly
creating preprocessor file for fft.c...
compiling fft.c...
creating preprocessor file for main.c...
compiling main.c...
creating preprocessor file for systemClock.c...
compiling systemClock.c...
systemClock.c(17): warning:  #174-D: expression has no effect
creating preprocessor file for timers.c...
compiling timers.c...
creating preprocessor file for uart.c...
compiling uart.c...
uart.c(59): warning:  #177-D: variable "command" was declared but never referenced
uart.c(90): warning:  #550-D: variable "temp" was set but never used
creating preprocessor file for ads_spi.c...
compiling ads_spi.c...
creating preprocessor file for ads_gpio.c...
compiling ads_gpio.c...
linking...
Program Size: Code=4480 RO-data=328 RW-data=48 ZI-data=5824  
"mmm2.axf" - 0 Error(s), 6 Warning(s).
Rebuild target 'Target 1'
assembling Ek_FFT128Real_32b.s...
Ek_FFT128Real_32b.s(43): warning: A1479W: Requested alignment 8 is greater than area alignment 4, which has been increased
assembling Ek_Magnitude.s...
Ek_Magnitude.s(124): warning: A1479W: Requested alignment 8 is greater than area alignment 4, which has been increased
assembling startup_LPC13xx.s...
creating preprocessor file for coreFunctions.c...
compiling coreFunctions.c...
coreFunctions.c(21): error:  #130: expected a "{"
coreFunctions.c(38): warning:  #12-D: parsing restarts here after previous syntax error
coreFunctions.c(42): error:  #20: identifier "cmd" is undefined
coreFunctions.c(53): error:  #20: identifier "fftEnabledChannels" is undefined
coreFunctions.c(85): error:  #20: identifier "timeEnabledChannel" is undefined
coreFunctions.c(128): error:  #20: identifier "fftEnabledChannels" is undefined
coreFunctions.c(130): error:  #20: identifier "dataIndex" is undefined
coreFunctions.c(133): error:  #20: identifier "timeBuffer" is undefined
coreFunctions.c(133): error:  #20: identifier "dataBuffers" is undefined
coreFunctions.c(137): error:  #20: identifier "fftBuffer" is undefined
creating preprocessor file for fft.c...
compiling fft.c...
creating preprocessor file for main.c...
compiling main.c...
main.c(6): error:  #130: expected a "{"
creating preprocessor file for systemClock.c...
compiling systemClock.c...
systemClock.c(7): error:  #130: expected a "{"
systemClock.c(17): warning:  #174-D: expression has no effect
creating preprocessor file for timers.c...
compiling timers.c...
timers.c(7): error:  #130: expected a "{"
timers.c(66): error:  #247: function "AsyncTimerFunctionCall" has already been defined
creating preprocessor file for uart.c...
compiling uart.c...
uart.c(59): warning:  #177-D: variable "command" was declared but never referenced
uart.c(90): warning:  #550-D: variable "temp" was set but never used
creating preprocessor file for ads_spi.c...
compiling ads_spi.c...
creating preprocessor file for ads_gpio.c...
compiling ads_gpio.c...
Target not created
Rebuild target 'Target 1'
assembling Ek_FFT128Real_32b.s...
Ek_FFT128Real_32b.s(43): warning: A1479W: Requested alignment 8 is greater than area alignment 4, which has been increased
assembling Ek_Magnitude.s...
Ek_Magnitude.s(124): warning: A1479W: Requested alignment 8 is greater than area alignment 4, which has been increased
assembling startup_LPC13xx.s...
creating preprocessor file for coreFunctions.c...
compiling coreFunctions.c...
creating preprocessor file for fft.c...
compiling fft.c...
creating preprocessor file for main.c...
compiling main.c...
creating preprocessor file for systemClock.c...
compiling systemClock.c...
systemClock.c(17): warning:  #174-D: expression has no effect
creating preprocessor file for timers.c...
compiling timers.c...
creating preprocessor file for uart.c...
compiling uart.c...
uart.c(59): warning:  #177-D: variable "command" was declared but never referenced
uart.c(90): warning:  #550-D: variable "temp" was set but never used
creating preprocessor file for ads_spi.c...
compiling ads_spi.c...
creating preprocessor file for ads_gpio.c...
compiling ads_gpio.c...
linking...
Program Size: Code=4480 RO-data=328 RW-data=48 ZI-data=5824  
"mmm2.axf" - 0 Error(s), 5 Warning(s).
Rebuild target 'Target 1'
assembling Ek_FFT128Real_32b.s...
Ek_FFT128Real_32b.s(43): warning: A1479W: Requested alignment 8 is greater than area alignment 4, which has been increased
assembling Ek_Magnitude.s...
Ek_Magnitude.s(124): warning: A1479W: Requested alignment 8 is greater than area alignment 4, which has been increased
assembling startup_LPC13xx.s...
creating preprocessor file for coreFunctions.c...
compiling coreFunctions.c...
creating preprocessor file for fft.c...
compiling fft.c...
creating preprocessor file for main.c...
compiling main.c...
creating preprocessor file for systemClock.c...
compiling systemClock.c...
systemClock.c(17): warning:  #174-D: expression has no effect
creating preprocessor file for timers.c...
compiling timers.c...
creating preprocessor file for uart.c...
compiling uart.c...
uart.c(59): warning:  #177-D: variable "command" was declared but never referenced
uart.c(90): warning:  #550-D: variable "temp" was set but never used
creating preprocessor file for ads_spi.c...
compiling ads_spi.c...
creating preprocessor file for ads_gpio.c...
compiling ads_gpio.c...
linking...
Program Size: Code=4480 RO-data=328 RW-data=48 ZI-data=5824  
"mmm2.axf" - 0 Error(s), 5 Warning(s).
