<html>
<body>
<pre>
<h1>µVision Build Log</h1>
<h2>Project:</h2>
C:\EMG Code\LPC1343Testing\MuscleMate Microcontroller\mmm2.uvproj
Project File Date:  06/26/2012

<h2>Output:</h2>
Build target 'Target 1'
creating preprocessor file for ads_spi.c...
compiling ads_spi.c...
ads_spi.c(31): warning:  #550-D: variable "sampleRate" was set but never used
linking...
Program Size: Code=5352 RO-data=328 RW-data=40 ZI-data=5832  
"mmm2.axf" - 0 Error(s), 1 Warning(s).
Load "C:\\EMG Code\\LPC1343Testing\\MuscleMate Microcontroller\\mmm2.AXF" 
Erase Done.
Programming Done.
Verify OK.
Rebuild target 'Target 1'
assembling Ek_FFT128Real_32b.s...
Ek_FFT128Real_32b.s(43): warning: A1479W: Requested alignment 8 is greater than area alignment 4, which has been increased
assembling Ek_Magnitude.s...
Ek_Magnitude.s(124): warning: A1479W: Requested alignment 8 is greater than area alignment 4, which has been increased
assembling startup_LPC13xx.s...
creating preprocessor file for coreFunctions.c...
compiling coreFunctions.c...
creating preprocessor file for fft.c...
compiling fft.c...
creating preprocessor file for main.c...
compiling main.c...
creating preprocessor file for systemClock.c...
compiling systemClock.c...
systemClock.c(17): warning:  #174-D: expression has no effect
creating preprocessor file for timers.c...
compiling timers.c...
creating preprocessor file for uart.c...
compiling uart.c...
uart.c(93): warning:  #550-D: variable "temp" was set but never used
creating preprocessor file for ads_spi.c...
compiling ads_spi.c...
ads_spi.c(31): warning:  #550-D: variable "sampleRate" was set but never used
linking...
Program Size: Code=5352 RO-data=328 RW-data=40 ZI-data=5832  
"mmm2.axf" - 0 Error(s), 5 Warning(s).
Load "C:\\EMG Code\\LPC1343Testing\\MuscleMate Microcontroller\\mmm2.AXF" 
Erase Done.
Programming Done.
Verify OK.
Build target 'Target 1'
creating preprocessor file for coreFunctions.c...
compiling coreFunctions.c...
creating preprocessor file for fft.c...
compiling fft.c...
creating preprocessor file for timers.c...
compiling timers.c...
creating preprocessor file for uart.c...
compiling uart.c...
uart.c(93): warning:  #550-D: variable "temp" was set but never used
creating preprocessor file for ads_spi.c...
compiling ads_spi.c...
ads_spi.c(31): warning:  #550-D: variable "sampleRate" was set but never used
linking...
Program Size: Code=5344 RO-data=328 RW-data=40 ZI-data=5832  
"mmm2.axf" - 0 Error(s), 2 Warning(s).
Load "C:\\EMG Code\\LPC1343Testing\\MuscleMate Microcontroller\\mmm2.AXF" 
Erase Done.
Programming Done.
Verify OK.
Build target 'Target 1'
creating preprocessor file for coreFunctions.c...
compiling coreFunctions.c...
creating preprocessor file for fft.c...
compiling fft.c...
creating preprocessor file for timers.c...
compiling timers.c...
creating preprocessor file for uart.c...
compiling uart.c...
uart.c(93): warning:  #550-D: variable "temp" was set but never used
creating preprocessor file for ads_spi.c...
compiling ads_spi.c...
ads_spi.c(31): warning:  #550-D: variable "sampleRate" was set but never used
linking...
Program Size: Code=5352 RO-data=328 RW-data=40 ZI-data=5832  
"mmm2.axf" - 0 Error(s), 2 Warning(s).
Load "C:\\EMG Code\\LPC1343Testing\\MuscleMate Microcontroller\\mmm2.AXF" 
Erase Done.
Programming Done.
Verify OK.
Build target 'Target 1'
creating preprocessor file for coreFunctions.c...
compiling coreFunctions.c...
coreFunctions.c(42): error:  #109: expression must have (pointer-to-) function type
creating preprocessor file for fft.c...
compiling fft.c...
creating preprocessor file for timers.c...
compiling timers.c...
creating preprocessor file for uart.c...
compiling uart.c...
uart.c(93): warning:  #550-D: variable "temp" was set but never used
creating preprocessor file for ads_spi.c...
compiling ads_spi.c...
ads_spi.c(31): warning:  #550-D: variable "sampleRate" was set but never used
Target not created
Build target 'Target 1'
creating preprocessor file for coreFunctions.c...
compiling coreFunctions.c...
creating preprocessor file for fft.c...
compiling fft.c...
creating preprocessor file for timers.c...
compiling timers.c...
creating preprocessor file for uart.c...
compiling uart.c...
uart.c(93): warning:  #550-D: variable "temp" was set but never used
creating preprocessor file for ads_spi.c...
compiling ads_spi.c...
ads_spi.c(31): warning:  #550-D: variable "sampleRate" was set but never used
linking...
Program Size: Code=5352 RO-data=328 RW-data=40 ZI-data=5832  
"mmm2.axf" - 0 Error(s), 2 Warning(s).
Load "C:\\EMG Code\\LPC1343Testing\\MuscleMate Microcontroller\\mmm2.AXF" 
Erase Done.
Programming Done.
Verify OK.
Build target 'Target 1'
creating preprocessor file for coreFunctions.c...
compiling coreFunctions.c...
creating preprocessor file for fft.c...
compiling fft.c...
creating preprocessor file for timers.c...
compiling timers.c...
creating preprocessor file for uart.c...
compiling uart.c...
uart.c(93): warning:  #550-D: variable "temp" was set but never used
creating preprocessor file for ads_spi.c...
compiling ads_spi.c...
ads_spi.c(31): warning:  #550-D: variable "sampleRate" was set but never used
linking...
Program Size: Code=5352 RO-data=328 RW-data=40 ZI-data=5832  
"mmm2.axf" - 0 Error(s), 2 Warning(s).
Load "C:\\EMG Code\\LPC1343Testing\\MuscleMate Microcontroller\\mmm2.AXF" 
Erase Done.
Programming Done.
Verify OK.
Build target 'Target 1'
creating preprocessor file for coreFunctions.c...
compiling coreFunctions.c...
linking...
Program Size: Code=5352 RO-data=328 RW-data=40 ZI-data=5832  
"mmm2.axf" - 0 Error(s), 0 Warning(s).
Load "C:\\EMG Code\\LPC1343Testing\\MuscleMate Microcontroller\\mmm2.AXF" 
Erase Done.
Programming Done.
Verify OK.
Build target 'Target 1'
creating preprocessor file for coreFunctions.c...
compiling coreFunctions.c...
creating preprocessor file for fft.c...
compiling fft.c...
creating preprocessor file for timers.c...
compiling timers.c...
creating preprocessor file for uart.c...
compiling uart.c...
uart.c(93): warning:  #550-D: variable "temp" was set but never used
creating preprocessor file for ads_spi.c...
compiling ads_spi.c...
ads_spi.c(46): error:  #20: identifier "writeArray" is undefined
ads_spi.c(46): error:  #29: expected an expression
ads_spi.c(31): warning:  #550-D: variable "sampleRate" was set but never used
Target not created
Build target 'Target 1'
creating preprocessor file for ads_spi.c...
compiling ads_spi.c...
ads_spi.c(46): error:  #29: expected an expression
ads_spi.c(46): error:  #137: expression must be a modifiable lvalue
ads_spi.c(31): warning:  #550-D: variable "sampleRate" was set but never used
Target not created
Build target 'Target 1'
creating preprocessor file for ads_spi.c...
compiling ads_spi.c...
ads_spi.c(46): error:  #29: expected an expression
ads_spi.c(46): error:  #137: expression must be a modifiable lvalue
ads_spi.c(31): warning:  #550-D: variable "sampleRate" was set but never used
Target not created
Build target 'Target 1'
creating preprocessor file for ads_spi.c...
compiling ads_spi.c...
ads_spi.c(46): error:  #29: expected an expression
ads_spi.c(46): error:  #137: expression must be a modifiable lvalue
Target not created
Build target 'Target 1'
creating preprocessor file for ads_spi.c...
compiling ads_spi.c...
ads_spi.c(46): error:  #29: expected an expression
ads_spi.c(46): error:  #137: expression must be a modifiable lvalue
Target not created
Build target 'Target 1'
creating preprocessor file for ads_spi.c...
compiling ads_spi.c...
linking...
Program Size: Code=5360 RO-data=328 RW-data=40 ZI-data=5832  
"mmm2.axf" - 0 Error(s), 0 Warning(s).
Rebuild target 'Target 1'
assembling Ek_FFT128Real_32b.s...
Ek_FFT128Real_32b.s(43): warning: A1479W: Requested alignment 8 is greater than area alignment 4, which has been increased
assembling Ek_Magnitude.s...
Ek_Magnitude.s(124): warning: A1479W: Requested alignment 8 is greater than area alignment 4, which has been increased
assembling startup_LPC13xx.s...
creating preprocessor file for coreFunctions.c...
compiling coreFunctions.c...
creating preprocessor file for fft.c...
compiling fft.c...
creating preprocessor file for main.c...
compiling main.c...
creating preprocessor file for systemClock.c...
compiling systemClock.c...
systemClock.c(17): warning:  #174-D: expression has no effect
creating preprocessor file for timers.c...
compiling timers.c...
creating preprocessor file for uart.c...
compiling uart.c...
uart.c(93): warning:  #550-D: variable "temp" was set but never used
creating preprocessor file for ads_spi.c...
compiling ads_spi.c...
linking...
Program Size: Code=5360 RO-data=328 RW-data=40 ZI-data=5832  
"mmm2.axf" - 0 Error(s), 4 Warning(s).
Load "C:\\EMG Code\\LPC1343Testing\\MuscleMate Microcontroller\\mmm2.AXF" 
Erase Done.
Programming Done.
Verify OK.
Build target 'Target 1'
creating preprocessor file for ads_spi.c...
compiling ads_spi.c...
linking...
Program Size: Code=5336 RO-data=328 RW-data=40 ZI-data=5832  
"mmm2.axf" - 0 Error(s), 0 Warning(s).
Load "C:\\EMG Code\\LPC1343Testing\\MuscleMate Microcontroller\\mmm2.AXF" 
Erase Done.
Programming Done.
Verify OK.
Build target 'Target 1'
creating preprocessor file for ads_spi.c...
compiling ads_spi.c...
linking...
Program Size: Code=5336 RO-data=328 RW-data=40 ZI-data=5832  
"mmm2.axf" - 0 Error(s), 0 Warning(s).
Load "C:\\EMG Code\\LPC1343Testing\\MuscleMate Microcontroller\\mmm2.AXF" 
Erase Done.
Programming Done.
Verify OK.
Rebuild target 'Target 1'
assembling Ek_FFT128Real_32b.s...
Ek_FFT128Real_32b.s(43): warning: A1479W: Requested alignment 8 is greater than area alignment 4, which has been increased
assembling Ek_Magnitude.s...
Ek_Magnitude.s(124): warning: A1479W: Requested alignment 8 is greater than area alignment 4, which has been increased
assembling startup_LPC13xx.s...
creating preprocessor file for coreFunctions.c...
compiling coreFunctions.c...
creating preprocessor file for fft.c...
compiling fft.c...
creating preprocessor file for main.c...
compiling main.c...
creating preprocessor file for systemClock.c...
compiling systemClock.c...
systemClock.c(17): warning:  #174-D: expression has no effect
creating preprocessor file for timers.c...
compiling timers.c...
creating preprocessor file for uart.c...
compiling uart.c...
uart.c(93): warning:  #550-D: variable "temp" was set but never used
creating preprocessor file for ads_spi.c...
compiling ads_spi.c...
linking...
Program Size: Code=5352 RO-data=328 RW-data=40 ZI-data=5832  
"mmm2.axf" - 0 Error(s), 4 Warning(s).
Load "C:\\EMG Code\\LPC1343Testing\\MuscleMate Microcontroller\\mmm2.AXF" 
Erase Done.
Programming Done.
Verify OK.
Build target 'Target 1'
creating preprocessor file for coreFunctions.c...
compiling coreFunctions.c...
linking...
Program Size: Code=5352 RO-data=328 RW-data=40 ZI-data=5832  
"mmm2.axf" - 0 Error(s), 0 Warning(s).
Load "C:\\EMG Code\\LPC1343Testing\\MuscleMate Microcontroller\\mmm2.AXF" 
Erase Done.
Programming Done.
Verify OK.
Build target 'Target 1'
creating preprocessor file for ads_spi.c...
compiling ads_spi.c...
linking...
Program Size: Code=5336 RO-data=328 RW-data=40 ZI-data=5832  
"mmm2.axf" - 0 Error(s), 0 Warning(s).
Load "C:\\EMG Code\\LPC1343Testing\\MuscleMate Microcontroller\\mmm2.AXF" 
Erase Done.
Programming Done.
Verify OK.
Build target 'Target 1'
creating preprocessor file for coreFunctions.c...
compiling coreFunctions.c...
linking...
Program Size: Code=5328 RO-data=328 RW-data=40 ZI-data=5832  
"mmm2.axf" - 0 Error(s), 0 Warning(s).
Load "C:\\EMG Code\\LPC1343Testing\\MuscleMate Microcontroller\\mmm2.AXF" 
Erase Done.
Programming Done.
Verify OK.
Build target 'Target 1'
creating preprocessor file for coreFunctions.c...
compiling coreFunctions.c...
linking...
Program Size: Code=5336 RO-data=328 RW-data=40 ZI-data=5832  
"mmm2.axf" - 0 Error(s), 0 Warning(s).
Load "C:\\EMG Code\\LPC1343Testing\\MuscleMate Microcontroller\\mmm2.AXF" 
Erase Done.
Programming Done.
Verify OK.
Build target 'Target 1'
creating preprocessor file for coreFunctions.c...
compiling coreFunctions.c...
coreFunctions.c(102): error:  #20: identifier "UART_RECEIVE_BUF_LENGTH" is undefined
Target not created
Build target 'Target 1'
creating preprocessor file for coreFunctions.c...
compiling coreFunctions.c...
coreFunctions.c(103): error:  #20: identifier "UART_RECEIVE_BUF_LENGTH" is undefined
Target not created
Build target 'Target 1'
creating preprocessor file for coreFunctions.c...
compiling coreFunctions.c...
linking...
Program Size: Code=5336 RO-data=328 RW-data=40 ZI-data=5832  
"mmm2.axf" - 0 Error(s), 0 Warning(s).
Load "C:\\EMG Code\\LPC1343Testing\\MuscleMate Microcontroller\\mmm2.AXF" 
Erase Done.
Programming Done.
Verify OK.
Build target 'Target 1'
creating preprocessor file for uart.c...
compiling uart.c...
uart.c(94): warning:  #550-D: variable "temp" was set but never used
linking...
Program Size: Code=5296 RO-data=328 RW-data=44 ZI-data=5740  
"mmm2.axf" - 0 Error(s), 1 Warning(s).
Load "C:\\EMG Code\\LPC1343Testing\\MuscleMate Microcontroller\\mmm2.AXF" 
Erase Done.
Programming Done.
Verify OK.
Build target 'Target 1'
creating preprocessor file for uart.c...
compiling uart.c...
uart.c(94): warning:  #550-D: variable "temp" was set but never used
linking...
Program Size: Code=5312 RO-data=328 RW-data=44 ZI-data=5740  
"mmm2.axf" - 0 Error(s), 1 Warning(s).
Load "C:\\EMG Code\\LPC1343Testing\\MuscleMate Microcontroller\\mmm2.AXF" 
Erase Done.
Programming Done.
Verify OK.
Build target 'Target 1'
creating preprocessor file for uart.c...
compiling uart.c...
uart.c(94): warning:  #550-D: variable "temp" was set but never used
linking...
Program Size: Code=5312 RO-data=328 RW-data=44 ZI-data=5740  
"mmm2.axf" - 0 Error(s), 1 Warning(s).
Load "C:\\EMG Code\\LPC1343Testing\\MuscleMate Microcontroller\\mmm2.AXF" 
Erase Done.
Programming Done.
Verify OK.
Build target 'Target 1'
creating preprocessor file for uart.c...
compiling uart.c...
uart.c(94): warning:  #550-D: variable "temp" was set but never used
linking...
Program Size: Code=5336 RO-data=328 RW-data=40 ZI-data=5760  
"mmm2.axf" - 0 Error(s), 1 Warning(s).
Rebuild target 'Target 1'
assembling Ek_FFT128Real_32b.s...
Ek_FFT128Real_32b.s(43): warning: A1479W: Requested alignment 8 is greater than area alignment 4, which has been increased
assembling Ek_Magnitude.s...
Ek_Magnitude.s(124): warning: A1479W: Requested alignment 8 is greater than area alignment 4, which has been increased
assembling startup_LPC13xx.s...
creating preprocessor file for coreFunctions.c...
compiling coreFunctions.c...
creating preprocessor file for fft.c...
compiling fft.c...
creating preprocessor file for main.c...
compiling main.c...
creating preprocessor file for systemClock.c...
compiling systemClock.c...
systemClock.c(17): warning:  #174-D: expression has no effect
creating preprocessor file for timers.c...
compiling timers.c...
creating preprocessor file for uart.c...
compiling uart.c...
uart.c(94): warning:  #550-D: variable "temp" was set but never used
creating preprocessor file for ads_spi.c...
compiling ads_spi.c...
linking...
Program Size: Code=5336 RO-data=328 RW-data=40 ZI-data=5760  
"mmm2.axf" - 0 Error(s), 4 Warning(s).
Load "C:\\EMG Code\\LPC1343Testing\\MuscleMate Microcontroller\\mmm2.AXF" 
Erase Done.
Programming Done.
Verify OK.
Build target 'Target 1'
creating preprocessor file for uart.c...
compiling uart.c...
uart.c(94): warning:  #550-D: variable "temp" was set but never used
linking...
Program Size: Code=5336 RO-data=328 RW-data=44 ZI-data=5740  
"mmm2.axf" - 0 Error(s), 1 Warning(s).
Rebuild target 'Target 1'
assembling Ek_FFT128Real_32b.s...
Ek_FFT128Real_32b.s(43): warning: A1479W: Requested alignment 8 is greater than area alignment 4, which has been increased
assembling Ek_Magnitude.s...
Ek_Magnitude.s(124): warning: A1479W: Requested alignment 8 is greater than area alignment 4, which has been increased
assembling startup_LPC13xx.s...
creating preprocessor file for coreFunctions.c...
compiling coreFunctions.c...
creating preprocessor file for fft.c...
compiling fft.c...
creating preprocessor file for main.c...
compiling main.c...
creating preprocessor file for systemClock.c...
compiling systemClock.c...
systemClock.c(17): warning:  #174-D: expression has no effect
creating preprocessor file for timers.c...
compiling timers.c...
creating preprocessor file for uart.c...
compiling uart.c...
uart.c(94): warning:  #550-D: variable "temp" was set but never used
creating preprocessor file for ads_spi.c...
compiling ads_spi.c...
linking...
Program Size: Code=5336 RO-data=328 RW-data=44 ZI-data=5740  
"mmm2.axf" - 0 Error(s), 4 Warning(s).
Load "C:\\EMG Code\\LPC1343Testing\\MuscleMate Microcontroller\\mmm2.AXF" 
Erase Done.
Programming Done.
Verify OK.
Build target 'Target 1'
creating preprocessor file for uart.c...
compiling uart.c...
uart.c(94): warning:  #550-D: variable "temp" was set but never used
linking...
Program Size: Code=5336 RO-data=328 RW-data=48 ZI-data=5736  
"mmm2.axf" - 0 Error(s), 1 Warning(s).
Rebuild target 'Target 1'
assembling Ek_FFT128Real_32b.s...
Ek_FFT128Real_32b.s(43): warning: A1479W: Requested alignment 8 is greater than area alignment 4, which has been increased
assembling Ek_Magnitude.s...
Ek_Magnitude.s(124): warning: A1479W: Requested alignment 8 is greater than area alignment 4, which has been increased
assembling startup_LPC13xx.s...
creating preprocessor file for coreFunctions.c...
compiling coreFunctions.c...
creating preprocessor file for fft.c...
compiling fft.c...
creating preprocessor file for main.c...
compiling main.c...
creating preprocessor file for systemClock.c...
compiling systemClock.c...
systemClock.c(17): warning:  #174-D: expression has no effect
creating preprocessor file for timers.c...
compiling timers.c...
creating preprocessor file for uart.c...
compiling uart.c...
uart.c(94): warning:  #550-D: variable "temp" was set but never used
creating preprocessor file for ads_spi.c...
compiling ads_spi.c...
linking...
Program Size: Code=5336 RO-data=328 RW-data=48 ZI-data=5736  
"mmm2.axf" - 0 Error(s), 4 Warning(s).
Load "C:\\EMG Code\\LPC1343Testing\\MuscleMate Microcontroller\\mmm2.AXF" 
Erase Done.
Programming Done.
Verify OK.
Rebuild target 'Target 1'
assembling Ek_FFT128Real_32b.s...
Ek_FFT128Real_32b.s(43): warning: A1479W: Requested alignment 8 is greater than area alignment 4, which has been increased
assembling Ek_Magnitude.s...
Ek_Magnitude.s(124): warning: A1479W: Requested alignment 8 is greater than area alignment 4, which has been increased
assembling startup_LPC13xx.s...
creating preprocessor file for coreFunctions.c...
compiling coreFunctions.c...
creating preprocessor file for fft.c...
compiling fft.c...
creating preprocessor file for main.c...
compiling main.c...
creating preprocessor file for systemClock.c...
compiling systemClock.c...
systemClock.c(17): warning:  #174-D: expression has no effect
creating preprocessor file for timers.c...
compiling timers.c...
creating preprocessor file for uart.c...
compiling uart.c...
uart.c(94): warning:  #550-D: variable "temp" was set but never used
creating preprocessor file for ads_spi.c...
compiling ads_spi.c...
linking...
Program Size: Code=5336 RO-data=328 RW-data=44 ZI-data=5740  
"mmm2.axf" - 0 Error(s), 4 Warning(s).
Load "C:\\EMG Code\\LPC1343Testing\\MuscleMate Microcontroller\\mmm2.AXF" 
Erase Done.
Programming Done.
Verify OK.
Rebuild target 'Target 1'
assembling Ek_FFT128Real_32b.s...
Ek_FFT128Real_32b.s(43): warning: A1479W: Requested alignment 8 is greater than area alignment 4, which has been increased
assembling Ek_Magnitude.s...
Ek_Magnitude.s(124): warning: A1479W: Requested alignment 8 is greater than area alignment 4, which has been increased
assembling startup_LPC13xx.s...
creating preprocessor file for coreFunctions.c...
compiling coreFunctions.c...
creating preprocessor file for fft.c...
compiling fft.c...
creating preprocessor file for main.c...
compiling main.c...
creating preprocessor file for systemClock.c...
compiling systemClock.c...
systemClock.c(17): warning:  #174-D: expression has no effect
creating preprocessor file for timers.c...
compiling timers.c...
creating preprocessor file for uart.c...
compiling uart.c...
uart.c(94): warning:  #550-D: variable "temp" was set but never used
creating preprocessor file for ads_spi.c...
compiling ads_spi.c...
linking...
Program Size: Code=5336 RO-data=328 RW-data=44 ZI-data=5740  
"mmm2.axf" - 0 Error(s), 4 Warning(s).
Load "C:\\EMG Code\\LPC1343Testing\\MuscleMate Microcontroller\\mmm2.AXF" 
Erase Done.
Programming Done.
Verify OK.
Build target 'Target 1'
creating preprocessor file for uart.c...
compiling uart.c...
uart.c(94): warning:  #550-D: variable "temp" was set but never used
linking...
Program Size: Code=5336 RO-data=328 RW-data=44 ZI-data=5740  
"mmm2.axf" - 0 Error(s), 1 Warning(s).
Rebuild target 'Target 1'
assembling Ek_FFT128Real_32b.s...
Ek_FFT128Real_32b.s(43): warning: A1479W: Requested alignment 8 is greater than area alignment 4, which has been increased
assembling Ek_Magnitude.s...
Ek_Magnitude.s(124): warning: A1479W: Requested alignment 8 is greater than area alignment 4, which has been increased
assembling startup_LPC13xx.s...
creating preprocessor file for coreFunctions.c...
compiling coreFunctions.c...
creating preprocessor file for fft.c...
compiling fft.c...
creating preprocessor file for main.c...
compiling main.c...
creating preprocessor file for systemClock.c...
compiling systemClock.c...
systemClock.c(17): warning:  #174-D: expression has no effect
creating preprocessor file for timers.c...
compiling timers.c...
creating preprocessor file for uart.c...
compiling uart.c...
uart.c(94): warning:  #550-D: variable "temp" was set but never used
creating preprocessor file for ads_spi.c...
compiling ads_spi.c...
linking...
Program Size: Code=5336 RO-data=328 RW-data=44 ZI-data=5740  
"mmm2.axf" - 0 Error(s), 4 Warning(s).
Build target 'Target 1'
creating preprocessor file for uart.c...
compiling uart.c...
uart.c(103): warning:  #550-D: variable "temp" was set but never used
creating preprocessor file for ads_spi.c...
compiling ads_spi.c...
linking...
Program Size: Code=5336 RO-data=328 RW-data=44 ZI-data=5828  
"mmm2.axf" - 0 Error(s), 1 Warning(s).
Rebuild target 'Target 1'
assembling Ek_FFT128Real_32b.s...
Ek_FFT128Real_32b.s(43): warning: A1479W: Requested alignment 8 is greater than area alignment 4, which has been increased
assembling Ek_Magnitude.s...
Ek_Magnitude.s(124): warning: A1479W: Requested alignment 8 is greater than area alignment 4, which has been increased
assembling startup_LPC13xx.s...
creating preprocessor file for coreFunctions.c...
compiling coreFunctions.c...
creating preprocessor file for fft.c...
compiling fft.c...
creating preprocessor file for main.c...
compiling main.c...
creating preprocessor file for systemClock.c...
compiling systemClock.c...
systemClock.c(17): warning:  #174-D: expression has no effect
creating preprocessor file for timers.c...
compiling timers.c...
creating preprocessor file for uart.c...
compiling uart.c...
uart.c(103): warning:  #550-D: variable "temp" was set but never used
creating preprocessor file for ads_spi.c...
compiling ads_spi.c...
linking...
Program Size: Code=5336 RO-data=328 RW-data=44 ZI-data=5828  
"mmm2.axf" - 0 Error(s), 4 Warning(s).
Load "C:\\EMG Code\\LPC1343Testing\\MuscleMate Microcontroller\\mmm2.AXF" 
Erase Done.
Programming Done.
Verify OK.
Rebuild target 'Target 1'
assembling Ek_FFT128Real_32b.s...
Ek_FFT128Real_32b.s(43): warning: A1479W: Requested alignment 8 is greater than area alignment 4, which has been increased
assembling Ek_Magnitude.s...
Ek_Magnitude.s(124): warning: A1479W: Requested alignment 8 is greater than area alignment 4, which has been increased
assembling startup_LPC13xx.s...
creating preprocessor file for coreFunctions.c...
compiling coreFunctions.c...
creating preprocessor file for fft.c...
compiling fft.c...
creating preprocessor file for main.c...
compiling main.c...
creating preprocessor file for systemClock.c...
compiling systemClock.c...
systemClock.c(17): warning:  #174-D: expression has no effect
creating preprocessor file for timers.c...
compiling timers.c...
creating preprocessor file for uart.c...
compiling uart.c...
uart.c(103): warning:  #550-D: variable "temp" was set but never used
creating preprocessor file for ads_spi.c...
compiling ads_spi.c...
linking...
Program Size: Code=5344 RO-data=328 RW-data=44 ZI-data=5828  
"mmm2.axf" - 0 Error(s), 4 Warning(s).
Load "C:\\EMG Code\\LPC1343Testing\\MuscleMate Microcontroller\\mmm2.AXF" 
Erase Done.
Programming Done.
Verify OK.
Rebuild target 'Target 1'
assembling Ek_FFT128Real_32b.s...
Ek_FFT128Real_32b.s(43): warning: A1479W: Requested alignment 8 is greater than area alignment 4, which has been increased
assembling Ek_Magnitude.s...
Ek_Magnitude.s(124): warning: A1479W: Requested alignment 8 is greater than area alignment 4, which has been increased
assembling startup_LPC13xx.s...
creating preprocessor file for coreFunctions.c...
compiling coreFunctions.c...
creating preprocessor file for fft.c...
compiling fft.c...
creating preprocessor file for main.c...
compiling main.c...
creating preprocessor file for systemClock.c...
compiling systemClock.c...
systemClock.c(17): warning:  #174-D: expression has no effect
creating preprocessor file for timers.c...
compiling timers.c...
creating preprocessor file for uart.c...
compiling uart.c...
uart.c(103): warning:  #550-D: variable "temp" was set but never used
creating preprocessor file for ads_spi.c...
compiling ads_spi.c...
linking...
Program Size: Code=5360 RO-data=328 RW-data=44 ZI-data=5828  
"mmm2.axf" - 0 Error(s), 4 Warning(s).
Load "C:\\EMG Code\\LPC1343Testing\\MuscleMate Microcontroller\\mmm2.AXF" 
Erase Done.
Programming Done.
Verify OK.
Rebuild target 'Target 1'
assembling Ek_FFT128Real_32b.s...
Ek_FFT128Real_32b.s(43): warning: A1479W: Requested alignment 8 is greater than area alignment 4, which has been increased
assembling Ek_Magnitude.s...
Ek_Magnitude.s(124): warning: A1479W: Requested alignment 8 is greater than area alignment 4, which has been increased
assembling startup_LPC13xx.s...
creating preprocessor file for coreFunctions.c...
compiling coreFunctions.c...
creating preprocessor file for fft.c...
compiling fft.c...
creating preprocessor file for main.c...
compiling main.c...
creating preprocessor file for systemClock.c...
compiling systemClock.c...
systemClock.c(17): warning:  #174-D: expression has no effect
creating preprocessor file for timers.c...
compiling timers.c...
creating preprocessor file for uart.c...
compiling uart.c...
uart.c(103): warning:  #550-D: variable "temp" was set but never used
creating preprocessor file for ads_spi.c...
compiling ads_spi.c...
linking...
Program Size: Code=5360 RO-data=328 RW-data=44 ZI-data=5828  
"mmm2.axf" - 0 Error(s), 4 Warning(s).
Load "C:\\EMG Code\\LPC1343Testing\\MuscleMate Microcontroller\\mmm2.AXF" 
Erase Done.
Programming Done.
Verify OK.
Rebuild target 'Target 1'
assembling Ek_FFT128Real_32b.s...
Ek_FFT128Real_32b.s(43): warning: A1479W: Requested alignment 8 is greater than area alignment 4, which has been increased
assembling Ek_Magnitude.s...
Ek_Magnitude.s(124): warning: A1479W: Requested alignment 8 is greater than area alignment 4, which has been increased
assembling startup_LPC13xx.s...
creating preprocessor file for coreFunctions.c...
compiling coreFunctions.c...
creating preprocessor file for fft.c...
compiling fft.c...
creating preprocessor file for main.c...
compiling main.c...
creating preprocessor file for systemClock.c...
compiling systemClock.c...
systemClock.c(17): warning:  #174-D: expression has no effect
creating preprocessor file for timers.c...
compiling timers.c...
creating preprocessor file for uart.c...
compiling uart.c...
uart.c(103): warning:  #550-D: variable "temp" was set but never used
creating preprocessor file for ads_spi.c...
compiling ads_spi.c...
linking...
Program Size: Code=5360 RO-data=328 RW-data=44 ZI-data=5828  
"mmm2.axf" - 0 Error(s), 4 Warning(s).
Load "C:\\EMG Code\\LPC1343Testing\\MuscleMate Microcontroller\\mmm2.AXF" 
Erase Done.
Programming Done.
Verify OK.
Rebuild target 'Target 1'
assembling Ek_FFT128Real_32b.s...
Ek_FFT128Real_32b.s(43): warning: A1479W: Requested alignment 8 is greater than area alignment 4, which has been increased
assembling Ek_Magnitude.s...
Ek_Magnitude.s(124): warning: A1479W: Requested alignment 8 is greater than area alignment 4, which has been increased
assembling startup_LPC13xx.s...
creating preprocessor file for coreFunctions.c...
compiling coreFunctions.c...
creating preprocessor file for fft.c...
compiling fft.c...
creating preprocessor file for main.c...
compiling main.c...
creating preprocessor file for systemClock.c...
compiling systemClock.c...
systemClock.c(17): warning:  #174-D: expression has no effect
creating preprocessor file for timers.c...
compiling timers.c...
creating preprocessor file for uart.c...
compiling uart.c...
uart.c(103): warning:  #550-D: variable "temp" was set but never used
creating preprocessor file for ads_spi.c...
compiling ads_spi.c...
ads_spi.c(282): error:  #20: identifier "LPC_SSPO" is undefined
Target not created
Rebuild target 'Target 1'
assembling Ek_FFT128Real_32b.s...
Ek_FFT128Real_32b.s(43): warning: A1479W: Requested alignment 8 is greater than area alignment 4, which has been increased
assembling Ek_Magnitude.s...
Ek_Magnitude.s(124): warning: A1479W: Requested alignment 8 is greater than area alignment 4, which has been increased
assembling startup_LPC13xx.s...
creating preprocessor file for coreFunctions.c...
compiling coreFunctions.c...
creating preprocessor file for fft.c...
compiling fft.c...
creating preprocessor file for main.c...
compiling main.c...
creating preprocessor file for systemClock.c...
compiling systemClock.c...
systemClock.c(17): warning:  #174-D: expression has no effect
creating preprocessor file for timers.c...
compiling timers.c...
creating preprocessor file for uart.c...
compiling uart.c...
uart.c(103): warning:  #550-D: variable "temp" was set but never used
creating preprocessor file for ads_spi.c...
compiling ads_spi.c...
linking...
Program Size: Code=5336 RO-data=328 RW-data=44 ZI-data=5828  
"mmm2.axf" - 0 Error(s), 4 Warning(s).
Load "C:\\EMG Code\\LPC1343Testing\\MuscleMate Microcontroller\\mmm2.AXF" 
Erase Done.
Programming Done.
Verify OK.
Build target 'Target 1'
creating preprocessor file for ads_spi.c...
compiling ads_spi.c...
linking...
Program Size: Code=5320 RO-data=328 RW-data=44 ZI-data=5828  
"mmm2.axf" - 0 Error(s), 0 Warning(s).
Load "C:\\EMG Code\\LPC1343Testing\\MuscleMate Microcontroller\\mmm2.AXF" 
Erase Done.
Programming Done.
Verify OK.
Build target 'Target 1'
creating preprocessor file for ads_spi.c...
compiling ads_spi.c...
linking...
Program Size: Code=5320 RO-data=328 RW-data=44 ZI-data=5828  
"mmm2.axf" - 0 Error(s), 0 Warning(s).
Rebuild target 'Target 1'
assembling Ek_FFT128Real_32b.s...
Ek_FFT128Real_32b.s(43): warning: A1479W: Requested alignment 8 is greater than area alignment 4, which has been increased
assembling Ek_Magnitude.s...
Ek_Magnitude.s(124): warning: A1479W: Requested alignment 8 is greater than area alignment 4, which has been increased
assembling startup_LPC13xx.s...
creating preprocessor file for coreFunctions.c...
compiling coreFunctions.c...
creating preprocessor file for fft.c...
compiling fft.c...
creating preprocessor file for main.c...
compiling main.c...
creating preprocessor file for systemClock.c...
compiling systemClock.c...
systemClock.c(17): warning:  #174-D: expression has no effect
creating preprocessor file for timers.c...
compiling timers.c...
creating preprocessor file for uart.c...
compiling uart.c...
uart.c(103): warning:  #550-D: variable "temp" was set but never used
creating preprocessor file for ads_spi.c...
compiling ads_spi.c...
linking...
Program Size: Code=5320 RO-data=328 RW-data=44 ZI-data=5828  
"mmm2.axf" - 0 Error(s), 4 Warning(s).
Load "C:\\EMG Code\\LPC1343Testing\\MuscleMate Microcontroller\\mmm2.AXF" 
Erase Done.
Programming Done.
Verify OK.
Rebuild target 'Target 1'
assembling Ek_FFT128Real_32b.s...
Ek_FFT128Real_32b.s(43): warning: A1479W: Requested alignment 8 is greater than area alignment 4, which has been increased
assembling Ek_Magnitude.s...
Ek_Magnitude.s(124): warning: A1479W: Requested alignment 8 is greater than area alignment 4, which has been increased
assembling startup_LPC13xx.s...
creating preprocessor file for coreFunctions.c...
compiling coreFunctions.c...
creating preprocessor file for fft.c...
compiling fft.c...
creating preprocessor file for main.c...
compiling main.c...
creating preprocessor file for systemClock.c...
compiling systemClock.c...
systemClock.c(17): warning:  #174-D: expression has no effect
creating preprocessor file for timers.c...
compiling timers.c...
creating preprocessor file for uart.c...
compiling uart.c...
uart.c(103): warning:  #550-D: variable "temp" was set but never used
creating preprocessor file for ads_spi.c...
compiling ads_spi.c...
linking...
Program Size: Code=5320 RO-data=328 RW-data=44 ZI-data=5828  
"mmm2.axf" - 0 Error(s), 4 Warning(s).
Load "C:\\EMG Code\\LPC1343Testing\\MuscleMate Microcontroller\\mmm2.AXF" 
Erase Done.
Programming Done.
Verify OK.
Rebuild target 'Target 1'
assembling Ek_FFT128Real_32b.s...
Ek_FFT128Real_32b.s(43): warning: A1479W: Requested alignment 8 is greater than area alignment 4, which has been increased
assembling Ek_Magnitude.s...
Ek_Magnitude.s(124): warning: A1479W: Requested alignment 8 is greater than area alignment 4, which has been increased
assembling startup_LPC13xx.s...
creating preprocessor file for coreFunctions.c...
compiling coreFunctions.c...
creating preprocessor file for fft.c...
compiling fft.c...
creating preprocessor file for main.c...
compiling main.c...
creating preprocessor file for systemClock.c...
compiling systemClock.c...
systemClock.c(17): warning:  #174-D: expression has no effect
creating preprocessor file for timers.c...
compiling timers.c...
creating preprocessor file for uart.c...
compiling uart.c...
uart.c(103): warning:  #550-D: variable "temp" was set but never used
creating preprocessor file for ads_spi.c...
compiling ads_spi.c...
linking...
Program Size: Code=5320 RO-data=328 RW-data=44 ZI-data=5828  
"mmm2.axf" - 0 Error(s), 4 Warning(s).
Load "C:\\EMG Code\\LPC1343Testing\\MuscleMate Microcontroller\\mmm2.AXF" 
Erase Done.
Programming Done.
Verify OK.
Rebuild target 'Target 1'
assembling Ek_FFT128Real_32b.s...
Ek_FFT128Real_32b.s(43): warning: A1479W: Requested alignment 8 is greater than area alignment 4, which has been increased
assembling Ek_Magnitude.s...
Ek_Magnitude.s(124): warning: A1479W: Requested alignment 8 is greater than area alignment 4, which has been increased
assembling startup_LPC13xx.s...
creating preprocessor file for coreFunctions.c...
compiling coreFunctions.c...
creating preprocessor file for fft.c...
compiling fft.c...
creating preprocessor file for main.c...
compiling main.c...
creating preprocessor file for systemClock.c...
compiling systemClock.c...
systemClock.c(17): warning:  #174-D: expression has no effect
creating preprocessor file for timers.c...
compiling timers.c...
creating preprocessor file for uart.c...
compiling uart.c...
uart.c(103): warning:  #550-D: variable "temp" was set but never used
creating preprocessor file for ads_spi.c...
compiling ads_spi.c...
linking...
Program Size: Code=5320 RO-data=328 RW-data=44 ZI-data=5828  
"mmm2.axf" - 0 Error(s), 4 Warning(s).
Load "C:\\EMG Code\\LPC1343Testing\\MuscleMate Microcontroller\\mmm2.AXF" 
Erase Done.
Programming Done.
Verify OK.
Rebuild target 'Target 1'
assembling Ek_FFT128Real_32b.s...
Ek_FFT128Real_32b.s(43): warning: A1479W: Requested alignment 8 is greater than area alignment 4, which has been increased
assembling Ek_Magnitude.s...
Ek_Magnitude.s(124): warning: A1479W: Requested alignment 8 is greater than area alignment 4, which has been increased
assembling startup_LPC13xx.s...
creating preprocessor file for coreFunctions.c...
compiling coreFunctions.c...
creating preprocessor file for fft.c...
compiling fft.c...
creating preprocessor file for main.c...
compiling main.c...
creating preprocessor file for systemClock.c...
compiling systemClock.c...
systemClock.c(17): warning:  #174-D: expression has no effect
creating preprocessor file for timers.c...
compiling timers.c...
creating preprocessor file for uart.c...
compiling uart.c...
uart.c(103): warning:  #550-D: variable "temp" was set but never used
creating preprocessor file for ads_spi.c...
compiling ads_spi.c...
linking...
Program Size: Code=5336 RO-data=328 RW-data=44 ZI-data=5828  
"mmm2.axf" - 0 Error(s), 4 Warning(s).
Load "C:\\EMG Code\\LPC1343Testing\\MuscleMate Microcontroller\\mmm2.AXF" 
Erase Done.
Programming Done.
Verify OK.
Rebuild target 'Target 1'
assembling Ek_FFT128Real_32b.s...
Ek_FFT128Real_32b.s(43): warning: A1479W: Requested alignment 8 is greater than area alignment 4, which has been increased
assembling Ek_Magnitude.s...
Ek_Magnitude.s(124): warning: A1479W: Requested alignment 8 is greater than area alignment 4, which has been increased
assembling startup_LPC13xx.s...
creating preprocessor file for coreFunctions.c...
compiling coreFunctions.c...
creating preprocessor file for fft.c...
compiling fft.c...
creating preprocessor file for main.c...
compiling main.c...
creating preprocessor file for systemClock.c...
compiling systemClock.c...
systemClock.c(17): warning:  #174-D: expression has no effect
creating preprocessor file for timers.c...
compiling timers.c...
creating preprocessor file for uart.c...
compiling uart.c...
uart.c(103): warning:  #550-D: variable "temp" was set but never used
creating preprocessor file for ads_spi.c...
compiling ads_spi.c...
ads_spi.c(33): warning:  #550-D: variable "sampleRate" was set but never used
linking...
Program Size: Code=5312 RO-data=328 RW-data=44 ZI-data=5828  
"mmm2.axf" - 0 Error(s), 5 Warning(s).
Load "C:\\EMG Code\\LPC1343Testing\\MuscleMate Microcontroller\\mmm2.AXF" 
Erase Done.
Programming Done.
Verify OK.
Rebuild target 'Target 1'
assembling Ek_FFT128Real_32b.s...
Ek_FFT128Real_32b.s(43): warning: A1479W: Requested alignment 8 is greater than area alignment 4, which has been increased
assembling Ek_Magnitude.s...
Ek_Magnitude.s(124): warning: A1479W: Requested alignment 8 is greater than area alignment 4, which has been increased
assembling startup_LPC13xx.s...
creating preprocessor file for coreFunctions.c...
compiling coreFunctions.c...
creating preprocessor file for fft.c...
compiling fft.c...
creating preprocessor file for main.c...
compiling main.c...
creating preprocessor file for systemClock.c...
compiling systemClock.c...
systemClock.c(17): warning:  #174-D: expression has no effect
creating preprocessor file for timers.c...
compiling timers.c...
creating preprocessor file for uart.c...
compiling uart.c...
uart.c(103): warning:  #550-D: variable "temp" was set but never used
creating preprocessor file for ads_spi.c...
compiling ads_spi.c...
ads_spi.c(33): warning:  #550-D: variable "sampleRate" was set but never used
ads_spi.c(36): warning:  #550-D: variable "datain" was set but never used
linking...
Program Size: Code=5416 RO-data=328 RW-data=44 ZI-data=5828  
"mmm2.axf" - 0 Error(s), 6 Warning(s).
Load "C:\\EMG Code\\LPC1343Testing\\MuscleMate Microcontroller\\mmm2.AXF" 
Erase Done.
Programming Done.
Verify OK.
Rebuild target 'Target 1'
assembling Ek_FFT128Real_32b.s...
Ek_FFT128Real_32b.s(43): warning: A1479W: Requested alignment 8 is greater than area alignment 4, which has been increased
assembling Ek_Magnitude.s...
Ek_Magnitude.s(124): warning: A1479W: Requested alignment 8 is greater than area alignment 4, which has been increased
assembling startup_LPC13xx.s...
creating preprocessor file for coreFunctions.c...
compiling coreFunctions.c...
creating preprocessor file for fft.c...
compiling fft.c...
creating preprocessor file for main.c...
compiling main.c...
creating preprocessor file for systemClock.c...
compiling systemClock.c...
systemClock.c(17): warning:  #174-D: expression has no effect
creating preprocessor file for timers.c...
compiling timers.c...
creating preprocessor file for uart.c...
compiling uart.c...
uart.c(103): warning:  #550-D: variable "temp" was set but never used
creating preprocessor file for ads_spi.c...
compiling ads_spi.c...
ads_spi.c(33): warning:  #550-D: variable "sampleRate" was set but never used
ads_spi.c(36): warning:  #550-D: variable "datain" was set but never used
linking...
Program Size: Code=5408 RO-data=328 RW-data=44 ZI-data=5828  
"mmm2.axf" - 0 Error(s), 6 Warning(s).
Load "C:\\EMG Code\\LPC1343Testing\\MuscleMate Microcontroller\\mmm2.AXF" 
Erase Done.
Programming Done.
Verify OK.
Rebuild target 'Target 1'
assembling Ek_FFT128Real_32b.s...
Ek_FFT128Real_32b.s(43): warning: A1479W: Requested alignment 8 is greater than area alignment 4, which has been increased
assembling Ek_Magnitude.s...
Ek_Magnitude.s(124): warning: A1479W: Requested alignment 8 is greater than area alignment 4, which has been increased
assembling startup_LPC13xx.s...
creating preprocessor file for coreFunctions.c...
compiling coreFunctions.c...
creating preprocessor file for fft.c...
compiling fft.c...
creating preprocessor file for main.c...
compiling main.c...
main.c(20): warning:  #223-D: function "initDRDYInterrupt" declared implicitly
main.c(21): warning:  #223-D: function "initSpiWithAds" declared implicitly
main.c(21): error:  #20: identifier "RUN_MODE_TIME_DOMAIN" is undefined
creating preprocessor file for systemClock.c...
compiling systemClock.c...
systemClock.c(17): warning:  #174-D: expression has no effect
creating preprocessor file for timers.c...
compiling timers.c...
creating preprocessor file for uart.c...
compiling uart.c...
uart.c(103): warning:  #550-D: variable "temp" was set but never used
creating preprocessor file for ads_spi.c...
compiling ads_spi.c...
ads_spi.c(36): warning:  #550-D: variable "datain" was set but never used
Target not created
creating preprocessor file for main.c...
compiling main.c...
main.c - 0 Error(s), 0 Warning(s).
Rebuild target 'Target 1'
assembling Ek_FFT128Real_32b.s...
Ek_FFT128Real_32b.s(43): warning: A1479W: Requested alignment 8 is greater than area alignment 4, which has been increased
assembling Ek_Magnitude.s...
Ek_Magnitude.s(124): warning: A1479W: Requested alignment 8 is greater than area alignment 4, which has been increased
assembling startup_LPC13xx.s...
creating preprocessor file for coreFunctions.c...
compiling coreFunctions.c...
creating preprocessor file for fft.c...
compiling fft.c...
creating preprocessor file for main.c...
compiling main.c...
creating preprocessor file for systemClock.c...
compiling systemClock.c...
systemClock.c(17): warning:  #174-D: expression has no effect
creating preprocessor file for timers.c...
compiling timers.c...
creating preprocessor file for uart.c...
compiling uart.c...
uart.c(103): warning:  #550-D: variable "temp" was set but never used
creating preprocessor file for ads_spi.c...
compiling ads_spi.c...
ads_spi.c(36): warning:  #550-D: variable "datain" was set but never used
linking...
Program Size: Code=5416 RO-data=328 RW-data=44 ZI-data=5828  
"mmm2.axf" - 0 Error(s), 5 Warning(s).
Load "C:\\EMG Code\\LPC1343Testing\\MuscleMate Microcontroller\\mmm2.AXF" 
Erase Done.
Programming Done.
Verify OK.
Build target 'Target 1'
creating preprocessor file for ads_spi.c...
compiling ads_spi.c...
ads_spi.c(36): warning:  #550-D: variable "datain" was set but never used
linking...
Program Size: Code=5376 RO-data=328 RW-data=44 ZI-data=5828  
"mmm2.axf" - 0 Error(s), 1 Warning(s).
Rebuild target 'Target 1'
assembling Ek_FFT128Real_32b.s...
Ek_FFT128Real_32b.s(43): warning: A1479W: Requested alignment 8 is greater than area alignment 4, which has been increased
assembling Ek_Magnitude.s...
Ek_Magnitude.s(124): warning: A1479W: Requested alignment 8 is greater than area alignment 4, which has been increased
assembling startup_LPC13xx.s...
creating preprocessor file for coreFunctions.c...
compiling coreFunctions.c...
creating preprocessor file for fft.c...
compiling fft.c...
creating preprocessor file for main.c...
compiling main.c...
creating preprocessor file for systemClock.c...
compiling systemClock.c...
systemClock.c(17): warning:  #174-D: expression has no effect
creating preprocessor file for timers.c...
compiling timers.c...
creating preprocessor file for uart.c...
compiling uart.c...
uart.c(103): warning:  #550-D: variable "temp" was set but never used
creating preprocessor file for ads_spi.c...
compiling ads_spi.c...
ads_spi.c(36): warning:  #550-D: variable "datain" was set but never used
linking...
Program Size: Code=5376 RO-data=328 RW-data=44 ZI-data=5828  
"mmm2.axf" - 0 Error(s), 5 Warning(s).
Load "C:\\EMG Code\\LPC1343Testing\\MuscleMate Microcontroller\\mmm2.AXF" 
Erase Done.
Programming Done.
Verify OK.
Rebuild target 'Target 1'
assembling Ek_FFT128Real_32b.s...
Ek_FFT128Real_32b.s(43): warning: A1479W: Requested alignment 8 is greater than area alignment 4, which has been increased
assembling Ek_Magnitude.s...
Ek_Magnitude.s(124): warning: A1479W: Requested alignment 8 is greater than area alignment 4, which has been increased
assembling startup_LPC13xx.s...
creating preprocessor file for coreFunctions.c...
compiling coreFunctions.c...
creating preprocessor file for fft.c...
compiling fft.c...
creating preprocessor file for main.c...
compiling main.c...
creating preprocessor file for systemClock.c...
compiling systemClock.c...
systemClock.c(17): warning:  #174-D: expression has no effect
creating preprocessor file for timers.c...
compiling timers.c...
creating preprocessor file for uart.c...
compiling uart.c...
uart.c(103): warning:  #550-D: variable "temp" was set but never used
creating preprocessor file for ads_spi.c...
compiling ads_spi.c...
ads_spi.c(36): warning:  #550-D: variable "datain" was set but never used
linking...
Program Size: Code=5400 RO-data=328 RW-data=44 ZI-data=5828  
"mmm2.axf" - 0 Error(s), 5 Warning(s).
Load "C:\\EMG Code\\LPC1343Testing\\MuscleMate Microcontroller\\mmm2.AXF" 
Erase Done.
Programming Done.
Verify OK.
Rebuild target 'Target 1'
assembling Ek_FFT128Real_32b.s...
Ek_FFT128Real_32b.s(43): warning: A1479W: Requested alignment 8 is greater than area alignment 4, which has been increased
assembling Ek_Magnitude.s...
Ek_Magnitude.s(124): warning: A1479W: Requested alignment 8 is greater than area alignment 4, which has been increased
assembling startup_LPC13xx.s...
creating preprocessor file for coreFunctions.c...
compiling coreFunctions.c...
creating preprocessor file for fft.c...
compiling fft.c...
creating preprocessor file for main.c...
compiling main.c...
creating preprocessor file for systemClock.c...
compiling systemClock.c...
systemClock.c(17): warning:  #174-D: expression has no effect
creating preprocessor file for timers.c...
compiling timers.c...
creating preprocessor file for uart.c...
compiling uart.c...
uart.c(103): warning:  #550-D: variable "temp" was set but never used
creating preprocessor file for ads_spi.c...
compiling ads_spi.c...
ads_spi.c(36): warning:  #550-D: variable "datain" was set but never used
linking...
Program Size: Code=5368 RO-data=328 RW-data=44 ZI-data=5828  
"mmm2.axf" - 0 Error(s), 5 Warning(s).
Load "C:\\EMG Code\\LPC1343Testing\\MuscleMate Microcontroller\\mmm2.AXF" 
Erase Done.
Programming Done.
Verify OK.
Rebuild target 'Target 1'
assembling Ek_FFT128Real_32b.s...
Ek_FFT128Real_32b.s(43): warning: A1479W: Requested alignment 8 is greater than area alignment 4, which has been increased
assembling Ek_Magnitude.s...
Ek_Magnitude.s(124): warning: A1479W: Requested alignment 8 is greater than area alignment 4, which has been increased
assembling startup_LPC13xx.s...
creating preprocessor file for coreFunctions.c...
compiling coreFunctions.c...
creating preprocessor file for fft.c...
compiling fft.c...
creating preprocessor file for main.c...
compiling main.c...
creating preprocessor file for systemClock.c...
compiling systemClock.c...
systemClock.c(17): warning:  #174-D: expression has no effect
creating preprocessor file for timers.c...
compiling timers.c...
creating preprocessor file for uart.c...
compiling uart.c...
uart.c(103): warning:  #550-D: variable "temp" was set but never used
creating preprocessor file for ads_spi.c...
compiling ads_spi.c...
ads_spi.c(36): warning:  #550-D: variable "datain" was set but never used
linking...
Program Size: Code=5368 RO-data=328 RW-data=44 ZI-data=5828  
"mmm2.axf" - 0 Error(s), 5 Warning(s).
Load "C:\\EMG Code\\LPC1343Testing\\MuscleMate Microcontroller\\mmm2.AXF" 
Erase Done.
Programming Done.
Verify OK.
Rebuild target 'Target 1'
assembling Ek_FFT128Real_32b.s...
Ek_FFT128Real_32b.s(43): warning: A1479W: Requested alignment 8 is greater than area alignment 4, which has been increased
assembling Ek_Magnitude.s...
Ek_Magnitude.s(124): warning: A1479W: Requested alignment 8 is greater than area alignment 4, which has been increased
assembling startup_LPC13xx.s...
creating preprocessor file for coreFunctions.c...
compiling coreFunctions.c...
creating preprocessor file for fft.c...
compiling fft.c...
creating preprocessor file for main.c...
compiling main.c...
creating preprocessor file for systemClock.c...
compiling systemClock.c...
systemClock.c(17): warning:  #174-D: expression has no effect
creating preprocessor file for timers.c...
compiling timers.c...
creating preprocessor file for uart.c...
compiling uart.c...
uart.c(103): warning:  #550-D: variable "temp" was set but never used
creating preprocessor file for ads_spi.c...
compiling ads_spi.c...
ads_spi.c(36): warning:  #550-D: variable "datain" was set but never used
linking...
Program Size: Code=5400 RO-data=328 RW-data=44 ZI-data=5828  
"mmm2.axf" - 0 Error(s), 5 Warning(s).
Load "C:\\EMG Code\\LPC1343Testing\\MuscleMate Microcontroller\\mmm2.AXF" 
Erase Done.
Programming Done.
Verify OK.
Rebuild target 'Target 1'
assembling Ek_FFT128Real_32b.s...
Ek_FFT128Real_32b.s(43): warning: A1479W: Requested alignment 8 is greater than area alignment 4, which has been increased
assembling Ek_Magnitude.s...
Ek_Magnitude.s(124): warning: A1479W: Requested alignment 8 is greater than area alignment 4, which has been increased
assembling startup_LPC13xx.s...
creating preprocessor file for coreFunctions.c...
compiling coreFunctions.c...
creating preprocessor file for fft.c...
compiling fft.c...
creating preprocessor file for main.c...
compiling main.c...
creating preprocessor file for systemClock.c...
compiling systemClock.c...
systemClock.c(17): warning:  #174-D: expression has no effect
creating preprocessor file for timers.c...
compiling timers.c...
creating preprocessor file for uart.c...
compiling uart.c...
uart.c(103): warning:  #550-D: variable "temp" was set but never used
creating preprocessor file for ads_spi.c...
compiling ads_spi.c...
ads_spi.c(36): warning:  #550-D: variable "datain" was set but never used
linking...
Program Size: Code=5400 RO-data=328 RW-data=44 ZI-data=5828  
"mmm2.axf" - 0 Error(s), 5 Warning(s).
Load "C:\\EMG Code\\LPC1343Testing\\MuscleMate Microcontroller\\mmm2.AXF" 
Erase Done.
Programming Done.
Verify OK.
Build target 'Target 1'
creating preprocessor file for ads_spi.c...
compiling ads_spi.c...
ads_spi.c(36): warning:  #550-D: variable "datain" was set but never used
linking...
Program Size: Code=5400 RO-data=328 RW-data=44 ZI-data=5828  
"mmm2.axf" - 0 Error(s), 1 Warning(s).
Load "C:\\EMG Code\\LPC1343Testing\\MuscleMate Microcontroller\\mmm2.AXF" 
Erase Done.
Programming Done.
Verify OK.
Build target 'Target 1'
creating preprocessor file for main.c...
compiling main.c...
linking...
Program Size: Code=5400 RO-data=328 RW-data=44 ZI-data=5828  
"mmm2.axf" - 0 Error(s), 0 Warning(s).
Load "C:\\EMG Code\\LPC1343Testing\\MuscleMate Microcontroller\\mmm2.AXF" 
Erase Done.
Programming Done.
Verify OK.
Build target 'Target 1'
creating preprocessor file for coreFunctions.c...
compiling coreFunctions.c...
creating preprocessor file for main.c...
compiling main.c...
creating preprocessor file for ads_spi.c...
compiling ads_spi.c...
ads_spi.c(36): warning:  #550-D: variable "datain" was set but never used
ads_spi.c(254): error:  #65: expected a ";"
ads_spi.c(247): warning:  #177-D: variable "i" was declared but never referenced
ads_spi.c(248): warning:  #550-D: variable "Dummy" was set but never used
Target not created
Build target 'Target 1'
creating preprocessor file for ads_spi.c...
compiling ads_spi.c...
ads_spi.c(36): warning:  #550-D: variable "datain" was set but never used
ads_spi.c(247): warning:  #177-D: variable "i" was declared but never referenced
ads_spi.c(248): warning:  #550-D: variable "Dummy" was set but never used
linking...
Program Size: Code=5424 RO-data=328 RW-data=44 ZI-data=5828  
"mmm2.axf" - 0 Error(s), 3 Warning(s).
Build target 'Target 1'
creating preprocessor file for ads_spi.c...
compiling ads_spi.c...
ads_spi.c(36): warning:  #550-D: variable "datain" was set but never used
ads_spi.c(247): warning:  #550-D: variable "Dummy" was set but never used
linking...
Program Size: Code=5424 RO-data=328 RW-data=44 ZI-data=5828  
"mmm2.axf" - 0 Error(s), 2 Warning(s).
Build target 'Target 1'
creating preprocessor file for ads_spi.c...
compiling ads_spi.c...
ads_spi.c(36): warning:  #550-D: variable "datain" was set but never used
ads_spi.c(247): warning:  #550-D: variable "Dummy" was set but never used
linking...
Program Size: Code=5424 RO-data=328 RW-data=44 ZI-data=5828  
"mmm2.axf" - 0 Error(s), 2 Warning(s).
Load "C:\\EMG Code\\LPC1343Testing\\MuscleMate Microcontroller\\mmm2.AXF" 
Erase Done.
Programming Done.
Verify OK.
Build target 'Target 1'
linking...
Program Size: Code=5424 RO-data=328 RW-data=44 ZI-data=5828  
"mmm2.axf" - 0 Error(s), 0 Warning(s).
Build target 'Target 1'
linking...
Program Size: Code=5424 RO-data=328 RW-data=44 ZI-data=5828  
"mmm2.axf" - 0 Error(s), 0 Warning(s).
Load "C:\\EMG Code\\LPC1343Testing\\MuscleMate Microcontroller\\mmm2.AXF" 
Erase Done.
Programming Done.
Verify OK.
Build target 'Target 1'
creating preprocessor file for main.c...
compiling main.c...
linking...
Program Size: Code=5424 RO-data=328 RW-data=44 ZI-data=5828  
"mmm2.axf" - 0 Error(s), 0 Warning(s).
Load "C:\\EMG Code\\LPC1343Testing\\MuscleMate Microcontroller\\mmm2.AXF" 
Erase Done.
Programming Done.
Verify OK.
Build target 'Target 1'
creating preprocessor file for main.c...
compiling main.c...
linking...
Program Size: Code=5424 RO-data=328 RW-data=44 ZI-data=5828  
"mmm2.axf" - 0 Error(s), 0 Warning(s).
Build target 'Target 1'
linking...
Program Size: Code=5424 RO-data=328 RW-data=44 ZI-data=5828  
"mmm2.axf" - 0 Error(s), 0 Warning(s).
Load "C:\\EMG Code\\LPC1343Testing\\MuscleMate Microcontroller\\mmm2.AXF" 
Erase Done.
Programming Done.
Verify OK.
Build target 'Target 1'
linking...
Program Size: Code=5424 RO-data=328 RW-data=44 ZI-data=5828  
"mmm2.axf" - 0 Error(s), 0 Warning(s).
Load "C:\\EMG Code\\LPC1343Testing\\MuscleMate Microcontroller\\mmm2.AXF" 
Erase Done.
Programming Done.
Verify OK.
Build target 'Target 1'
creating preprocessor file for main.c...
compiling main.c...
creating preprocessor file for ads_spi.c...
compiling ads_spi.c...
ads_spi.c(36): warning:  #550-D: variable "datain" was set but never used
ads_spi.c(247): warning:  #550-D: variable "Dummy" was set but never used
linking...
Program Size: Code=5424 RO-data=328 RW-data=44 ZI-data=5828  
"mmm2.axf" - 0 Error(s), 2 Warning(s).
Load "C:\\EMG Code\\LPC1343Testing\\MuscleMate Microcontroller\\mmm2.AXF" 
Erase Done.
Programming Done.
Verify OK.
creating preprocessor file for main.c...
compiling main.c...
main.c - 0 Error(s), 0 Warning(s).
Load "C:\\EMG Code\\LPC1343Testing\\MuscleMate Microcontroller\\mmm2.AXF" 
Erase Done.
Programming Done.
Verify OK.
