<html>
<body>
<pre>
<h1>µVision Build Log</h1>
<h2>Project:</h2>
C:\Users\nstupich\Desktop\LPC1343Testing\MuscleMate Microcontroller\mmm2.uvproj
Project File Date:  06/25/2012

<h2>Output:</h2>
Rebuild target 'Target 1'
assembling Ek_FFT128Real_32b.s...
Ek_FFT128Real_32b.s(43): warning: A1479W: Requested alignment 8 is greater than area alignment 4, which has been increased
assembling Ek_Magnitude.s...
Ek_Magnitude.s(124): warning: A1479W: Requested alignment 8 is greater than area alignment 4, which has been increased
assembling startup_LPC13xx.s...
creating preprocessor file for coreFunctions.c...
compiling coreFunctions.c...
creating preprocessor file for fft.c...
compiling fft.c...
creating preprocessor file for main.c...
compiling main.c...
creating preprocessor file for systemClock.c...
compiling systemClock.c...
systemClock.c(17): warning:  #174-D: expression has no effect
creating preprocessor file for timers.c...
compiling timers.c...
creating preprocessor file for uart.c...
compiling uart.c...
uart.c(59): warning:  #177-D: variable "command" was declared but never referenced
uart.c(90): warning:  #550-D: variable "temp" was set but never used
creating preprocessor file for ads_spi.c...
compiling ads_spi.c...
creating preprocessor file for ads_gpio.c...
compiling ads_gpio.c...
linking...
Program Size: Code=4480 RO-data=328 RW-data=48 ZI-data=5824  
"mmm2.axf" - 0 Error(s), 5 Warning(s).
Rebuild target 'Target 1'
assembling Ek_FFT128Real_32b.s...
Ek_FFT128Real_32b.s(43): warning: A1479W: Requested alignment 8 is greater than area alignment 4, which has been increased
assembling Ek_Magnitude.s...
Ek_Magnitude.s(124): warning: A1479W: Requested alignment 8 is greater than area alignment 4, which has been increased
assembling startup_LPC13xx.s...
creating preprocessor file for coreFunctions.c...
compiling coreFunctions.c...
creating preprocessor file for fft.c...
compiling fft.c...
creating preprocessor file for main.c...
compiling main.c...
creating preprocessor file for systemClock.c...
compiling systemClock.c...
systemClock.c(17): warning:  #174-D: expression has no effect
creating preprocessor file for timers.c...
compiling timers.c...
creating preprocessor file for uart.c...
compiling uart.c...
uart.c(59): warning:  #177-D: variable "command" was declared but never referenced
uart.c(90): warning:  #550-D: variable "temp" was set but never used
creating preprocessor file for ads_spi.c...
compiling ads_spi.c...
creating preprocessor file for ads_gpio.c...
compiling ads_gpio.c...
linking...
Program Size: Code=4568 RO-data=328 RW-data=52 ZI-data=5820  
"mmm2.axf" - 0 Error(s), 5 Warning(s).
Rebuild target 'Target 1'
assembling Ek_FFT128Real_32b.s...
Ek_FFT128Real_32b.s(43): warning: A1479W: Requested alignment 8 is greater than area alignment 4, which has been increased
assembling Ek_Magnitude.s...
Ek_Magnitude.s(124): warning: A1479W: Requested alignment 8 is greater than area alignment 4, which has been increased
assembling startup_LPC13xx.s...
creating preprocessor file for coreFunctions.c...
compiling coreFunctions.c...
creating preprocessor file for fft.c...
compiling fft.c...
creating preprocessor file for main.c...
compiling main.c...
creating preprocessor file for systemClock.c...
compiling systemClock.c...
systemClock.c(17): warning:  #174-D: expression has no effect
creating preprocessor file for timers.c...
compiling timers.c...
creating preprocessor file for uart.c...
compiling uart.c...
uart.c(59): warning:  #177-D: variable "command" was declared but never referenced
uart.c(90): warning:  #550-D: variable "temp" was set but never used
creating preprocessor file for ads_spi.c...
compiling ads_spi.c...
creating preprocessor file for ads_gpio.c...
compiling ads_gpio.c...
linking...
Program Size: Code=4568 RO-data=328 RW-data=52 ZI-data=5820  
"mmm2.axf" - 0 Error(s), 5 Warning(s).
Rebuild target 'Target 1'
assembling Ek_FFT128Real_32b.s...
Ek_FFT128Real_32b.s(43): warning: A1479W: Requested alignment 8 is greater than area alignment 4, which has been increased
assembling Ek_Magnitude.s...
Ek_Magnitude.s(124): warning: A1479W: Requested alignment 8 is greater than area alignment 4, which has been increased
assembling startup_LPC13xx.s...
creating preprocessor file for coreFunctions.c...
compiling coreFunctions.c...
creating preprocessor file for fft.c...
compiling fft.c...
creating preprocessor file for main.c...
compiling main.c...
creating preprocessor file for systemClock.c...
compiling systemClock.c...
systemClock.c(17): warning:  #174-D: expression has no effect
creating preprocessor file for timers.c...
compiling timers.c...
creating preprocessor file for uart.c...
compiling uart.c...
uart.c(59): warning:  #177-D: variable "command" was declared but never referenced
uart.c(90): warning:  #550-D: variable "temp" was set but never used
creating preprocessor file for ads_spi.c...
compiling ads_spi.c...
creating preprocessor file for ads_gpio.c...
compiling ads_gpio.c...
ads_gpio.c(39): error:  #20: identifier "INTERRUPT_PRI_GPIO_0" is undefined
ads_gpio.c(45): error:  #20: identifier "INTERRUPT_PRI_GPIO_1" is undefined
ads_gpio.c(51): error:  #20: identifier "INTERRUPT_PRI_GPIO_2" is undefined
ads_gpio.c(57): error:  #20: identifier "INTERRUPT_PRI_GPIO_3" is undefined
Target not created
Build target 'Target 1'
creating preprocessor file for ads_gpio.c...
ads_gpio.c(3): error:  #40: expected an identifier
compiling ads_gpio.c...
ads_gpio.c(3): error:  #40: expected an identifier
ads_gpio.c(40): error:  #20: identifier "INTERRUPT_PRI_GPIO_0" is undefined
ads_gpio.c(46): error:  #20: identifier "INTERRUPT_PRI_GPIO_1" is undefined
ads_gpio.c(52): error:  #20: identifier "INTERRUPT_PRI_GPIO_2" is undefined
ads_gpio.c(58): error:  #20: identifier "INTERRUPT_PRI_GPIO_3" is undefined
Target not created
Rebuild target 'Target 1'
assembling Ek_FFT128Real_32b.s...
Ek_FFT128Real_32b.s(43): warning: A1479W: Requested alignment 8 is greater than area alignment 4, which has been increased
assembling Ek_Magnitude.s...
Ek_Magnitude.s(124): warning: A1479W: Requested alignment 8 is greater than area alignment 4, which has been increased
assembling startup_LPC13xx.s...
creating preprocessor file for coreFunctions.c...
compiling coreFunctions.c...
creating preprocessor file for fft.c...
compiling fft.c...
creating preprocessor file for main.c...
compiling main.c...
creating preprocessor file for systemClock.c...
compiling systemClock.c...
systemClock.c(17): warning:  #174-D: expression has no effect
creating preprocessor file for timers.c...
compiling timers.c...
creating preprocessor file for uart.c...
compiling uart.c...
uart.c(59): warning:  #177-D: variable "command" was declared but never referenced
uart.c(90): warning:  #550-D: variable "temp" was set but never used
creating preprocessor file for ads_spi.c...
compiling ads_spi.c...
creating preprocessor file for ads_gpio.c...
ads_gpio.c(3): error:  #40: expected an identifier
compiling ads_gpio.c...
ads_gpio.c(3): error:  #40: expected an identifier
ads_gpio.c(40): error:  #20: identifier "INTERRUPT_PRI_GPIO_0" is undefined
ads_gpio.c(46): error:  #20: identifier "INTERRUPT_PRI_GPIO_1" is undefined
ads_gpio.c(52): error:  #20: identifier "INTERRUPT_PRI_GPIO_2" is undefined
ads_gpio.c(58): error:  #20: identifier "INTERRUPT_PRI_GPIO_3" is undefined
Target not created
Rebuild target 'Target 1'
assembling Ek_FFT128Real_32b.s...
Ek_FFT128Real_32b.s(43): warning: A1479W: Requested alignment 8 is greater than area alignment 4, which has been increased
assembling Ek_Magnitude.s...
Ek_Magnitude.s(124): warning: A1479W: Requested alignment 8 is greater than area alignment 4, which has been increased
assembling startup_LPC13xx.s...
creating preprocessor file for coreFunctions.c...
compiling coreFunctions.c...
creating preprocessor file for fft.c...
compiling fft.c...
creating preprocessor file for main.c...
compiling main.c...
creating preprocessor file for systemClock.c...
compiling systemClock.c...
systemClock.c(17): warning:  #174-D: expression has no effect
creating preprocessor file for timers.c...
compiling timers.c...
creating preprocessor file for uart.c...
compiling uart.c...
uart.c(59): warning:  #177-D: variable "command" was declared but never referenced
uart.c(90): warning:  #550-D: variable "temp" was set but never used
creating preprocessor file for ads_spi.c...
compiling ads_spi.c...
creating preprocessor file for ads_gpio.c...
compiling ads_gpio.c...
linking...
Program Size: Code=4584 RO-data=328 RW-data=52 ZI-data=5820  
"mmm2.axf" - 0 Error(s), 5 Warning(s).
