<html>
<body>
<pre>
<h1>µVision Build Log</h1>
<h2>Project:</h2>
C:\Users\nstupich\Desktop\LPC1343Testing\MuscleMate Microcontroller\mmm2.uvproj
Project File Date:  08/01/2012

<h2>Output:</h2>
Rebuild target 'Target 1'
assembling Ek_FFT128Real_32b.s...
Ek_FFT128Real_32b.s(43): warning: A1479W: Requested alignment 8 is greater than area alignment 4, which has been increased
assembling Ek_Magnitude.s...
Ek_Magnitude.s(124): warning: A1479W: Requested alignment 8 is greater than area alignment 4, which has been increased
assembling startup_LPC13xx.s...
creating preprocessor file for coreFunctions.c...
compiling coreFunctions.c...
creating preprocessor file for fft.c...
compiling fft.c...
creating preprocessor file for main.c...
compiling main.c...
creating preprocessor file for systemClock.c...
compiling systemClock.c...
creating preprocessor file for timers.c...
compiling timers.c...
creating preprocessor file for uart.c...
compiling uart.c...
creating preprocessor file for ads_spi.c...
compiling ads_spi.c...
creating preprocessor file for events.c...
compiling events.c...
creating preprocessor file for downSampling.c...
compiling downSampling.c...
creating preprocessor file for settings.c...
compiling settings.c...
linking...
Program Size: Code=6742 RO-data=350 RW-data=60 ZI-data=5900  
FromELF: creating hex file...
"mmm2.axf" - 0 Error(s), 2 Warning(s).
Rebuild target 'Target 1'
assembling Ek_FFT128Real_32b.s...
Ek_FFT128Real_32b.s(43): warning: A1479W: Requested alignment 8 is greater than area alignment 4, which has been increased
assembling Ek_Magnitude.s...
Ek_Magnitude.s(124): warning: A1479W: Requested alignment 8 is greater than area alignment 4, which has been increased
assembling startup_LPC13xx.s...
creating preprocessor file for coreFunctions.c...
compiling coreFunctions.c...
creating preprocessor file for fft.c...
compiling fft.c...
creating preprocessor file for main.c...
compiling main.c...
creating preprocessor file for systemClock.c...
compiling systemClock.c...
creating preprocessor file for timers.c...
compiling timers.c...
creating preprocessor file for uart.c...
compiling uart.c...
creating preprocessor file for ads_spi.c...
compiling ads_spi.c...
creating preprocessor file for events.c...
compiling events.c...
creating preprocessor file for downSampling.c...
compiling downSampling.c...
creating preprocessor file for settings.c...
compiling settings.c...
linking...
Program Size: Code=6798 RO-data=350 RW-data=60 ZI-data=5900  
FromELF: creating hex file...
"mmm2.axf" - 0 Error(s), 2 Warning(s).
Rebuild target 'Target 1'
assembling Ek_FFT128Real_32b.s...
Ek_FFT128Real_32b.s(43): warning: A1479W: Requested alignment 8 is greater than area alignment 4, which has been increased
assembling Ek_Magnitude.s...
Ek_Magnitude.s(124): warning: A1479W: Requested alignment 8 is greater than area alignment 4, which has been increased
assembling startup_LPC13xx.s...
creating preprocessor file for coreFunctions.c...
compiling coreFunctions.c...
creating preprocessor file for fft.c...
compiling fft.c...
creating preprocessor file for main.c...
compiling main.c...
creating preprocessor file for systemClock.c...
compiling systemClock.c...
creating preprocessor file for timers.c...
compiling timers.c...
creating preprocessor file for uart.c...
compiling uart.c...
creating preprocessor file for ads_spi.c...
compiling ads_spi.c...
creating preprocessor file for events.c...
compiling events.c...
creating preprocessor file for downSampling.c...
compiling downSampling.c...
creating preprocessor file for settings.c...
compiling settings.c...
linking...
Program Size: Code=6846 RO-data=350 RW-data=60 ZI-data=5900  
FromELF: creating hex file...
"mmm2.axf" - 0 Error(s), 2 Warning(s).
Rebuild target 'Target 1'
assembling Ek_FFT128Real_32b.s...
Ek_FFT128Real_32b.s(43): warning: A1479W: Requested alignment 8 is greater than area alignment 4, which has been increased
assembling Ek_Magnitude.s...
Ek_Magnitude.s(124): warning: A1479W: Requested alignment 8 is greater than area alignment 4, which has been increased
assembling startup_LPC13xx.s...
creating preprocessor file for coreFunctions.c...
compiling coreFunctions.c...
creating preprocessor file for fft.c...
compiling fft.c...
creating preprocessor file for main.c...
compiling main.c...
creating preprocessor file for systemClock.c...
compiling systemClock.c...
creating preprocessor file for timers.c...
compiling timers.c...
creating preprocessor file for uart.c...
compiling uart.c...
creating preprocessor file for ads_spi.c...
compiling ads_spi.c...
creating preprocessor file for events.c...
compiling events.c...
creating preprocessor file for downSampling.c...
compiling downSampling.c...
creating preprocessor file for settings.c...
compiling settings.c...
linking...
Program Size: Code=6846 RO-data=350 RW-data=60 ZI-data=5900  
FromELF: creating hex file...
"mmm2.axf" - 0 Error(s), 2 Warning(s).
Rebuild target 'Target 1'
assembling Ek_FFT128Real_32b.s...
Ek_FFT128Real_32b.s(43): warning: A1479W: Requested alignment 8 is greater than area alignment 4, which has been increased
assembling Ek_Magnitude.s...
Ek_Magnitude.s(124): warning: A1479W: Requested alignment 8 is greater than area alignment 4, which has been increased
assembling startup_LPC13xx.s...
creating preprocessor file for coreFunctions.c...
compiling coreFunctions.c...
creating preprocessor file for fft.c...
compiling fft.c...
creating preprocessor file for main.c...
compiling main.c...
creating preprocessor file for systemClock.c...
compiling systemClock.c...
creating preprocessor file for timers.c...
compiling timers.c...
creating preprocessor file for uart.c...
compiling uart.c...
creating preprocessor file for ads_spi.c...
compiling ads_spi.c...
creating preprocessor file for events.c...
compiling events.c...
creating preprocessor file for downSampling.c...
compiling downSampling.c...
creating preprocessor file for settings.c...
compiling settings.c...
linking...
Program Size: Code=6846 RO-data=350 RW-data=60 ZI-data=5900  
FromELF: creating hex file...
"mmm2.axf" - 0 Error(s), 2 Warning(s).
Rebuild target 'Target 1'
assembling Ek_FFT128Real_32b.s...
Ek_FFT128Real_32b.s(43): warning: A1479W: Requested alignment 8 is greater than area alignment 4, which has been increased
assembling Ek_Magnitude.s...
Ek_Magnitude.s(124): warning: A1479W: Requested alignment 8 is greater than area alignment 4, which has been increased
assembling startup_LPC13xx.s...
creating preprocessor file for coreFunctions.c...
compiling coreFunctions.c...
creating preprocessor file for fft.c...
compiling fft.c...
creating preprocessor file for main.c...
compiling main.c...
creating preprocessor file for systemClock.c...
compiling systemClock.c...
creating preprocessor file for timers.c...
compiling timers.c...
creating preprocessor file for uart.c...
compiling uart.c...
creating preprocessor file for ads_spi.c...
compiling ads_spi.c...
creating preprocessor file for events.c...
compiling events.c...
creating preprocessor file for downSampling.c...
compiling downSampling.c...
creating preprocessor file for settings.c...
compiling settings.c...
linking...
Program Size: Code=6846 RO-data=350 RW-data=60 ZI-data=5900  
FromELF: creating hex file...
"mmm2.axf" - 0 Error(s), 2 Warning(s).
Rebuild target 'Target 1'
assembling Ek_FFT128Real_32b.s...
Ek_FFT128Real_32b.s(43): warning: A1479W: Requested alignment 8 is greater than area alignment 4, which has been increased
assembling Ek_Magnitude.s...
Ek_Magnitude.s(124): warning: A1479W: Requested alignment 8 is greater than area alignment 4, which has been increased
assembling startup_LPC13xx.s...
creating preprocessor file for coreFunctions.c...
compiling coreFunctions.c...
creating preprocessor file for fft.c...
compiling fft.c...
creating preprocessor file for main.c...
compiling main.c...
creating preprocessor file for systemClock.c...
compiling systemClock.c...
creating preprocessor file for timers.c...
compiling timers.c...
creating preprocessor file for uart.c...
compiling uart.c...
creating preprocessor file for ads_spi.c...
compiling ads_spi.c...
creating preprocessor file for events.c...
compiling events.c...
creating preprocessor file for downSampling.c...
compiling downSampling.c...
creating preprocessor file for settings.c...
compiling settings.c...
linking...
Program Size: Code=6790 RO-data=350 RW-data=60 ZI-data=5900  
FromELF: creating hex file...
"mmm2.axf" - 0 Error(s), 2 Warning(s).
Rebuild target 'Target 1'
assembling Ek_FFT128Real_32b.s...
Ek_FFT128Real_32b.s(43): warning: A1479W: Requested alignment 8 is greater than area alignment 4, which has been increased
assembling Ek_Magnitude.s...
Ek_Magnitude.s(124): warning: A1479W: Requested alignment 8 is greater than area alignment 4, which has been increased
assembling startup_LPC13xx.s...
creating preprocessor file for coreFunctions.c...
compiling coreFunctions.c...
creating preprocessor file for fft.c...
compiling fft.c...
creating preprocessor file for main.c...
compiling main.c...
creating preprocessor file for systemClock.c...
compiling systemClock.c...
creating preprocessor file for timers.c...
compiling timers.c...
creating preprocessor file for uart.c...
compiling uart.c...
creating preprocessor file for ads_spi.c...
compiling ads_spi.c...
creating preprocessor file for events.c...
compiling events.c...
creating preprocessor file for downSampling.c...
compiling downSampling.c...
downSampling.c(15): warning:  #550-D: variable "otherWeight" was set but never used
creating preprocessor file for settings.c...
compiling settings.c...
linking...
Program Size: Code=6374 RO-data=350 RW-data=60 ZI-data=5900  
FromELF: creating hex file...
"mmm2.axf" - 0 Error(s), 3 Warning(s).
Rebuild target 'Target 1'
assembling Ek_FFT128Real_32b.s...
Ek_FFT128Real_32b.s(43): warning: A1479W: Requested alignment 8 is greater than area alignment 4, which has been increased
assembling Ek_Magnitude.s...
Ek_Magnitude.s(124): warning: A1479W: Requested alignment 8 is greater than area alignment 4, which has been increased
assembling startup_LPC13xx.s...
creating preprocessor file for coreFunctions.c...
compiling coreFunctions.c...
creating preprocessor file for fft.c...
compiling fft.c...
creating preprocessor file for main.c...
compiling main.c...
creating preprocessor file for systemClock.c...
compiling systemClock.c...
creating preprocessor file for timers.c...
compiling timers.c...
creating preprocessor file for uart.c...
compiling uart.c...
creating preprocessor file for ads_spi.c...
compiling ads_spi.c...
creating preprocessor file for events.c...
compiling events.c...
creating preprocessor file for downSampling.c...
compiling downSampling.c...
downSampling.c(15): warning:  #550-D: variable "otherWeight" was set but never used
creating preprocessor file for settings.c...
compiling settings.c...
linking...
Program Size: Code=5430 RO-data=350 RW-data=52 ZI-data=5868  
FromELF: creating hex file...
"mmm2.axf" - 0 Error(s), 3 Warning(s).
Rebuild target 'Target 1'
assembling Ek_FFT128Real_32b.s...
Ek_FFT128Real_32b.s(43): warning: A1479W: Requested alignment 8 is greater than area alignment 4, which has been increased
assembling Ek_Magnitude.s...
Ek_Magnitude.s(124): warning: A1479W: Requested alignment 8 is greater than area alignment 4, which has been increased
assembling startup_LPC13xx.s...
creating preprocessor file for coreFunctions.c...
compiling coreFunctions.c...
creating preprocessor file for fft.c...
compiling fft.c...
creating preprocessor file for main.c...
compiling main.c...
creating preprocessor file for systemClock.c...
compiling systemClock.c...
creating preprocessor file for timers.c...
compiling timers.c...
creating preprocessor file for uart.c...
compiling uart.c...
creating preprocessor file for ads_spi.c...
compiling ads_spi.c...
creating preprocessor file for events.c...
compiling events.c...
creating preprocessor file for downSampling.c...
compiling downSampling.c...
creating preprocessor file for settings.c...
compiling settings.c...
linking...
Program Size: Code=5430 RO-data=350 RW-data=52 ZI-data=5868  
FromELF: creating hex file...
"mmm2.axf" - 0 Error(s), 2 Warning(s).
Rebuild target 'Target 1'
assembling Ek_FFT128Real_32b.s...
Ek_FFT128Real_32b.s(43): warning: A1479W: Requested alignment 8 is greater than area alignment 4, which has been increased
assembling Ek_Magnitude.s...
Ek_Magnitude.s(124): warning: A1479W: Requested alignment 8 is greater than area alignment 4, which has been increased
assembling startup_LPC13xx.s...
creating preprocessor file for coreFunctions.c...
compiling coreFunctions.c...
creating preprocessor file for fft.c...
compiling fft.c...
creating preprocessor file for main.c...
compiling main.c...
creating preprocessor file for systemClock.c...
compiling systemClock.c...
creating preprocessor file for timers.c...
compiling timers.c...
creating preprocessor file for uart.c...
compiling uart.c...
creating preprocessor file for ads_spi.c...
compiling ads_spi.c...
creating preprocessor file for events.c...
compiling events.c...
creating preprocessor file for downSampling.c...
compiling downSampling.c...
creating preprocessor file for settings.c...
compiling settings.c...
linking...
Program Size: Code=5430 RO-data=350 RW-data=52 ZI-data=5868  
FromELF: creating hex file...
"mmm2.axf" - 0 Error(s), 2 Warning(s).
Rebuild target 'Target 1'
assembling Ek_FFT128Real_32b.s...
Ek_FFT128Real_32b.s(43): warning: A1479W: Requested alignment 8 is greater than area alignment 4, which has been increased
assembling Ek_Magnitude.s...
Ek_Magnitude.s(124): warning: A1479W: Requested alignment 8 is greater than area alignment 4, which has been increased
assembling startup_LPC13xx.s...
creating preprocessor file for coreFunctions.c...
compiling coreFunctions.c...
creating preprocessor file for fft.c...
compiling fft.c...
creating preprocessor file for main.c...
compiling main.c...
creating preprocessor file for systemClock.c...
compiling systemClock.c...
creating preprocessor file for timers.c...
compiling timers.c...
creating preprocessor file for uart.c...
compiling uart.c...
creating preprocessor file for ads_spi.c...
compiling ads_spi.c...
creating preprocessor file for events.c...
compiling events.c...
creating preprocessor file for downSampling.c...
compiling downSampling.c...
creating preprocessor file for settings.c...
compiling settings.c...
linking...
Program Size: Code=5430 RO-data=350 RW-data=52 ZI-data=5868  
FromELF: creating hex file...
"mmm2.axf" - 0 Error(s), 2 Warning(s).
Rebuild target 'Target 1'
assembling Ek_FFT128Real_32b.s...
Ek_FFT128Real_32b.s(43): warning: A1479W: Requested alignment 8 is greater than area alignment 4, which has been increased
assembling Ek_Magnitude.s...
Ek_Magnitude.s(124): warning: A1479W: Requested alignment 8 is greater than area alignment 4, which has been increased
assembling startup_LPC13xx.s...
creating preprocessor file for coreFunctions.c...
compiling coreFunctions.c...
creating preprocessor file for fft.c...
compiling fft.c...
creating preprocessor file for main.c...
compiling main.c...
creating preprocessor file for systemClock.c...
compiling systemClock.c...
creating preprocessor file for timers.c...
compiling timers.c...
creating preprocessor file for uart.c...
compiling uart.c...
creating preprocessor file for ads_spi.c...
compiling ads_spi.c...
creating preprocessor file for events.c...
compiling events.c...
creating preprocessor file for downSampling.c...
compiling downSampling.c...
creating preprocessor file for settings.c...
compiling settings.c...
linking...
Program Size: Code=5430 RO-data=350 RW-data=52 ZI-data=5868  
FromELF: creating hex file...
"mmm2.axf" - 0 Error(s), 2 Warning(s).
Rebuild target 'Target 1'
assembling Ek_FFT128Real_32b.s...
Ek_FFT128Real_32b.s(43): warning: A1479W: Requested alignment 8 is greater than area alignment 4, which has been increased
assembling Ek_Magnitude.s...
Ek_Magnitude.s(124): warning: A1479W: Requested alignment 8 is greater than area alignment 4, which has been increased
assembling startup_LPC13xx.s...
creating preprocessor file for coreFunctions.c...
compiling coreFunctions.c...
creating preprocessor file for fft.c...
compiling fft.c...
creating preprocessor file for main.c...
compiling main.c...
creating preprocessor file for systemClock.c...
compiling systemClock.c...
creating preprocessor file for timers.c...
compiling timers.c...
creating preprocessor file for uart.c...
compiling uart.c...
creating preprocessor file for ads_spi.c...
compiling ads_spi.c...
creating preprocessor file for events.c...
compiling events.c...
creating preprocessor file for downSampling.c...
compiling downSampling.c...
creating preprocessor file for settings.c...
compiling settings.c...
linking...
Program Size: Code=6790 RO-data=350 RW-data=60 ZI-data=5900  
FromELF: creating hex file...
"mmm2.axf" - 0 Error(s), 2 Warning(s).
Rebuild target 'Target 1'
assembling Ek_FFT128Real_32b.s...
Ek_FFT128Real_32b.s(43): warning: A1479W: Requested alignment 8 is greater than area alignment 4, which has been increased
assembling Ek_Magnitude.s...
Ek_Magnitude.s(124): warning: A1479W: Requested alignment 8 is greater than area alignment 4, which has been increased
assembling startup_LPC13xx.s...
creating preprocessor file for coreFunctions.c...
compiling coreFunctions.c...
creating preprocessor file for fft.c...
compiling fft.c...
creating preprocessor file for main.c...
compiling main.c...
creating preprocessor file for systemClock.c...
compiling systemClock.c...
creating preprocessor file for timers.c...
compiling timers.c...
creating preprocessor file for uart.c...
compiling uart.c...
creating preprocessor file for ads_spi.c...
compiling ads_spi.c...
creating preprocessor file for events.c...
compiling events.c...
creating preprocessor file for downSampling.c...
compiling downSampling.c...
downSampling.c(20): error:  #20: identifier "LPC_GPIO3" is undefined
creating preprocessor file for settings.c...
compiling settings.c...
Target not created
Rebuild target 'Target 1'
assembling Ek_FFT128Real_32b.s...
Ek_FFT128Real_32b.s(43): warning: A1479W: Requested alignment 8 is greater than area alignment 4, which has been increased
assembling Ek_Magnitude.s...
Ek_Magnitude.s(124): warning: A1479W: Requested alignment 8 is greater than area alignment 4, which has been increased
assembling startup_LPC13xx.s...
creating preprocessor file for coreFunctions.c...
compiling coreFunctions.c...
creating preprocessor file for fft.c...
compiling fft.c...
creating preprocessor file for main.c...
compiling main.c...
creating preprocessor file for systemClock.c...
compiling systemClock.c...
creating preprocessor file for timers.c...
compiling timers.c...
creating preprocessor file for uart.c...
compiling uart.c...
creating preprocessor file for ads_spi.c...
compiling ads_spi.c...
creating preprocessor file for events.c...
compiling events.c...
creating preprocessor file for downSampling.c...
compiling downSampling.c...
creating preprocessor file for settings.c...
compiling settings.c...
linking...
Program Size: Code=6798 RO-data=350 RW-data=60 ZI-data=5900  
FromELF: creating hex file...
"mmm2.axf" - 0 Error(s), 2 Warning(s).
Rebuild target 'Target 1'
assembling Ek_FFT128Real_32b.s...
Ek_FFT128Real_32b.s(43): warning: A1479W: Requested alignment 8 is greater than area alignment 4, which has been increased
assembling Ek_Magnitude.s...
Ek_Magnitude.s(124): warning: A1479W: Requested alignment 8 is greater than area alignment 4, which has been increased
assembling startup_LPC13xx.s...
creating preprocessor file for coreFunctions.c...
compiling coreFunctions.c...
creating preprocessor file for fft.c...
compiling fft.c...
creating preprocessor file for main.c...
compiling main.c...
creating preprocessor file for systemClock.c...
compiling systemClock.c...
creating preprocessor file for timers.c...
compiling timers.c...
creating preprocessor file for uart.c...
compiling uart.c...
creating preprocessor file for ads_spi.c...
compiling ads_spi.c...
creating preprocessor file for events.c...
compiling events.c...
creating preprocessor file for downSampling.c...
compiling downSampling.c...
creating preprocessor file for settings.c...
compiling settings.c...
linking...
Program Size: Code=6798 RO-data=350 RW-data=60 ZI-data=5900  
FromELF: creating hex file...
"mmm2.axf" - 0 Error(s), 2 Warning(s).
Rebuild target 'Target 1'
assembling Ek_FFT128Real_32b.s...
Ek_FFT128Real_32b.s(43): warning: A1479W: Requested alignment 8 is greater than area alignment 4, which has been increased
assembling Ek_Magnitude.s...
Ek_Magnitude.s(124): warning: A1479W: Requested alignment 8 is greater than area alignment 4, which has been increased
assembling startup_LPC13xx.s...
creating preprocessor file for coreFunctions.c...
compiling coreFunctions.c...
creating preprocessor file for fft.c...
compiling fft.c...
creating preprocessor file for main.c...
compiling main.c...
creating preprocessor file for systemClock.c...
compiling systemClock.c...
creating preprocessor file for timers.c...
compiling timers.c...
creating preprocessor file for uart.c...
compiling uart.c...
creating preprocessor file for ads_spi.c...
compiling ads_spi.c...
ads_spi.c(227): warning:  #177-D: variable "downSampledData" was declared but never referenced
creating preprocessor file for events.c...
compiling events.c...
creating preprocessor file for downSampling.c...
compiling downSampling.c...
creating preprocessor file for settings.c...
compiling settings.c...
linking...
Program Size: Code=5414 RO-data=350 RW-data=52 ZI-data=5868  
FromELF: creating hex file...
"mmm2.axf" - 0 Error(s), 3 Warning(s).
Rebuild target 'Target 1'
assembling Ek_FFT128Real_32b.s...
Ek_FFT128Real_32b.s(43): warning: A1479W: Requested alignment 8 is greater than area alignment 4, which has been increased
assembling Ek_Magnitude.s...
Ek_Magnitude.s(124): warning: A1479W: Requested alignment 8 is greater than area alignment 4, which has been increased
assembling startup_LPC13xx.s...
creating preprocessor file for coreFunctions.c...
compiling coreFunctions.c...
coreFunctions.c(170): error:  #20: identifier "j" is undefined
creating preprocessor file for fft.c...
compiling fft.c...
creating preprocessor file for main.c...
compiling main.c...
creating preprocessor file for systemClock.c...
compiling systemClock.c...
creating preprocessor file for timers.c...
compiling timers.c...
creating preprocessor file for uart.c...
compiling uart.c...
creating preprocessor file for ads_spi.c...
compiling ads_spi.c...
ads_spi.c(227): warning:  #177-D: variable "downSampledData" was declared but never referenced
creating preprocessor file for events.c...
compiling events.c...
creating preprocessor file for downSampling.c...
compiling downSampling.c...
creating preprocessor file for settings.c...
compiling settings.c...
Target not created
Rebuild target 'Target 1'
assembling Ek_FFT128Real_32b.s...
Ek_FFT128Real_32b.s(43): warning: A1479W: Requested alignment 8 is greater than area alignment 4, which has been increased
assembling Ek_Magnitude.s...
Ek_Magnitude.s(124): warning: A1479W: Requested alignment 8 is greater than area alignment 4, which has been increased
assembling startup_LPC13xx.s...
creating preprocessor file for coreFunctions.c...
compiling coreFunctions.c...
creating preprocessor file for fft.c...
compiling fft.c...
creating preprocessor file for main.c...
compiling main.c...
creating preprocessor file for systemClock.c...
compiling systemClock.c...
creating preprocessor file for timers.c...
compiling timers.c...
creating preprocessor file for uart.c...
compiling uart.c...
creating preprocessor file for ads_spi.c...
compiling ads_spi.c...
ads_spi.c(227): warning:  #177-D: variable "downSampledData" was declared but never referenced
creating preprocessor file for events.c...
compiling events.c...
creating preprocessor file for downSampling.c...
compiling downSampling.c...
creating preprocessor file for settings.c...
compiling settings.c...
linking...
Program Size: Code=5462 RO-data=350 RW-data=52 ZI-data=5868  
FromELF: creating hex file...
"mmm2.axf" - 0 Error(s), 3 Warning(s).
Rebuild target 'Target 1'
assembling Ek_FFT128Real_32b.s...
Ek_FFT128Real_32b.s(43): warning: A1479W: Requested alignment 8 is greater than area alignment 4, which has been increased
assembling Ek_Magnitude.s...
Ek_Magnitude.s(124): warning: A1479W: Requested alignment 8 is greater than area alignment 4, which has been increased
assembling startup_LPC13xx.s...
creating preprocessor file for coreFunctions.c...
compiling coreFunctions.c...
creating preprocessor file for fft.c...
compiling fft.c...
creating preprocessor file for main.c...
compiling main.c...
creating preprocessor file for systemClock.c...
compiling systemClock.c...
creating preprocessor file for timers.c...
compiling timers.c...
creating preprocessor file for uart.c...
compiling uart.c...
creating preprocessor file for ads_spi.c...
compiling ads_spi.c...
ads_spi.c(227): warning:  #177-D: variable "downSampledData" was declared but never referenced
creating preprocessor file for events.c...
compiling events.c...
creating preprocessor file for downSampling.c...
compiling downSampling.c...
creating preprocessor file for settings.c...
compiling settings.c...
linking...
Program Size: Code=5462 RO-data=350 RW-data=52 ZI-data=5868  
FromELF: creating hex file...
"mmm2.axf" - 0 Error(s), 3 Warning(s).
Rebuild target 'Target 1'
assembling Ek_FFT128Real_32b.s...
Ek_FFT128Real_32b.s(43): warning: A1479W: Requested alignment 8 is greater than area alignment 4, which has been increased
assembling Ek_Magnitude.s...
Ek_Magnitude.s(124): warning: A1479W: Requested alignment 8 is greater than area alignment 4, which has been increased
assembling startup_LPC13xx.s...
creating preprocessor file for coreFunctions.c...
compiling coreFunctions.c...
coreFunctions.c(186): warning:  #111-D: statement is unreachable
creating preprocessor file for fft.c...
compiling fft.c...
creating preprocessor file for main.c...
compiling main.c...
creating preprocessor file for systemClock.c...
compiling systemClock.c...
creating preprocessor file for timers.c...
compiling timers.c...
creating preprocessor file for uart.c...
compiling uart.c...
creating preprocessor file for ads_spi.c...
compiling ads_spi.c...
ads_spi.c(227): warning:  #177-D: variable "downSampledData" was declared but never referenced
creating preprocessor file for events.c...
compiling events.c...
creating preprocessor file for downSampling.c...
compiling downSampling.c...
creating preprocessor file for settings.c...
compiling settings.c...
linking...
Program Size: Code=5438 RO-data=350 RW-data=52 ZI-data=5868  
FromELF: creating hex file...
"mmm2.axf" - 0 Error(s), 4 Warning(s).
Rebuild target 'Target 1'
assembling Ek_FFT128Real_32b.s...
Ek_FFT128Real_32b.s(43): warning: A1479W: Requested alignment 8 is greater than area alignment 4, which has been increased
assembling Ek_Magnitude.s...
Ek_Magnitude.s(124): warning: A1479W: Requested alignment 8 is greater than area alignment 4, which has been increased
assembling startup_LPC13xx.s...
creating preprocessor file for coreFunctions.c...
compiling coreFunctions.c...
coreFunctions.c(186): warning:  #111-D: statement is unreachable
creating preprocessor file for fft.c...
compiling fft.c...
creating preprocessor file for main.c...
compiling main.c...
creating preprocessor file for systemClock.c...
compiling systemClock.c...
creating preprocessor file for timers.c...
compiling timers.c...
creating preprocessor file for uart.c...
compiling uart.c...
creating preprocessor file for ads_spi.c...
compiling ads_spi.c...
ads_spi.c(227): warning:  #177-D: variable "downSampledData" was declared but never referenced
creating preprocessor file for events.c...
compiling events.c...
creating preprocessor file for downSampling.c...
compiling downSampling.c...
creating preprocessor file for settings.c...
compiling settings.c...
linking...
Program Size: Code=5438 RO-data=350 RW-data=52 ZI-data=5868  
FromELF: creating hex file...
"mmm2.axf" - 0 Error(s), 4 Warning(s).
Rebuild target 'Target 1'
assembling Ek_FFT128Real_32b.s...
Ek_FFT128Real_32b.s(43): warning: A1479W: Requested alignment 8 is greater than area alignment 4, which has been increased
assembling Ek_Magnitude.s...
Ek_Magnitude.s(124): warning: A1479W: Requested alignment 8 is greater than area alignment 4, which has been increased
assembling startup_LPC13xx.s...
creating preprocessor file for coreFunctions.c...
compiling coreFunctions.c...
coreFunctions.c(186): warning:  #111-D: statement is unreachable
creating preprocessor file for fft.c...
compiling fft.c...
creating preprocessor file for main.c...
compiling main.c...
creating preprocessor file for systemClock.c...
compiling systemClock.c...
creating preprocessor file for timers.c...
compiling timers.c...
creating preprocessor file for uart.c...
compiling uart.c...
creating preprocessor file for ads_spi.c...
compiling ads_spi.c...
ads_spi.c(227): warning:  #177-D: variable "downSampledData" was declared but never referenced
creating preprocessor file for events.c...
compiling events.c...
creating preprocessor file for downSampling.c...
compiling downSampling.c...
creating preprocessor file for settings.c...
compiling settings.c...
linking...
Program Size: Code=5438 RO-data=350 RW-data=52 ZI-data=5868  
FromELF: creating hex file...
"mmm2.axf" - 0 Error(s), 4 Warning(s).
Rebuild target 'Target 1'
assembling Ek_FFT128Real_32b.s...
Ek_FFT128Real_32b.s(43): warning: A1479W: Requested alignment 8 is greater than area alignment 4, which has been increased
assembling Ek_Magnitude.s...
Ek_Magnitude.s(124): warning: A1479W: Requested alignment 8 is greater than area alignment 4, which has been increased
assembling startup_LPC13xx.s...
creating preprocessor file for coreFunctions.c...
compiling coreFunctions.c...
coreFunctions.c(154): warning:  #177-D: variable "j" was declared but never referenced
creating preprocessor file for fft.c...
compiling fft.c...
creating preprocessor file for main.c...
compiling main.c...
creating preprocessor file for systemClock.c...
compiling systemClock.c...
creating preprocessor file for timers.c...
compiling timers.c...
creating preprocessor file for uart.c...
compiling uart.c...
creating preprocessor file for ads_spi.c...
compiling ads_spi.c...
ads_spi.c(227): warning:  #177-D: variable "downSampledData" was declared but never referenced
creating preprocessor file for events.c...
compiling events.c...
creating preprocessor file for downSampling.c...
compiling downSampling.c...
creating preprocessor file for settings.c...
compiling settings.c...
linking...
Program Size: Code=5414 RO-data=350 RW-data=52 ZI-data=5868  
FromELF: creating hex file...
"mmm2.axf" - 0 Error(s), 4 Warning(s).
Rebuild target 'Target 1'
assembling Ek_FFT128Real_32b.s...
Ek_FFT128Real_32b.s(43): warning: A1479W: Requested alignment 8 is greater than area alignment 4, which has been increased
assembling Ek_Magnitude.s...
Ek_Magnitude.s(124): warning: A1479W: Requested alignment 8 is greater than area alignment 4, which has been increased
assembling startup_LPC13xx.s...
creating preprocessor file for coreFunctions.c...
compiling coreFunctions.c...
coreFunctions.c(186): warning:  #111-D: statement is unreachable
creating preprocessor file for fft.c...
compiling fft.c...
creating preprocessor file for main.c...
compiling main.c...
creating preprocessor file for systemClock.c...
compiling systemClock.c...
creating preprocessor file for timers.c...
compiling timers.c...
creating preprocessor file for uart.c...
compiling uart.c...
creating preprocessor file for ads_spi.c...
compiling ads_spi.c...
ads_spi.c(227): warning:  #177-D: variable "downSampledData" was declared but never referenced
creating preprocessor file for events.c...
compiling events.c...
creating preprocessor file for downSampling.c...
compiling downSampling.c...
creating preprocessor file for settings.c...
compiling settings.c...
linking...
Program Size: Code=5438 RO-data=350 RW-data=52 ZI-data=5868  
FromELF: creating hex file...
"mmm2.axf" - 0 Error(s), 4 Warning(s).
Rebuild target 'Target 1'
assembling Ek_FFT128Real_32b.s...
Ek_FFT128Real_32b.s(43): warning: A1479W: Requested alignment 8 is greater than area alignment 4, which has been increased
assembling Ek_Magnitude.s...
Ek_Magnitude.s(124): warning: A1479W: Requested alignment 8 is greater than area alignment 4, which has been increased
assembling startup_LPC13xx.s...
creating preprocessor file for coreFunctions.c...
compiling coreFunctions.c...
coreFunctions.c(188): warning:  #111-D: statement is unreachable
creating preprocessor file for fft.c...
compiling fft.c...
creating preprocessor file for main.c...
compiling main.c...
creating preprocessor file for systemClock.c...
compiling systemClock.c...
creating preprocessor file for timers.c...
compiling timers.c...
creating preprocessor file for uart.c...
compiling uart.c...
creating preprocessor file for ads_spi.c...
compiling ads_spi.c...
ads_spi.c(227): warning:  #177-D: variable "downSampledData" was declared but never referenced
creating preprocessor file for events.c...
compiling events.c...
creating preprocessor file for downSampling.c...
compiling downSampling.c...
creating preprocessor file for settings.c...
compiling settings.c...
linking...
Program Size: Code=5438 RO-data=350 RW-data=52 ZI-data=5868  
FromELF: creating hex file...
"mmm2.axf" - 0 Error(s), 4 Warning(s).
Rebuild target 'Target 1'
assembling Ek_FFT128Real_32b.s...
Ek_FFT128Real_32b.s(43): warning: A1479W: Requested alignment 8 is greater than area alignment 4, which has been increased
assembling Ek_Magnitude.s...
Ek_Magnitude.s(124): warning: A1479W: Requested alignment 8 is greater than area alignment 4, which has been increased
assembling startup_LPC13xx.s...
creating preprocessor file for coreFunctions.c...
compiling coreFunctions.c...
coreFunctions.c(193): warning:  #111-D: statement is unreachable
creating preprocessor file for fft.c...
compiling fft.c...
creating preprocessor file for main.c...
compiling main.c...
creating preprocessor file for systemClock.c...
compiling systemClock.c...
creating preprocessor file for timers.c...
compiling timers.c...
creating preprocessor file for uart.c...
compiling uart.c...
creating preprocessor file for ads_spi.c...
compiling ads_spi.c...
ads_spi.c(227): warning:  #177-D: variable "downSampledData" was declared but never referenced
creating preprocessor file for events.c...
compiling events.c...
creating preprocessor file for downSampling.c...
compiling downSampling.c...
creating preprocessor file for settings.c...
compiling settings.c...
linking...
Program Size: Code=5454 RO-data=350 RW-data=52 ZI-data=5868  
FromELF: creating hex file...
"mmm2.axf" - 0 Error(s), 4 Warning(s).
Rebuild target 'Target 1'
assembling Ek_FFT128Real_32b.s...
Ek_FFT128Real_32b.s(43): warning: A1479W: Requested alignment 8 is greater than area alignment 4, which has been increased
assembling Ek_Magnitude.s...
Ek_Magnitude.s(124): warning: A1479W: Requested alignment 8 is greater than area alignment 4, which has been increased
assembling startup_LPC13xx.s...
creating preprocessor file for coreFunctions.c...
compiling coreFunctions.c...
coreFunctions.c(193): warning:  #111-D: statement is unreachable
creating preprocessor file for fft.c...
compiling fft.c...
creating preprocessor file for main.c...
compiling main.c...
creating preprocessor file for systemClock.c...
compiling systemClock.c...
creating preprocessor file for timers.c...
compiling timers.c...
creating preprocessor file for uart.c...
compiling uart.c...
creating preprocessor file for ads_spi.c...
compiling ads_spi.c...
ads_spi.c(227): warning:  #177-D: variable "downSampledData" was declared but never referenced
creating preprocessor file for events.c...
compiling events.c...
creating preprocessor file for downSampling.c...
compiling downSampling.c...
creating preprocessor file for settings.c...
compiling settings.c...
linking...
Program Size: Code=5454 RO-data=350 RW-data=52 ZI-data=5868  
FromELF: creating hex file...
"mmm2.axf" - 0 Error(s), 4 Warning(s).
Rebuild target 'Target 1'
assembling Ek_FFT128Real_32b.s...
Ek_FFT128Real_32b.s(43): warning: A1479W: Requested alignment 8 is greater than area alignment 4, which has been increased
assembling Ek_Magnitude.s...
Ek_Magnitude.s(124): warning: A1479W: Requested alignment 8 is greater than area alignment 4, which has been increased
assembling startup_LPC13xx.s...
creating preprocessor file for coreFunctions.c...
compiling coreFunctions.c...
coreFunctions.c(193): warning:  #111-D: statement is unreachable
creating preprocessor file for fft.c...
compiling fft.c...
creating preprocessor file for main.c...
compiling main.c...
creating preprocessor file for systemClock.c...
compiling systemClock.c...
creating preprocessor file for timers.c...
compiling timers.c...
creating preprocessor file for uart.c...
compiling uart.c...
creating preprocessor file for ads_spi.c...
compiling ads_spi.c...
ads_spi.c(227): warning:  #177-D: variable "downSampledData" was declared but never referenced
creating preprocessor file for events.c...
compiling events.c...
creating preprocessor file for downSampling.c...
compiling downSampling.c...
creating preprocessor file for settings.c...
compiling settings.c...
linking...
Program Size: Code=5454 RO-data=350 RW-data=52 ZI-data=5868  
FromELF: creating hex file...
"mmm2.axf" - 0 Error(s), 4 Warning(s).
Rebuild target 'Target 1'
assembling Ek_FFT128Real_32b.s...
Ek_FFT128Real_32b.s(43): warning: A1479W: Requested alignment 8 is greater than area alignment 4, which has been increased
assembling Ek_Magnitude.s...
Ek_Magnitude.s(124): warning: A1479W: Requested alignment 8 is greater than area alignment 4, which has been increased
assembling startup_LPC13xx.s...
creating preprocessor file for coreFunctions.c...
compiling coreFunctions.c...
coreFunctions.c(192): warning:  #111-D: statement is unreachable
creating preprocessor file for fft.c...
compiling fft.c...
creating preprocessor file for main.c...
compiling main.c...
creating preprocessor file for systemClock.c...
compiling systemClock.c...
creating preprocessor file for timers.c...
compiling timers.c...
creating preprocessor file for uart.c...
compiling uart.c...
creating preprocessor file for ads_spi.c...
compiling ads_spi.c...
ads_spi.c(227): warning:  #177-D: variable "downSampledData" was declared but never referenced
creating preprocessor file for events.c...
compiling events.c...
creating preprocessor file for downSampling.c...
compiling downSampling.c...
creating preprocessor file for settings.c...
compiling settings.c...
linking...
Program Size: Code=5462 RO-data=350 RW-data=52 ZI-data=5868  
FromELF: creating hex file...
"mmm2.axf" - 0 Error(s), 4 Warning(s).
Rebuild target 'Target 1'
assembling Ek_FFT128Real_32b.s...
Ek_FFT128Real_32b.s(43): warning: A1479W: Requested alignment 8 is greater than area alignment 4, which has been increased
assembling Ek_Magnitude.s...
Ek_Magnitude.s(124): warning: A1479W: Requested alignment 8 is greater than area alignment 4, which has been increased
assembling startup_LPC13xx.s...
creating preprocessor file for coreFunctions.c...
compiling coreFunctions.c...
coreFunctions.c(192): warning:  #111-D: statement is unreachable
creating preprocessor file for fft.c...
compiling fft.c...
creating preprocessor file for main.c...
compiling main.c...
creating preprocessor file for systemClock.c...
compiling systemClock.c...
creating preprocessor file for timers.c...
compiling timers.c...
creating preprocessor file for uart.c...
compiling uart.c...
creating preprocessor file for ads_spi.c...
compiling ads_spi.c...
ads_spi.c(227): warning:  #177-D: variable "downSampledData" was declared but never referenced
creating preprocessor file for events.c...
compiling events.c...
creating preprocessor file for downSampling.c...
compiling downSampling.c...
creating preprocessor file for settings.c...
compiling settings.c...
linking...
Program Size: Code=5462 RO-data=350 RW-data=52 ZI-data=5868  
FromELF: creating hex file...
"mmm2.axf" - 0 Error(s), 4 Warning(s).
Rebuild target 'Target 1'
assembling Ek_FFT128Real_32b.s...
Ek_FFT128Real_32b.s(43): warning: A1479W: Requested alignment 8 is greater than area alignment 4, which has been increased
assembling Ek_Magnitude.s...
Ek_Magnitude.s(124): warning: A1479W: Requested alignment 8 is greater than area alignment 4, which has been increased
assembling startup_LPC13xx.s...
creating preprocessor file for coreFunctions.c...
compiling coreFunctions.c...
creating preprocessor file for fft.c...
compiling fft.c...
creating preprocessor file for main.c...
compiling main.c...
creating preprocessor file for systemClock.c...
compiling systemClock.c...
creating preprocessor file for timers.c...
compiling timers.c...
creating preprocessor file for uart.c...
compiling uart.c...
creating preprocessor file for ads_spi.c...
compiling ads_spi.c...
ads_spi.c(227): warning:  #177-D: variable "downSampledData" was declared but never referenced
creating preprocessor file for events.c...
compiling events.c...
creating preprocessor file for downSampling.c...
compiling downSampling.c...
creating preprocessor file for settings.c...
compiling settings.c...
linking...
Program Size: Code=5462 RO-data=350 RW-data=52 ZI-data=5868  
FromELF: creating hex file...
"mmm2.axf" - 0 Error(s), 3 Warning(s).
Rebuild target 'Target 1'
assembling Ek_FFT128Real_32b.s...
Ek_FFT128Real_32b.s(43): warning: A1479W: Requested alignment 8 is greater than area alignment 4, which has been increased
assembling Ek_Magnitude.s...
Ek_Magnitude.s(124): warning: A1479W: Requested alignment 8 is greater than area alignment 4, which has been increased
assembling startup_LPC13xx.s...
creating preprocessor file for coreFunctions.c...
compiling coreFunctions.c...
creating preprocessor file for fft.c...
compiling fft.c...
creating preprocessor file for main.c...
compiling main.c...
creating preprocessor file for systemClock.c...
compiling systemClock.c...
creating preprocessor file for timers.c...
compiling timers.c...
creating preprocessor file for uart.c...
compiling uart.c...
creating preprocessor file for ads_spi.c...
compiling ads_spi.c...
ads_spi.c(227): warning:  #177-D: variable "downSampledData" was declared but never referenced
creating preprocessor file for events.c...
compiling events.c...
creating preprocessor file for downSampling.c...
compiling downSampling.c...
creating preprocessor file for settings.c...
compiling settings.c...
linking...
Program Size: Code=5462 RO-data=350 RW-data=52 ZI-data=5868  
FromELF: creating hex file...
"mmm2.axf" - 0 Error(s), 3 Warning(s).
Rebuild target 'Target 1'
assembling Ek_FFT128Real_32b.s...
Ek_FFT128Real_32b.s(43): warning: A1479W: Requested alignment 8 is greater than area alignment 4, which has been increased
assembling Ek_Magnitude.s...
Ek_Magnitude.s(124): warning: A1479W: Requested alignment 8 is greater than area alignment 4, which has been increased
assembling startup_LPC13xx.s...
creating preprocessor file for coreFunctions.c...
compiling coreFunctions.c...
creating preprocessor file for fft.c...
compiling fft.c...
creating preprocessor file for main.c...
compiling main.c...
creating preprocessor file for systemClock.c...
compiling systemClock.c...
creating preprocessor file for timers.c...
compiling timers.c...
creating preprocessor file for uart.c...
compiling uart.c...
creating preprocessor file for ads_spi.c...
compiling ads_spi.c...
ads_spi.c(227): warning:  #177-D: variable "downSampledData" was declared but never referenced
creating preprocessor file for events.c...
compiling events.c...
creating preprocessor file for downSampling.c...
compiling downSampling.c...
creating preprocessor file for settings.c...
compiling settings.c...
linking...
Program Size: Code=5462 RO-data=350 RW-data=52 ZI-data=5868  
FromELF: creating hex file...
"mmm2.axf" - 0 Error(s), 3 Warning(s).
Rebuild target 'Target 1'
assembling Ek_FFT128Real_32b.s...
Ek_FFT128Real_32b.s(43): warning: A1479W: Requested alignment 8 is greater than area alignment 4, which has been increased
assembling Ek_Magnitude.s...
Ek_Magnitude.s(124): warning: A1479W: Requested alignment 8 is greater than area alignment 4, which has been increased
assembling startup_LPC13xx.s...
creating preprocessor file for coreFunctions.c...
compiling coreFunctions.c...
creating preprocessor file for fft.c...
compiling fft.c...
creating preprocessor file for main.c...
compiling main.c...
creating preprocessor file for systemClock.c...
compiling systemClock.c...
creating preprocessor file for timers.c...
compiling timers.c...
creating preprocessor file for uart.c...
compiling uart.c...
creating preprocessor file for ads_spi.c...
compiling ads_spi.c...
ads_spi.c(227): warning:  #177-D: variable "downSampledData" was declared but never referenced
creating preprocessor file for events.c...
compiling events.c...
creating preprocessor file for downSampling.c...
compiling downSampling.c...
creating preprocessor file for settings.c...
compiling settings.c...
linking...
Program Size: Code=5438 RO-data=350 RW-data=52 ZI-data=5868  
FromELF: creating hex file...
"mmm2.axf" - 0 Error(s), 3 Warning(s).
Rebuild target 'Target 1'
assembling Ek_FFT128Real_32b.s...
Ek_FFT128Real_32b.s(43): warning: A1479W: Requested alignment 8 is greater than area alignment 4, which has been increased
assembling Ek_Magnitude.s...
Ek_Magnitude.s(124): warning: A1479W: Requested alignment 8 is greater than area alignment 4, which has been increased
assembling startup_LPC13xx.s...
creating preprocessor file for coreFunctions.c...
compiling coreFunctions.c...
creating preprocessor file for fft.c...
compiling fft.c...
creating preprocessor file for main.c...
compiling main.c...
creating preprocessor file for systemClock.c...
compiling systemClock.c...
creating preprocessor file for timers.c...
compiling timers.c...
creating preprocessor file for uart.c...
compiling uart.c...
creating preprocessor file for ads_spi.c...
compiling ads_spi.c...
ads_spi.c(227): warning:  #177-D: variable "downSampledData" was declared but never referenced
creating preprocessor file for events.c...
compiling events.c...
creating preprocessor file for downSampling.c...
compiling downSampling.c...
creating preprocessor file for settings.c...
compiling settings.c...
linking...
Program Size: Code=5422 RO-data=350 RW-data=52 ZI-data=5868  
FromELF: creating hex file...
"mmm2.axf" - 0 Error(s), 3 Warning(s).
Rebuild target 'Target 1'
assembling Ek_FFT128Real_32b.s...
Ek_FFT128Real_32b.s(43): warning: A1479W: Requested alignment 8 is greater than area alignment 4, which has been increased
assembling Ek_Magnitude.s...
Ek_Magnitude.s(124): warning: A1479W: Requested alignment 8 is greater than area alignment 4, which has been increased
assembling startup_LPC13xx.s...
creating preprocessor file for coreFunctions.c...
compiling coreFunctions.c...
creating preprocessor file for fft.c...
compiling fft.c...
creating preprocessor file for main.c...
compiling main.c...
creating preprocessor file for systemClock.c...
compiling systemClock.c...
creating preprocessor file for timers.c...
compiling timers.c...
creating preprocessor file for uart.c...
compiling uart.c...
creating preprocessor file for ads_spi.c...
compiling ads_spi.c...
ads_spi.c(227): warning:  #177-D: variable "downSampledData" was declared but never referenced
creating preprocessor file for events.c...
compiling events.c...
creating preprocessor file for downSampling.c...
compiling downSampling.c...
creating preprocessor file for settings.c...
compiling settings.c...
linking...
Program Size: Code=5414 RO-data=350 RW-data=52 ZI-data=5868  
FromELF: creating hex file...
"mmm2.axf" - 0 Error(s), 3 Warning(s).
Rebuild target 'Target 1'
assembling Ek_FFT128Real_32b.s...
Ek_FFT128Real_32b.s(43): warning: A1479W: Requested alignment 8 is greater than area alignment 4, which has been increased
assembling Ek_Magnitude.s...
Ek_Magnitude.s(124): warning: A1479W: Requested alignment 8 is greater than area alignment 4, which has been increased
assembling startup_LPC13xx.s...
creating preprocessor file for coreFunctions.c...
compiling coreFunctions.c...
creating preprocessor file for fft.c...
compiling fft.c...
creating preprocessor file for main.c...
compiling main.c...
creating preprocessor file for systemClock.c...
compiling systemClock.c...
creating preprocessor file for timers.c...
compiling timers.c...
creating preprocessor file for uart.c...
compiling uart.c...
creating preprocessor file for ads_spi.c...
compiling ads_spi.c...
ads_spi.c(227): warning:  #177-D: variable "downSampledData" was declared but never referenced
creating preprocessor file for events.c...
compiling events.c...
creating preprocessor file for downSampling.c...
compiling downSampling.c...
creating preprocessor file for settings.c...
compiling settings.c...
linking...
Program Size: Code=5422 RO-data=350 RW-data=52 ZI-data=5868  
FromELF: creating hex file...
"mmm2.axf" - 0 Error(s), 3 Warning(s).
Rebuild target 'Target 1'
assembling Ek_FFT128Real_32b.s...
Ek_FFT128Real_32b.s(43): warning: A1479W: Requested alignment 8 is greater than area alignment 4, which has been increased
assembling Ek_Magnitude.s...
Ek_Magnitude.s(124): warning: A1479W: Requested alignment 8 is greater than area alignment 4, which has been increased
assembling startup_LPC13xx.s...
creating preprocessor file for coreFunctions.c...
compiling coreFunctions.c...
creating preprocessor file for fft.c...
compiling fft.c...
creating preprocessor file for main.c...
compiling main.c...
creating preprocessor file for systemClock.c...
compiling systemClock.c...
creating preprocessor file for timers.c...
compiling timers.c...
creating preprocessor file for uart.c...
compiling uart.c...
creating preprocessor file for ads_spi.c...
compiling ads_spi.c...
ads_spi.c(227): warning:  #177-D: variable "downSampledData" was declared but never referenced
creating preprocessor file for events.c...
compiling events.c...
creating preprocessor file for downSampling.c...
compiling downSampling.c...
creating preprocessor file for settings.c...
compiling settings.c...
linking...
Program Size: Code=5438 RO-data=350 RW-data=52 ZI-data=5868  
FromELF: creating hex file...
"mmm2.axf" - 0 Error(s), 3 Warning(s).
Rebuild target 'Target 1'
assembling Ek_FFT128Real_32b.s...
Ek_FFT128Real_32b.s(43): warning: A1479W: Requested alignment 8 is greater than area alignment 4, which has been increased
assembling Ek_Magnitude.s...
Ek_Magnitude.s(124): warning: A1479W: Requested alignment 8 is greater than area alignment 4, which has been increased
assembling startup_LPC13xx.s...
creating preprocessor file for coreFunctions.c...
compiling coreFunctions.c...
creating preprocessor file for fft.c...
compiling fft.c...
creating preprocessor file for main.c...
compiling main.c...
creating preprocessor file for systemClock.c...
compiling systemClock.c...
creating preprocessor file for timers.c...
compiling timers.c...
creating preprocessor file for uart.c...
compiling uart.c...
creating preprocessor file for ads_spi.c...
compiling ads_spi.c...
ads_spi.c(227): warning:  #177-D: variable "downSampledData" was declared but never referenced
creating preprocessor file for events.c...
compiling events.c...
creating preprocessor file for downSampling.c...
compiling downSampling.c...
creating preprocessor file for settings.c...
compiling settings.c...
linking...
Program Size: Code=5470 RO-data=350 RW-data=52 ZI-data=5868  
FromELF: creating hex file...
"mmm2.axf" - 0 Error(s), 3 Warning(s).
Rebuild target 'Target 1'
assembling Ek_FFT128Real_32b.s...
Ek_FFT128Real_32b.s(43): warning: A1479W: Requested alignment 8 is greater than area alignment 4, which has been increased
assembling Ek_Magnitude.s...
Ek_Magnitude.s(124): warning: A1479W: Requested alignment 8 is greater than area alignment 4, which has been increased
assembling startup_LPC13xx.s...
creating preprocessor file for coreFunctions.c...
compiling coreFunctions.c...
creating preprocessor file for fft.c...
compiling fft.c...
creating preprocessor file for main.c...
compiling main.c...
creating preprocessor file for systemClock.c...
compiling systemClock.c...
creating preprocessor file for timers.c...
compiling timers.c...
creating preprocessor file for uart.c...
compiling uart.c...
creating preprocessor file for ads_spi.c...
compiling ads_spi.c...
ads_spi.c(227): warning:  #177-D: variable "downSampledData" was declared but never referenced
creating preprocessor file for events.c...
compiling events.c...
creating preprocessor file for downSampling.c...
compiling downSampling.c...
creating preprocessor file for settings.c...
compiling settings.c...
linking...
Program Size: Code=5454 RO-data=350 RW-data=52 ZI-data=5868  
FromELF: creating hex file...
"mmm2.axf" - 0 Error(s), 3 Warning(s).
Rebuild target 'Target 1'
assembling Ek_FFT128Real_32b.s...
Ek_FFT128Real_32b.s(43): warning: A1479W: Requested alignment 8 is greater than area alignment 4, which has been increased
assembling Ek_Magnitude.s...
Ek_Magnitude.s(124): warning: A1479W: Requested alignment 8 is greater than area alignment 4, which has been increased
assembling startup_LPC13xx.s...
creating preprocessor file for coreFunctions.c...
compiling coreFunctions.c...
creating preprocessor file for fft.c...
compiling fft.c...
creating preprocessor file for main.c...
compiling main.c...
creating preprocessor file for systemClock.c...
compiling systemClock.c...
creating preprocessor file for timers.c...
compiling timers.c...
creating preprocessor file for uart.c...
compiling uart.c...
creating preprocessor file for ads_spi.c...
compiling ads_spi.c...
ads_spi.c(227): warning:  #177-D: variable "downSampledData" was declared but never referenced
creating preprocessor file for events.c...
compiling events.c...
creating preprocessor file for downSampling.c...
compiling downSampling.c...
creating preprocessor file for settings.c...
compiling settings.c...
linking...
Program Size: Code=5454 RO-data=350 RW-data=52 ZI-data=5868  
FromELF: creating hex file...
"mmm2.axf" - 0 Error(s), 3 Warning(s).
Load "C:\\Users\\nstupich\\Desktop\\LPC1343Testing\\MuscleMate Microcontroller\\mmm2.AXF" 
Load "C:\\Users\\nstupich\\Desktop\\LPC1343Testing\\MuscleMate Microcontroller\\mmm2.AXF" 
Erase Done.
Programming Done.
Verify OK.
Rebuild target 'Target 1'
assembling Ek_FFT128Real_32b.s...
Ek_FFT128Real_32b.s(43): warning: A1479W: Requested alignment 8 is greater than area alignment 4, which has been increased
assembling Ek_Magnitude.s...
Ek_Magnitude.s(124): warning: A1479W: Requested alignment 8 is greater than area alignment 4, which has been increased
assembling startup_LPC13xx.s...
creating preprocessor file for coreFunctions.c...
compiling coreFunctions.c...
creating preprocessor file for fft.c...
compiling fft.c...
creating preprocessor file for main.c...
compiling main.c...
creating preprocessor file for systemClock.c...
compiling systemClock.c...
creating preprocessor file for timers.c...
compiling timers.c...
creating preprocessor file for uart.c...
compiling uart.c...
creating preprocessor file for ads_spi.c...
compiling ads_spi.c...
ads_spi.c(227): warning:  #177-D: variable "downSampledData" was declared but never referenced
creating preprocessor file for events.c...
compiling events.c...
creating preprocessor file for downSampling.c...
compiling downSampling.c...
creating preprocessor file for settings.c...
compiling settings.c...
linking...
Program Size: Code=5470 RO-data=350 RW-data=52 ZI-data=5868  
FromELF: creating hex file...
"mmm2.axf" - 0 Error(s), 3 Warning(s).
Load "C:\\Users\\nstupich\\Desktop\\LPC1343Testing\\MuscleMate Microcontroller\\mmm2.AXF" 
Erase Done.
Programming Done.
Verify OK.
Rebuild target 'Target 1'
assembling Ek_FFT128Real_32b.s...
Ek_FFT128Real_32b.s(43): warning: A1479W: Requested alignment 8 is greater than area alignment 4, which has been increased
assembling Ek_Magnitude.s...
Ek_Magnitude.s(124): warning: A1479W: Requested alignment 8 is greater than area alignment 4, which has been increased
assembling startup_LPC13xx.s...
creating preprocessor file for coreFunctions.c...
compiling coreFunctions.c...
creating preprocessor file for fft.c...
compiling fft.c...
creating preprocessor file for main.c...
compiling main.c...
creating preprocessor file for systemClock.c...
compiling systemClock.c...
creating preprocessor file for timers.c...
compiling timers.c...
creating preprocessor file for uart.c...
compiling uart.c...
creating preprocessor file for ads_spi.c...
compiling ads_spi.c...
ads_spi.c(227): warning:  #177-D: variable "downSampledData" was declared but never referenced
creating preprocessor file for events.c...
compiling events.c...
creating preprocessor file for downSampling.c...
compiling downSampling.c...
creating preprocessor file for settings.c...
compiling settings.c...
linking...
Program Size: Code=5454 RO-data=350 RW-data=52 ZI-data=5868  
FromELF: creating hex file...
"mmm2.axf" - 0 Error(s), 3 Warning(s).
Load "C:\\Users\\nstupich\\Desktop\\LPC1343Testing\\MuscleMate Microcontroller\\mmm2.AXF" 
Erase Done.
Programming Done.
Verify OK.
Rebuild target 'Target 1'
assembling Ek_FFT128Real_32b.s...
Ek_FFT128Real_32b.s(43): warning: A1479W: Requested alignment 8 is greater than area alignment 4, which has been increased
assembling Ek_Magnitude.s...
Ek_Magnitude.s(124): warning: A1479W: Requested alignment 8 is greater than area alignment 4, which has been increased
assembling startup_LPC13xx.s...
creating preprocessor file for coreFunctions.c...
compiling coreFunctions.c...
creating preprocessor file for fft.c...
compiling fft.c...
creating preprocessor file for main.c...
compiling main.c...
creating preprocessor file for systemClock.c...
compiling systemClock.c...
creating preprocessor file for timers.c...
compiling timers.c...
creating preprocessor file for uart.c...
compiling uart.c...
creating preprocessor file for ads_spi.c...
compiling ads_spi.c...
ads_spi.c(227): warning:  #177-D: variable "downSampledData" was declared but never referenced
creating preprocessor file for events.c...
compiling events.c...
creating preprocessor file for downSampling.c...
compiling downSampling.c...
creating preprocessor file for settings.c...
compiling settings.c...
linking...
Program Size: Code=5446 RO-data=350 RW-data=52 ZI-data=5868  
FromELF: creating hex file...
"mmm2.axf" - 0 Error(s), 3 Warning(s).
Load "C:\\Users\\nstupich\\Desktop\\LPC1343Testing\\MuscleMate Microcontroller\\mmm2.AXF" 
Erase Done.
Programming Done.
Verify OK.
Rebuild target 'Target 1'
assembling Ek_FFT128Real_32b.s...
Ek_FFT128Real_32b.s(43): warning: A1479W: Requested alignment 8 is greater than area alignment 4, which has been increased
assembling Ek_Magnitude.s...
Ek_Magnitude.s(124): warning: A1479W: Requested alignment 8 is greater than area alignment 4, which has been increased
assembling startup_LPC13xx.s...
creating preprocessor file for coreFunctions.c...
compiling coreFunctions.c...
creating preprocessor file for fft.c...
compiling fft.c...
creating preprocessor file for main.c...
compiling main.c...
creating preprocessor file for systemClock.c...
compiling systemClock.c...
creating preprocessor file for timers.c...
compiling timers.c...
creating preprocessor file for uart.c...
compiling uart.c...
creating preprocessor file for ads_spi.c...
compiling ads_spi.c...
ads_spi.c(227): warning:  #177-D: variable "downSampledData" was declared but never referenced
creating preprocessor file for events.c...
compiling events.c...
creating preprocessor file for downSampling.c...
compiling downSampling.c...
creating preprocessor file for settings.c...
compiling settings.c...
linking...
Program Size: Code=5446 RO-data=350 RW-data=52 ZI-data=5868  
FromELF: creating hex file...
"mmm2.axf" - 0 Error(s), 3 Warning(s).
Load "C:\\Users\\nstupich\\Desktop\\LPC1343Testing\\MuscleMate Microcontroller\\mmm2.AXF" 
Erase Done.
Programming Done.
Verify OK.
Rebuild target 'Target 1'
assembling Ek_FFT128Real_32b.s...
Ek_FFT128Real_32b.s(43): warning: A1479W: Requested alignment 8 is greater than area alignment 4, which has been increased
assembling Ek_Magnitude.s...
Ek_Magnitude.s(124): warning: A1479W: Requested alignment 8 is greater than area alignment 4, which has been increased
assembling startup_LPC13xx.s...
creating preprocessor file for coreFunctions.c...
compiling coreFunctions.c...
coreFunctions.c(154): warning:  #177-D: variable "j" was declared but never referenced
coreFunctions.c(155): warning:  #177-D: variable "transformScalingValue" was declared but never referenced
coreFunctions.c(156): warning:  #177-D: variable "transformBins" was declared but never referenced
creating preprocessor file for fft.c...
compiling fft.c...
creating preprocessor file for main.c...
compiling main.c...
creating preprocessor file for systemClock.c...
compiling systemClock.c...
creating preprocessor file for timers.c...
compiling timers.c...
creating preprocessor file for uart.c...
compiling uart.c...
creating preprocessor file for ads_spi.c...
compiling ads_spi.c...
ads_spi.c(227): warning:  #177-D: variable "downSampledData" was declared but never referenced
creating preprocessor file for events.c...
compiling events.c...
creating preprocessor file for downSampling.c...
compiling downSampling.c...
creating preprocessor file for settings.c...
compiling settings.c...
linking...
Program Size: Code=2884 RO-data=328 RW-data=52 ZI-data=5348  
FromELF: creating hex file...
"mmm2.axf" - 0 Error(s), 6 Warning(s).
Load "C:\\Users\\nstupich\\Desktop\\LPC1343Testing\\MuscleMate Microcontroller\\mmm2.AXF" 
Erase Done.
Programming Done.
Verify OK.
Rebuild target 'Target 1'
assembling Ek_FFT128Real_32b.s...
Ek_FFT128Real_32b.s(43): warning: A1479W: Requested alignment 8 is greater than area alignment 4, which has been increased
assembling Ek_Magnitude.s...
Ek_Magnitude.s(124): warning: A1479W: Requested alignment 8 is greater than area alignment 4, which has been increased
assembling startup_LPC13xx.s...
creating preprocessor file for coreFunctions.c...
compiling coreFunctions.c...
coreFunctions.c(155): warning:  #177-D: variable "transformScalingValue" was declared but never referenced
coreFunctions.c(156): warning:  #177-D: variable "transformBins" was declared but never referenced
creating preprocessor file for fft.c...
compiling fft.c...
creating preprocessor file for main.c...
compiling main.c...
creating preprocessor file for systemClock.c...
compiling systemClock.c...
creating preprocessor file for timers.c...
compiling timers.c...
creating preprocessor file for uart.c...
compiling uart.c...
creating preprocessor file for ads_spi.c...
compiling ads_spi.c...
ads_spi.c(227): warning:  #177-D: variable "downSampledData" was declared but never referenced
creating preprocessor file for events.c...
compiling events.c...
creating preprocessor file for downSampling.c...
compiling downSampling.c...
creating preprocessor file for settings.c...
compiling settings.c...
linking...
Program Size: Code=2892 RO-data=328 RW-data=52 ZI-data=5348  
FromELF: creating hex file...
"mmm2.axf" - 0 Error(s), 5 Warning(s).
Load "C:\\Users\\nstupich\\Desktop\\LPC1343Testing\\MuscleMate Microcontroller\\mmm2.AXF" 
Load "C:\\Users\\nstupich\\Desktop\\LPC1343Testing\\MuscleMate Microcontroller\\mmm2.AXF" 
Rebuild target 'Target 1'
assembling Ek_FFT128Real_32b.s...
Ek_FFT128Real_32b.s(43): warning: A1479W: Requested alignment 8 is greater than area alignment 4, which has been increased
assembling Ek_Magnitude.s...
Ek_Magnitude.s(124): warning: A1479W: Requested alignment 8 is greater than area alignment 4, which has been increased
assembling startup_LPC13xx.s...
creating preprocessor file for coreFunctions.c...
compiling coreFunctions.c...
coreFunctions.c(155): warning:  #177-D: variable "transformScalingValue" was declared but never referenced
coreFunctions.c(156): warning:  #177-D: variable "transformBins" was declared but never referenced
creating preprocessor file for fft.c...
compiling fft.c...
creating preprocessor file for main.c...
compiling main.c...
creating preprocessor file for systemClock.c...
compiling systemClock.c...
creating preprocessor file for timers.c...
compiling timers.c...
creating preprocessor file for uart.c...
compiling uart.c...
creating preprocessor file for ads_spi.c...
compiling ads_spi.c...
ads_spi.c(227): warning:  #177-D: variable "downSampledData" was declared but never referenced
creating preprocessor file for events.c...
compiling events.c...
creating preprocessor file for downSampling.c...
compiling downSampling.c...
creating preprocessor file for settings.c...
compiling settings.c...
linking...
Program Size: Code=2892 RO-data=328 RW-data=52 ZI-data=5348  
FromELF: creating hex file...
"mmm2.axf" - 0 Error(s), 5 Warning(s).
Load "C:\\Users\\nstupich\\Desktop\\LPC1343Testing\\MuscleMate Microcontroller\\mmm2.AXF" 
Load "C:\\Users\\nstupich\\Desktop\\LPC1343Testing\\MuscleMate Microcontroller\\mmm2.AXF" 
Load "C:\\Users\\nstupich\\Desktop\\LPC1343Testing\\MuscleMate Microcontroller\\mmm2.AXF" 
Rebuild target 'Target 1'
assembling Ek_FFT128Real_32b.s...
Ek_FFT128Real_32b.s(43): warning: A1479W: Requested alignment 8 is greater than area alignment 4, which has been increased
assembling Ek_Magnitude.s...
Ek_Magnitude.s(124): warning: A1479W: Requested alignment 8 is greater than area alignment 4, which has been increased
assembling startup_LPC13xx.s...
creating preprocessor file for coreFunctions.c...
compiling coreFunctions.c...
coreFunctions.c(155): warning:  #177-D: variable "transformScalingValue" was declared but never referenced
coreFunctions.c(156): warning:  #177-D: variable "transformBins" was declared but never referenced
creating preprocessor file for fft.c...
compiling fft.c...
creating preprocessor file for main.c...
compiling main.c...
creating preprocessor file for systemClock.c...
compiling systemClock.c...
creating preprocessor file for timers.c...
compiling timers.c...
creating preprocessor file for uart.c...
compiling uart.c...
creating preprocessor file for ads_spi.c...
compiling ads_spi.c...
ads_spi.c(227): warning:  #177-D: variable "downSampledData" was declared but never referenced
creating preprocessor file for events.c...
compiling events.c...
creating preprocessor file for downSampling.c...
compiling downSampling.c...
creating preprocessor file for settings.c...
compiling settings.c...
linking...
Program Size: Code=2892 RO-data=328 RW-data=52 ZI-data=5348  
FromELF: creating hex file...
"mmm2.axf" - 0 Error(s), 5 Warning(s).
Load "C:\\Users\\nstupich\\Desktop\\LPC1343Testing\\MuscleMate Microcontroller\\mmm2.AXF" 
Erase Done.
Programming Done.
Verify OK.
Rebuild target 'Target 1'
assembling Ek_FFT128Real_32b.s...
Ek_FFT128Real_32b.s(43): warning: A1479W: Requested alignment 8 is greater than area alignment 4, which has been increased
assembling Ek_Magnitude.s...
Ek_Magnitude.s(124): warning: A1479W: Requested alignment 8 is greater than area alignment 4, which has been increased
assembling startup_LPC13xx.s...
creating preprocessor file for coreFunctions.c...
compiling coreFunctions.c...
coreFunctions.c(155): warning:  #177-D: variable "transformScalingValue" was declared but never referenced
coreFunctions.c(156): warning:  #177-D: variable "transformBins" was declared but never referenced
creating preprocessor file for fft.c...
compiling fft.c...
creating preprocessor file for main.c...
compiling main.c...
creating preprocessor file for systemClock.c...
compiling systemClock.c...
creating preprocessor file for timers.c...
compiling timers.c...
creating preprocessor file for uart.c...
compiling uart.c...
creating preprocessor file for ads_spi.c...
compiling ads_spi.c...
ads_spi.c(227): warning:  #177-D: variable "downSampledData" was declared but never referenced
creating preprocessor file for events.c...
compiling events.c...
creating preprocessor file for downSampling.c...
compiling downSampling.c...
creating preprocessor file for settings.c...
compiling settings.c...
linking...
Program Size: Code=2904 RO-data=328 RW-data=52 ZI-data=5348  
FromELF: creating hex file...
"mmm2.axf" - 0 Error(s), 5 Warning(s).
Load "C:\\Users\\nstupich\\Desktop\\LPC1343Testing\\MuscleMate Microcontroller\\mmm2.AXF" 
Erase Done.
Programming Done.
Verify OK.
Rebuild target 'Target 1'
assembling Ek_FFT128Real_32b.s...
Ek_FFT128Real_32b.s(43): warning: A1479W: Requested alignment 8 is greater than area alignment 4, which has been increased
assembling Ek_Magnitude.s...
Ek_Magnitude.s(124): warning: A1479W: Requested alignment 8 is greater than area alignment 4, which has been increased
assembling startup_LPC13xx.s...
creating preprocessor file for coreFunctions.c...
compiling coreFunctions.c...
coreFunctions.c(155): warning:  #177-D: variable "transformScalingValue" was declared but never referenced
coreFunctions.c(156): warning:  #177-D: variable "transformBins" was declared but never referenced
creating preprocessor file for fft.c...
compiling fft.c...
creating preprocessor file for main.c...
compiling main.c...
creating preprocessor file for systemClock.c...
compiling systemClock.c...
creating preprocessor file for timers.c...
compiling timers.c...
creating preprocessor file for uart.c...
compiling uart.c...
creating preprocessor file for ads_spi.c...
compiling ads_spi.c...
ads_spi.c(227): warning:  #177-D: variable "downSampledData" was declared but never referenced
creating preprocessor file for events.c...
compiling events.c...
creating preprocessor file for downSampling.c...
compiling downSampling.c...
creating preprocessor file for settings.c...
compiling settings.c...
linking...
Program Size: Code=2904 RO-data=328 RW-data=52 ZI-data=5348  
FromELF: creating hex file...
"mmm2.axf" - 0 Error(s), 5 Warning(s).
Load "C:\\Users\\nstupich\\Desktop\\LPC1343Testing\\MuscleMate Microcontroller\\mmm2.AXF" 
Erase Done.
Programming Done.
Verify OK.
Rebuild target 'Target 1'
assembling Ek_FFT128Real_32b.s...
Ek_FFT128Real_32b.s(43): warning: A1479W: Requested alignment 8 is greater than area alignment 4, which has been increased
assembling Ek_Magnitude.s...
Ek_Magnitude.s(124): warning: A1479W: Requested alignment 8 is greater than area alignment 4, which has been increased
assembling startup_LPC13xx.s...
creating preprocessor file for coreFunctions.c...
compiling coreFunctions.c...
coreFunctions.c(155): warning:  #177-D: variable "transformScalingValue" was declared but never referenced
coreFunctions.c(156): warning:  #177-D: variable "transformBins" was declared but never referenced
creating preprocessor file for fft.c...
compiling fft.c...
creating preprocessor file for main.c...
compiling main.c...
creating preprocessor file for systemClock.c...
compiling systemClock.c...
creating preprocessor file for timers.c...
compiling timers.c...
creating preprocessor file for uart.c...
compiling uart.c...
creating preprocessor file for ads_spi.c...
compiling ads_spi.c...
ads_spi.c(227): warning:  #177-D: variable "downSampledData" was declared but never referenced
creating preprocessor file for events.c...
compiling events.c...
creating preprocessor file for downSampling.c...
compiling downSampling.c...
creating preprocessor file for settings.c...
compiling settings.c...
linking...
Program Size: Code=2900 RO-data=328 RW-data=52 ZI-data=5348  
FromELF: creating hex file...
"mmm2.axf" - 0 Error(s), 5 Warning(s).
Load "C:\\Users\\nstupich\\Desktop\\LPC1343Testing\\MuscleMate Microcontroller\\mmm2.AXF" 
Erase Done.
Programming Done.
Verify OK.
Rebuild target 'Target 1'
assembling Ek_FFT128Real_32b.s...
Ek_FFT128Real_32b.s(43): warning: A1479W: Requested alignment 8 is greater than area alignment 4, which has been increased
assembling Ek_Magnitude.s...
Ek_Magnitude.s(124): warning: A1479W: Requested alignment 8 is greater than area alignment 4, which has been increased
assembling startup_LPC13xx.s...
creating preprocessor file for coreFunctions.c...
compiling coreFunctions.c...
coreFunctions.c(155): warning:  #177-D: variable "transformScalingValue" was declared but never referenced
coreFunctions.c(156): warning:  #177-D: variable "transformBins" was declared but never referenced
creating preprocessor file for fft.c...
compiling fft.c...
creating preprocessor file for main.c...
compiling main.c...
creating preprocessor file for systemClock.c...
compiling systemClock.c...
creating preprocessor file for timers.c...
compiling timers.c...
creating preprocessor file for uart.c...
compiling uart.c...
creating preprocessor file for ads_spi.c...
compiling ads_spi.c...
ads_spi.c(227): warning:  #177-D: variable "downSampledData" was declared but never referenced
creating preprocessor file for events.c...
compiling events.c...
creating preprocessor file for downSampling.c...
compiling downSampling.c...
creating preprocessor file for settings.c...
compiling settings.c...
linking...
Program Size: Code=2900 RO-data=328 RW-data=52 ZI-data=5348  
FromELF: creating hex file...
"mmm2.axf" - 0 Error(s), 5 Warning(s).
Load "C:\\Users\\nstupich\\Desktop\\LPC1343Testing\\MuscleMate Microcontroller\\mmm2.AXF" 
Erase Done.
Programming Done.
Verify OK.
Rebuild target 'Target 1'
assembling Ek_FFT128Real_32b.s...
Ek_FFT128Real_32b.s(43): warning: A1479W: Requested alignment 8 is greater than area alignment 4, which has been increased
assembling Ek_Magnitude.s...
Ek_Magnitude.s(124): warning: A1479W: Requested alignment 8 is greater than area alignment 4, which has been increased
assembling startup_LPC13xx.s...
creating preprocessor file for coreFunctions.c...
compiling coreFunctions.c...
coreFunctions.c(155): warning:  #177-D: variable "transformScalingValue" was declared but never referenced
coreFunctions.c(156): warning:  #177-D: variable "transformBins" was declared but never referenced
creating preprocessor file for fft.c...
compiling fft.c...
creating preprocessor file for main.c...
compiling main.c...
creating preprocessor file for systemClock.c...
compiling systemClock.c...
creating preprocessor file for timers.c...
compiling timers.c...
creating preprocessor file for uart.c...
compiling uart.c...
creating preprocessor file for ads_spi.c...
compiling ads_spi.c...
ads_spi.c(227): warning:  #177-D: variable "downSampledData" was declared but never referenced
creating preprocessor file for events.c...
compiling events.c...
creating preprocessor file for downSampling.c...
compiling downSampling.c...
creating preprocessor file for settings.c...
compiling settings.c...
linking...
Program Size: Code=2900 RO-data=328 RW-data=52 ZI-data=5348  
FromELF: creating hex file...
"mmm2.axf" - 0 Error(s), 5 Warning(s).
Load "C:\\Users\\nstupich\\Desktop\\LPC1343Testing\\MuscleMate Microcontroller\\mmm2.AXF" 
Erase Done.
Programming Done.
Verify OK.
Rebuild target 'Target 1'
assembling Ek_FFT128Real_32b.s...
Ek_FFT128Real_32b.s(43): warning: A1479W: Requested alignment 8 is greater than area alignment 4, which has been increased
assembling Ek_Magnitude.s...
Ek_Magnitude.s(124): warning: A1479W: Requested alignment 8 is greater than area alignment 4, which has been increased
assembling startup_LPC13xx.s...
creating preprocessor file for coreFunctions.c...
compiling coreFunctions.c...
coreFunctions.c(155): warning:  #177-D: variable "transformScalingValue" was declared but never referenced
coreFunctions.c(156): warning:  #177-D: variable "transformBins" was declared but never referenced
creating preprocessor file for fft.c...
compiling fft.c...
creating preprocessor file for main.c...
compiling main.c...
creating preprocessor file for systemClock.c...
compiling systemClock.c...
creating preprocessor file for timers.c...
compiling timers.c...
creating preprocessor file for uart.c...
compiling uart.c...
creating preprocessor file for ads_spi.c...
compiling ads_spi.c...
ads_spi.c(227): warning:  #177-D: variable "downSampledData" was declared but never referenced
creating preprocessor file for events.c...
compiling events.c...
creating preprocessor file for downSampling.c...
compiling downSampling.c...
creating preprocessor file for settings.c...
compiling settings.c...
linking...
Program Size: Code=2900 RO-data=328 RW-data=52 ZI-data=5348  
FromELF: creating hex file...
"mmm2.axf" - 0 Error(s), 5 Warning(s).
Load "C:\\Users\\nstupich\\Desktop\\LPC1343Testing\\MuscleMate Microcontroller\\mmm2.AXF" 
Load "C:\\Users\\nstupich\\Desktop\\LPC1343Testing\\MuscleMate Microcontroller\\mmm2.AXF" 
Load "C:\\Users\\nstupich\\Desktop\\LPC1343Testing\\MuscleMate Microcontroller\\mmm2.AXF" 
Erase Done.
Programming Done.
Verify OK.
Rebuild target 'Target 1'
assembling Ek_FFT128Real_32b.s...
Ek_FFT128Real_32b.s(43): warning: A1479W: Requested alignment 8 is greater than area alignment 4, which has been increased
assembling Ek_Magnitude.s...
Ek_Magnitude.s(124): warning: A1479W: Requested alignment 8 is greater than area alignment 4, which has been increased
assembling startup_LPC13xx.s...
creating preprocessor file for coreFunctions.c...
compiling coreFunctions.c...
coreFunctions.c(155): warning:  #177-D: variable "transformScalingValue" was declared but never referenced
coreFunctions.c(156): warning:  #177-D: variable "transformBins" was declared but never referenced
creating preprocessor file for fft.c...
compiling fft.c...
creating preprocessor file for main.c...
compiling main.c...
creating preprocessor file for systemClock.c...
compiling systemClock.c...
creating preprocessor file for timers.c...
compiling timers.c...
creating preprocessor file for uart.c...
compiling uart.c...
creating preprocessor file for ads_spi.c...
compiling ads_spi.c...
ads_spi.c(227): warning:  #177-D: variable "downSampledData" was declared but never referenced
creating preprocessor file for events.c...
compiling events.c...
creating preprocessor file for downSampling.c...
compiling downSampling.c...
[...]
creating preprocessor file for settings.c...
compiling settings.c...
linking...
Program Size: Code=8782 RO-data=350 RW-data=68 ZI-data=5804  
FromELF: creating hex file...
"mmm2.axf" - 0 Error(s), 4 Warning(s).
Rebuild target 'Target 1'
assembling Ek_FFT128Real_32b.s...
Ek_FFT128Real_32b.s(43): warning: A1479W: Requested alignment 8 is greater than area alignment 4, which has been increased
assembling Ek_Magnitude.s...
Ek_Magnitude.s(124): warning: A1479W: Requested alignment 8 is greater than area alignment 4, which has been increased
assembling startup_LPC13xx.s...
creating preprocessor file for coreFunctions.c...
compiling coreFunctions.c...
coreFunctions.c(154): warning:  #177-D: variable "j" was declared but never referenced
creating preprocessor file for fft.c...
compiling fft.c...
creating preprocessor file for main.c...
compiling main.c...
creating preprocessor file for systemClock.c...
compiling systemClock.c...
creating preprocessor file for timers.c...
compiling timers.c...
creating preprocessor file for uart.c...
compiling uart.c...
creating preprocessor file for ads_spi.c...
compiling ads_spi.c...
ads_spi.c(228): warning:  #550-D: variable "currentData" was set but never used
creating preprocessor file for events.c...
compiling events.c...
creating preprocessor file for downSampling.c...
compiling downSampling.c...
creating preprocessor file for settings.c...
compiling settings.c...
linking...
Program Size: Code=8782 RO-data=350 RW-data=60 ZI-data=5900  
FromELF: creating hex file...
"mmm2.axf" - 0 Error(s), 4 Warning(s).
Rebuild target 'Target 1'
assembling Ek_FFT128Real_32b.s...
Ek_FFT128Real_32b.s(43): warning: A1479W: Requested alignment 8 is greater than area alignment 4, which has been increased
assembling Ek_Magnitude.s...
Ek_Magnitude.s(124): warning: A1479W: Requested alignment 8 is greater than area alignment 4, which has been increased
assembling startup_LPC13xx.s...
creating preprocessor file for coreFunctions.c...
compiling coreFunctions.c...
coreFunctions.c(154): warning:  #177-D: variable "j" was declared but never referenced
creating preprocessor file for fft.c...
compiling fft.c...
creating preprocessor file for main.c...
compiling main.c...
creating preprocessor file for systemClock.c...
compiling systemClock.c...
creating preprocessor file for timers.c...
compiling timers.c...
creating preprocessor file for uart.c...
compiling uart.c...
creating preprocessor file for ads_spi.c...
compiling ads_spi.c...
ads_spi.c(228): warning:  #550-D: variable "currentData" was set but never used
creating preprocessor file for events.c...
compiling events.c...
creating preprocessor file for downSampling.c...
compiling downSampling.c...
creating preprocessor file for settings.c...
compiling settings.c...
linking...
Program Size: Code=8782 RO-data=350 RW-data=60 ZI-data=5900  
FromELF: creating hex file...
"mmm2.axf" - 0 Error(s), 4 Warning(s).
Rebuild target 'Target 1'
assembling Ek_FFT128Real_32b.s...
Ek_FFT128Real_32b.s(43): warning: A1479W: Requested alignment 8 is greater than area alignment 4, which has been increased
assembling Ek_Magnitude.s...
Ek_Magnitude.s(124): warning: A1479W: Requested alignment 8 is greater than area alignment 4, which has been increased
assembling startup_LPC13xx.s...
creating preprocessor file for coreFunctions.c...
compiling coreFunctions.c...
creating preprocessor file for fft.c...
compiling fft.c...
creating preprocessor file for main.c...
compiling main.c...
creating preprocessor file for systemClock.c...
compiling systemClock.c...
creating preprocessor file for timers.c...
compiling timers.c...
creating preprocessor file for uart.c...
compiling uart.c...
creating preprocessor file for ads_spi.c...
compiling ads_spi.c...
ads_spi.c(228): warning:  #550-D: variable "currentData" was set but never used
creating preprocessor file for events.c...
compiling events.c...
creating preprocessor file for downSampling.c...
compiling downSampling.c...
creating preprocessor file for settings.c...
compiling settings.c...
linking...
Program Size: Code=8782 RO-data=350 RW-data=60 ZI-data=5900  
FromELF: creating hex file...
"mmm2.axf" - 0 Error(s), 3 Warning(s).
Rebuild target 'Target 1'
assembling Ek_FFT128Real_32b.s...
Ek_FFT128Real_32b.s(43): warning: A1479W: Requested alignment 8 is greater than area alignment 4, which has been increased
assembling Ek_Magnitude.s...
Ek_Magnitude.s(124): warning: A1479W: Requested alignment 8 is greater than area alignment 4, which has been increased
assembling startup_LPC13xx.s...
creating preprocessor file for coreFunctions.c...
compiling coreFunctions.c...
creating preprocessor file for fft.c...
compiling fft.c...
creating preprocessor file for main.c...
compiling main.c...
creating preprocessor file for systemClock.c...
compiling systemClock.c...
creating preprocessor file for timers.c...
compiling timers.c...
creating preprocessor file for uart.c...
compiling uart.c...
creating preprocessor file for ads_spi.c...
compiling ads_spi.c...
ads_spi.c(231): error:  #20: identifier "currentData" is undefined
creating preprocessor file for events.c...
compiling events.c...
creating preprocessor file for downSampling.c...
compiling downSampling.c...
creating preprocessor file for settings.c...
compiling settings.c...
Target not created
Rebuild target 'Target 1'
assembling Ek_FFT128Real_32b.s...
Ek_FFT128Real_32b.s(43): warning: A1479W: Requested alignment 8 is greater than area alignment 4, which has been increased
assembling Ek_Magnitude.s...
Ek_Magnitude.s(124): warning: A1479W: Requested alignment 8 is greater than area alignment 4, which has been increased
assembling startup_LPC13xx.s...
creating preprocessor file for coreFunctions.c...
compiling coreFunctions.c...
creating preprocessor file for fft.c...
compiling fft.c...
creating preprocessor file for main.c...
compiling main.c...
creating preprocessor file for systemClock.c...
compiling systemClock.c...
creating preprocessor file for timers.c...
compiling timers.c...
creating preprocessor file for uart.c...
compiling uart.c...
creating preprocessor file for ads_spi.c...
compiling ads_spi.c...
creating preprocessor file for events.c...
compiling events.c...
creating preprocessor file for downSampling.c...
compiling downSampling.c...
creating preprocessor file for settings.c...
compiling settings.c...
linking...
Program Size: Code=8758 RO-data=350 RW-data=60 ZI-data=5900  
FromELF: creating hex file...
"mmm2.axf" - 0 Error(s), 2 Warning(s).
Rebuild target 'Target 1'
assembling Ek_FFT128Real_32b.s...
Ek_FFT128Real_32b.s(43): warning: A1479W: Requested alignment 8 is greater than area alignment 4, which has been increased
assembling Ek_Magnitude.s...
Ek_Magnitude.s(124): warning: A1479W: Requested alignment 8 is greater than area alignment 4, which has been increased
assembling startup_LPC13xx.s...
creating preprocessor file for coreFunctions.c...
compiling coreFunctions.c...
creating preprocessor file for fft.c...
compiling fft.c...
creating preprocessor file for main.c...
compiling main.c...
creating preprocessor file for systemClock.c...
compiling systemClock.c...
creating preprocessor file for timers.c...
compiling timers.c...
creating preprocessor file for uart.c...
compiling uart.c...
creating preprocessor file for ads_spi.c...
compiling ads_spi.c...
creating preprocessor file for events.c...
compiling events.c...
creating preprocessor file for downSampling.c...
compiling downSampling.c...
creating preprocessor file for settings.c...
compiling settings.c...
linking...
Program Size: Code=6802 RO-data=350 RW-data=60 ZI-data=5900  
FromELF: creating hex file...
"mmm2.axf" - 0 Error(s), 2 Warning(s).
Rebuild target 'Target 1'
assembling Ek_FFT128Real_32b.s...
Ek_FFT128Real_32b.s(43): warning: A1479W: Requested alignment 8 is greater than area alignment 4, which has been increased
assembling Ek_Magnitude.s...
Ek_Magnitude.s(124): warning: A1479W: Requested alignment 8 is greater than area alignment 4, which has been increased
assembling startup_LPC13xx.s...
creating preprocessor file for coreFunctions.c...
compiling coreFunctions.c...
creating preprocessor file for fft.c...
compiling fft.c...
creating preprocessor file for main.c...
compiling main.c...
creating preprocessor file for systemClock.c...
compiling systemClock.c...
creating preprocessor file for timers.c...
compiling timers.c...
creating preprocessor file for uart.c...
compiling uart.c...
creating preprocessor file for ads_spi.c...
compiling ads_spi.c...
creating preprocessor file for events.c...
compiling events.c...
creating preprocessor file for downSampling.c...
compiling downSampling.c...
creating preprocessor file for settings.c...
compiling settings.c...
linking...
Program Size: Code=6802 RO-data=350 RW-data=60 ZI-data=5900  
FromELF: creating hex file...
"mmm2.axf" - 0 Error(s), 2 Warning(s).
Rebuild target 'Target 1'
assembling Ek_FFT128Real_32b.s...
Ek_FFT128Real_32b.s(43): warning: A1479W: Requested alignment 8 is greater than area alignment 4, which has been increased
assembling Ek_Magnitude.s...
Ek_Magnitude.s(124): warning: A1479W: Requested alignment 8 is greater than area alignment 4, which has been increased
assembling startup_LPC13xx.s...
creating preprocessor file for coreFunctions.c...
compiling coreFunctions.c...
creating preprocessor file for fft.c...
compiling fft.c...
creating preprocessor file for main.c...
compiling main.c...
creating preprocessor file for systemClock.c...
compiling systemClock.c...
creating preprocessor file for timers.c...
compiling timers.c...
creating preprocessor file for uart.c...
compiling uart.c...
creating preprocessor file for ads_spi.c...
compiling ads_spi.c...
creating preprocessor file for events.c...
compiling events.c...
creating preprocessor file for downSampling.c...
compiling downSampling.c...
creating preprocessor file for settings.c...
compiling settings.c...
linking...
Program Size: Code=6802 RO-data=350 RW-data=60 ZI-data=5900  
FromELF: creating hex file...
"mmm2.axf" - 0 Error(s), 2 Warning(s).
Rebuild target 'Target 1'
assembling Ek_FFT128Real_32b.s...
Ek_FFT128Real_32b.s(43): warning: A1479W: Requested alignment 8 is greater than area alignment 4, which has been increased
assembling Ek_Magnitude.s...
Ek_Magnitude.s(124): warning: A1479W: Requested alignment 8 is greater than area alignment 4, which has been increased
assembling startup_LPC13xx.s...
creating preprocessor file for coreFunctions.c...
compiling coreFunctions.c...
creating preprocessor file for fft.c...
compiling fft.c...
creating preprocessor file for main.c...
compiling main.c...
creating preprocessor file for systemClock.c...
compiling systemClock.c...
creating preprocessor file for timers.c...
compiling timers.c...
creating preprocessor file for uart.c...
compiling uart.c...
creating preprocessor file for ads_spi.c...
compiling ads_spi.c...
creating preprocessor file for events.c...
compiling events.c...
creating preprocessor file for downSampling.c...
compiling downSampling.c...
creating preprocessor file for settings.c...
compiling settings.c...
linking...
Program Size: Code=6802 RO-data=350 RW-data=60 ZI-data=5900  
FromELF: creating hex file...
"mmm2.axf" - 0 Error(s), 2 Warning(s).
Rebuild target 'Target 1'
assembling Ek_FFT128Real_32b.s...
Ek_FFT128Real_32b.s(43): warning: A1479W: Requested alignment 8 is greater than area alignment 4, which has been increased
assembling Ek_Magnitude.s...
Ek_Magnitude.s(124): warning: A1479W: Requested alignment 8 is greater than area alignment 4, which has been increased
assembling startup_LPC13xx.s...
creating preprocessor file for coreFunctions.c...
compiling coreFunctions.c...
creating preprocessor file for fft.c...
compiling fft.c...
creating preprocessor file for main.c...
compiling main.c...
creating preprocessor file for systemClock.c...
compiling systemClock.c...
creating preprocessor file for timers.c...
compiling timers.c...
creating preprocessor file for uart.c...
compiling uart.c...
creating preprocessor file for ads_spi.c...
compiling ads_spi.c...
creating preprocessor file for events.c...
compiling events.c...
creating preprocessor file for downSampling.c...
compiling downSampling.c...
creating preprocessor file for settings.c...
compiling settings.c...
linking...
Program Size: Code=6802 RO-data=350 RW-data=60 ZI-data=5900  
FromELF: creating hex file...
"mmm2.axf" - 0 Error(s), 2 Warning(s).
Rebuild target 'Target 1'
assembling Ek_FFT128Real_32b.s...
Ek_FFT128Real_32b.s(43): warning: A1479W: Requested alignment 8 is greater than area alignment 4, which has been increased
assembling Ek_Magnitude.s...
Ek_Magnitude.s(124): warning: A1479W: Requested alignment 8 is greater than area alignment 4, which has been increased
assembling startup_LPC13xx.s...
creating preprocessor file for coreFunctions.c...
compiling coreFunctions.c...
creating preprocessor file for fft.c...
compiling fft.c...
creating preprocessor file for main.c...
compiling main.c...
creating preprocessor file for systemClock.c...
compiling systemClock.c...
creating preprocessor file for timers.c...
compiling timers.c...
creating preprocessor file for uart.c...
compiling uart.c...
creating preprocessor file for ads_spi.c...
compiling ads_spi.c...
creating preprocessor file for events.c...
compiling events.c...
creating preprocessor file for downSampling.c...
compiling downSampling.c...
creating preprocessor file for settings.c...
compiling settings.c...
linking...
Program Size: Code=6802 RO-data=350 RW-data=60 ZI-data=5900  
FromELF: creating hex file...
"mmm2.axf" - 0 Error(s), 2 Warning(s).
Rebuild target 'Target 1'
assembling Ek_FFT128Real_32b.s...
Ek_FFT128Real_32b.s(43): warning: A1479W: Requested alignment 8 is greater than area alignment 4, which has been increased
assembling Ek_Magnitude.s...
Ek_Magnitude.s(124): warning: A1479W: Requested alignment 8 is greater than area alignment 4, which has been increased
assembling startup_LPC13xx.s...
creating preprocessor file for coreFunctions.c...
compiling coreFunctions.c...
creating preprocessor file for fft.c...
compiling fft.c...
creating preprocessor file for main.c...
compiling main.c...
creating preprocessor file for systemClock.c...
compiling systemClock.c...
creating preprocessor file for timers.c...
compiling timers.c...
creating preprocessor file for uart.c...
compiling uart.c...
creating preprocessor file for ads_spi.c...
compiling ads_spi.c...
creating preprocessor file for events.c...
compiling events.c...
creating preprocessor file for downSampling.c...
compiling downSampling.c...
creating preprocessor file for settings.c...
compiling settings.c...
linking...
Program Size: Code=6802 RO-data=350 RW-data=60 ZI-data=5900  
FromELF: creating hex file...
"mmm2.axf" - 0 Error(s), 2 Warning(s).
Rebuild target 'Target 1'
assembling Ek_FFT128Real_32b.s...
Ek_FFT128Real_32b.s(43): warning: A1479W: Requested alignment 8 is greater than area alignment 4, which has been increased
assembling Ek_Magnitude.s...
Ek_Magnitude.s(124): warning: A1479W: Requested alignment 8 is greater than area alignment 4, which has been increased
assembling startup_LPC13xx.s...
creating preprocessor file for coreFunctions.c...
compiling coreFunctions.c...
creating preprocessor file for fft.c...
compiling fft.c...
creating preprocessor file for main.c...
compiling main.c...
creating preprocessor file for systemClock.c...
compiling systemClock.c...
creating preprocessor file for timers.c...
compiling timers.c...
creating preprocessor file for uart.c...
compiling uart.c...
creating preprocessor file for ads_spi.c...
compiling ads_spi.c...
creating preprocessor file for events.c...
compiling events.c...
creating preprocessor file for downSampling.c...
compiling downSampling.c...
creating preprocessor file for settings.c...
compiling settings.c...
linking...
Program Size: Code=6802 RO-data=350 RW-data=60 ZI-data=5900  
FromELF: creating hex file...
"mmm2.axf" - 0 Error(s), 2 Warning(s).
Rebuild target 'Target 1'
assembling Ek_FFT128Real_32b.s...
Ek_FFT128Real_32b.s(43): warning: A1479W: Requested alignment 8 is greater than area alignment 4, which has been increased
assembling Ek_Magnitude.s...
Ek_Magnitude.s(124): warning: A1479W: Requested alignment 8 is greater than area alignment 4, which has been increased
assembling startup_LPC13xx.s...
creating preprocessor file for coreFunctions.c...
compiling coreFunctions.c...
creating preprocessor file for fft.c...
compiling fft.c...
creating preprocessor file for main.c...
compiling main.c...
creating preprocessor file for systemClock.c...
compiling systemClock.c...
creating preprocessor file for timers.c...
compiling timers.c...
creating preprocessor file for uart.c...
compiling uart.c...
creating preprocessor file for ads_spi.c...
compiling ads_spi.c...
creating preprocessor file for events.c...
compiling events.c...
creating preprocessor file for downSampling.c...
compiling downSampling.c...
creating preprocessor file for settings.c...
compiling settings.c...
linking...
Program Size: Code=6802 RO-data=350 RW-data=60 ZI-data=5900  
FromELF: creating hex file...
"mmm2.axf" - 0 Error(s), 2 Warning(s).
Rebuild target 'Target 1'
assembling Ek_FFT128Real_32b.s...
Ek_FFT128Real_32b.s(43): warning: A1479W: Requested alignment 8 is greater than area alignment 4, which has been increased
assembling Ek_Magnitude.s...
Ek_Magnitude.s(124): warning: A1479W: Requested alignment 8 is greater than area alignment 4, which has been increased
assembling startup_LPC13xx.s...
creating preprocessor file for coreFunctions.c...
compiling coreFunctions.c...
creating preprocessor file for fft.c...
compiling fft.c...
creating preprocessor file for main.c...
compiling main.c...
creating preprocessor file for systemClock.c...
compiling systemClock.c...
creating preprocessor file for timers.c...
compiling timers.c...
creating preprocessor file for uart.c...
compiling uart.c...
creating preprocessor file for ads_spi.c...
compiling ads_spi.c...
creating preprocessor file for events.c...
compiling events.c...
creating preprocessor file for downSampling.c...
compiling downSampling.c...
creating preprocessor file for settings.c...
compiling settings.c...
linking...
Program Size: Code=6802 RO-data=350 RW-data=60 ZI-data=5900  
FromELF: creating hex file...
"mmm2.axf" - 0 Error(s), 2 Warning(s).
Rebuild target 'Target 1'
assembling Ek_FFT128Real_32b.s...
Ek_FFT128Real_32b.s(43): warning: A1479W: Requested alignment 8 is greater than area alignment 4, which has been increased
assembling Ek_Magnitude.s...
Ek_Magnitude.s(124): warning: A1479W: Requested alignment 8 is greater than area alignment 4, which has been increased
assembling startup_LPC13xx.s...
creating preprocessor file for coreFunctions.c...
compiling coreFunctions.c...
creating preprocessor file for fft.c...
compiling fft.c...
creating preprocessor file for main.c...
compiling main.c...
creating preprocessor file for systemClock.c...
compiling systemClock.c...
creating preprocessor file for timers.c...
compiling timers.c...
creating preprocessor file for uart.c...
compiling uart.c...
creating preprocessor file for ads_spi.c...
compiling ads_spi.c...
creating preprocessor file for events.c...
compiling events.c...
creating preprocessor file for downSampling.c...
compiling downSampling.c...
creating preprocessor file for settings.c...
compiling settings.c...
linking...
Program Size: Code=6802 RO-data=350 RW-data=60 ZI-data=5900  
FromELF: creating hex file...
"mmm2.axf" - 0 Error(s), 2 Warning(s).
