<html>
<body>
<pre>
<h1>µVision Build Log</h1>
<h2>Project:</h2>
C:\Users\nstupich\Desktop\LPC1343Testing\MuscleMate Microcontroller\mmm2.uvproj
Project File Date:  06/27/2012

<h2>Output:</h2>
Rebuild target 'Target 1'
assembling Ek_FFT128Real_32b.s...
Ek_FFT128Real_32b.s(43): warning: A1479W: Requested alignment 8 is greater than area alignment 4, which has been increased
assembling Ek_Magnitude.s...
Ek_Magnitude.s(124): warning: A1479W: Requested alignment 8 is greater than area alignment 4, which has been increased
assembling startup_LPC13xx.s...
creating preprocessor file for coreFunctions.c...
compiling coreFunctions.c...
creating preprocessor file for fft.c...
compiling fft.c...
creating preprocessor file for main.c...
compiling main.c...
creating preprocessor file for systemClock.c...
compiling systemClock.c...
systemClock.c(17): warning:  #174-D: expression has no effect
creating preprocessor file for timers.c...
compiling timers.c...
creating preprocessor file for uart.c...
compiling uart.c...
uart.c(105): warning:  #550-D: variable "temp" was set but never used
creating preprocessor file for ads_spi.c...
compiling ads_spi.c...
ads_spi.c(36): warning:  #550-D: variable "datain" was set but never used
ads_spi.c(244): warning:  #550-D: variable "Dummy" was set but never used
creating preprocessor file for events.c...
compiling events.c...
linking...
Program Size: Code=5472 RO-data=328 RW-data=56 ZI-data=5736  
"mmm2.axf" - 0 Error(s), 6 Warning(s).
Rebuild target 'Target 1'
assembling Ek_FFT128Real_32b.s...
Ek_FFT128Real_32b.s(43): warning: A1479W: Requested alignment 8 is greater than area alignment 4, which has been increased
assembling Ek_Magnitude.s...
Ek_Magnitude.s(124): warning: A1479W: Requested alignment 8 is greater than area alignment 4, which has been increased
assembling startup_LPC13xx.s...
creating preprocessor file for coreFunctions.c...
compiling coreFunctions.c...
creating preprocessor file for fft.c...
compiling fft.c...
creating preprocessor file for main.c...
compiling main.c...
creating preprocessor file for systemClock.c...
compiling systemClock.c...
systemClock.c(17): warning:  #174-D: expression has no effect
creating preprocessor file for timers.c...
compiling timers.c...
creating preprocessor file for uart.c...
compiling uart.c...
uart.c(105): warning:  #550-D: variable "temp" was set but never used
creating preprocessor file for ads_spi.c...
compiling ads_spi.c...
ads_spi.c(36): warning:  #550-D: variable "datain" was set but never used
ads_spi.c(244): warning:  #550-D: variable "Dummy" was set but never used
creating preprocessor file for events.c...
compiling events.c...
linking...
Program Size: Code=5472 RO-data=328 RW-data=56 ZI-data=5736  
"mmm2.axf" - 0 Error(s), 6 Warning(s).
Rebuild target 'Target 1'
assembling Ek_FFT128Real_32b.s...
Ek_FFT128Real_32b.s(43): warning: A1479W: Requested alignment 8 is greater than area alignment 4, which has been increased
assembling Ek_Magnitude.s...
Ek_Magnitude.s(124): warning: A1479W: Requested alignment 8 is greater than area alignment 4, which has been increased
assembling startup_LPC13xx.s...
creating preprocessor file for coreFunctions.c...
compiling coreFunctions.c...
creating preprocessor file for fft.c...
compiling fft.c...
creating preprocessor file for main.c...
compiling main.c...
creating preprocessor file for systemClock.c...
compiling systemClock.c...
systemClock.c(17): warning:  #174-D: expression has no effect
creating preprocessor file for timers.c...
compiling timers.c...
creating preprocessor file for uart.c...
compiling uart.c...
uart.c(105): warning:  #550-D: variable "temp" was set but never used
creating preprocessor file for ads_spi.c...
compiling ads_spi.c...
ads_spi.c(36): warning:  #550-D: variable "datain" was set but never used
ads_spi.c(244): warning:  #550-D: variable "Dummy" was set but never used
creating preprocessor file for events.c...
compiling events.c...
linking...
Program Size: Code=5472 RO-data=328 RW-data=56 ZI-data=5736  
"mmm2.axf" - 0 Error(s), 6 Warning(s).
Rebuild target 'Target 1'
assembling Ek_FFT128Real_32b.s...
Ek_FFT128Real_32b.s(43): warning: A1479W: Requested alignment 8 is greater than area alignment 4, which has been increased
assembling Ek_Magnitude.s...
Ek_Magnitude.s(124): warning: A1479W: Requested alignment 8 is greater than area alignment 4, which has been increased
assembling startup_LPC13xx.s...
creating preprocessor file for coreFunctions.c...
compiling coreFunctions.c...
creating preprocessor file for fft.c...
compiling fft.c...
creating preprocessor file for main.c...
compiling main.c...
creating preprocessor file for systemClock.c...
compiling systemClock.c...
systemClock.c(17): warning:  #174-D: expression has no effect
creating preprocessor file for timers.c...
compiling timers.c...
creating preprocessor file for uart.c...
compiling uart.c...
uart.c(93): warning:  #550-D: variable "temp" was set but never used
creating preprocessor file for ads_spi.c...
compiling ads_spi.c...
ads_spi.c(36): warning:  #550-D: variable "datain" was set but never used
ads_spi.c(244): warning:  #550-D: variable "Dummy" was set but never used
creating preprocessor file for events.c...
compiling events.c...
linking...
Program Size: Code=5496 RO-data=328 RW-data=52 ZI-data=5828  
"mmm2.axf" - 0 Error(s), 6 Warning(s).
Rebuild target 'Target 1'
assembling Ek_FFT128Real_32b.s...
Ek_FFT128Real_32b.s(43): warning: A1479W: Requested alignment 8 is greater than area alignment 4, which has been increased
assembling Ek_Magnitude.s...
Ek_Magnitude.s(124): warning: A1479W: Requested alignment 8 is greater than area alignment 4, which has been increased
assembling startup_LPC13xx.s...
creating preprocessor file for coreFunctions.c...
compiling coreFunctions.c...
creating preprocessor file for fft.c...
compiling fft.c...
creating preprocessor file for main.c...
compiling main.c...
creating preprocessor file for systemClock.c...
compiling systemClock.c...
systemClock.c(17): warning:  #174-D: expression has no effect
creating preprocessor file for timers.c...
compiling timers.c...
creating preprocessor file for uart.c...
compiling uart.c...
uart.c(93): warning:  #550-D: variable "temp" was set but never used
creating preprocessor file for ads_spi.c...
downSampling.h(3): warning:  #1-D: last line of file ends without a newline
compiling ads_spi.c...
downSampling.h(2): error:  #169: expected a declaration
downSampling.h(3): warning:  #1-D: last line of file ends without a newline
ads_spi.c(37): warning:  #550-D: variable "datain" was set but never used
ads_spi.c(220): error:  #70: incomplete type is not allowed
ads_spi.c(220): error:  #165: too few arguments in function call
ads_spi.c(247): warning:  #550-D: variable "Dummy" was set but never used
creating preprocessor file for events.c...
compiling events.c...
creating preprocessor file for downSampling.c...
downSampling.h(3): warning:  #1-D: last line of file ends without a newline
compiling downSampling.c...
downSampling.h(2): error:  #169: expected a declaration
downSampling.h(3): warning:  #1-D: last line of file ends without a newline
Target not created
Rebuild target 'Target 1'
assembling Ek_FFT128Real_32b.s...
Ek_FFT128Real_32b.s(43): warning: A1479W: Requested alignment 8 is greater than area alignment 4, which has been increased
assembling Ek_Magnitude.s...
Ek_Magnitude.s(124): warning: A1479W: Requested alignment 8 is greater than area alignment 4, which has been increased
assembling startup_LPC13xx.s...
creating preprocessor file for coreFunctions.c...
compiling coreFunctions.c...
creating preprocessor file for fft.c...
compiling fft.c...
creating preprocessor file for main.c...
compiling main.c...
creating preprocessor file for systemClock.c...
compiling systemClock.c...
systemClock.c(17): warning:  #174-D: expression has no effect
creating preprocessor file for timers.c...
compiling timers.c...
creating preprocessor file for uart.c...
compiling uart.c...
uart.c(93): warning:  #550-D: variable "temp" was set but never used
creating preprocessor file for ads_spi.c...
compiling ads_spi.c...
downSampling.h(2): error:  #169: expected a declaration
ads_spi.c(37): warning:  #550-D: variable "datain" was set but never used
ads_spi.c(220): error:  #70: incomplete type is not allowed
ads_spi.c(220): error:  #165: too few arguments in function call
ads_spi.c(247): warning:  #550-D: variable "Dummy" was set but never used
creating preprocessor file for events.c...
compiling events.c...
creating preprocessor file for downSampling.c...
compiling downSampling.c...
downSampling.h(2): error:  #169: expected a declaration
Target not created
Rebuild target 'Target 1'
assembling Ek_FFT128Real_32b.s...
Ek_FFT128Real_32b.s(43): warning: A1479W: Requested alignment 8 is greater than area alignment 4, which has been increased
assembling Ek_Magnitude.s...
Ek_Magnitude.s(124): warning: A1479W: Requested alignment 8 is greater than area alignment 4, which has been increased
assembling startup_LPC13xx.s...
creating preprocessor file for coreFunctions.c...
compiling coreFunctions.c...
creating preprocessor file for fft.c...
compiling fft.c...
creating preprocessor file for main.c...
compiling main.c...
creating preprocessor file for systemClock.c...
compiling systemClock.c...
systemClock.c(17): warning:  #174-D: expression has no effect
creating preprocessor file for timers.c...
compiling timers.c...
creating preprocessor file for uart.c...
compiling uart.c...
uart.c(93): warning:  #550-D: variable "temp" was set but never used
creating preprocessor file for ads_spi.c...
compiling ads_spi.c...
downSampling.h(2): error:  #169: expected a declaration
ads_spi.c(37): warning:  #550-D: variable "datain" was set but never used
ads_spi.c(220): error:  #119: cast to type "int [9]" is not allowed
ads_spi.c(220): error:  #165: too few arguments in function call
ads_spi.c(247): warning:  #550-D: variable "Dummy" was set but never used
creating preprocessor file for events.c...
compiling events.c...
creating preprocessor file for downSampling.c...
compiling downSampling.c...
downSampling.h(2): error:  #169: expected a declaration
Target not created
Rebuild target 'Target 1'
assembling Ek_FFT128Real_32b.s...
Ek_FFT128Real_32b.s(43): warning: A1479W: Requested alignment 8 is greater than area alignment 4, which has been increased
assembling Ek_Magnitude.s...
Ek_Magnitude.s(124): warning: A1479W: Requested alignment 8 is greater than area alignment 4, which has been increased
assembling startup_LPC13xx.s...
creating preprocessor file for coreFunctions.c...
compiling coreFunctions.c...
creating preprocessor file for fft.c...
compiling fft.c...
creating preprocessor file for main.c...
compiling main.c...
creating preprocessor file for systemClock.c...
compiling systemClock.c...
systemClock.c(17): warning:  #174-D: expression has no effect
creating preprocessor file for timers.c...
compiling timers.c...
creating preprocessor file for uart.c...
compiling uart.c...
uart.c(93): warning:  #550-D: variable "temp" was set but never used
creating preprocessor file for ads_spi.c...
compiling ads_spi.c...
downSampling.h(2): error:  #169: expected a declaration
ads_spi.c(37): warning:  #550-D: variable "datain" was set but never used
ads_spi.c(221): error:  #119: cast to type "int [9]" is not allowed
ads_spi.c(248): warning:  #550-D: variable "Dummy" was set but never used
creating preprocessor file for events.c...
compiling events.c...
creating preprocessor file for downSampling.c...
compiling downSampling.c...
downSampling.h(2): error:  #169: expected a declaration
Target not created
Rebuild target 'Target 1'
assembling Ek_FFT128Real_32b.s...
Ek_FFT128Real_32b.s(43): warning: A1479W: Requested alignment 8 is greater than area alignment 4, which has been increased
assembling Ek_Magnitude.s...
Ek_Magnitude.s(124): warning: A1479W: Requested alignment 8 is greater than area alignment 4, which has been increased
assembling startup_LPC13xx.s...
creating preprocessor file for coreFunctions.c...
compiling coreFunctions.c...
creating preprocessor file for fft.c...
compiling fft.c...
creating preprocessor file for main.c...
compiling main.c...
creating preprocessor file for systemClock.c...
compiling systemClock.c...
systemClock.c(17): warning:  #174-D: expression has no effect
creating preprocessor file for timers.c...
compiling timers.c...
creating preprocessor file for uart.c...
compiling uart.c...
uart.c(93): warning:  #550-D: variable "temp" was set but never used
creating preprocessor file for ads_spi.c...
compiling ads_spi.c...
downSampling.h(2): error:  #169: expected a declaration
ads_spi.c(37): warning:  #550-D: variable "datain" was set but never used
ads_spi.c(221): error:  #70: incomplete type is not allowed
ads_spi.c(248): warning:  #550-D: variable "Dummy" was set but never used
creating preprocessor file for events.c...
compiling events.c...
creating preprocessor file for downSampling.c...
compiling downSampling.c...
downSampling.h(2): error:  #169: expected a declaration
Target not created
Rebuild target 'Target 1'
assembling Ek_FFT128Real_32b.s...
Ek_FFT128Real_32b.s(43): warning: A1479W: Requested alignment 8 is greater than area alignment 4, which has been increased
assembling Ek_Magnitude.s...
Ek_Magnitude.s(124): warning: A1479W: Requested alignment 8 is greater than area alignment 4, which has been increased
assembling startup_LPC13xx.s...
creating preprocessor file for coreFunctions.c...
compiling coreFunctions.c...
creating preprocessor file for fft.c...
compiling fft.c...
creating preprocessor file for main.c...
compiling main.c...
creating preprocessor file for systemClock.c...
compiling systemClock.c...
systemClock.c(17): warning:  #174-D: expression has no effect
creating preprocessor file for timers.c...
compiling timers.c...
creating preprocessor file for uart.c...
compiling uart.c...
uart.c(93): warning:  #550-D: variable "temp" was set but never used
creating preprocessor file for ads_spi.c...
compiling ads_spi.c...
downSampling.h(2): error:  #169: expected a declaration
ads_spi.c(37): warning:  #550-D: variable "datain" was set but never used
ads_spi.c(248): warning:  #550-D: variable "Dummy" was set but never used
creating preprocessor file for events.c...
compiling events.c...
creating preprocessor file for downSampling.c...
compiling downSampling.c...
downSampling.h(2): error:  #169: expected a declaration
Target not created
Rebuild target 'Target 1'
assembling Ek_FFT128Real_32b.s...
Ek_FFT128Real_32b.s(43): warning: A1479W: Requested alignment 8 is greater than area alignment 4, which has been increased
assembling Ek_Magnitude.s...
Ek_Magnitude.s(124): warning: A1479W: Requested alignment 8 is greater than area alignment 4, which has been increased
assembling startup_LPC13xx.s...
creating preprocessor file for coreFunctions.c...
compiling coreFunctions.c...
creating preprocessor file for fft.c...
compiling fft.c...
creating preprocessor file for main.c...
compiling main.c...
creating preprocessor file for systemClock.c...
compiling systemClock.c...
systemClock.c(17): warning:  #174-D: expression has no effect
creating preprocessor file for timers.c...
compiling timers.c...
creating preprocessor file for uart.c...
compiling uart.c...
uart.c(93): warning:  #550-D: variable "temp" was set but never used
creating preprocessor file for ads_spi.c...
compiling ads_spi.c...
ads_spi.c(37): warning:  #550-D: variable "datain" was set but never used
ads_spi.c(248): warning:  #550-D: variable "Dummy" was set but never used
creating preprocessor file for events.c...
compiling events.c...
creating preprocessor file for downSampling.c...
compiling downSampling.c...
linking...
mmm2.axf: Error: L6200E: Symbol performDownSampling multiply defined (by downsampling.o and ads_spi.o).
Target not created
Rebuild target 'Target 1'
assembling Ek_FFT128Real_32b.s...
Ek_FFT128Real_32b.s(43): warning: A1479W: Requested alignment 8 is greater than area alignment 4, which has been increased
assembling Ek_Magnitude.s...
Ek_Magnitude.s(124): warning: A1479W: Requested alignment 8 is greater than area alignment 4, which has been increased
assembling startup_LPC13xx.s...
creating preprocessor file for coreFunctions.c...
compiling coreFunctions.c...
creating preprocessor file for fft.c...
compiling fft.c...
creating preprocessor file for main.c...
compiling main.c...
creating preprocessor file for systemClock.c...
compiling systemClock.c...
systemClock.c(17): warning:  #174-D: expression has no effect
creating preprocessor file for timers.c...
compiling timers.c...
creating preprocessor file for uart.c...
compiling uart.c...
uart.c(93): warning:  #550-D: variable "temp" was set but never used
creating preprocessor file for ads_spi.c...
downSampling.h(6): warning:  #1-D: last line of file ends without a newline
compiling ads_spi.c...
downSampling.h(6): warning:  #1-D: last line of file ends without a newline
ads_spi.c(37): warning:  #550-D: variable "datain" was set but never used
ads_spi.c(248): warning:  #550-D: variable "Dummy" was set but never used
creating preprocessor file for events.c...
compiling events.c...
creating preprocessor file for downSampling.c...
downSampling.h(6): warning:  #1-D: last line of file ends without a newline
compiling downSampling.c...
downSampling.h(6): warning:  #1-D: last line of file ends without a newline
linking...
Program Size: Code=5520 RO-data=328 RW-data=52 ZI-data=5828  
"mmm2.axf" - 0 Error(s), 8 Warning(s).
Rebuild target 'Target 1'
assembling Ek_FFT128Real_32b.s...
Ek_FFT128Real_32b.s(43): warning: A1479W: Requested alignment 8 is greater than area alignment 4, which has been increased
assembling Ek_Magnitude.s...
Ek_Magnitude.s(124): warning: A1479W: Requested alignment 8 is greater than area alignment 4, which has been increased
assembling startup_LPC13xx.s...
creating preprocessor file for coreFunctions.c...
compiling coreFunctions.c...
creating preprocessor file for fft.c...
compiling fft.c...
creating preprocessor file for main.c...
compiling main.c...
creating preprocessor file for systemClock.c...
compiling systemClock.c...
systemClock.c(17): warning:  #174-D: expression has no effect
creating preprocessor file for timers.c...
compiling timers.c...
creating preprocessor file for uart.c...
compiling uart.c...
uart.c(93): warning:  #550-D: variable "temp" was set but never used
creating preprocessor file for ads_spi.c...
compiling ads_spi.c...
ads_spi.c(37): warning:  #550-D: variable "datain" was set but never used
ads_spi.c(248): warning:  #550-D: variable "Dummy" was set but never used
creating preprocessor file for events.c...
compiling events.c...
creating preprocessor file for downSampling.c...
compiling downSampling.c...
linking...
Program Size: Code=5520 RO-data=328 RW-data=52 ZI-data=5828  
"mmm2.axf" - 0 Error(s), 6 Warning(s).
Build target 'Target 1'
creating preprocessor file for ads_spi.c...
compiling ads_spi.c...
ads_spi.c(37): warning:  #550-D: variable "datain" was set but never used
ads_spi.c(221): error:  #20: identifier "output" is undefined
ads_spi.c(220): warning:  #177-D: variable "downSampledData" was declared but never referenced
ads_spi.c(248): warning:  #550-D: variable "Dummy" was set but never used
creating preprocessor file for downSampling.c...
compiling downSampling.c...
Target not created
Rebuild target 'Target 1'
assembling Ek_FFT128Real_32b.s...
Ek_FFT128Real_32b.s(43): warning: A1479W: Requested alignment 8 is greater than area alignment 4, which has been increased
assembling Ek_Magnitude.s...
Ek_Magnitude.s(124): warning: A1479W: Requested alignment 8 is greater than area alignment 4, which has been increased
assembling startup_LPC13xx.s...
creating preprocessor file for coreFunctions.c...
compiling coreFunctions.c...
creating preprocessor file for fft.c...
compiling fft.c...
creating preprocessor file for main.c...
compiling main.c...
creating preprocessor file for systemClock.c...
compiling systemClock.c...
systemClock.c(17): warning:  #174-D: expression has no effect
creating preprocessor file for timers.c...
compiling timers.c...
creating preprocessor file for uart.c...
compiling uart.c...
uart.c(93): warning:  #550-D: variable "temp" was set but never used
creating preprocessor file for ads_spi.c...
compiling ads_spi.c...
ads_spi.c(37): warning:  #550-D: variable "datain" was set but never used
ads_spi.c(221): error:  #137: expression must be a modifiable lvalue
ads_spi.c(233): error:  #29: expected an expression
ads_spi.c(233): error:  #65: expected a ";"
ads_spi.c(233): error:  #29: expected an expression
ads_spi.c(233): error:  #18: expected a ")"
ads_spi.c(233): error:  #127: expected a statement
ads_spi.c(250): warning:  #550-D: variable "Dummy" was set but never used
creating preprocessor file for events.c...
compiling events.c...
creating preprocessor file for downSampling.c...
compiling downSampling.c...
Target not created
Rebuild target 'Target 1'
assembling Ek_FFT128Real_32b.s...
Ek_FFT128Real_32b.s(43): warning: A1479W: Requested alignment 8 is greater than area alignment 4, which has been increased
assembling Ek_Magnitude.s...
Ek_Magnitude.s(124): warning: A1479W: Requested alignment 8 is greater than area alignment 4, which has been increased
assembling startup_LPC13xx.s...
creating preprocessor file for coreFunctions.c...
compiling coreFunctions.c...
creating preprocessor file for fft.c...
compiling fft.c...
creating preprocessor file for main.c...
compiling main.c...
creating preprocessor file for systemClock.c...
compiling systemClock.c...
systemClock.c(17): warning:  #174-D: expression has no effect
creating preprocessor file for timers.c...
compiling timers.c...
creating preprocessor file for uart.c...
compiling uart.c...
uart.c(93): warning:  #550-D: variable "temp" was set but never used
creating preprocessor file for ads_spi.c...
compiling ads_spi.c...
ads_spi.c(37): warning:  #550-D: variable "datain" was set but never used
ads_spi.c(233): error:  #29: expected an expression
ads_spi.c(233): error:  #65: expected a ";"
ads_spi.c(233): error:  #29: expected an expression
ads_spi.c(233): error:  #18: expected a ")"
ads_spi.c(233): error:  #127: expected a statement
ads_spi.c(250): warning:  #550-D: variable "Dummy" was set but never used
creating preprocessor file for events.c...
compiling events.c...
creating preprocessor file for downSampling.c...
compiling downSampling.c...
Target not created
Rebuild target 'Target 1'
assembling Ek_FFT128Real_32b.s...
Ek_FFT128Real_32b.s(43): warning: A1479W: Requested alignment 8 is greater than area alignment 4, which has been increased
assembling Ek_Magnitude.s...
Ek_Magnitude.s(124): warning: A1479W: Requested alignment 8 is greater than area alignment 4, which has been increased
assembling startup_LPC13xx.s...
creating preprocessor file for coreFunctions.c...
compiling coreFunctions.c...
creating preprocessor file for fft.c...
compiling fft.c...
creating preprocessor file for main.c...
compiling main.c...
creating preprocessor file for systemClock.c...
compiling systemClock.c...
systemClock.c(17): warning:  #174-D: expression has no effect
creating preprocessor file for timers.c...
compiling timers.c...
creating preprocessor file for uart.c...
compiling uart.c...
uart.c(93): warning:  #550-D: variable "temp" was set but never used
creating preprocessor file for ads_spi.c...
compiling ads_spi.c...
ads_spi.c(37): warning:  #550-D: variable "datain" was set but never used
ads_spi.c(225): error:  #137: expression must be a modifiable lvalue
ads_spi.c(253): warning:  #550-D: variable "Dummy" was set but never used
creating preprocessor file for events.c...
compiling events.c...
creating preprocessor file for downSampling.c...
compiling downSampling.c...
Target not created
Rebuild target 'Target 1'
assembling Ek_FFT128Real_32b.s...
Ek_FFT128Real_32b.s(43): warning: A1479W: Requested alignment 8 is greater than area alignment 4, which has been increased
assembling Ek_Magnitude.s...
Ek_Magnitude.s(124): warning: A1479W: Requested alignment 8 is greater than area alignment 4, which has been increased
assembling startup_LPC13xx.s...
creating preprocessor file for coreFunctions.c...
compiling coreFunctions.c...
creating preprocessor file for fft.c...
compiling fft.c...
creating preprocessor file for main.c...
compiling main.c...
creating preprocessor file for systemClock.c...
compiling systemClock.c...
systemClock.c(17): warning:  #174-D: expression has no effect
creating preprocessor file for timers.c...
compiling timers.c...
creating preprocessor file for uart.c...
compiling uart.c...
uart.c(93): warning:  #550-D: variable "temp" was set but never used
creating preprocessor file for ads_spi.c...
compiling ads_spi.c...
ads_spi.c(37): warning:  #550-D: variable "datain" was set but never used
ads_spi.c(253): warning:  #550-D: variable "Dummy" was set but never used
creating preprocessor file for events.c...
compiling events.c...
creating preprocessor file for downSampling.c...
compiling downSampling.c...
linking...
Program Size: Code=5360 RO-data=328 RW-data=52 ZI-data=5828  
"mmm2.axf" - 0 Error(s), 6 Warning(s).
Rebuild target 'Target 1'
assembling Ek_FFT128Real_32b.s...
Ek_FFT128Real_32b.s(43): warning: A1479W: Requested alignment 8 is greater than area alignment 4, which has been increased
assembling Ek_Magnitude.s...
Ek_Magnitude.s(124): warning: A1479W: Requested alignment 8 is greater than area alignment 4, which has been increased
assembling startup_LPC13xx.s...
creating preprocessor file for coreFunctions.c...
compiling coreFunctions.c...
creating preprocessor file for fft.c...
compiling fft.c...
creating preprocessor file for main.c...
compiling main.c...
creating preprocessor file for systemClock.c...
compiling systemClock.c...
systemClock.c(17): warning:  #174-D: expression has no effect
creating preprocessor file for timers.c...
compiling timers.c...
creating preprocessor file for uart.c...
compiling uart.c...
uart.c(93): warning:  #550-D: variable "temp" was set but never used
creating preprocessor file for ads_spi.c...
compiling ads_spi.c...
ads_spi.c(37): warning:  #550-D: variable "datain" was set but never used
ads_spi.c(246): warning:  #550-D: variable "Dummy" was set but never used
creating preprocessor file for events.c...
compiling events.c...
creating preprocessor file for downSampling.c...
compiling downSampling.c...
linking...
Program Size: Code=5972 RO-data=328 RW-data=60 ZI-data=5828  
"mmm2.axf" - 0 Error(s), 6 Warning(s).
Rebuild target 'Target 1'
assembling Ek_FFT128Real_32b.s...
Ek_FFT128Real_32b.s(43): warning: A1479W: Requested alignment 8 is greater than area alignment 4, which has been increased
assembling Ek_Magnitude.s...
Ek_Magnitude.s(124): warning: A1479W: Requested alignment 8 is greater than area alignment 4, which has been increased
assembling startup_LPC13xx.s...
creating preprocessor file for coreFunctions.c...
settings.h(44): warning:  #14-D: extra text after expected end of preprocessing directive
compiling coreFunctions.c...
settings.h(44): warning:  #14-D: extra text after expected end of preprocessing directive
creating preprocessor file for fft.c...
settings.h(44): warning:  #14-D: extra text after expected end of preprocessing directive
compiling fft.c...
settings.h(44): warning:  #14-D: extra text after expected end of preprocessing directive
creating preprocessor file for main.c...
settings.h(44): warning:  #14-D: extra text after expected end of preprocessing directive
compiling main.c...
settings.h(44): warning:  #14-D: extra text after expected end of preprocessing directive
creating preprocessor file for systemClock.c...
compiling systemClock.c...
systemClock.c(17): warning:  #174-D: expression has no effect
creating preprocessor file for timers.c...
settings.h(44): warning:  #14-D: extra text after expected end of preprocessing directive
compiling timers.c...
settings.h(44): warning:  #14-D: extra text after expected end of preprocessing directive
creating preprocessor file for uart.c...
settings.h(44): warning:  #14-D: extra text after expected end of preprocessing directive
compiling uart.c...
settings.h(44): warning:  #14-D: extra text after expected end of preprocessing directive
uart.c(93): warning:  #550-D: variable "temp" was set but never used
creating preprocessor file for ads_spi.c...
settings.h(44): warning:  #14-D: extra text after expected end of preprocessing directive
compiling ads_spi.c...
settings.h(44): warning:  #14-D: extra text after expected end of preprocessing directive
ads_spi.c(37): warning:  #550-D: variable "datain" was set but never used
ads_spi.c(246): warning:  #550-D: variable "Dummy" was set but never used
creating preprocessor file for events.c...
settings.h(44): warning:  #14-D: extra text after expected end of preprocessing directive
compiling events.c...
settings.h(44): warning:  #14-D: extra text after expected end of preprocessing directive
creating preprocessor file for downSampling.c...
settings.h(44): warning:  #14-D: extra text after expected end of preprocessing directive
compiling downSampling.c...
settings.h(44): warning:  #14-D: extra text after expected end of preprocessing directive
linking...
Program Size: Code=5972 RO-data=328 RW-data=60 ZI-data=5828  
"mmm2.axf" - 0 Error(s), 14 Warning(s).
Rebuild target 'Target 1'
assembling Ek_FFT128Real_32b.s...
Ek_FFT128Real_32b.s(43): warning: A1479W: Requested alignment 8 is greater than area alignment 4, which has been increased
assembling Ek_Magnitude.s...
Ek_Magnitude.s(124): warning: A1479W: Requested alignment 8 is greater than area alignment 4, which has been increased
assembling startup_LPC13xx.s...
creating preprocessor file for coreFunctions.c...
settings.h(44): error:  #11-D: unrecognized preprocessing directive
settings.h(45): warning:  #47-D: incompatible redefinition of macro "ADS_SPS_NUMERICAL" (declared at line 43)
compiling coreFunctions.c...
settings.h(44): error:  #11-D: unrecognized preprocessing directive
settings.h(45): warning:  #47-D: incompatible redefinition of macro "ADS_SPS_NUMERICAL" (declared at line 43)
creating preprocessor file for fft.c...
settings.h(44): error:  #11-D: unrecognized preprocessing directive
settings.h(45): warning:  #47-D: incompatible redefinition of macro "ADS_SPS_NUMERICAL" (declared at line 43)
compiling fft.c...
settings.h(44): error:  #11-D: unrecognized preprocessing directive
settings.h(45): warning:  #47-D: incompatible redefinition of macro "ADS_SPS_NUMERICAL" (declared at line 43)
creating preprocessor file for main.c...
settings.h(44): error:  #11-D: unrecognized preprocessing directive
settings.h(45): warning:  #47-D: incompatible redefinition of macro "ADS_SPS_NUMERICAL" (declared at line 43)
compiling main.c...
settings.h(44): error:  #11-D: unrecognized preprocessing directive
settings.h(45): warning:  #47-D: incompatible redefinition of macro "ADS_SPS_NUMERICAL" (declared at line 43)
creating preprocessor file for systemClock.c...
compiling systemClock.c...
systemClock.c(17): warning:  #174-D: expression has no effect
creating preprocessor file for timers.c...
settings.h(44): error:  #11-D: unrecognized preprocessing directive
settings.h(45): warning:  #47-D: incompatible redefinition of macro "ADS_SPS_NUMERICAL" (declared at line 43)
compiling timers.c...
settings.h(44): error:  #11-D: unrecognized preprocessing directive
settings.h(45): warning:  #47-D: incompatible redefinition of macro "ADS_SPS_NUMERICAL" (declared at line 43)
creating preprocessor file for uart.c...
settings.h(44): error:  #11-D: unrecognized preprocessing directive
settings.h(45): warning:  #47-D: incompatible redefinition of macro "ADS_SPS_NUMERICAL" (declared at line 43)
compiling uart.c...
settings.h(44): error:  #11-D: unrecognized preprocessing directive
settings.h(45): warning:  #47-D: incompatible redefinition of macro "ADS_SPS_NUMERICAL" (declared at line 43)
uart.c(93): warning:  #550-D: variable "temp" was set but never used
creating preprocessor file for ads_spi.c...
settings.h(44): error:  #11-D: unrecognized preprocessing directive
settings.h(45): warning:  #47-D: incompatible redefinition of macro "ADS_SPS_NUMERICAL" (declared at line 43)
compiling ads_spi.c...
settings.h(44): error:  #11-D: unrecognized preprocessing directive
settings.h(45): warning:  #47-D: incompatible redefinition of macro "ADS_SPS_NUMERICAL" (declared at line 43)
ads_spi.c(37): warning:  #550-D: variable "datain" was set but never used
ads_spi.c(246): warning:  #550-D: variable "Dummy" was set but never used
creating preprocessor file for events.c...
settings.h(44): error:  #11-D: unrecognized preprocessing directive
settings.h(45): warning:  #47-D: incompatible redefinition of macro "ADS_SPS_NUMERICAL" (declared at line 43)
compiling events.c...
settings.h(44): error:  #11-D: unrecognized preprocessing directive
settings.h(45): warning:  #47-D: incompatible redefinition of macro "ADS_SPS_NUMERICAL" (declared at line 43)
creating preprocessor file for downSampling.c...
settings.h(44): error:  #11-D: unrecognized preprocessing directive
settings.h(45): warning:  #47-D: incompatible redefinition of macro "ADS_SPS_NUMERICAL" (declared at line 43)
compiling downSampling.c...
settings.h(44): error:  #11-D: unrecognized preprocessing directive
settings.h(45): warning:  #47-D: incompatible redefinition of macro "ADS_SPS_NUMERICAL" (declared at line 43)
Target not created
Rebuild target 'Target 1'
assembling Ek_FFT128Real_32b.s...
Ek_FFT128Real_32b.s(43): warning: A1479W: Requested alignment 8 is greater than area alignment 4, which has been increased
assembling Ek_Magnitude.s...
Ek_Magnitude.s(124): warning: A1479W: Requested alignment 8 is greater than area alignment 4, which has been increased
assembling startup_LPC13xx.s...
creating preprocessor file for coreFunctions.c...
compiling coreFunctions.c...
creating preprocessor file for fft.c...
compiling fft.c...
creating preprocessor file for main.c...
compiling main.c...
creating preprocessor file for systemClock.c...
compiling systemClock.c...
systemClock.c(17): warning:  #174-D: expression has no effect
creating preprocessor file for timers.c...
compiling timers.c...
creating preprocessor file for uart.c...
compiling uart.c...
uart.c(93): warning:  #550-D: variable "temp" was set but never used
creating preprocessor file for ads_spi.c...
compiling ads_spi.c...
ads_spi.c(37): warning:  #550-D: variable "datain" was set but never used
ads_spi.c(246): warning:  #550-D: variable "Dummy" was set but never used
creating preprocessor file for events.c...
compiling events.c...
creating preprocessor file for downSampling.c...
compiling downSampling.c...
linking...
Program Size: Code=5972 RO-data=328 RW-data=60 ZI-data=5828  
"mmm2.axf" - 0 Error(s), 6 Warning(s).
Rebuild target 'Target 1'
assembling Ek_FFT128Real_32b.s...
Ek_FFT128Real_32b.s(43): warning: A1479W: Requested alignment 8 is greater than area alignment 4, which has been increased
assembling Ek_Magnitude.s...
Ek_Magnitude.s(124): warning: A1479W: Requested alignment 8 is greater than area alignment 4, which has been increased
assembling startup_LPC13xx.s...
creating preprocessor file for coreFunctions.c...
compiling coreFunctions.c...
creating preprocessor file for fft.c...
compiling fft.c...
creating preprocessor file for main.c...
compiling main.c...
creating preprocessor file for systemClock.c...
compiling systemClock.c...
systemClock.c(17): warning:  #174-D: expression has no effect
creating preprocessor file for timers.c...
compiling timers.c...
creating preprocessor file for uart.c...
compiling uart.c...
uart.c(93): warning:  #550-D: variable "temp" was set but never used
creating preprocessor file for ads_spi.c...
compiling ads_spi.c...
ads_spi.c(37): warning:  #550-D: variable "datain" was set but never used
ads_spi.c(246): warning:  #550-D: variable "Dummy" was set but never used
creating preprocessor file for events.c...
compiling events.c...
creating preprocessor file for downSampling.c...
compiling downSampling.c...
downSampling.c(14): error:  #31: expression must have integral type
downSampling.c(14): error:  #31: expression must have integral type
downSampling.c(19): warning:  #223-D: function "memcpy" declared implicitly
Target not created
Rebuild target 'Target 1'
assembling Ek_FFT128Real_32b.s...
Ek_FFT128Real_32b.s(43): warning: A1479W: Requested alignment 8 is greater than area alignment 4, which has been increased
assembling Ek_Magnitude.s...
Ek_Magnitude.s(124): warning: A1479W: Requested alignment 8 is greater than area alignment 4, which has been increased
assembling startup_LPC13xx.s...
creating preprocessor file for coreFunctions.c...
compiling coreFunctions.c...
creating preprocessor file for fft.c...
compiling fft.c...
creating preprocessor file for main.c...
compiling main.c...
creating preprocessor file for systemClock.c...
compiling systemClock.c...
systemClock.c(17): warning:  #174-D: expression has no effect
creating preprocessor file for timers.c...
compiling timers.c...
creating preprocessor file for uart.c...
compiling uart.c...
uart.c(93): warning:  #550-D: variable "temp" was set but never used
creating preprocessor file for ads_spi.c...
compiling ads_spi.c...
ads_spi.c(37): warning:  #550-D: variable "datain" was set but never used
ads_spi.c(246): warning:  #550-D: variable "Dummy" was set but never used
creating preprocessor file for events.c...
compiling events.c...
creating preprocessor file for downSampling.c...
compiling downSampling.c...
downSampling.c(15): error:  #31: expression must have integral type
downSampling.c(15): error:  #31: expression must have integral type
downSampling.c(20): error:  #165: too few arguments in function call
Target not created
Rebuild target 'Target 1'
assembling Ek_FFT128Real_32b.s...
Ek_FFT128Real_32b.s(43): warning: A1479W: Requested alignment 8 is greater than area alignment 4, which has been increased
assembling Ek_Magnitude.s...
Ek_Magnitude.s(124): warning: A1479W: Requested alignment 8 is greater than area alignment 4, which has been increased
assembling startup_LPC13xx.s...
creating preprocessor file for coreFunctions.c...
compiling coreFunctions.c...
creating preprocessor file for fft.c...
compiling fft.c...
creating preprocessor file for main.c...
compiling main.c...
creating preprocessor file for systemClock.c...
compiling systemClock.c...
systemClock.c(17): warning:  #174-D: expression has no effect
creating preprocessor file for timers.c...
compiling timers.c...
creating preprocessor file for uart.c...
compiling uart.c...
uart.c(93): warning:  #550-D: variable "temp" was set but never used
creating preprocessor file for ads_spi.c...
compiling ads_spi.c...
ads_spi.c(37): warning:  #550-D: variable "datain" was set but never used
ads_spi.c(246): warning:  #550-D: variable "Dummy" was set but never used
creating preprocessor file for events.c...
compiling events.c...
creating preprocessor file for downSampling.c...
compiling downSampling.c...
downSampling.c(15): error:  #31: expression must have integral type
downSampling.c(15): error:  #31: expression must have integral type
Target not created
Rebuild target 'Target 1'
assembling Ek_FFT128Real_32b.s...
Ek_FFT128Real_32b.s(43): warning: A1479W: Requested alignment 8 is greater than area alignment 4, which has been increased
assembling Ek_Magnitude.s...
Ek_Magnitude.s(124): warning: A1479W: Requested alignment 8 is greater than area alignment 4, which has been increased
assembling startup_LPC13xx.s...
creating preprocessor file for coreFunctions.c...
compiling coreFunctions.c...
creating preprocessor file for fft.c...
compiling fft.c...
creating preprocessor file for main.c...
compiling main.c...
creating preprocessor file for systemClock.c...
compiling systemClock.c...
systemClock.c(17): warning:  #174-D: expression has no effect
creating preprocessor file for timers.c...
compiling timers.c...
creating preprocessor file for uart.c...
compiling uart.c...
uart.c(93): warning:  #550-D: variable "temp" was set but never used
creating preprocessor file for ads_spi.c...
compiling ads_spi.c...
ads_spi.c(37): warning:  #550-D: variable "datain" was set but never used
ads_spi.c(246): warning:  #550-D: variable "Dummy" was set but never used
creating preprocessor file for events.c...
compiling events.c...
creating preprocessor file for downSampling.c...
downSampling.c(9): error:  #35: #error directive: Down sample rate cannot be less than two - algorithm won't work no more
compiling downSampling.c...
downSampling.c(9): error:  #35: #error directive: Down sample rate cannot be less than two - algorithm won't work no more
Target not created
Rebuild target 'Target 1'
assembling Ek_FFT128Real_32b.s...
Ek_FFT128Real_32b.s(43): warning: A1479W: Requested alignment 8 is greater than area alignment 4, which has been increased
assembling Ek_Magnitude.s...
Ek_Magnitude.s(124): warning: A1479W: Requested alignment 8 is greater than area alignment 4, which has been increased
assembling startup_LPC13xx.s...
creating preprocessor file for coreFunctions.c...
compiling coreFunctions.c...
creating preprocessor file for fft.c...
compiling fft.c...
creating preprocessor file for main.c...
compiling main.c...
creating preprocessor file for systemClock.c...
compiling systemClock.c...
systemClock.c(17): warning:  #174-D: expression has no effect
creating preprocessor file for timers.c...
compiling timers.c...
creating preprocessor file for uart.c...
compiling uart.c...
uart.c(93): warning:  #550-D: variable "temp" was set but never used
creating preprocessor file for ads_spi.c...
compiling ads_spi.c...
ads_spi.c(37): warning:  #550-D: variable "datain" was set but never used
ads_spi.c(246): warning:  #550-D: variable "Dummy" was set but never used
creating preprocessor file for events.c...
compiling events.c...
creating preprocessor file for downSampling.c...
compiling downSampling.c...
linking...
Program Size: Code=7896 RO-data=328 RW-data=60 ZI-data=5860  
"mmm2.axf" - 0 Error(s), 6 Warning(s).
Rebuild target 'Target 1'
assembling Ek_FFT128Real_32b.s...
Ek_FFT128Real_32b.s(43): warning: A1479W: Requested alignment 8 is greater than area alignment 4, which has been increased
assembling Ek_Magnitude.s...
Ek_Magnitude.s(124): warning: A1479W: Requested alignment 8 is greater than area alignment 4, which has been increased
assembling startup_LPC13xx.s...
creating preprocessor file for coreFunctions.c...
compiling coreFunctions.c...
creating preprocessor file for fft.c...
compiling fft.c...
creating preprocessor file for main.c...
compiling main.c...
creating preprocessor file for systemClock.c...
compiling systemClock.c...
systemClock.c(17): warning:  #174-D: expression has no effect
creating preprocessor file for timers.c...
compiling timers.c...
creating preprocessor file for uart.c...
compiling uart.c...
uart.c(93): warning:  #550-D: variable "temp" was set but never used
creating preprocessor file for ads_spi.c...
compiling ads_spi.c...
ads_spi.c(37): warning:  #550-D: variable "datain" was set but never used
ads_spi.c(257): error:  #20: identifier "LPC_SSPO" is undefined
ads_spi.c(246): warning:  #550-D: variable "Dummy" was set but never used
creating preprocessor file for events.c...
compiling events.c...
creating preprocessor file for downSampling.c...
compiling downSampling.c...
Target not created
Rebuild target 'Target 1'
assembling Ek_FFT128Real_32b.s...
Ek_FFT128Real_32b.s(43): warning: A1479W: Requested alignment 8 is greater than area alignment 4, which has been increased
assembling Ek_Magnitude.s...
Ek_Magnitude.s(124): warning: A1479W: Requested alignment 8 is greater than area alignment 4, which has been increased
assembling startup_LPC13xx.s...
creating preprocessor file for coreFunctions.c...
compiling coreFunctions.c...
creating preprocessor file for fft.c...
compiling fft.c...
creating preprocessor file for main.c...
compiling main.c...
creating preprocessor file for systemClock.c...
compiling systemClock.c...
systemClock.c(17): warning:  #174-D: expression has no effect
creating preprocessor file for timers.c...
compiling timers.c...
creating preprocessor file for uart.c...
compiling uart.c...
uart.c(93): warning:  #550-D: variable "temp" was set but never used
creating preprocessor file for ads_spi.c...
compiling ads_spi.c...
ads_spi.c(37): warning:  #550-D: variable "datain" was set but never used
ads_spi.c(246): warning:  #550-D: variable "Dummy" was set but never used
creating preprocessor file for events.c...
compiling events.c...
creating preprocessor file for downSampling.c...
compiling downSampling.c...
linking...
Program Size: Code=7904 RO-data=328 RW-data=60 ZI-data=5860  
"mmm2.axf" - 0 Error(s), 6 Warning(s).
